/stage/private-backing/stage/p-0000000000000104-00000000 8192
/stage/private-backing/stage/p-0000000000000088-00000000 8192
/stage/private-backing/stage/p-00000000000000e9-00000000 8192
/stage/private-backing/stage/p-00000000000000ed-00000000 8192
/stage/private-backing/stage/p-000000000000006f-00000000 8192
/stage/private-backing/stage/p-0000000000000058-00000000 8192
/stage/private-backing/stage/p-00000000000000aa-00000000 8192
/stage/private-backing/stage/p-0000000000000044-00000000 8192
/stage/private-backing/stage/p-0000000000000055-00000000 8192
/stage/private-backing/stage/p-0000000000000091-00000000 8192
/stage/private-backing/stage/p-0000000000000081-00000000 8192
/stage/private-backing/stage/p-000000000000005d-00000000 8192
/stage/private-backing/stage/p-00000000000000ba-00000000 8192
/stage/private-backing/stage/p-0000000000000135-00000000 8192
/stage/private-backing/stage/p-00000000000000ad-00000000 8192
/stage/private-backing/stage/p-00000000000000d5-00000000 8192
/stage/private-backing/stage/p-000000000000013a-00000000 8192
/stage/private-backing/stage/p-00000000000000f8-00000000 8192
/stage/private-backing/stage/p-00000000000000a3-00000000 8192
/stage/private-backing/stage/p-00000000000000e5-00000000 8192
/stage/private-backing/stage/p-000000000000010a-00000000 8192
/stage/private-backing/stage/p-00000000000000d0-00000000 8192
/stage/private-backing/stage/p-000000000000009c-00000000 8192
/stage/private-backing/stage/p-0000000000000074-00000000 8192
/stage/private-backing/stage/p-0000000000000084-00000000 8192
/stage/private-backing/stage/p-0000000000000085-00000000 8192
/stage/private-backing/stage/p-000000000000013b-00000000 8192
/stage/private-backing/stage/p-00000000000000a4-00000000 8192
/stage/private-backing/stage/p-0000000000000064-00000000 8192
/stage/private-backing/stage/p-00000000000000f7-00000000 8192
/stage/private-backing/stage/p-00000000000000a9-00000000 8192
/stage/private-backing/stage/p-0000000000000110-00000000 8192
/stage/private-backing/stage/p-00000000000000ef-00000000 8192
/stage/private-backing/stage/p-00000000000000e1-00000000 8192
/stage/private-backing/stage/p-00000000000000fa-00000000 8192
/stage/private-backing/stage/p-00000000000000e8-00000000 8192
/stage/private-backing/stage/p-00000000000000bc-00000000 8192
/stage/private-backing/stage/p-0000000000000126-00000000 8192
/stage/private-backing/stage/p-0000000000000089-00000000 8192
/stage/private-backing/stage/p-000000000000013d-00000000 8192
/stage/private-backing/stage/p-0000000000000120-00000000 8192
/stage/private-backing/stage/p-0000000000000114-00000000 8192
/stage/private-backing/stage/p-0000000000000083-00000000 8192
/stage/private-backing/stage/p-00000000000000ee-00000000 8192
/stage/private-backing/stage/p-00000000000000f1-00000000 8192
/stage/private-backing/stage/p-000000000000005a-00000000 8192
/stage/private-backing/stage/p-00000000000000fb-00000000 8192
/stage/private-backing/stage/p-0000000000000136-00000000 8192
/stage/private-backing/stage/p-00000000000000f3-00000000 8192
/stage/private-backing/stage/p-000000000000011b-00000000 8192
/stage/private-backing/stage/p-00000000000000bb-00000000 8192
/stage/private-backing/stage/p-0000000000000065-00000000 8192
/stage/private-backing/stage/p-0000000000000066-00000000 8192
/stage/private-backing/stage/p-000000000000009f-00000000 8192
/stage/private-backing/stage/p-00000000000000ca-00000000 8192
/stage/private-backing/stage/p-0000000000000129-00000000 8192
/stage/private-backing/stage/p-000000000000012b-00000000 8192
/stage/private-backing/stage/p-00000000000000d9-00000000 8192
/stage/private-backing/stage/p-0000000000000106-00000000 8192
/stage/private-backing/stage/p-000000000000010f-00000000 8192
/stage/private-backing/stage/p-0000000000000109-00000000 8192
/stage/private-backing/stage/p-000000000000004b-00000000 8192
/stage/private-backing/stage/p-000000000000010d-00000000 8192
/stage/private-backing/stage/p-0000000000000127-00000000 8192
/stage/private-backing/stage/p-00000000000000b1-00000000 8192
/stage/private-backing/stage/p-000000000000011f-00000000 8192
/stage/private-backing/stage/p-0000000000000098-00000000 8192
/stage/private-backing/stage/m-ledger-00000002 4096
/stage/private-backing/stage/p-0000000000000077-00000000 8192
/stage/private-backing/stage/p-000000000000006c-00000000 8192
/stage/private-backing/stage/p-000000000000010c-00000000 8192
/stage/private-backing/stage/p-000000000000007b-00000000 8192
/stage/private-backing/stage/p-00000000000000ac-00000000 8192
/stage/private-backing/stage/p-0000000000000061-00000000 8192
/stage/private-backing/stage/p-0000000000000119-00000000 8192
/stage/private-backing/stage/p-0000000000000041-00000000 8192
/stage/private-backing/stage/m-ledger-00000004 4096
/stage/private-backing/stage/p-000000000000004d-00000000 8192
/stage/private-backing/stage/p-00000000000000bf-00000000 8192
/stage/private-backing/stage/p-00000000000000be-00000000 8192
/stage/private-backing/stage/m-ledger-00000000 4096
/stage/private-backing/stage/p-00000000000000c8-00000000 8192
/stage/private-backing/stage/p-00000000000000b5-00000000 8192
/stage/private-backing/stage/p-000000000000008a-00000000 8192
/stage/private-backing/stage/p-0000000000000103-00000000 8192
/stage/private-backing/stage/p-00000000000000dc-00000000 8192
/stage/private-backing/stage/p-00000000000000d7-00000000 8192
/stage/private-backing/stage/p-00000000000000d6-00000000 8192
/stage/private-backing/stage/p-0000000000000101-00000000 8192
/stage/private-backing/stage/p-00000000000000e2-00000000 8192
/stage/private-backing/stage/p-000000000000006e-00000000 8192
/stage/private-backing/stage/p-0000000000000131-00000000 8192
/stage/private-backing/stage/m-ledger-00000001 4096
/stage/private-backing/stage/p-0000000000000130-00000000 8192
/stage/private-backing/stage/p-0000000000000079-00000000 8192
/stage/private-backing/stage/p-00000000000000ff-00000000 8192
/stage/private-backing/stage/p-0000000000000137-00000000 8192
/stage/private-backing/stage/p-0000000000000121-00000000 8192
/stage/private-backing/stage/p-0000000000000092-00000000 8192
/stage/private-backing/stage/p-000000000000013c-00000000 8192
/stage/private-backing/stage/p-000000000000013f-00000000 8192
/stage/private-backing/stage/p-000000000000011a-00000000 8192
/stage/private-backing/stage/p-000000000000009b-00000000 8192
/stage/private-backing/stage/p-000000000000011c-00000000 8192
/stage/private-backing/stage/p-0000000000000045-00000000 8192
/stage/private-backing/stage/m-page-00000047-00000003 4096
/stage/private-backing/stage/p-00000000000000c6-00000000 8192
/stage/private-backing/stage/p-00000000000000fe-00000000 8192
/stage/private-backing/stage/p-0000000000000118-00000000 8192
/stage/private-backing/stage/p-00000000000000d2-00000000 8192
/stage/private-backing/stage/p-00000000000000af-00000000 8192
/stage/private-backing/stage/p-0000000000000117-00000000 8192
/stage/private-backing/stage/p-000000000000004c-00000000 8192
/stage/private-backing/stage/p-00000000000000e0-00000000 8192
/stage/private-backing/stage/p-0000000000000072-00000000 8192
/stage/private-backing/stage/p-00000000000000e7-00000000 8192
/stage/private-backing/stage/p-000000000000005b-00000000 8192
/stage/private-backing/stage/p-0000000000000087-00000000 8192
/stage/private-backing/stage/p-00000000000000b4-00000000 8192
/stage/private-backing/stage/p-000000000000010e-00000000 8192
/stage/private-backing/stage/p-00000000000000fc-00000000 8192
/stage/private-backing/stage/p-0000000000000139-00000000 8192
/stage/private-backing/stage/p-000000000000007a-00000000 8192
/stage/private-backing/stage/p-00000000000000e6-00000000 8192
/stage/private-backing/stage/p-00000000000000a8-00000000 8192
/stage/private-backing/stage/p-000000000000012d-00000000 8192
/stage/private-backing/stage/p-000000000000008f-00000000 8192
/stage/private-backing/stage/p-000000000000009a-00000000 8192
/stage/private-backing/stage/p-00000000000000f2-00000000 8192
/stage/private-backing/stage/p-0000000000000105-00000000 8192
/stage/private-backing/stage/p-00000000000000dd-00000000 8192
/stage/private-backing/stage/p-000000000000006a-00000000 8192
/stage/private-backing/stage/m-page-00000041-00000006 4096
/stage/private-backing/stage/p-000000000000008e-00000000 8192
/stage/private-backing/stage/p-00000000000000f5-00000000 8192
/stage/private-backing/stage/p-00000000000000ce-00000000 8192
/stage/private-backing/stage/p-0000000000000128-00000000 8192
/stage/private-backing/stage/p-00000000000000c3-00000000 8192
/stage/private-backing/stage/p-00000000000000b0-00000000 8192
/stage/private-backing/stage/p-00000000000000a6-00000000 8192
/stage/private-backing/stage/p-00000000000000a5-00000000 8192
/stage/private-backing/stage/p-0000000000000132-00000000 8192
/stage/private-backing/stage/p-0000000000000056-00000000 8192
/stage/private-backing/stage/p-0000000000000053-00000000 8192
/stage/private-backing/stage/p-00000000000000ae-00000000 8192
/stage/private-backing/stage/p-0000000000000062-00000000 8192
/stage/private-backing/stage/p-0000000000000099-00000000 8192
/stage/private-backing/stage/p-0000000000000093-00000000 8192
/stage/private-backing/stage/m-page-00000045-00000004 4096
/stage/private-backing/stage/p-0000000000000108-00000000 8192
/stage/private-backing/stage/p-00000000000000d8-00000000 8192
/stage/private-backing/stage/p-0000000000000112-00000000 8192
/stage/private-backing/stage/p-000000000000007f-00000000 8192
/stage/private-backing/stage/m-page-00000043-00000005 4096
/stage/private-backing/stage/p-00000000000000b6-00000000 8192
/stage/private-backing/stage/p-0000000000000063-00000000 8192
/stage/private-backing/stage/p-000000000000004e-00000000 8192
/stage/private-backing/stage/p-000000000000008d-00000000 8192
/stage/private-backing/stage/m-page-00000093-0000005f 4096
/stage/private-backing/stage/p-000000000000005c-00000000 8192
/stage/private-backing/stage/m-page-00000077-0000006c 4096
/stage/private-backing/stage/p-00000000000000cd-00000000 8192
/stage/private-backing/stage/p-00000000000000d1-00000000 8192
/stage/private-backing/stage/p-00000000000000b3-00000000 8192
/stage/private-backing/stage/m-page-00000022-00000093 4096
/stage/private-backing/stage/p-00000000000000df-00000000 8192
/stage/private-backing/stage/p-0000000000000075-00000000 8192
/stage/private-backing/stage/p-0000000000000102-00000000 8192
/stage/private-backing/stage/m-page-0000005b-00000079 4096
/stage/private-backing/stage/p-000000000000009d-00000000 8192
/stage/private-backing/stage/m-page-0000003e-00000007 4096
/stage/private-backing/stage/p-0000000000000116-00000000 8192
/stage/private-backing/stage/p-0000000000000080-00000000 8192
/stage/private-backing/stage/p-0000000000000076-00000000 8192
/stage/private-backing/stage/p-00000000000000de-00000000 8192
/stage/private-backing/stage/p-00000000000000d3-00000000 8192
/stage/private-backing/stage/p-0000000000000049-00000000 8192
/stage/private-backing/stage/p-0000000000000113-00000000 8192
/stage/private-backing/stage/p-0000000000000115-00000000 8192
/stage/private-backing/stage/m-page-00000023-00000093 4096
/stage/private-backing/stage/p-00000000000000b2-00000000 8192
/stage/private-backing/stage/p-0000000000000070-00000000 8192
/stage/private-backing/stage/p-0000000000000134-00000000 8192
/stage/private-backing/stage/p-0000000000000141-00000000 8192
/stage/private-backing/stage/p-0000000000000050-00000000 8192
/stage/private-backing/stage/p-00000000000000c1-00000000 8192
/stage/private-backing/stage/p-000000000000012c-00000000 8192
/stage/private-backing/stage/p-00000000000000f0-00000000 8192
/stage/private-backing/stage/p-0000000000000054-00000000 8192
/stage/private-backing/stage/p-000000000000011e-00000000 8192
/stage/private-backing/stage/p-00000000000000b9-00000000 8192
/stage/private-backing/stage/p-0000000000000094-00000000 8192
/stage/private-backing/stage/p-000000000000006d-00000000 8192
/stage/private-backing/stage/p-00000000000000cf-00000000 8192
/stage/private-backing/stage/p-0000000000000086-00000000 8192
/stage/private-backing/stage/p-00000000000000f6-00000000 8192
/stage/private-backing/stage/p-00000000000000e4-00000000 8192
/stage/private-backing/stage/p-0000000000000122-00000000 8192
/stage/private-backing/stage/p-0000000000000097-00000000 8192
/stage/private-backing/stage/p-000000000000012f-00000000 8192
/stage/private-backing/stage/p-0000000000000060-00000000 8192
/stage/private-backing/stage/p-000000000000011d-00000000 8192
/stage/private-backing/stage/p-00000000000000db-00000000 8192
/stage/private-backing/stage/p-00000000000000b7-00000000 8192
/stage/private-backing/stage/p-0000000000000067-00000000 8192
/stage/private-backing/stage/p-00000000000000b8-00000000 8192
/stage/private-backing/stage/p-0000000000000140-00000000 8192
/stage/private-backing/stage/p-000000000000004a-00000000 8192
/stage/private-backing/stage/p-000000000000005e-00000000 8192
/stage/private-backing/stage/p-00000000000000c2-00000000 8192
/stage/private-backing/stage/p-00000000000000f4-00000000 8192
/stage/private-backing/stage/p-0000000000000095-00000000 8192
/stage/private-backing/stage/p-000000000000007c-00000000 8192
/stage/private-backing/stage/p-0000000000000090-00000000 8192
/stage/private-backing/stage/m-page-0000003c-00000008 4096
/stage/private-backing/stage/p-0000000000000125-00000000 8192
/stage/private-backing/stage/p-00000000000000ea-00000000 8192
/stage/private-backing/stage/p-00000000000000ec-00000000 8192
/stage/private-backing/stage/p-0000000000000073-00000000 8192
/stage/private-backing/stage/p-0000000000000042-00000000 8192
/stage/private-backing/stage/p-000000000000010b-00000000 8192
/stage/private-backing/stage/m-ledger-00000003 4096
/stage/private-backing/stage/p-00000000000000eb-00000000 8192
/stage/private-backing/stage/p-00000000000000c7-00000000 8192
/stage/private-backing/stage/p-0000000000000111-00000000 8192
/stage/private-backing/stage/p-0000000000000096-00000000 8192
/stage/private-backing/stage/p-0000000000000048-00000000 8192
/stage/private-backing/stage/p-0000000000000068-00000000 8192
/stage/private-backing/stage/m-page-00000005-000000a0 4096
/stage/private-backing/stage/p-0000000000000046-00000000 8192
/stage/private-backing/stage/p-000000000000009e-00000000 8192
/stage/private-backing/stage/p-00000000000000da-00000000 8192
/stage/private-backing/stage/p-000000000000008b-00000000 8192
/stage/private-backing/stage/p-0000000000000082-00000000 8192
/stage/private-backing/stage/m-page-0000003f-00000086 4096
/stage/private-backing/stage/p-000000000000007d-00000000 8192
/stage/private-backing/stage/p-0000000000000071-00000000 8192
/stage/private-backing/stage/p-0000000000000059-00000000 8192
/stage/private-backing/stage/p-00000000000000e3-00000000 8192
/stage/private-backing/stage/p-000000000000013e-00000000 8192
/stage/private-backing/stage/p-0000000000000138-00000000 8192
/stage/private-backing/stage/p-000000000000012a-00000000 8192
/stage/private-backing/stage/p-00000000000000f9-00000000 8192
/stage/private-backing/stage/p-00000000000000cc-00000000 8192
/stage/private-backing/stage/p-00000000000000c0-00000000 8192
/stage/private-backing/stage/p-00000000000000c5-00000000 8192
/stage/private-backing/stage/p-00000000000000a7-00000000 8192
/stage/private-backing/stage/p-0000000000000047-00000000 8192
/stage/private-backing/stage/p-0000000000000069-00000000 8192
/stage/private-backing/stage/p-00000000000000cb-00000000 8192
/stage/private-backing/stage/p-0000000000000107-00000000 8192
/stage/private-backing/stage/p-0000000000000057-00000000 8192
/stage/private-backing/stage/p-0000000000000052-00000000 8192
/stage/private-backing/stage/p-000000000000005f-00000000 8192
/stage/private-backing/stage/p-0000000000000043-00000000 8192
/stage/private-backing/stage/p-0000000000000078-00000000 8192
/stage/private-backing/stage/p-00000000000000d4-00000000 8192
/stage/private-backing/stage/p-00000000000000c4-00000000 8192
/stage/private-backing/stage/p-00000000000000a2-00000000 8192
/stage/private-backing/stage/p-00000000000000c9-00000000 8192
/stage/private-backing/stage/p-0000000000000051-00000000 8192
/stage/private-backing/stage/p-00000000000000a1-00000000 8192
/stage/private-backing/stage/p-000000000000006b-00000000 8192
/stage/private-backing/stage/p-0000000000000100-00000000 8192
/stage/private-backing/stage/p-00000000000000fd-00000000 8192
/stage/private-backing/stage/p-000000000000004f-00000000 8192
/stage/private-backing/stage/p-00000000000000a0-00000000 8192
/stage/private-backing/stage/p-0000000000000133-00000000 8192
/stage/private-backing/stage/p-000000000000007e-00000000 8192
/stage/private-backing/stage/p-000000000000008c-00000000 8192
/stage/private-backing/stage/p-000000000000012e-00000000 8192
/stage/private-backing/stage/p-0000000000000124-00000000 8192
/stage/private-backing/stage/p-00000000000000ab-00000000 8192
/stage/private-backing/stage/p-00000000000000bd-00000000 8192
/stage/private-backing/stage/p-0000000000000123-00000000 8192
