DAEMON_STATUS
Name:	layerfs-daemon
Umask:	0077
State:	S (sleeping)
Tgid:	1
Ngid:	0
Pid:	1
PPid:	0
TracerPid:	0
Uid:	0	0	0	0
Gid:	0	0	0	0
FDSize:	64
Groups:	0 
NStgid:	1
NSpid:	1
NSpgid:	1
NSsid:	1
Kthread:	0
VmPeak:	  620936 kB
VmSize:	  620876 kB
VmLck:	       0 kB
VmPin:	       0 kB
VmHWM:	   29768 kB
VmRSS:	   29768 kB
RssAnon:	   22856 kB
RssFile:	    6912 kB
RssShmem:	       0 kB
VmData:	   57844 kB
VmStk:	     132 kB
VmExe:	    6704 kB
VmLib:	    2320 kB
VmPTE:	     164 kB
VmSwap:	       0 kB
HugetlbPages:	       0 kB
CoreDumping:	0
THP_enabled:	1
untag_mask:	0xffffffffffffff
Threads:	7
SigQ:	0/15665
SigPnd:	0000000000000000
ShdPnd:	0000000000000000
SigBlk:	0000000000000000
SigIgn:	0000000000001000
SigCgt:	0000000100000440
CapInh:	0000000000000000
CapPrm:	00000000a82425fb
CapEff:	00000000a82425fb
CapBnd:	00000000a82425fb
CapAmb:	0000000000000000
NoNewPrivs:	1
Seccomp:	2
Seccomp_filters:	1
Speculation_Store_Bypass:	vulnerable
SpeculationIndirectBranch:	unknown
Cpus_allowed:	ff
Cpus_allowed_list:	0-7
Mems_allowed:	1
Mems_allowed_list:	0
voluntary_ctxt_switches:	23
nonvoluntary_ctxt_switches:	1
BACKING_BYTES
/layerfs-store/global/store.sqlite 172032 336 512
/layerfs-store/global/store.sqlite-wal 8272 24 512
/layerfs-store/global/store.sqlite-shm 32768 64 512
/layerfs-store/global/store.sqlite-journal ABSENT
/layerfs-local/overlay/overlay.sqlite 405504 525072 512
/layerfs-local/overlay/overlay.sqlite-wal ABSENT
/layerfs-local/overlay/overlay.sqlite-shm ABSENT
/layerfs-local/overlay/overlay.sqlite-journal ABSENT
OWN_CONTAINER_CGROUP
/sys/fs/cgroup/memory.stat
anon 23793664
file 7585792
kernel 2166784
kernel_stack 131072
pagetables 253952
sec_pagetables 0
percpu 22640
sock 0
vmalloc 24576
shmem 0
zswap 0
zswapped 0
file_mapped 32768
file_dirty 778240
file_writeback 0
swapcached 0
anon_thp 8388608
file_thp 0
shmem_thp 0
inactive_anon 0
active_anon 23719936
inactive_file 1703936
active_file 5881856
unevictable 0
slab_reclaimable 615144
slab_unreclaimable 487960
slab 1103104
workingset_refault_anon 0
workingset_refault_file 0
workingset_activate_anon 0
workingset_activate_file 0
workingset_restore_anon 0
workingset_restore_file 0
workingset_nodereclaim 0
pgdemote_kswapd 0
pgdemote_direct 0
pgdemote_khugepaged 0
pgscan 0
pgsteal 0
pgscan_kswapd 0
pgscan_direct 0
pgscan_khugepaged 0
pgsteal_kswapd 0
pgsteal_direct 0
pgsteal_khugepaged 0
pgfault 55604
pgmajfault 52
pgrefill 0
pgactivate 0
pgdeactivate 0
pglazyfree 0
pglazyfreed 0
swpin_zero 0
swpout_zero 0
zswpin 0
zswpout 0
zswpwb 0
thp_fault_alloc 4
thp_collapse_alloc 0
thp_swpout 0
thp_swpout_fallback 0
/sys/fs/cgroup/memory.current
34537472
/sys/fs/cgroup/memory.peak
45813760
DAEMON_THREADS
THREAD	1	layerfs-daemon	15255043 27875 24	23 1 	1844 1 0 1
THREAD	10	layerfs-fuse-2	10611917 287791 101	101 0 	46 0 0 1
THREAD	11	layerfs-fuse-3	8387422 343667 99	99 0 	30 0 0 0
THREAD	12	layerfs-control	26300085 37667 33	33 0 	581 0 1 6
THREAD	7	layerfs-overlay	58611288 41874 141	141 0 	356 5 0 4
THREAD	8	layerfs-fuse-0	8752372 476668 106	105 1 	34 0 0 3
THREAD	9	layerfs-fuse-1	9123419 374918 105	103 2 	32 0 0 5
CGROUP_CPU
usage_usec 1119528
user_usec 696666
system_usec 422862
nice_usec 0
nr_periods 0
nr_throttled 0
throttled_usec 0
nr_bursts 0
burst_usec 0
KERNEL	6.12.76-linuxkit	8
