COMMAND: ['docker', 'run', '--rm', '--name', 'layerfs-307-s6-device-build', '--platform', 'linux/arm64', '-v', '/Users/yifanxu/Ephemeral-AI-Lab/layerfs:/work', '-w', '/work', '-e', 'CARGO_HOME=/work/core/target/cluster2-linux-cargo', '-e', 'CARGO_TARGET_DIR=/work/core/target/cluster2-linux', '-e', 'LAYERFS_CONSTRUCTION_WORKERS=1', 'rust@sha256:e51d0265072d2d9d5d320f6a44dde6b9ef13653b035098febd68cce8fa7c0bc4', 'timeout', '--signal=KILL', '120', 'cargo', 'test', '--manifest-path', 'core/Cargo.toml', '--locked', '-p', 'layerfs-overlay', '-p', 'layerfs-daemon', '--all-targets', '--no-run']
TIMEOUT: 120s
   Compiling layerfs-overlay v0.1.6 (/work/core/crates/layerfs-overlay)
   Compiling layerfs-workspace v0.1.6 (/work/core/crates/layerfs-workspace)
   Compiling layerfs-daemon v0.1.6 (/work/core/crates/layerfs-daemon)
    Finished `test` profile [optimized + debuginfo] target(s) in 15.51s
  Executable unittests src/lib.rs (core/target/cluster2-linux/debug/deps/layerfs_daemon-baffbc37804b7d4d)
  Executable tests/device_capacity.rs (core/target/cluster2-linux/debug/deps/device_capacity-febdf05a59cb464b)
  Executable tests/owner.rs (core/target/cluster2-linux/debug/deps/owner-c04146a84cc8b100)
  Executable unittests src/lib.rs (core/target/cluster2-linux/debug/deps/layerfs_overlay-265a84d6aa048e96)
  Executable tests/compound.rs (core/target/cluster2-linux/debug/deps/compound-25731f3365e30104)
  Executable tests/device_capacity.rs (core/target/cluster2-linux/debug/deps/device_capacity-7071dfaa290c647a)
  Executable tests/engine.rs (core/target/cluster2-linux/debug/deps/engine-bbb4c0e497ee6bef)
  Executable tests/frontier.rs (core/target/cluster2-linux/debug/deps/frontier-89ec8d35e46344c3)
  Executable tests/lifetimes.rs (core/target/cluster2-linux/debug/deps/lifetimes-e42cda054b91563c)
  Executable tests/orphans.rs (core/target/cluster2-linux/debug/deps/orphans-922ee475fed5c318)
  Executable tests/payload.rs (core/target/cluster2-linux/debug/deps/payload-ba87b3c1e61f7d14)
  Executable tests/payload_fragmentation.rs (core/target/cluster2-linux/debug/deps/payload_fragmentation-33476d2eba4b3e49)
  Executable tests/resources.rs (core/target/cluster2-linux/debug/deps/resources-02edd44b56461e54)
  Executable tests/source.rs (core/target/cluster2-linux/debug/deps/source-e28f76f78d13ba7c)

EXIT: 0; WALL: 15.892s
