   Compiling layerfs-overlay v0.1.6 (/Users/yifanxu/Ephemeral-AI-Lab/layerfs/core/crates/layerfs-overlay)
error[E0308]: mismatched types
   --> crates/layerfs-overlay/src/database/accounting.rs:41:21
    |
41  |             integer(route.namespace())?
    |             ------- ^^^^^^^^^^^^^^^^^ expected `u64`, found `i64`
    |             |
    |             arguments to this function are incorrect
    |
note: function defined here
   --> crates/layerfs-overlay/src/database/connection.rs:218:15
    |
218 | pub(crate) fn integer(value: u64) -> OverlayResult<i64> {
    |               ^^^^^^^ ----------
help: you can convert an `i64` to a `u64` and panic if the converted value doesn't fit
    |
41  |             integer(route.namespace().try_into().unwrap())?
    |                                      ++++++++++++++++++++

For more information about this error, try `rustc --explain E0308`.
error: could not compile `layerfs-overlay` (lib) due to 1 previous error
warning: build failed, waiting for other jobs to finish...
error: could not compile `layerfs-overlay` (lib test) due to 1 previous error
