== passthrough_pid 57
== task 57
comm r7-floor-pt
schedstat 10761918 29709 19
stat 57 (r7-floor-pt) S 0 57 57 0 -1 4194560 1253 0 0 0 0 0 0 0 20 0 4 0 65627439 210984960 535 18446744073709551615 187650245459968 187650246066664 281474607418752 0 0 0 0 4096 1088 1 0 0 17 7 0 0 0 0 0 187650246154296 187650246180997 187650405658624 281474607422945 281474607423011 281474607423011 281474607423453 0
voluntary_ctxt_switches:	19
nonvoluntary_ctxt_switches:	0
io rchar: 44709
io wchar: 7295
io syscr: 34
io syscw: 6
io read_bytes: 0
io write_bytes: 0
io cancelled_write_bytes: 0
== task 63
comm r7-passthrough-
schedstat 154000 0 1
stat 63 (r7-passthrough-) S 0 57 57 0 -1 4194368 7 0 0 0 0 0 0 0 20 0 4 0 65627443 210984960 535 18446744073709551615 187650245459968 187650246066664 281474607418752 0 0 0 0 4096 1088 1 0 0 -1 3 0 0 0 0 0 187650246154296 187650246180997 187650405658624 281474607422945 281474607423011 281474607423011 281474607423453 0
voluntary_ctxt_switches:	1
nonvoluntary_ctxt_switches:	0
io rchar: 0
io wchar: 0
io syscr: 0
io syscw: 0
io read_bytes: 0
io write_bytes: 0
io cancelled_write_bytes: 0
== task 64
comm fuser-0
schedstat 141459 0 3
stat 64 (fuser-0) S 0 57 57 0 -1 4194368 36 0 0 0 0 0 0 0 20 0 4 0 65627443 210984960 535 18446744073709551615 187650245459968 187650246066664 281474607418752 0 0 0 0 4096 1088 1 0 0 -1 4 0 0 0 0 0 187650246154296 187650246180997 187650405658624 281474607422945 281474607423011 281474607423011 281474607423453 0
voluntary_ctxt_switches:	3
nonvoluntary_ctxt_switches:	0
io rchar: 0
io wchar: 0
io syscr: 0
io syscw: 0
io read_bytes: 0
io write_bytes: 0
io cancelled_write_bytes: 0
== task 65
comm fuser-1
schedstat 114625 12042 1
stat 65 (fuser-1) S 0 57 57 0 -1 4194368 36 0 0 0 0 0 0 0 20 0 4 0 65627443 210984960 535 18446744073709551615 187650245459968 187650246066664 281474607418752 0 0 0 0 4096 1088 1 0 0 -1 3 0 0 0 0 0 187650246154296 187650246180997 187650405658624 281474607422945 281474607423011 281474607423011 281474607423453 0
voluntary_ctxt_switches:	1
nonvoluntary_ctxt_switches:	0
io rchar: 0
io wchar: 0
io syscr: 0
io syscw: 0
io read_bytes: 0
io write_bytes: 0
io cancelled_write_bytes: 0
== process.io
rchar: 51509
wchar: 7295
syscr: 41
syscw: 6
read_bytes: 0
write_bytes: 0
cancelled_write_bytes: 0
== process.schedstat 10761918 29709 19
== process.status
VmHWM:	    2280 kB
VmRSS:	    2280 kB
Threads:	4
voluntary_ctxt_switches:	19
nonvoluntary_ctxt_switches:	0
== mountinfo
471 462 254:1 /docker/volumes/layerfs-r7-floor-725-c01-p2r/_data /layerfs-store rw,relatime master:1 - ext4 /dev/vda1 rw,discard
364 462 0:142 / /workspaces/1 rw,nosuid,nodev,noatime - fuse layerfs-r7-passthrough rw,user_id=0,group_id=0,default_permissions,allow_other,max_read=131072
== fusectl
total 0
== uname 6.12.76-linuxkit nproc 8 loadavg 0.51 0.90 0.96 1/402 82
== meminfo
MemFree:         1562112 kB
MemAvailable:    3208984 kB
Cached:          1663996 kB
Dirty:              4856 kB
Writeback:             0 kB
== cgroup.cpu.stat
usage_usec 398123
user_usec 196177
system_usec 201946
nice_usec 0
nr_periods 0
nr_throttled 0
throttled_usec 0
nr_bursts 0
burst_usec 0
== clock 1791537590.424972
