VERIFY_CORPUS_OPEN_WORK wall_ns=107620208
VERIFY_STORE_CUSTODY_WORK wall_ns=6537667
VERIFY_STATE_BEGIN state=1
verify parts: walk=14776291 lengths=22123084 digest=1459000
HISTORY_ENGINE_WORK {"state":1,"stage":"verification","available":true,"values":[142, 20729, 31915000, 0, 0, 7, 0, 15, 629500, 142, 84041, 1979184, 0, 0, 0, 21, 19, 0, 45]}
VERIFY_METADATA_MEMO state=1 cumulative=Counters { hits: 24, misses: 9, source_calls: 5, source_objects: 9, evictions: 0, peak_bytes: 29921, peak_rows: 9 }
VERIFY_STATE_WORK state=1 wall_ns=39521167 paths=359 sampled=29 authenticated_bytes=306296 pooled=PoolReadCounters { leaf_requests: 7, chain_edges: 0, physical_record_calls: 14, physical_group_decodes: 0, physical_group_decoded_bytes: 0, physical_group_cache_hits: 14, value_group_decodes: 7, value_group_cache_hits: 353, value_group_cache_evictions: 0, value_group_evicted_bytes: 0, pack_fetches: 3, pack_bytes: 41996 }
VERIFY_STATE_BEGIN state=2
verify parts: walk=10976334 lengths=15388750 digest=36458
HISTORY_ENGINE_WORK {"state":2,"stage":"verification","available":true,"values":[165, 28861, 19171000, 0, 0, 12, 0, 22, 716705, 165, 104631, 1898848, 0, 0, 0, 17, 15, 0, 51]}
VERIFY_METADATA_MEMO state=2 cumulative=Counters { hits: 65, misses: 23, source_calls: 12, source_objects: 23, evictions: 0, peak_bytes: 80350, peak_rows: 23 }
VERIFY_STATE_WORK state=2 wall_ns=28002292 paths=607 sampled=47 authenticated_bytes=234262 pooled=PoolReadCounters { leaf_requests: 19, chain_edges: 0, physical_record_calls: 38, physical_group_decodes: 0, physical_group_decoded_bytes: 0, physical_group_cache_hits: 38, value_group_decodes: 19, value_group_cache_hits: 949, value_group_cache_evictions: 0, value_group_evicted_bytes: 0, pack_fetches: 6, pack_bytes: 98649 }
VERIFY_STATE_BEGIN state=3
verify parts: walk=6708167 lengths=13584042 digest=60083
HISTORY_ENGINE_WORK {"state":3,"stage":"verification","available":true,"values":[174, 30398, 11324000, 0, 0, 15, 0, 25, 780370, 174, 108371, 1960439, 0, 0, 0, 15, 13, 0, 53]}
VERIFY_METADATA_MEMO state=3 cumulative=Counters { hits: 121, misses: 41, source_calls: 19, source_objects: 41, evictions: 0, peak_bytes: 153957, peak_rows: 41 }
VERIFY_STATE_WORK state=3 wall_ns=22723708 paths=889 sampled=68 authenticated_bytes=475074 pooled=PoolReadCounters { leaf_requests: 35, chain_edges: 9, physical_record_calls: 88, physical_group_decodes: 0, physical_group_decoded_bytes: 0, physical_group_cache_hits: 88, value_group_decodes: 35, value_group_cache_hits: 1823, value_group_cache_evictions: 0, value_group_evicted_bytes: 0, pack_fetches: 9, pack_bytes: 157766 }
VERIFY_STATE_BEGIN state=4
verify parts: walk=5914708 lengths=12600167 digest=78083
HISTORY_ENGINE_WORK {"state":4,"stage":"verification","available":true,"values":[175, 34952, 6778000, 0, 0, 19, 0, 33, 972458, 175, 122962, 2123386, 0, 0, 0, 10, 8, 0, 52]}
VERIFY_METADATA_MEMO state=4 cumulative=Counters { hits: 193, misses: 62, source_calls: 26, source_objects: 62, evictions: 0, peak_bytes: 240735, peak_rows: 62 }
VERIFY_STATE_WORK state=4 wall_ns=21600959 paths=1098 sampled=85 authenticated_bytes=571389 pooled=PoolReadCounters { leaf_requests: 54, chain_edges: 26, physical_record_calls: 160, physical_group_decodes: 0, physical_group_decoded_bytes: 0, physical_group_cache_hits: 160, value_group_decodes: 54, value_group_cache_hits: 2853, value_group_cache_evictions: 0, value_group_evicted_bytes: 0, pack_fetches: 12, pack_bytes: 223210 }
VERIFY_STATE_BEGIN state=5
verify parts: walk=6811417 lengths=15404333 digest=107167
HISTORY_ENGINE_WORK {"state":5,"stage":"verification","available":true,"values":[297, 39478, 6401000, 0, 0, 21, 0, 34, 953461, 297, 159369, 3878628, 0, 0, 0, 41, 14, 0, 92]}
VERIFY_METADATA_MEMO state=5 cumulative=Counters { hits: 280, misses: 85, source_calls: 33, source_objects: 85, evictions: 0, peak_bytes: 350523, peak_rows: 85 }
VERIFY_STATE_WORK state=5 wall_ns=25972542 paths=1380 sampled=107 authenticated_bytes=835074 pooled=PoolReadCounters { leaf_requests: 75, chain_edges: 45, physical_record_calls: 240, physical_group_decodes: 0, physical_group_decoded_bytes: 0, physical_group_cache_hits: 240, value_group_decodes: 75, value_group_cache_hits: 4163, value_group_cache_evictions: 0, value_group_evicted_bytes: 0, pack_fetches: 15, pack_bytes: 296735 }
VERIFY_STATE_BEGIN state=6
verify parts: walk=7241375 lengths=19957791 digest=794209
HISTORY_ENGINE_WORK {"state":6,"stage":"verification","available":true,"values":[514, 42449, 6204000, 0, 0, 25, 0, 44, 1232583, 514, 269596, 7376247, 0, 0, 0, 100, 10, 0, 163]}
VERIFY_METADATA_MEMO state=6 cumulative=Counters { hits: 400, misses: 112, source_calls: 40, source_objects: 112, evictions: 0, peak_bytes: 476887, peak_rows: 112 }
VERIFY_STATE_WORK state=6 wall_ns=32349375 paths=1630 sampled=126 authenticated_bytes=925697 pooled=PoolReadCounters { leaf_requests: 100, chain_edges: 82, physical_record_calls: 364, physical_group_decodes: 0, physical_group_decoded_bytes: 0, physical_group_cache_hits: 364, value_group_decodes: 100, value_group_cache_hits: 5669, value_group_cache_evictions: 0, value_group_evicted_bytes: 0, pack_fetches: 18, pack_bytes: 371379 }
VERIFY_STATE_BEGIN state=7
verify parts: walk=7880792 lengths=28995917 digest=148875
HISTORY_ENGINE_WORK {"state":7,"stage":"verification","available":true,"values":[627, 62354, 6812000, 0, 0, 27, 0, 49, 1511375, 627, 323410, 12534806, 0, 0, 0, 134, 9, 0, 200]}
VERIFY_METADATA_MEMO state=7 cumulative=Counters { hits: 532, misses: 141, source_calls: 46, source_objects: 141, evictions: 0, peak_bytes: 622860, peak_rows: 141 }
VERIFY_STATE_WORK state=7 wall_ns=41932625 paths=1771 sampled=137 authenticated_bytes=1038255 pooled=PoolReadCounters { leaf_requests: 127, chain_edges: 111, physical_record_calls: 476, physical_group_decodes: 0, physical_group_decoded_bytes: 0, physical_group_cache_hits: 476, value_group_decodes: 127, value_group_cache_hits: 7414, value_group_cache_evictions: 0, value_group_evicted_bytes: 0, pack_fetches: 21, pack_bytes: 474513 }
VERIFY_STATE_BEGIN state=8
verify parts: walk=8941416 lengths=35379500 digest=187459
HISTORY_ENGINE_WORK {"state":8,"stage":"verification","available":true,"values":[841, 62152, 8099000, 0, 0, 31, 0, 52, 1637874, 841, 394457, 17619980, 0, 0, 0, 200, 16, 0, 270]}
VERIFY_METADATA_MEMO state=8 cumulative=Counters { hits: 695, misses: 174, source_calls: 53, source_objects: 174, evictions: 0, peak_bytes: 796101, peak_rows: 174 }
VERIFY_STATE_WORK state=8 wall_ns=50790709 paths=2153 sampled=167 authenticated_bytes=1015217 pooled=PoolReadCounters { leaf_requests: 158, chain_edges: 151, physical_record_calls: 618, physical_group_decodes: 0, physical_group_decoded_bytes: 0, physical_group_cache_hits: 618, value_group_decodes: 158, value_group_cache_hits: 9487, value_group_cache_evictions: 0, value_group_evicted_bytes: 0, pack_fetches: 24, pack_bytes: 577793 }
VERIFY_STATE_BEGIN state=9
verify parts: walk=6074583 lengths=30143458 digest=164000
HISTORY_ENGINE_WORK {"state":9,"stage":"verification","available":true,"values":[827, 22288, 5606000, 0, 0, 23, 0, 34, 810292, 827, 381741, 18379064, 0, 0, 0, 213, 3, 0, 268]}
VERIFY_METADATA_MEMO state=9 cumulative=Counters { hits: 822, misses: 199, source_calls: 59, source_objects: 199, evictions: 0, peak_bytes: 931693, peak_rows: 199 }
VERIFY_STATE_WORK state=9 wall_ns=41039750 paths=1746 sampled=135 authenticated_bytes=714846 pooled=PoolReadCounters { leaf_requests: 181, chain_edges: 211, physical_record_calls: 784, physical_group_decodes: 0, physical_group_decoded_bytes: 0, physical_group_cache_hits: 784, value_group_decodes: 181, value_group_cache_hits: 11111, value_group_cache_evictions: 0, value_group_evicted_bytes: 0, pack_fetches: 27, pack_bytes: 615818 }
VERIFY_STATE_BEGIN state=10
verify parts: walk=6597542 lengths=36105291 digest=150500
HISTORY_ENGINE_WORK {"state":10,"stage":"verification","available":true,"values":[943, 31275, 6429000, 0, 0, 22, 0, 39, 989207, 943, 413838, 22897189, 0, 0, 0, 258, 4, 0, 307]}
VERIFY_METADATA_MEMO state=10 cumulative=Counters { hits: 941, misses: 224, source_calls: 65, source_objects: 224, evictions: 0, peak_bytes: 1064248, peak_rows: 224 }
VERIFY_STATE_WORK state=10 wall_ns=47355209 paths=1659 sampled=128 authenticated_bytes=845384 pooled=PoolReadCounters { leaf_requests: 204, chain_edges: 286, physical_record_calls: 980, physical_group_decodes: 0, physical_group_decoded_bytes: 0, physical_group_cache_hits: 980, value_group_decodes: 203, value_group_cache_hits: 12699, value_group_cache_evictions: 0, value_group_evicted_bytes: 0, pack_fetches: 30, pack_bytes: 665240 }
VERIFY_STATE_BEGIN state=11
verify parts: walk=7632000 lengths=28926833 digest=1555042
HISTORY_ENGINE_WORK {"state":11,"stage":"verification","available":true,"values":[858, 22384, 5147000, 0, 0, 24, 0, 38, 830542, 858, 393743, 17453613, 0, 0, 0, 215, 5, 0, 278]}
VERIFY_METADATA_MEMO state=11 cumulative=Counters { hits: 1110, misses: 255, source_calls: 72, source_objects: 255, evictions: 0, peak_bytes: 1215692, peak_rows: 255 }
VERIFY_STATE_WORK state=11 wall_ns=44089500 paths=2148 sampled=167 authenticated_bytes=1003583 pooled=PoolReadCounters { leaf_requests: 233, chain_edges: 347, physical_record_calls: 1160, physical_group_decodes: 0, physical_group_decoded_bytes: 0, physical_group_cache_hits: 1160, value_group_decodes: 227, value_group_cache_hits: 14510, value_group_cache_evictions: 0, value_group_evicted_bytes: 0, pack_fetches: 34, pack_bytes: 733740 }
VERIFY_STATE_BEGIN state=12
verify parts: walk=10619333 lengths=34550917 digest=883250
HISTORY_ENGINE_WORK {"state":12,"stage":"verification","available":true,"values":[899, 74184, 7651000, 0, 0, 38, 0, 59, 1762126, 899, 415959, 18348279, 0, 0, 0, 205, 16, 0, 287]}
VERIFY_METADATA_MEMO state=12 cumulative=Counters { hits: 1294, misses: 296, source_calls: 80, source_objects: 296, evictions: 0, peak_bytes: 1414877, peak_rows: 296 }
VERIFY_STATE_WORK state=12 wall_ns=53295208 paths=2465 sampled=193 authenticated_bytes=1161021 pooled=PoolReadCounters { leaf_requests: 272, chain_edges: 380, physical_record_calls: 1304, physical_group_decodes: 0, physical_group_decoded_bytes: 0, physical_group_cache_hits: 1304, value_group_decodes: 266, value_group_cache_hits: 16887, value_group_cache_evictions: 0, value_group_evicted_bytes: 0, pack_fetches: 38, pack_bytes: 890822 }
VERIFY_STATE_BEGIN state=13
verify parts: walk=9552208 lengths=53186584 digest=248666
HISTORY_ENGINE_WORK {"state":13,"stage":"verification","available":true,"values":[1392, 55512, 10037000, 0, 0, 36, 0, 58, 1551288, 1392, 636912, 33473674, 0, 0, 0, 360, 12, 0, 452]}
VERIFY_METADATA_MEMO state=13 cumulative=Counters { hits: 1484, misses: 338, source_calls: 89, source_objects: 338, evictions: 0, peak_bytes: 1614146, peak_rows: 338 }
VERIFY_STATE_WORK state=13 wall_ns=70164125 paths=2465 sampled=194 authenticated_bytes=1197296 pooled=PoolReadCounters { leaf_requests: 312, chain_edges: 415, physical_record_calls: 1454, physical_group_decodes: 1, physical_group_decoded_bytes: 49147, physical_group_cache_hits: 1454, value_group_decodes: 306, value_group_cache_hits: 19263, value_group_cache_evictions: 38, value_group_evicted_bytes: 34967, pack_fetches: 42, pack_bytes: 1006356 }
VERIFY_STATE_BEGIN state=14
verify parts: walk=18090750 lengths=51562542 digest=315208
HISTORY_ENGINE_WORK {"state":14,"stage":"verification","available":true,"values":[1458, 82709, 13081000, 0, 0, 45, 0, 87, 2329707, 1458, 737030, 31908031, 0, 0, 0, 343, 13, 0, 471]}
VERIFY_METADATA_MEMO state=14 cumulative=Counters { hits: 1712, misses: 387, source_calls: 98, source_objects: 387, evictions: 0, peak_bytes: 1847173, peak_rows: 387 }
VERIFY_STATE_WORK state=14 wall_ns=78617750 paths=2825 sampled=226 authenticated_bytes=1260887 pooled=PoolReadCounters { leaf_requests: 359, chain_edges: 484, physical_record_calls: 1686, physical_group_decodes: 29, physical_group_decoded_bytes: 912118, physical_group_cache_hits: 1678, value_group_decodes: 353, value_group_cache_hits: 22042, value_group_cache_evictions: 99, value_group_evicted_bytes: 111325, pack_fetches: 46, pack_bytes: 1147510 }
VERIFY_STATE_BEGIN state=15
verify parts: walk=12614709 lengths=53383708 digest=3227125
HISTORY_ENGINE_WORK {"state":15,"stage":"verification","available":true,"values":[1481, 40007, 9335000, 0, 0, 35, 0, 48, 1207088, 1481, 691014, 34876255, 0, 0, 0, 387, 8, 0, 482]}
VERIFY_METADATA_MEMO state=15 cumulative=Counters { hits: 1915, misses: 428, source_calls: 107, source_objects: 428, evictions: 0, peak_bytes: 2052473, peak_rows: 428 }
VERIFY_STATE_WORK state=15 wall_ns=76999083 paths=2590 sampled=204 authenticated_bytes=1320183 pooled=PoolReadCounters { leaf_requests: 398, chain_edges: 573, physical_record_calls: 1942, physical_group_decodes: 58, physical_group_decoded_bytes: 1831078, physical_group_cache_hits: 1920, value_group_decodes: 396, value_group_cache_hits: 24490, value_group_cache_evictions: 124, value_group_evicted_bytes: 148117, pack_fetches: 49, pack_bytes: 1203058 }
VERIFY_STATE_BEGIN state=16
verify parts: walk=23167417 lengths=69150792 digest=416583
HISTORY_ENGINE_WORK {"state":16,"stage":"verification","available":true,"values":[1715, 116297, 14746000, 0, 0, 59, 0, 93, 2776493, 1715, 817413, 38769935, 0, 0, 0, 421, 25, 0, 552]}
VERIFY_METADATA_MEMO state=16 cumulative=Counters { hits: 2195, misses: 490, source_calls: 117, source_objects: 490, evictions: 66, peak_bytes: 2096844, peak_rows: 437 }
VERIFY_STATE_WORK state=16 wall_ns=105147708 paths=3654 sampled=296 authenticated_bytes=1867927 pooled=PoolReadCounters { leaf_requests: 458, chain_edges: 676, physical_record_calls: 2268, physical_group_decodes: 85, physical_group_decoded_bytes: 2719822, physical_group_cache_hits: 2243, value_group_decodes: 529, value_group_cache_hits: 27962, value_group_cache_evictions: 285, value_group_evicted_bytes: 415151, pack_fetches: 55, pack_bytes: 1443598 }
VERIFY_STATE_BEGIN state=17
verify parts: walk=24006333 lengths=66911917 digest=425375
HISTORY_ENGINE_WORK {"state":17,"stage":"verification","available":true,"values":[1849, 54548, 11670000, 0, 0, 52, 0, 70, 1730667, 1849, 821034, 43842625, 0, 0, 0, 473, 7, 0, 599]}
VERIFY_METADATA_MEMO state=17 cumulative=Counters { hits: 2481, misses: 546, source_calls: 127, source_objects: 546, evictions: 125, peak_bytes: 2097090, peak_rows: 437 }
VERIFY_STATE_WORK state=17 wall_ns=104103250 paths=3734 sampled=303 authenticated_bytes=1641637 pooled=PoolReadCounters { leaf_requests: 512, chain_edges: 813, physical_record_calls: 2650, physical_group_decodes: 127, physical_group_decoded_bytes: 4002219, physical_group_cache_hits: 2616, value_group_decodes: 812, value_group_cache_hits: 31203, value_group_cache_evictions: 551, value_group_evicted_bytes: 911843, pack_fetches: 59, pack_bytes: 1551866 }
VERIFY_STATE_BEGIN state=18
verify parts: walk=32812291 lengths=89430084 digest=563916
HISTORY_ENGINE_WORK {"state":18,"stage":"verification","available":true,"values":[2155, 157798, 17737000, 0, 0, 76, 0, 97, 2675298, 2155, 985670, 55100881, 0, 0, 0, 527, 26, 0, 693]}
VERIFY_METADATA_MEMO state=18 cumulative=Counters { hits: 2839, misses: 625, source_calls: 137, source_objects: 625, evictions: 202, peak_bytes: 2097152, peak_rows: 437 }
VERIFY_STATE_WORK state=18 wall_ns=141183417 paths=4763 sampled=402 authenticated_bytes=1826678 pooled=PoolReadCounters { leaf_requests: 589, chain_edges: 927, physical_record_calls: 3032, physical_group_decodes: 180, physical_group_decoded_bytes: 5674104, physical_group_cache_hits: 2983, value_group_decodes: 1156, value_group_cache_hits: 35623, value_group_cache_evictions: 920, value_group_evicted_bytes: 1582859, pack_fetches: 65, pack_bytes: 1859980 }
VERIFY_STATE_BEGIN state=19
verify parts: walk=39772542 lengths=90146250 digest=634416
HISTORY_ENGINE_WORK {"state":19,"stage":"verification","available":true,"values":[2483, 110460, 17476000, 0, 0, 74, 0, 123, 2832955, 2483, 1157590, 62835870, 0, 0, 0, 598, 16, 0, 803]}
VERIFY_METADATA_MEMO state=19 cumulative=Counters { hits: 3247, misses: 704, source_calls: 147, source_objects: 704, evictions: 281, peak_bytes: 2097152, peak_rows: 437 }
VERIFY_STATE_WORK state=19 wall_ns=150879750 paths=5065 sampled=428 authenticated_bytes=1869467 pooled=PoolReadCounters { leaf_requests: 666, chain_edges: 1073, physical_record_calls: 3478, physical_group_decodes: 245, physical_group_decoded_bytes: 7750603, physical_group_cache_hits: 3410, value_group_decodes: 1550, value_group_cache_hits: 40045, value_group_cache_evictions: 1307, value_group_evicted_bytes: 2324320, pack_fetches: 69, pack_bytes: 2043564 }
VERIFY_STATE_BEGIN state=20
verify parts: walk=36242459 lengths=101554750 digest=636583
HISTORY_ENGINE_WORK {"state":20,"stage":"verification","available":true,"values":[2625, 75047, 16630000, 0, 0, 72, 0, 91, 2258542, 2625, 1264554, 73859947, 0, 0, 0, 692, 7, 0, 851]}
VERIFY_METADATA_MEMO state=20 cumulative=Counters { hits: 3665, misses: 779, source_calls: 157, source_objects: 779, evictions: 363, peak_bytes: 2097152, peak_rows: 437 }
VERIFY_STATE_WORK state=20 wall_ns=158656458 paths=5140 sampled=434 authenticated_bytes=1629146 pooled=PoolReadCounters { leaf_requests: 739, chain_edges: 1251, physical_record_calls: 3980, physical_group_decodes: 331, physical_group_decoded_bytes: 10568541, physical_group_cache_hits: 3873, value_group_decodes: 2010, value_group_cache_hits: 44376, value_group_cache_evictions: 1745, value_group_evicted_bytes: 3117173, pack_fetches: 73, pack_bytes: 2180164 }
VERIFY_STATE_BEGIN state=21
verify parts: walk=40647875 lengths=124440042 digest=609000
HISTORY_ENGINE_WORK {"state":21,"stage":"verification","available":true,"values":[2970, 95273, 24455000, 0, 0, 81, 0, 98, 3029876, 2970, 1464323, 83421708, 0, 0, 0, 780, 9, 0, 963]}
VERIFY_METADATA_MEMO state=21 cumulative=Counters { hits: 4107, misses: 862, source_calls: 167, source_objects: 862, evictions: 450, peak_bytes: 2097152, peak_rows: 437 }
VERIFY_STATE_WORK state=21 wall_ns=189153209 paths=5383 sampled=455 authenticated_bytes=1966901 pooled=PoolReadCounters { leaf_requests: 820, chain_edges: 1419, physical_record_calls: 4478, physical_group_decodes: 399, physical_group_decoded_bytes: 12785103, physical_group_cache_hits: 4349, value_group_decodes: 2521, value_group_cache_hits: 49039, value_group_cache_evictions: 2244, value_group_evicted_bytes: 3976894, pack_fetches: 77, pack_bytes: 2359174 }
VERIFY_STATE_BEGIN state=22
verify parts: walk=39999375 lengths=97798333 digest=721000
HISTORY_ENGINE_WORK {"state":22,"stage":"verification","available":true,"values":[2487, 62266, 19231000, 0, 0, 33, 0, 80, 2059084, 2487, 1290387, 71893389, 0, 0, 0, 664, 5, 0, 818]}
VERIFY_METADATA_MEMO state=22 cumulative=Counters { hits: 4577, misses: 923, source_calls: 176, source_objects: 923, evictions: 516, peak_bytes: 2097152, peak_rows: 437 }
VERIFY_STATE_WORK state=22 wall_ns=160561208 paths=5399 sampled=456 authenticated_bytes=1544118 pooled=PoolReadCounters { leaf_requests: 879, chain_edges: 1579, physical_record_calls: 4916, physical_group_decodes: 451, physical_group_decoded_bytes: 14556868, physical_group_cache_hits: 4774, value_group_decodes: 2919, value_group_cache_hits: 52558, value_group_cache_evictions: 2626, value_group_evicted_bytes: 4632872, pack_fetches: 80, pack_bytes: 2406131 }
VERIFY_STATE_BEGIN state=23
verify parts: walk=49184958 lengths=100454584 digest=729750
HISTORY_ENGINE_WORK {"state":23,"stage":"verification","available":true,"values":[2612, 96125, 20462000, 0, 0, 83, 0, 101, 2992788, 2612, 1237602, 71117173, 0, 0, 0, 647, 10, 0, 843]}
VERIFY_METADATA_MEMO state=23 cumulative=Counters { hits: 5054, misses: 1008, source_calls: 187, source_objects: 1008, evictions: 604, peak_bytes: 2097152, peak_rows: 437 }
VERIFY_STATE_WORK state=23 wall_ns=174332250 paths=5641 sampled=477 authenticated_bytes=1618347 pooled=PoolReadCounters { leaf_requests: 962, chain_edges: 1817, physical_record_calls: 5558, physical_group_decodes: 531, physical_group_decoded_bytes: 17452561, physical_group_cache_hits: 5386, value_group_decodes: 3512, value_group_cache_hits: 57357, value_group_cache_evictions: 3232, value_group_evicted_bytes: 5627132, pack_fetches: 83, pack_bytes: 2551178 }
VERIFY_STATE_BEGIN state=24
verify parts: walk=48728333 lengths=134273667 digest=824750
HISTORY_ENGINE_WORK {"state":24,"stage":"verification","available":true,"values":[3751, 110410, 26140000, 0, 0, 85, 0, 113, 3108544, 3751, 1850219, 92351810, 0, 0, 0, 834, 12, 0, 1222]}
VERIFY_METADATA_MEMO state=24 cumulative=Counters { hits: 5574, misses: 1095, source_calls: 199, source_objects: 1095, evictions: 692, peak_bytes: 2097152, peak_rows: 437 }
VERIFY_STATE_WORK state=24 wall_ns=209414125 paths=5880 sampled=497 authenticated_bytes=2067384 pooled=PoolReadCounters { leaf_requests: 1047, chain_edges: 2103, physical_record_calls: 6300, physical_group_decodes: 592, physical_group_decoded_bytes: 19716162, physical_group_cache_hits: 6114, value_group_decodes: 4137, value_group_cache_hits: 62240, value_group_cache_evictions: 3845, value_group_evicted_bytes: 6629422, pack_fetches: 86, pack_bytes: 2698306 }
VERIFY_STATE_BEGIN state=25
verify parts: walk=56572583 lengths=139345292 digest=1023791
HISTORY_ENGINE_WORK {"state":25,"stage":"verification","available":true,"values":[3606, 97029, 28253000, 0, 0, 75, 0, 112, 2713783, 3606, 1778684, 100946806, 0, 0, 0, 930, 6, 0, 1177]}
VERIFY_METADATA_MEMO state=25 cumulative=Counters { hits: 6124, misses: 1175, source_calls: 210, source_objects: 1175, evictions: 776, peak_bytes: 2097152, peak_rows: 437 }
VERIFY_STATE_WORK state=25 wall_ns=222716708 paths=5951 sampled=503 authenticated_bytes=2203704 pooled=PoolReadCounters { leaf_requests: 1125, chain_edges: 2357, physical_record_calls: 6964, physical_group_decodes: 666, physical_group_decoded_bytes: 22305911, physical_group_cache_hits: 6751, value_group_decodes: 4802, value_group_cache_hits: 66813, value_group_cache_evictions: 4497, value_group_evicted_bytes: 7638063, pack_fetches: 90, pack_bytes: 2815576 }
VERIFY_STATE_BEGIN state=26
verify parts: walk=33799750 lengths=70273125 digest=791667
HISTORY_ENGINE_WORK {"state":26,"stage":"verification","available":true,"values":[1709, 27543, 11721000, 0, 0, 26, 0, 43, 1064046, 1709, 828212, 50858412, 0, 0, 0, 468, 3, 0, 561]}
VERIFY_METADATA_MEMO state=26 cumulative=Counters { hits: 6598, misses: 1220, source_calls: 218, source_objects: 1220, evictions: 824, peak_bytes: 2097152, peak_rows: 437 }
VERIFY_STATE_WORK state=26 wall_ns=126732958 paths=5358 sampled=453 authenticated_bytes=1284693 pooled=PoolReadCounters { leaf_requests: 1168, chain_edges: 2520, physical_record_calls: 7376, physical_group_decodes: 718, physical_group_decoded_bytes: 24194162, physical_group_cache_hits: 7150, value_group_decodes: 5147, value_group_cache_hits: 69429, value_group_cache_evictions: 4830, value_group_evicted_bytes: 8170671, pack_fetches: 93, pack_bytes: 2854103 }
VERIFY_STATE_BEGIN state=27
verify parts: walk=45558750 lengths=104950000 digest=822875
HISTORY_ENGINE_WORK {"state":27,"stage":"verification","available":true,"values":[2644, 50180, 18242000, 0, 0, 46, 0, 65, 1632834, 2644, 1216849, 78290088, 0, 0, 0, 725, 5, 0, 866]}
VERIFY_METADATA_MEMO state=27 cumulative=Counters { hits: 7152, misses: 1272, source_calls: 229, source_objects: 1272, evictions: 877, peak_bytes: 2097152, peak_rows: 437 }
VERIFY_STATE_WORK state=27 wall_ns=177443625 paths=5987 sampled=506 authenticated_bytes=1717677 pooled=PoolReadCounters { leaf_requests: 1218, chain_edges: 2640, physical_record_calls: 7716, physical_group_decodes: 850, physical_group_decoded_bytes: 29549576, physical_group_cache_hits: 7415, value_group_decodes: 5579, value_group_cache_hits: 72339, value_group_cache_evictions: 5253, value_group_evicted_bytes: 8804238, pack_fetches: 97, pack_bytes: 2975123 }
VERIFY_STATE_BEGIN state=28
verify parts: walk=46829750 lengths=111932542 digest=5051583
HISTORY_ENGINE_WORK {"state":28,"stage":"verification","available":true,"values":[3034, 71284, 18999000, 0, 0, 46, 0, 83, 1911748, 3034, 1474270, 88109402, 0, 0, 0, 799, 13, 0, 996]}
VERIFY_METADATA_MEMO state=28 cumulative=Counters { hits: 7714, misses: 1322, source_calls: 240, source_objects: 1322, evictions: 932, peak_bytes: 2097152, peak_rows: 437 }
VERIFY_STATE_WORK state=28 wall_ns=190011333 paths=6027 sampled=509 authenticated_bytes=2086673 pooled=PoolReadCounters { leaf_requests: 1266, chain_edges: 2777, physical_record_calls: 8086, physical_group_decodes: 935, physical_group_decoded_bytes: 32580650, physical_group_cache_hits: 7759, value_group_decodes: 6041, value_group_cache_hits: 75242, value_group_cache_evictions: 5718, value_group_evicted_bytes: 9475838, pack_fetches: 100, pack_bytes: 3027186 }
VERIFY_STATE_BEGIN state=29
verify parts: walk=63866708 lengths=137292250 digest=9152459
HISTORY_ENGINE_WORK {"state":29,"stage":"verification","available":true,"values":[3507, 156466, 25897000, 0, 0, 99, 0, 161, 4288251, 3507, 1701540, 93690932, 0, 0, 0, 862, 32, 0, 1136]}
VERIFY_METADATA_MEMO state=29 cumulative=Counters { hits: 8298, misses: 1423, source_calls: 253, source_objects: 1423, evictions: 1032, peak_bytes: 2097152, peak_rows: 437 }
VERIFY_STATE_WORK state=29 wall_ns=240746625 paths=6647 sampled=566 authenticated_bytes=3244398 pooled=PoolReadCounters { leaf_requests: 1365, chain_edges: 3070, physical_record_calls: 8870, physical_group_decodes: 1096, physical_group_decoded_bytes: 38689501, physical_group_cache_hits: 8481, value_group_decodes: 6813, value_group_cache_hits: 80868, value_group_cache_evictions: 6515, value_group_evicted_bytes: 10693989, pack_fetches: 106, pack_bytes: 3319258 }
VERIFY_STATE_BEGIN state=30
verify parts: walk=51546083 lengths=120848042 digest=7535708
HISTORY_ENGINE_WORK {"state":30,"stage":"verification","available":true,"values":[3362, 74847, 19795000, 0, 0, 71, 0, 92, 2295124, 3362, 1557352, 90540836, 0, 0, 0, 820, 8, 0, 1097]}
VERIFY_METADATA_MEMO state=30 cumulative=Counters { hits: 8910, misses: 1498, source_calls: 265, source_objects: 1498, evictions: 1108, peak_bytes: 2097152, peak_rows: 437 }
VERIFY_STATE_WORK state=30 wall_ns=211263167 paths=6752 sampled=576 authenticated_bytes=2842031 pooled=PoolReadCounters { leaf_requests: 1438, chain_edges: 3294, physical_record_calls: 9464, physical_group_decodes: 1169, physical_group_decoded_bytes: 41148385, physical_group_cache_hits: 9059, value_group_decodes: 7445, value_group_cache_hits: 85200, value_group_cache_evictions: 7158, value_group_evicted_bytes: 11704163, pack_fetches: 109, pack_bytes: 3409894 }
VERIFY_STATE_BEGIN state=31
verify parts: walk=70109834 lengths=128507500 digest=884375
HISTORY_ENGINE_WORK {"state":31,"stage":"verification","available":true,"values":[3284, 116592, 24575000, 0, 0, 86, 0, 142, 3404163, 3284, 1616973, 100211920, 0, 0, 0, 815, 10, 0, 1066]}
VERIFY_METADATA_MEMO state=31 cumulative=Counters { hits: 9504, misses: 1590, source_calls: 277, source_objects: 1590, evictions: 1200, peak_bytes: 2097152, peak_rows: 437 }
VERIFY_STATE_WORK state=31 wall_ns=231283209 paths=6750 sampled=575 authenticated_bytes=1773917 pooled=PoolReadCounters { leaf_requests: 1528, chain_edges: 3634, physical_record_calls: 10324, physical_group_decodes: 1366, physical_group_decoded_bytes: 48323902, physical_group_cache_hits: 9815, value_group_decodes: 8270, value_group_cache_hits: 90430, value_group_cache_evictions: 7950, value_group_evicted_bytes: 12981663, pack_fetches: 113, pack_bytes: 3562810 }
VERIFY_STATE_BEGIN state=32
verify parts: walk=54865500 lengths=125792125 digest=6757583
HISTORY_ENGINE_WORK {"state":32,"stage":"verification","available":true,"values":[3193, 72251, 20592000, 0, 0, 70, 0, 82, 2071167, 3193, 1486772, 93680587, 0, 0, 0, 845, 10, 0, 1041]}
VERIFY_METADATA_MEMO state=32 cumulative=Counters { hits: 10092, misses: 1672, source_calls: 290, source_objects: 1672, evictions: 1281, peak_bytes: 2097152, peak_rows: 437 }
VERIFY_STATE_WORK state=32 wall_ns=218381833 paths=6622 sampled=566 authenticated_bytes=3316962 pooled=PoolReadCounters { leaf_requests: 1608, chain_edges: 3810, physical_record_calls: 10836, physical_group_decodes: 1493, physical_group_decoded_bytes: 52841567, physical_group_cache_hits: 10272, value_group_decodes: 8983, value_group_cache_hits: 95048, value_group_cache_evictions: 8670, value_group_evicted_bytes: 14077612, pack_fetches: 117, pack_bytes: 3712652 }
VERIFY_STATE_BEGIN state=33
verify parts: walk=73216583 lengths=179427708 digest=1003625
HISTORY_ENGINE_WORK {"state":33,"stage":"verification","available":true,"values":[4095, 217404, 31878000, 0, 0, 105, 0, 149, 4524041, 4095, 1872763, 126539616, 0, 0, 0, 1105, 22, 0, 1330]}
VERIFY_METADATA_MEMO state=33 cumulative=Counters { hits: 10706, misses: 1779, source_calls: 304, source_objects: 1779, evictions: 1384, peak_bytes: 2097152, peak_rows: 437 }
VERIFY_STATE_WORK state=33 wall_ns=287622333 paths=7057 sampled=604 authenticated_bytes=2780860 pooled=PoolReadCounters { leaf_requests: 1713, chain_edges: 4057, physical_record_calls: 11540, physical_group_decodes: 1677, physical_group_decoded_bytes: 59634503, physical_group_cache_hits: 10879, value_group_decodes: 9839, value_group_cache_hits: 101050, value_group_cache_evictions: 9553, value_group_evicted_bytes: 15514982, pack_fetches: 123, pack_bytes: 4074810 }
VERIFY_STATE_BEGIN state=34
verify parts: walk=75622625 lengths=195005875 digest=971041
HISTORY_ENGINE_WORK {"state":34,"stage":"verification","available":true,"values":[4844, 140353, 33931000, 0, 0, 107, 0, 163, 4042460, 4844, 2633805, 149542016, 0, 0, 0, 1309, 12, 0, 1579]}
VERIFY_METADATA_MEMO state=34 cumulative=Counters { hits: 11374, misses: 1889, source_calls: 317, source_objects: 1889, evictions: 1496, peak_bytes: 2097152, peak_rows: 437 }
VERIFY_STATE_WORK state=34 wall_ns=307047500 paths=7314 sampled=626 authenticated_bytes=2867435 pooled=PoolReadCounters { leaf_requests: 1821, chain_edges: 4332, physical_record_calls: 12306, physical_group_decodes: 1869, physical_group_decoded_bytes: 66690346, physical_group_cache_hits: 11544, value_group_decodes: 10762, value_group_cache_hits: 107192, value_group_cache_evictions: 10461, value_group_evicted_bytes: 17029732, pack_fetches: 127, pack_bytes: 4298794 }
VERIFY_STATE_BEGIN state=35
verify parts: walk=75797042 lengths=203090458 digest=1177209
HISTORY_ENGINE_WORK {"state":35,"stage":"verification","available":true,"values":[4856, 216631, 38984000, 0, 0, 113, 0, 175, 4873000, 4856, 2573798, 151748225, 0, 0, 0, 1283, 23, 0, 1581]}
VERIFY_METADATA_MEMO state=35 cumulative=Counters { hits: 12064, misses: 2006, source_calls: 331, source_objects: 2006, evictions: 1609, peak_bytes: 2097152, peak_rows: 437 }
VERIFY_STATE_WORK state=35 wall_ns=319060542 paths=7588 sampled=651 authenticated_bytes=2702250 pooled=PoolReadCounters { leaf_requests: 1936, chain_edges: 4476, physical_record_calls: 12824, physical_group_decodes: 1962, physical_group_decoded_bytes: 70168569, physical_group_cache_hits: 12027, value_group_decodes: 11808, value_group_cache_hits: 113485, value_group_cache_evictions: 11518, value_group_evicted_bytes: 18841738, pack_fetches: 133, pack_bytes: 4642172 }
VERIFY_STATE_BEGIN state=36
verify parts: walk=65617833 lengths=149907833 digest=1080125
HISTORY_ENGINE_WORK {"state":36,"stage":"verification","available":true,"values":[3804, 69560, 26099000, 0, 0, 48, 0, 79, 2216418, 3804, 2182367, 109300534, 0, 0, 0, 993, 8, 0, 1252]}
VERIFY_METADATA_MEMO state=36 cumulative=Counters { hits: 12695, misses: 2113, source_calls: 344, source_objects: 2113, evictions: 1712, peak_bytes: 2097152, peak_rows: 437 }
VERIFY_STATE_WORK state=36 wall_ns=251264417 paths=7181 sampled=613 authenticated_bytes=2374755 pooled=PoolReadCounters { leaf_requests: 2041, chain_edges: 4678, physical_record_calls: 13438, physical_group_decodes: 2090, physical_group_decoded_bytes: 75089980, physical_group_cache_hits: 12596, value_group_decodes: 12784, value_group_cache_hits: 119163, value_group_cache_evictions: 12490, value_group_evicted_bytes: 20471171, pack_fetches: 138, pack_bytes: 4826491 }
VERIFY_STATE_BEGIN state=37
verify parts: walk=61731542 lengths=66384500 digest=4211541
HISTORY_ENGINE_WORK {"state":37,"stage":"verification","available":true,"values":[2124, 65405, 16298000, 0, 0, 57, 0, 94, 2110963, 2124, 1212081, 50260921, 0, 0, 0, 490, 10, 0, 689]}
VERIFY_METADATA_MEMO state=37 cumulative=Counters { hits: 13168, misses: 2206, source_calls: 356, source_objects: 2206, evictions: 1799, peak_bytes: 2097152, peak_rows: 437 }
VERIFY_STATE_WORK state=37 wall_ns=156222375 paths=5696 sampled=482 authenticated_bytes=1526161 pooled=PoolReadCounters { leaf_requests: 2132, chain_edges: 4888, physical_record_calls: 14040, physical_group_decodes: 2270, physical_group_decoded_bytes: 82634054, physical_group_cache_hits: 13103, value_group_decodes: 13540, value_group_cache_hits: 124004, value_group_cache_evictions: 13240, value_group_evicted_bytes: 21683044, pack_fetches: 147, pack_bytes: 5129058 }
VERIFY_STATE_BEGIN state=38
verify parts: walk=78553833 lengths=253284583 digest=2488459
HISTORY_ENGINE_WORK {"state":38,"stage":"verification","available":true,"values":[6257, 315626, 46892000, 0, 0, 137, 0, 174, 6000121, 6257, 3336013, 173427234, 0, 0, 0, 1499, 30, 0, 2040]}
VERIFY_METADATA_MEMO state=38 cumulative=Counters { hits: 13829, misses: 2349, source_calls: 374, source_objects: 2349, evictions: 1925, peak_bytes: 2097152, peak_rows: 437 }
VERIFY_STATE_WORK state=38 wall_ns=376235084 paths=8016 sampled=687 authenticated_bytes=3929738 pooled=PoolReadCounters { leaf_requests: 2271, chain_edges: 5093, physical_record_calls: 14728, physical_group_decodes: 2407, physical_group_decoded_bytes: 88358777, physical_group_cache_hits: 13729, value_group_decodes: 14469, value_group_cache_hits: 130992, value_group_cache_evictions: 14218, value_group_evicted_bytes: 23536076, pack_fetches: 207, pack_bytes: 7373377 }
VERIFY_STATE_BEGIN state=39
verify parts: walk=85443292 lengths=249126750 digest=1473875
HISTORY_ENGINE_WORK {"state":39,"stage":"verification","available":true,"values":[5984, 163904, 38665000, 0, 0, 116, 0, 159, 4899458, 5984, 3343232, 193264864, 0, 0, 0, 1646, 9, 0, 1956]}
VERIFY_METADATA_MEMO state=39 cumulative=Counters { hits: 14524, misses: 2470, source_calls: 390, source_objects: 2470, evictions: 2041, peak_bytes: 2097152, peak_rows: 437 }
VERIFY_STATE_WORK state=39 wall_ns=379840459 paths=8196 sampled=704 authenticated_bytes=3679947 pooled=PoolReadCounters { leaf_requests: 2388, chain_edges: 5365, physical_record_calls: 15506, physical_group_decodes: 2576, physical_group_decoded_bytes: 95822184, physical_group_cache_hits: 14416, value_group_decodes: 15444, value_group_cache_hits: 137278, value_group_cache_evictions: 15175, value_group_evicted_bytes: 25358740, pack_fetches: 256, pack_bytes: 8856222 }
VERIFY_STATE_BEGIN state=40
verify parts: walk=85912334 lengths=281317791 digest=1344000
HISTORY_ENGINE_WORK {"state":40,"stage":"verification","available":true,"values":[6442, 186100, 40511000, 0, 0, 124, 0, 159, 4699954, 6442, 3396209, 217790819, 0, 0, 0, 1812, 12, 0, 2106]}
VERIFY_METADATA_MEMO state=40 cumulative=Counters { hits: 15231, misses: 2598, source_calls: 408, source_objects: 2598, evictions: 2163, peak_bytes: 2097152, peak_rows: 437 }
VERIFY_STATE_WORK state=40 wall_ns=412829042 paths=8262 sampled=712 authenticated_bytes=3631479 pooled=PoolReadCounters { leaf_requests: 2512, chain_edges: 5697, physical_record_calls: 16418, physical_group_decodes: 2765, physical_group_decoded_bytes: 104094401, physical_group_cache_hits: 15225, value_group_decodes: 16511, value_group_cache_hits: 143918, value_group_cache_evictions: 16236, value_group_evicted_bytes: 27293824, pack_fetches: 338, pack_bytes: 11467691 }
VERIFY_STATE_BEGIN state=41
verify parts: walk=79908583 lengths=173351959 digest=1450416
HISTORY_ENGINE_WORK {"state":41,"stage":"verification","available":true,"values":[4398, 103011, 25726000, 0, 0, 111, 0, 118, 3373418, 4398, 2431044, 140601360, 0, 0, 0, 1203, 7, 0, 1429]}
VERIFY_METADATA_MEMO state=41 cumulative=Counters { hits: 15942, misses: 2714, source_calls: 425, source_objects: 2714, evictions: 2285, peak_bytes: 2097152, peak_rows: 437 }
VERIFY_STATE_WORK state=41 wall_ns=299043416 paths=8297 sampled=715 authenticated_bytes=2378618 pooled=PoolReadCounters { leaf_requests: 2624, chain_edges: 5993, physical_record_calls: 17234, physical_group_decodes: 2921, physical_group_decoded_bytes: 110703732, physical_group_cache_hits: 15950, value_group_decodes: 17606, value_group_cache_hits: 149786, value_group_cache_evictions: 17320, value_group_evicted_bytes: 29225112, pack_fetches: 393, pack_bytes: 13227761 }
VERIFY_STATE_BEGIN state=42
verify parts: walk=92408541 lengths=282281125 digest=4568792
HISTORY_ENGINE_WORK {"state":42,"stage":"verification","available":true,"values":[6244, 341895, 46600000, 0, 0, 142, 0, 220, 7208244, 6244, 3344147, 209016886, 0, 0, 0, 1697, 32, 0, 2034]}
VERIFY_METADATA_MEMO state=42 cumulative=Counters { hits: 16669, misses: 2862, source_calls: 444, source_objects: 2862, evictions: 2431, peak_bytes: 2097152, peak_rows: 437 }
VERIFY_STATE_WORK state=42 wall_ns=426451208 paths=8668 sampled=747 authenticated_bytes=4236073 pooled=PoolReadCounters { leaf_requests: 2768, chain_edges: 6146, physical_record_calls: 17828, physical_group_decodes: 3043, physical_group_decoded_bytes: 115572406, physical_group_cache_hits: 16487, value_group_decodes: 18756, value_group_cache_hits: 157155, value_group_cache_evictions: 18528, value_group_evicted_bytes: 31529722, pack_fetches: 487, pack_bytes: 16745757 }
VERIFY_STATE_BEGIN state=43
verify parts: walk=88066042 lengths=238078917 digest=1779708
HISTORY_ENGINE_WORK {"state":43,"stage":"verification","available":true,"values":[5600, 155011, 39255000, 0, 0, 131, 0, 148, 4112249, 5600, 2970957, 192000655, 0, 0, 0, 1533, 9, 0, 1823]}
VERIFY_METADATA_MEMO state=43 cumulative=Counters { hits: 17445, misses: 2997, source_calls: 462, source_objects: 2997, evictions: 2563, peak_bytes: 2097152, peak_rows: 437 }
VERIFY_STATE_WORK state=43 wall_ns=376339792 paths=8814 sampled=760 authenticated_bytes=3337742 pooled=PoolReadCounters { leaf_requests: 2899, chain_edges: 6371, physical_record_calls: 18540, physical_group_decodes: 3144, physical_group_decoded_bytes: 119619946, physical_group_cache_hits: 17153, value_group_decodes: 19928, value_group_cache_hits: 163943, value_group_cache_evictions: 19668, value_group_evicted_bytes: 33723153, pack_fetches: 586, pack_bytes: 20502867 }
VERIFY_STATE_BEGIN state=44
verify parts: walk=79795166 lengths=265220125 digest=2050292
HISTORY_ENGINE_WORK {"state":44,"stage":"verification","available":true,"values":[5862, 139129, 41485000, 0, 0, 117, 0, 149, 3959537, 5862, 3032302, 207208228, 0, 0, 0, 1645, 11, 0, 1915]}
VERIFY_METADATA_MEMO state=44 cumulative=Counters { hits: 18259, misses: 3120, source_calls: 479, source_objects: 3120, evictions: 2688, peak_bytes: 2097152, peak_rows: 437 }
VERIFY_STATE_WORK state=44 wall_ns=397812042 paths=9060 sampled=782 authenticated_bytes=3473363 pooled=PoolReadCounters { leaf_requests: 3018, chain_edges: 6614, physical_record_calls: 19264, physical_group_decodes: 3212, physical_group_decoded_bytes: 122062034, physical_group_cache_hits: 17867, value_group_decodes: 21076, value_group_cache_hits: 170188, value_group_cache_evictions: 20804, value_group_evicted_bytes: 35815990, pack_fetches: 683, pack_bytes: 23812939 }
VERIFY_STATE_BEGIN state=45
