$ /Users/yifanxu/Ephemeral-AI-Lab/layerfs/core/target/release/examples/measure_edits --mode pipeline --case large-to-small --threshold-bytes 131072 --output /Users/yifanxu/Ephemeral-AI-Lab/layerfs/docs/roadmap/0.1/0.1.7/evidence/phase1-execution-20260918T090000Z/rounds/p1-1/after/output/D23/edits-pipeline-large-to-small
cwd /Users/yifanxu/Ephemeral-AI-Lab/layerfs
exit_code 0
wall_s 0.014
--- stdout ---
mode: pipeline
case: large-to-small
threshold-bytes: 131072
timing: on
fixture: base 262144 bytes, 1 edit(s), 0 replacement bytes
stream: 1 edit(s), base 262144 -> final 131072 bytes
base preparation (untimed): root 3e428805690821ee9c1c6e3775de5fa8aa9b901fe20fb18c3136ea239cc8c14d stored as 18 object(s), 3 pack(s)
edited root: 4148b0a15f376de13e49481270f7025689bd6e61b381e4a8ec296c752ada6813
edited length: 131072
save: inserted 2 reused 0 packs 1 prefix records 0 full records 2
readback bytes: 131072
readback connection opens: 1
readback: verified byte-for-byte against the independent model
scope: edit-to-save acknowledgement is edit.save; verification and readback are timed separately
--- timing tree (inclusive; overlapping spans add to nothing) ---
edit.save  816.083us
  storage.begin  245.958us
  file.edit  362.833us
    edit.base  303.042us
      edit.base_read  301.750us
    edit.compare  750ns
    edit.split  45.083us
    edit.split  2.333us
    edit.split  417ns
    edit.finish  5.500us
  storage.finish  134.250us
--- timing tree (inclusive; overlapping spans add to nothing) ---
verify.readback  801.958us
  content.read  801.250us
    content.acquire  200.000us
    content.traverse  600.583us
      mapping.navigate  35.875us
        storage.read  35.666us
      mapping.payload  553.875us
        storage.read  553.708us
timings: 11 nodes at 4 levels -> /Users/yifanxu/Ephemeral-AI-Lab/layerfs/docs/roadmap/0.1/0.1.7/evidence/phase1-execution-20260918T090000Z/rounds/p1-1/after/output/D23/edits-pipeline-large-to-small/pipeline-edit-save.json
timings: 8 nodes at 5 levels -> /Users/yifanxu/Ephemeral-AI-Lab/layerfs/docs/roadmap/0.1/0.1.7/evidence/phase1-execution-20260918T090000Z/rounds/p1-1/after/output/D23/edits-pipeline-large-to-small/pipeline-readback.json
wall_seconds: 0.009229
--- stderr ---
