DAEMON_STATUS
Name:	layerfs-daemon
Umask:	0077
State:	S (sleeping)
Tgid:	1
Ngid:	0
Pid:	1
PPid:	0
TracerPid:	0
Uid:	0	0	0	0
Gid:	0	0	0	0
FDSize:	64
Groups:	0 
NStgid:	1
NSpid:	1
NSpgid:	1
NSsid:	1
Kthread:	0
VmPeak:	  686316 kB
VmSize:	  620800 kB
VmLck:	       0 kB
VmPin:	       0 kB
VmHWM:	   28536 kB
VmRSS:	   28536 kB
RssAnon:	   21648 kB
RssFile:	    6888 kB
RssShmem:	       0 kB
VmData:	   57216 kB
VmStk:	     132 kB
VmExe:	    6572 kB
VmLib:	    2320 kB
VmPTE:	     168 kB
VmSwap:	       0 kB
HugetlbPages:	       0 kB
CoreDumping:	0
THP_enabled:	1
untag_mask:	0xffffffffffffff
Threads:	10
SigQ:	0/15665
SigPnd:	0000000000000000
ShdPnd:	0000000000000000
SigBlk:	0000000000000000
SigIgn:	0000000000001000
SigCgt:	0000000100000440
CapInh:	0000000000000000
CapPrm:	00000000a82425fb
CapEff:	00000000a82425fb
CapBnd:	00000000a82425fb
CapAmb:	0000000000000000
NoNewPrivs:	1
Seccomp:	2
Seccomp_filters:	1
Speculation_Store_Bypass:	vulnerable
SpeculationIndirectBranch:	unknown
Cpus_allowed:	ff
Cpus_allowed_list:	0-7
Mems_allowed:	1
Mems_allowed_list:	0
voluntary_ctxt_switches:	20
nonvoluntary_ctxt_switches:	1
BACKING_BYTES
/layerfs-store/global/store.sqlite 172032 336 512
/layerfs-store/global/store.sqlite-wal 8272 24 512
/layerfs-store/global/store.sqlite-shm 32768 64 512
/layerfs-store/global/store.sqlite-journal ABSENT
/layerfs-local/overlay/overlay.sqlite 409600 525088 512
/layerfs-local/overlay/overlay.sqlite-wal ABSENT
/layerfs-local/overlay/overlay.sqlite-shm ABSENT
/layerfs-local/overlay/overlay.sqlite-journal ABSENT
OWN_CONTAINER_CGROUP
/sys/fs/cgroup/memory.stat
anon 22560768
file 454656
kernel 1994752
kernel_stack 180224
pagetables 266240
sec_pagetables 0
percpu 22800
sock 0
vmalloc 8192
shmem 0
zswap 0
zswapped 0
file_mapped 32768
file_dirty 454656
file_writeback 0
swapcached 0
anon_thp 8388608
file_thp 0
shmem_thp 0
inactive_anon 0
active_anon 22499328
inactive_file 454656
active_file 0
unevictable 0
slab_reclaimable 326320
slab_unreclaimable 497304
slab 823624
workingset_refault_anon 0
workingset_refault_file 0
workingset_activate_anon 0
workingset_activate_file 0
workingset_restore_anon 0
workingset_restore_file 0
workingset_nodereclaim 0
pgdemote_kswapd 0
pgdemote_direct 0
pgdemote_khugepaged 0
pgscan 0
pgsteal 0
pgscan_kswapd 0
pgscan_direct 0
pgscan_khugepaged 0
pgsteal_kswapd 0
pgsteal_direct 0
pgsteal_khugepaged 0
pgfault 12399
pgmajfault 0
pgrefill 0
pgactivate 0
pgdeactivate 0
pglazyfree 0
pglazyfreed 0
swpin_zero 0
swpout_zero 0
zswpin 0
zswpout 0
zswpwb 0
thp_fault_alloc 4
thp_collapse_alloc 0
thp_swpout 0
thp_swpout_fallback 0
/sys/fs/cgroup/memory.current
25550848
/sys/fs/cgroup/memory.peak
25903104
DAEMON_THREADS
THREAD	1	layerfs-daemon	9506336 49834 21	20 1 	1603 0 0 2
THREAD	10	layerfs-fuse-2	70793 0 3	3 0 	2 0 0 3
THREAD	11	layerfs-fuse-3	114708 0 3	3 0 	2 0 0 4
THREAD	12	layerfs-control	15775126 6833 20	20 0 	582 0 1 7
THREAD	48	layerfs-mount-2	100333 38000 1	1 0 	1 0 0 4
THREAD	49	layerfs-fence-2	89167 0 4	4 0 	0 0 0 3
THREAD	50	fuser-0	2227750 0 1	1 0 	2019 0 0 2
THREAD	7	layerfs-overlay	7071500 0 5	5 0 	234 0 0 2
THREAD	8	layerfs-fuse-0	153957 10459 4	4 0 	3 0 0 5
THREAD	9	layerfs-fuse-1	115833 0 4	4 0 	2 0 0 6
CGROUP_CPU
usage_usec 619286
user_usec 341603
system_usec 277683
nice_usec 0
nr_periods 0
nr_throttled 0
throttled_usec 0
nr_bursts 0
burst_usec 0
KERNEL	6.12.76-linuxkit	8
