== cgroup.cpu.stat
usage_usec 444565
user_usec 173823
system_usec 270742
nice_usec 0
nr_periods 0
nr_throttled 0
throttled_usec 0
nr_bursts 0
burst_usec 0
== clock 1791537240.010206
== passthrough_pid 58
== task 58
comm r7-floor-pt
schedstat 11351040 141126 19
stat 58 (r7-floor-pt) S 0 58 58 0 -1 4194560 1256 0 0 0 0 0 0 0 20 0 4 0 65592372 210984960 535 18446744073709551615 187650751594496 187650752201964 281474149572240 0 0 0 0 4096 1088 1 0 0 17 0 0 0 0 0 0 187650752288792 187650752315525 187651058716672 281474149576126 281474149576192 281474149576192 281474149576669 0
voluntary_ctxt_switches:	17
nonvoluntary_ctxt_switches:	2
io rchar: 44746
io wchar: 7316
io syscr: 34
io syscw: 6
io read_bytes: 0
io write_bytes: 0
io cancelled_write_bytes: 0
== task 64
comm r7-passthrough-
schedstat 250583 0 1
stat 64 (r7-passthrough-) S 0 58 58 0 -1 4194368 7 0 0 0 0 0 0 0 20 0 4 0 65592375 210984960 535 18446744073709551615 187650751594496 187650752201964 281474149572240 0 0 0 0 4096 1088 1 0 0 -1 7 0 0 0 0 0 187650752288792 187650752315525 187651058716672 281474149576126 281474149576192 281474149576192 281474149576669 0
voluntary_ctxt_switches:	1
nonvoluntary_ctxt_switches:	0
io rchar: 0
io wchar: 0
io syscr: 0
io syscw: 0
io read_bytes: 0
io write_bytes: 0
io cancelled_write_bytes: 0
== task 65
comm fuser-0
schedstat 26902287 159416 778
stat 65 (fuser-0) S 0 58 58 0 -1 4194624 37 0 0 0 0 2 0 0 20 0 4 0 65592375 210984960 535 18446744073709551615 187650751594496 187650752201964 281474149572240 0 0 0 0 4096 1088 1 0 0 -1 1 0 0 0 0 0 187650752288792 187650752315525 187651058716672 281474149576126 281474149576192 281474149576192 281474149576669 0
voluntary_ctxt_switches:	778
nonvoluntary_ctxt_switches:	0
io rchar: 67170865
io wchar: 67127896
io syscr: 777
io syscw: 1545
io read_bytes: 0
io write_bytes: 67108864
io cancelled_write_bytes: 0
== task 66
comm fuser-1
schedstat 28076882 57877 778
stat 66 (fuser-1) S 0 58 58 0 -1 4194624 37 0 0 0 0 2 0 0 20 0 4 0 65592375 210984960 535 18446744073709551615 187650751594496 187650752201964 281474149572240 0 0 0 0 4096 1088 1 0 0 -1 3 0 0 0 0 0 187650752288792 187650752315525 187651058716672 281474149576126 281474149576192 281474149576192 281474149576669 0
voluntary_ctxt_switches:	778
nonvoluntary_ctxt_switches:	0
io rchar: 67170758
io wchar: 67127584
io syscr: 776
io syscw: 1544
io read_bytes: 0
io write_bytes: 67108864
io cancelled_write_bytes: 0
== process.io
rchar: 134393169
wchar: 134262796
syscr: 1594
syscw: 3095
read_bytes: 0
write_bytes: 134217728
cancelled_write_bytes: 0
== process.schedstat 11351040 141126 19
== process.status
VmHWM:	    2288 kB
VmRSS:	    2288 kB
Threads:	4
voluntary_ctxt_switches:	17
nonvoluntary_ctxt_switches:	2
== mountinfo
471 462 254:1 /docker/volumes/layerfs-r7-floor-717-c07-p2/_data /layerfs-store rw,relatime master:1 - ext4 /dev/vda1 rw,discard
364 462 0:142 / /workspaces/1 rw,nosuid,nodev,noatime - fuse layerfs-r7-passthrough rw,user_id=0,group_id=0,default_permissions,allow_other,max_read=131072
== fusectl
total 0
== uname 6.12.76-linuxkit nproc 8 loadavg 1.73 1.06 0.97 1/412 108
== meminfo
MemFree:         1128356 kB
MemAvailable:    3158396 kB
Cached:          2053620 kB
Dirty:            263288 kB
Writeback:             0 kB
