COMMAND: ['cargo', '+1.85.1', 'test', '--manifest-path', 'core/Cargo.toml', '--locked', '-p', 'layerfs-workspace', '--all-targets', '--', '--nocapture']
TIMEOUT: 120s
    Finished `test` profile [optimized + debuginfo] target(s) in 0.10s
     Running unittests src/lib.rs (core/target/debug/deps/layerfs_workspace-98052cb4f35bbf38)

running 0 tests

test result: ok. 0 passed; 0 failed; 0 ignored; 0 measured; 0 filtered out; finished in 0.00s

     Running tests/base.rs (core/target/debug/deps/base-5f7971ceb0bcbbda)

running 7 tests
test retained_old_plan_and_new_root_use_exact_immutable_cache_identities ... ok
test full_root_binding_aliases_metadata_symlinks_and_eof_use_content_apis ... ok
test logical_workspace_open_binds_real_root_without_schema_or_namespace_import ... ok
test source_errors_and_unattempted_actor_install_preserve_exact_custody ... ok
test known_install_advances_selected_base_and_preserves_retained_plans_and_later_rows ... ok
test actual_provider_wait_allows_shared_progress_and_actor_install_pairs_the_selected_base ... ok
S3_MERGE visited=507 visible=377 empty_progress_pages=1
test effective_alias_metadata_whiteouts_and_three_way_pages_advance_with_bounded_hidden_work ... ok

test result: ok. 7 passed; 0 failed; 0 ignored; 0 measured; 0 filtered out; finished in 0.01s

     Running tests/namespace.rs (core/target/debug/deps/namespace-538b80510d7e2be5)

running 5 tests
test unrepresentable_names_targets_and_reservations_are_refused_before_any_job ... ok
test chmod_and_utimens_follow_the_portable_grammar_and_keep_one_mtime ... ok
test create_mkdir_symlink_and_link_publish_parent_and_reference_effects_atomically ... ok
test unlink_and_rmdir_remove_one_reference_and_keep_directory_counts_exact ... ok
test rename_moves_replaces_and_refuses_cycles_without_descendant_rows ... ok

test result: ok. 5 passed; 0 failed; 0 ignored; 0 measured; 0 filtered out; finished in 0.02s

     Running tests/namespace_daemon.rs (core/target/debug/deps/namespace_daemon-2d9a73b7f39baa9f)

running 6 tests
test closed_and_stopped_services_return_exact_outcomes_without_effect ... ok
S5_OWNER_PLANS ["layers: SEARCH inode USING PRIMARY KEY (ns=? AND serial=? AND gen>? AND gen<?)", "active-layer: SEARCH inode USING PRIMARY KEY (ns=? AND serial=? AND gen=?)", "lower-layer: SEARCH inode USING PRIMARY KEY (ns=? AND serial=? AND gen>? AND gen<?)", "cell: SEARCH payload USING INDEX sqlite_autoindex_payload_1 (ns=? AND serial=? AND gen=? AND cell_offset=?)", "cell-window: SEARCH payload USING INDEX payload_generation (ns=? AND gen=? AND serial=? AND cell_offset>? AND cell_offset<?)", "drop-cell: SEARCH payload USING INDEX sqlite_autoindex_payload_1 (ns=? AND serial=? AND gen=? AND cell_offset=?)", "step: SEARCH shrink USING PRIMARY KEY (ns=? AND serial=? AND gen=? AND depth=?)"]
test a_blocked_base_fact_leaves_the_owner_free_and_publishes_after_a_capture ... ok
S5_OWNER_OPERATION unrelated=128 operation=overwrite-128k statements=121 vm=3627 changed=40 bound_bytes=133560 fullscan=0 sorts=0 autoindex=0 reprepare=0 includes_post_observation_route_seek=true
S5_OWNER_OPERATION unrelated=128 operation=shrink statements=113 vm=2910 changed=30 bound_bytes=2699 fullscan=0 sorts=0 autoindex=0 reprepare=0 includes_post_observation_route_seek=true
S5_OWNER_OPERATION unrelated=128 operation=regrow statements=64 vm=1072 changed=8 bound_bytes=1128 fullscan=0 sorts=0 autoindex=0 reprepare=0 includes_post_observation_route_seek=true
S5_OWNER_OPERATION unrelated=128 operation=read-128k statements=83 vm=1306 changed=4 bound_bytes=1520 fullscan=0 sorts=0 autoindex=0 reprepare=0 includes_post_observation_route_seek=true
S5_OWNER_OPERATION unrelated=128 operation=append statements=101 vm=1524 changed=9 bound_bytes=1604 fullscan=0 sorts=0 autoindex=0 reprepare=0 includes_post_observation_route_seek=true
test opposing_directory_moves_from_real_threads_never_form_a_cycle ... ok
test concurrent_appenders_and_a_tail_reader_see_whole_records_through_real_owner_jobs ... ok
test concurrent_operations_through_real_owner_jobs_keep_counts_and_references_exact ... ok
S5_OWNER_OPERATION unrelated=1024 operation=overwrite-128k statements=124 vm=3764 changed=40 bound_bytes=133800 fullscan=0 sorts=0 autoindex=0 reprepare=0 includes_post_observation_route_seek=true
S5_OWNER_OPERATION unrelated=1024 operation=shrink statements=105 vm=2727 changed=28 bound_bytes=2555 fullscan=0 sorts=0 autoindex=0 reprepare=0 includes_post_observation_route_seek=true
S5_OWNER_OPERATION unrelated=1024 operation=regrow statements=67 vm=1199 changed=9 bound_bytes=1224 fullscan=0 sorts=0 autoindex=0 reprepare=0 includes_post_observation_route_seek=true
S5_OWNER_OPERATION unrelated=1024 operation=read-128k statements=76 vm=1233 changed=4 bound_bytes=1440 fullscan=0 sorts=0 autoindex=0 reprepare=0 includes_post_observation_route_seek=true
S5_OWNER_OPERATION unrelated=1024 operation=append statements=101 vm=1524 changed=9 bound_bytes=1604 fullscan=0 sorts=0 autoindex=0 reprepare=0 includes_post_observation_route_seek=true

thread 'payload_complete_operations_have_indexed_work_through_the_real_owner' panicked at crates/layerfs-workspace/tests/namespace_daemon.rs:608:13:
assertion `left == right` failed
  left: [[124, 3764, 40, 133800], [105, 2727, 28, 2555], [67, 1199, 9, 1224], [76, 1233, 4, 1440], [101, 1524, 9, 1604]]
 right: [[121, 3627, 40, 133560], [113, 2910, 30, 2699], [64, 1072, 8, 1128], [83, 1306, 4, 1520], [101, 1524, 9, 1604]]
note: run with `RUST_BACKTRACE=1` environment variable to display a backtrace
test payload_complete_operations_have_indexed_work_through_the_real_owner ... FAILED

failures:

failures:
    payload_complete_operations_have_indexed_work_through_the_real_owner

test result: FAILED. 5 passed; 1 failed; 0 ignored; 0 measured; 0 filtered out; finished in 0.31s

error: test failed, to rerun pass `-p layerfs-workspace --test namespace_daemon`

EXIT: 101; WALL: 3.201s
