warning: Patch `fuser v0.18.0 (/Users/yifanxu/Ephemeral-AI-Lab/layerfs/core/vendor/fuser-0.18.0)` was not used in the crate graph.
Check that the patched package version and available features are compatible
with the dependency requirements. If the patch has a different version from
what is locked in the Cargo.lock file, run `cargo update` to use the new
version. This may also occur with an optional dependency that is not enabled.
    Finished `test` profile [optimized + debuginfo] target(s) in 0.04s
     Running tests/acquisition_batching.rs (core/target/cluster2-runtime-tests/debug/deps/acquisition_batching-22dc56f552159580)

running 3 tests
test directory_completion_uses_only_directory_positions_and_is_atomic ... ok
test missing_and_repeated_roots_roll_back_the_window_and_report_first_failure ... ok
test windows_amortize_execution_without_losing_aliases_or_atomic_completion ... ok

test result: ok. 3 passed; 0 failed; 0 ignored; 0 measured; 0 filtered out; finished in 0.03s

     Running tests/acquisition_units.rs (core/target/cluster2-runtime-tests/debug/deps/acquisition_units-5fd24c91be0680f3)

running 4 tests
ACQUISITION_PLAN begin: ["SEARCH init_native_file USING PRIMARY KEY (operation_id=?)", "SEARCH init_entry USING PRIMARY KEY (operation_id=?)"]
ACQUISITION_PLAN claim_epoch: ["SEARCH init_operation USING INTEGER PRIMARY KEY (rowid=?)"]
ACQUISITION_PLAN owner: ["SEARCH init_operation USING INTEGER PRIMARY KEY (rowid=?)"]
ACQUISITION_PLAN charge: ["SEARCH init_operation USING INTEGER PRIMARY KEY (rowid=?)"]
ACQUISITION_PLAN credit: ["SEARCH init_operation USING INTEGER PRIMARY KEY (rowid=?)"]
ACQUISITION_PLAN advance: ["SEARCH init_operation USING INTEGER PRIMARY KEY (rowid=?)"]
ACQUISITION_PLAN release: ["SEARCH init_operation USING INTEGER PRIMARY KEY (rowid=?)", "SEARCH init_native_file USING PRIMARY KEY (operation_id=?)", "SEARCH init_entry USING PRIMARY KEY (operation_id=?)"]
ACQUISITION_PLAN put_entry: []
ACQUISITION_PLAN bind_native: []
ACQUISITION_PLAN unplaced_first: ["SEARCH init_entry USING PRIMARY KEY (operation_id=? AND parent_position=?)"]
ACQUISITION_PLAN unplaced_next: ["SEARCH init_entry USING PRIMARY KEY (operation_id=? AND parent_position=? AND name>?)"]
ACQUISITION_PLAN place_entry: ["SEARCH init_entry USING PRIMARY KEY (operation_id=? AND parent_position=? AND name=?)"]
ACQUISITION_PLAN directories: ["SEARCH init_entry USING INDEX init_entry_directory (operation_id=? AND position>?)"]
ACQUISITION_PLAN directory_path: ["SEARCH init_entry USING INDEX init_entry_directory (operation_id=? AND position=?)"]
ACQUISITION_PLAN jobs: ["SEARCH init_native_file USING PRIMARY KEY (operation_id=? AND canonical_position>?)"]
ACQUISITION_PLAN job: ["SEARCH init_native_file USING PRIMARY KEY (operation_id=? AND canonical_position=?)"]
ACQUISITION_PLAN complete_file: ["MATERIALIZE roots", "SCAN 32 CONSTANT ROWS", "SCAN roots", "SEARCH target USING PRIMARY KEY (operation_id=? AND canonical_position=?)"]

thread 'every_statement_is_an_indexed_search_and_window_work_ignores_population' panicked at crates/layerfs-persistence/tests/acquisition_units.rs:609:13:
complete_file scans: SCAN 32 CONSTANT ROWS
note: run with `RUST_BACKTRACE=1` environment variable to display a backtrace
test every_statement_is_an_indexed_search_and_window_work_ignores_population ... FAILED
test windows_owners_and_abandoned_operations_are_fenced ... ok
test a_tree_streams_in_acquisition_order_with_exact_charges_and_bounded_cleanup ... ok
test a_wide_directory_is_placed_through_name_windows ... ok

failures:

failures:
    every_statement_is_an_indexed_search_and_window_work_ignores_population

test result: FAILED. 3 passed; 1 failed; 0 ignored; 0 measured; 0 filtered out; finished in 0.04s

error: test failed, to rerun pass `-p layerfs-persistence --test acquisition_units`
