warning: Patch `fuser v0.18.0 (/Users/yifanxu/Ephemeral-AI-Lab/layerfs/core/vendor/fuser-0.18.0)` was not used in the crate graph.
Check that the patched package version and available features are compatible
with the dependency requirements. If the patch has a different version from
what is locked in the Cargo.lock file, run `cargo update` to use the new
version. This may also occur with an optional dependency that is not enabled.
    Checking cfg-if v1.0.4
    Checking typenum v1.20.1
    Checking foldhash v0.2.0
    Checking bitflags v2.13.1
    Checking fallible-iterator v0.3.0
    Checking smallvec v1.16.0
    Checking fallible-streaming-iterator v0.1.9
    Checking subtle v2.6.1
    Checking libc v0.2.189
    Checking zeroize v1.9.0
    Checking libsqlite3-sys v0.38.2
    Checking opaque-debug v0.3.1
    Checking arrayvec v0.7.8
    Checking constant_time_eq v0.4.2
    Checking arrayref v0.3.9
    Checking layerfs-telemetry v0.1.6 (/Users/yifanxu/Ephemeral-AI-Lab/layerfs/core/crates/layerfs-telemetry)
    Checking const-oid v0.10.2
    Checking zstd-sys v2.0.16+zstd.1.5.7
    Checking curve25519-dalek v4.1.3
    Checking hashbrown v0.17.1
    Checking blake3 v1.8.5
    Checking layerfs-content v0.1.6 (/Users/yifanxu/Ephemeral-AI-Lab/layerfs/core/crates/layerfs-content)
    Checking hashlink v0.12.2
    Checking generic-array v0.14.7
    Checking hybrid-array v0.4.15
    Checking nix v0.31.3
    Checking getrandom v0.2.17
    Checking cpufeatures v0.2.17
    Checking cpufeatures v0.3.1
    Checking rand_core v0.6.4
    Checking rusqlite v0.40.2
    Checking crypto-common v0.1.7
    Checking inout v0.1.4
    Checking block-buffer v0.10.4
    Checking universal-hash v0.5.1
    Checking aead v0.5.2
    Checking cipher v0.4.4
    Checking digest v0.10.7
    Checking block-buffer v0.12.1
    Checking crypto-common v0.2.2
    Checking polyval v0.6.2
    Checking poly1305 v0.8.0
    Checking chacha20 v0.9.1
    Checking aes v0.8.4
    Checking ctr v0.9.2
    Checking blake2 v0.10.6
    Checking sha2 v0.10.9
    Checking ghash v0.5.1
    Checking chacha20poly1305 v0.10.1
    Checking layerfs-overlay v0.1.6 (/Users/yifanxu/Ephemeral-AI-Lab/layerfs/core/crates/layerfs-overlay)
    Checking aes-gcm v0.10.3
    Checking snow v0.9.6
    Checking digest v0.11.3
    Checking layerfs-bridge v0.1.6 (/Users/yifanxu/Ephemeral-AI-Lab/layerfs/core/crates/layerfs-bridge)
    Checking sha2 v0.11.0
    Checking layerfs-history v0.1.6 (/Users/yifanxu/Ephemeral-AI-Lab/layerfs/core/crates/layerfs-history)
    Checking layerfs-storage v0.1.6 (/Users/yifanxu/Ephemeral-AI-Lab/layerfs/core/crates/layerfs-storage)
    Checking layerfs-workspace v0.1.6 (/Users/yifanxu/Ephemeral-AI-Lab/layerfs/core/crates/layerfs-workspace)
    Checking layerfs-persistence v0.1.6 (/Users/yifanxu/Ephemeral-AI-Lab/layerfs/core/crates/layerfs-persistence)
    Checking layerfs-project v0.1.6 (/Users/yifanxu/Ephemeral-AI-Lab/layerfs/core/crates/layerfs-project)
    Checking layerfs-sdk v0.1.6 (/Users/yifanxu/Ephemeral-AI-Lab/layerfs/core/crates/layerfs-api/sdk)
    Checking layerfs-daemon v0.1.6 (/Users/yifanxu/Ephemeral-AI-Lab/layerfs/core/crates/layerfs-daemon)
    Finished `dev` profile [unoptimized + debuginfo] target(s) in 7.04s
