== passthrough_pid 75
== task 75
comm r7-floor-pt
schedstat 10914292 49709 17
stat 75 (r7-floor-pt) S 0 75 75 0 -1 4194560 1133 0 0 0 0 0 0 0 20 0 3 0 65595469 141692928 503 18446744073709551615 187650682454016 187650683061484 281474373670512 0 0 0 0 4096 1088 1 0 0 17 1 0 0 0 0 0 187650683148312 187650683175045 187651689443328 281474373672382 281474373672448 281474373672448 281474373672925 0
voluntary_ctxt_switches:	17
nonvoluntary_ctxt_switches:	0
io rchar: 44746
io wchar: 7316
io syscr: 34
io syscw: 6
io read_bytes: 0
io write_bytes: 0
io cancelled_write_bytes: 0
== task 81
comm r7-passthrough-
schedstat 162792 0 1
stat 81 (r7-passthrough-) S 0 75 75 0 -1 4194368 6 0 0 0 0 0 0 0 20 0 3 0 65595472 141692928 503 18446744073709551615 187650682454016 187650683061484 281474373670512 0 0 0 0 4096 1088 1 0 0 -1 6 0 0 0 0 0 187650683148312 187650683175045 187651689443328 281474373672382 281474373672448 281474373672448 281474373672925 0
voluntary_ctxt_switches:	1
nonvoluntary_ctxt_switches:	0
io rchar: 0
io wchar: 0
io syscr: 0
io syscw: 0
io read_bytes: 0
io write_bytes: 0
io cancelled_write_bytes: 0
== task 82
comm fuser-0
schedstat 99709 0 1
stat 82 (fuser-0) S 0 75 75 0 -1 4194368 36 0 0 0 0 0 0 0 20 0 3 0 65595472 141692928 503 18446744073709551615 187650682454016 187650683061484 281474373670512 0 0 0 0 4096 1088 1 0 0 -1 2 0 0 0 0 0 187650683148312 187650683175045 187651689443328 281474373672382 281474373672448 281474373672448 281474373672925 0
voluntary_ctxt_switches:	1
nonvoluntary_ctxt_switches:	0
io rchar: 0
io wchar: 0
io syscr: 0
io syscw: 0
io read_bytes: 0
io write_bytes: 0
io cancelled_write_bytes: 0
== process.io
rchar: 51546
wchar: 7316
syscr: 41
syscw: 6
read_bytes: 0
write_bytes: 0
cancelled_write_bytes: 0
== process.schedstat 10914292 49709 17
== process.status
VmHWM:	    2128 kB
VmRSS:	    2128 kB
Threads:	3
voluntary_ctxt_switches:	17
nonvoluntary_ctxt_switches:	0
== mountinfo
471 462 254:1 /docker/volumes/layerfs-r7-floor-720-c10-p1/_data /layerfs-store rw,relatime master:1 - ext4 /dev/vda1 rw,discard
364 462 0:142 / /workspaces/1 rw,nosuid,nodev,noatime - fuse layerfs-r7-passthrough rw,user_id=0,group_id=0,default_permissions,allow_other,max_read=131072
== fusectl
total 0
== uname 6.12.76-linuxkit nproc 8 loadavg 1.64 1.10 0.99 2/411 98
== meminfo
MemFree:         1341348 kB
MemAvailable:    3177644 kB
Cached:          1856840 kB
Dirty:            197756 kB
Writeback:             0 kB
== cgroup.cpu.stat
usage_usec 382552
user_usec 188725
system_usec 193826
nice_usec 0
nr_periods 0
nr_throttled 0
throttled_usec 0
nr_bursts 0
burst_usec 0
== clock 1791537270.703331
