   Compiling layerfs-workspace v0.1.6 (/Users/yifanxu/Ephemeral-AI-Lab/layerfs/core/crates/layerfs-workspace)
    Finished `test` profile [optimized + debuginfo] target(s) in 0.79s
     Running tests/namespace_profile.rs (core/target/debug/deps/namespace_profile-a5d7d4de57ba6f13)

running 1 test
S4_PLANS ["lower-name: SEARCH dentry USING PRIMARY KEY (ns=? AND parent=? AND name=? AND gen>? AND gen<?)", "active-name: SEARCH dentry USING PRIMARY KEY (ns=? AND parent=? AND name=? AND gen=?)", "drop-name: SEARCH dentry USING PRIMARY KEY (ns=? AND parent=? AND name=? AND gen=?)", "active-inode: SEARCH inode USING PRIMARY KEY (ns=? AND serial=? AND gen=?)", "put-name: vm-program opcodes=79 btree-cursors=3 btree-scan-opcodes=0", "put-inode: vm-program opcodes=208 btree-cursors=3 btree-scan-opcodes=0"]
S4_OPERATION siblings=128 operation=create-inherited-parent owner_rounds=2 statements=39 vm_steps=979 rows_changed=10 base_demand=3 fullscan=0 sorts=0 autoindex=0 reprepare=0
S4_OPERATION siblings=128 operation=create-local-parent owner_rounds=1 statements=34 vm_steps=873 rows_changed=10 base_demand=0 fullscan=0 sorts=0 autoindex=0 reprepare=0
S4_OPERATION siblings=128 operation=link-file owner_rounds=1 statements=35 vm_steps=963 rows_changed=10 base_demand=0 fullscan=0 sorts=0 autoindex=0 reprepare=0
S4_OPERATION siblings=128 operation=rename-replace owner_rounds=2 statements=49 vm_steps=1310 rows_changed=11 base_demand=3 fullscan=0 sorts=0 autoindex=0 reprepare=0
S4_OPERATION siblings=128 operation=unlink owner_rounds=2 statements=41 vm_steps=1091 rows_changed=10 base_demand=3 fullscan=0 sorts=0 autoindex=0 reprepare=0
S4_OPERATION siblings=128 operation=mkdir owner_rounds=2 statements=39 vm_steps=979 rows_changed=10 base_demand=3 fullscan=0 sorts=0 autoindex=0 reprepare=0
S4_OPERATION siblings=128 operation=rename-directory-across-parents owner_rounds=2 statements=61 vm_steps=1579 rows_changed=11 base_demand=3 fullscan=0 sorts=0 autoindex=0 reprepare=0
S4_OPERATION siblings=128 operation=rmdir owner_rounds=1 statements=35 vm_steps=951 rows_changed=10 base_demand=0 fullscan=0 sorts=0 autoindex=0 reprepare=0
S4_OPERATION siblings=128 operation=chmod-utimens owner_rounds=1 statements=28 vm_steps=653 rows_changed=8 base_demand=0 fullscan=0 sorts=0 autoindex=0 reprepare=0
S4_OPERATION siblings=128 operation=lookup-local owner_rounds=0 statements=21 vm_steps=419 rows_changed=4 base_demand=0 fullscan=0 sorts=0 autoindex=0 reprepare=0
S4_OPERATION siblings=128 operation=lookup-inherited owner_rounds=0 statements=27 vm_steps=510 rows_changed=4 base_demand=14 fullscan=0 sorts=0 autoindex=0 reprepare=0
S4_OPERATION siblings=128 operation=list-window owner_rounds=0 statements=18 vm_steps=1112 rows_changed=4 base_demand=0 fullscan=0 sorts=0 autoindex=0 reprepare=0
S4_OPERATION siblings=1024 operation=create-inherited-parent owner_rounds=2 statements=39 vm_steps=979 rows_changed=10 base_demand=3 fullscan=0 sorts=0 autoindex=0 reprepare=0
S4_OPERATION siblings=1024 operation=create-local-parent owner_rounds=1 statements=34 vm_steps=873 rows_changed=10 base_demand=0 fullscan=0 sorts=0 autoindex=0 reprepare=0
S4_OPERATION siblings=1024 operation=link-file owner_rounds=1 statements=35 vm_steps=963 rows_changed=10 base_demand=0 fullscan=0 sorts=0 autoindex=0 reprepare=0
S4_OPERATION siblings=1024 operation=rename-replace owner_rounds=2 statements=49 vm_steps=1310 rows_changed=11 base_demand=3 fullscan=0 sorts=0 autoindex=0 reprepare=0
S4_OPERATION siblings=1024 operation=unlink owner_rounds=2 statements=41 vm_steps=1091 rows_changed=10 base_demand=3 fullscan=0 sorts=0 autoindex=0 reprepare=0
S4_OPERATION siblings=1024 operation=mkdir owner_rounds=2 statements=39 vm_steps=979 rows_changed=10 base_demand=3 fullscan=0 sorts=0 autoindex=0 reprepare=0
S4_OPERATION siblings=1024 operation=rename-directory-across-parents owner_rounds=2 statements=61 vm_steps=1579 rows_changed=11 base_demand=3 fullscan=0 sorts=0 autoindex=0 reprepare=0
S4_OPERATION siblings=1024 operation=rmdir owner_rounds=1 statements=35 vm_steps=951 rows_changed=10 base_demand=0 fullscan=0 sorts=0 autoindex=0 reprepare=0
S4_OPERATION siblings=1024 operation=chmod-utimens owner_rounds=1 statements=28 vm_steps=653 rows_changed=8 base_demand=0 fullscan=0 sorts=0 autoindex=0 reprepare=0
S4_OPERATION siblings=1024 operation=lookup-local owner_rounds=0 statements=21 vm_steps=419 rows_changed=4 base_demand=0 fullscan=0 sorts=0 autoindex=0 reprepare=0
S4_OPERATION siblings=1024 operation=lookup-inherited owner_rounds=0 statements=27 vm_steps=510 rows_changed=4 base_demand=14 fullscan=0 sorts=0 autoindex=0 reprepare=0
S4_OPERATION siblings=1024 operation=list-window owner_rounds=0 statements=18 vm_steps=1112 rows_changed=4 base_demand=0 fullscan=0 sorts=0 autoindex=0 reprepare=0
S4_OPERATION siblings=4096 operation=create-inherited-parent owner_rounds=2 statements=39 vm_steps=979 rows_changed=10 base_demand=3 fullscan=0 sorts=0 autoindex=0 reprepare=0
S4_OPERATION siblings=4096 operation=create-local-parent owner_rounds=1 statements=34 vm_steps=873 rows_changed=10 base_demand=0 fullscan=0 sorts=0 autoindex=0 reprepare=0
S4_OPERATION siblings=4096 operation=link-file owner_rounds=1 statements=35 vm_steps=963 rows_changed=10 base_demand=0 fullscan=0 sorts=0 autoindex=0 reprepare=0
S4_OPERATION siblings=4096 operation=rename-replace owner_rounds=2 statements=49 vm_steps=1310 rows_changed=11 base_demand=3 fullscan=0 sorts=0 autoindex=0 reprepare=0
S4_OPERATION siblings=4096 operation=unlink owner_rounds=2 statements=41 vm_steps=1091 rows_changed=10 base_demand=3 fullscan=0 sorts=0 autoindex=0 reprepare=0
S4_OPERATION siblings=4096 operation=mkdir owner_rounds=2 statements=39 vm_steps=979 rows_changed=10 base_demand=3 fullscan=0 sorts=0 autoindex=0 reprepare=0
S4_OPERATION siblings=4096 operation=rename-directory-across-parents owner_rounds=2 statements=61 vm_steps=1579 rows_changed=11 base_demand=3 fullscan=0 sorts=0 autoindex=0 reprepare=0
S4_OPERATION siblings=4096 operation=rmdir owner_rounds=1 statements=35 vm_steps=951 rows_changed=10 base_demand=0 fullscan=0 sorts=0 autoindex=0 reprepare=0
S4_OPERATION siblings=4096 operation=chmod-utimens owner_rounds=1 statements=28 vm_steps=653 rows_changed=8 base_demand=0 fullscan=0 sorts=0 autoindex=0 reprepare=0
S4_OPERATION siblings=4096 operation=lookup-local owner_rounds=0 statements=21 vm_steps=419 rows_changed=4 base_demand=0 fullscan=0 sorts=0 autoindex=0 reprepare=0
S4_OPERATION siblings=4096 operation=lookup-inherited owner_rounds=0 statements=27 vm_steps=510 rows_changed=4 base_demand=14 fullscan=0 sorts=0 autoindex=0 reprepare=0
S4_OPERATION siblings=4096 operation=list-window owner_rounds=0 statements=18 vm_steps=1112 rows_changed=4 base_demand=0 fullscan=0 sorts=0 autoindex=0 reprepare=0
test complete_operations_keep_point_work_as_names_and_inodes_grow ... ok

test result: ok. 1 passed; 0 failed; 0 ignored; 0 measured; 0 filtered out; finished in 0.86s

