== passthrough_pid 74
== task 74
comm r7-floor-pt
schedstat 11062582 12042 17
stat 74 (r7-floor-pt) S 0 74 74 0 -1 4194560 1250 0 0 0 0 0 0 0 20 0 3 0 65595141 141692928 501 18446744073709551615 187651033202688 187651033810156 281474414981120 0 0 0 0 4096 1088 1 0 0 17 3 0 0 0 0 0 187651033896984 187651033923717 187651822026752 281474414984634 281474414984700 281474414984700 281474414985181 0
voluntary_ctxt_switches:	17
nonvoluntary_ctxt_switches:	0
io rchar: 44754
io wchar: 7315
io syscr: 34
io syscw: 6
io read_bytes: 0
io write_bytes: 0
io cancelled_write_bytes: 0
== task 80
comm r7-passthrough-
schedstat 75042 104500 3
stat 80 (r7-passthrough-) S 0 74 74 0 -1 4194368 6 0 0 0 0 0 0 0 20 0 3 0 65595144 141692928 501 18446744073709551615 187651033202688 187651033810156 281474414981120 0 0 0 0 4096 1088 1 0 0 -1 0 0 0 0 0 0 187651033896984 187651033923717 187651822026752 281474414984634 281474414984700 281474414984700 281474414985181 0
voluntary_ctxt_switches:	1
nonvoluntary_ctxt_switches:	2
io rchar: 0
io wchar: 0
io syscr: 0
io syscw: 0
io read_bytes: 0
io write_bytes: 0
io cancelled_write_bytes: 0
== task 81
comm fuser-0
schedstat 111709 4791 2
stat 81 (fuser-0) S 0 74 74 0 -1 4194368 36 0 0 0 0 0 0 0 20 0 3 0 65595144 141692928 501 18446744073709551615 187651033202688 187651033810156 281474414981120 0 0 0 0 4096 1088 1 0 0 -1 5 0 0 0 0 0 187651033896984 187651033923717 187651822026752 281474414984634 281474414984700 281474414984700 281474414985181 0
voluntary_ctxt_switches:	2
nonvoluntary_ctxt_switches:	0
io rchar: 0
io wchar: 0
io syscr: 0
io syscw: 0
io read_bytes: 0
io write_bytes: 0
io cancelled_write_bytes: 0
== process.io
rchar: 51554
wchar: 7315
syscr: 41
syscw: 6
read_bytes: 0
write_bytes: 0
cancelled_write_bytes: 0
== process.schedstat 11062582 12042 17
== process.status
VmHWM:	    2124 kB
VmRSS:	    2124 kB
Threads:	3
voluntary_ctxt_switches:	17
nonvoluntary_ctxt_switches:	0
== mountinfo
471 462 254:1 /docker/volumes/layerfs-r7-floor-719-c09-p1ec/_data /layerfs-store rw,relatime master:1 - ext4 /dev/vda1 rw,discard
364 462 0:142 / /workspaces/1 rw,nosuid,nodev,noatime - fuse layerfs-r7-passthrough rw,user_id=0,group_id=0,default_permissions,allow_other,max_read=131072
== fusectl
total 0
== uname 6.12.76-linuxkit nproc 8 loadavg 1.64 1.10 0.99 1/411 97
== meminfo
MemFree:         1470756 kB
MemAvailable:    3173864 kB
Cached:          1725824 kB
Dirty:             66820 kB
Writeback:             0 kB
== cgroup.cpu.stat
usage_usec 351292
user_usec 189005
system_usec 162287
nice_usec 0
nr_periods 0
nr_throttled 0
throttled_usec 0
nr_bursts 0
burst_usec 0
== clock 1791537267.434383
