   Compiling layerfs-bridge v0.1.6 (/work/core/crates/layerfs-bridge)
   Compiling layerfs-workspace v0.1.6 (/work/core/crates/layerfs-workspace)
    Finished `test` profile [optimized + debuginfo] target(s) in 7.67s
     Running unittests src/lib.rs (core/target-linux/debug/deps/layerfs_workspace-55dbb08bb6f7d094)

running 0 tests

test result: ok. 0 passed; 0 failed; 0 ignored; 0 measured; 0 filtered out; finished in 0.00s

     Running tests/readable.rs (core/target-linux/debug/deps/readable-afc68d5ffe2ed632)

running 9 tests
test mount_lease_reply_ownership_admission_and_clean_close ... ok
test branch_symlink_permission_and_failed_attach_are_explicit ... ok
test detach_waits_for_projection_handles_and_preserves_local_handles ... ok
test directory_cookies_are_stable_and_bound_to_handles ... ok
test registry_grows_on_demand_and_keeps_retained_capacity_charged ... ok
test failed_close_keeps_its_registry_count_until_cleanup_succeeds ... ok
test immutable_reads_handles_eof_and_terminal_failure ... ok
test root_owner_reads_mode_zero_but_execute_requires_an_execute_bit ... ok
test full_cookie_table_still_replays_existing_positions ... ok

test result: ok. 9 passed; 0 failed; 0 ignored; 0 measured; 0 filtered out; finished in 0.01s

   Doc-tests layerfs_workspace

running 0 tests

test result: ok. 0 passed; 0 failed; 0 ignored; 0 measured; 0 filtered out; finished in 0.00s
