== passthrough_pid 57
== task 57
comm r7-floor-pt
schedstat 11502748 147792 19
stat 57 (r7-floor-pt) S 0 57 57 0 -1 4194560 1254 0 0 0 0 0 0 0 20 0 3 0 65592821 141692928 502 18446744073709551615 187650365849600 187650366457068 281474611216976 0 0 0 0 4096 1088 1 0 0 17 3 0 0 0 0 0 187650366543896 187650366570629 187651006648320 281474611219902 281474611219968 281474611219968 281474611220445 0
voluntary_ctxt_switches:	18
nonvoluntary_ctxt_switches:	1
io rchar: 44746
io wchar: 7316
io syscr: 34
io syscw: 6
io read_bytes: 0
io write_bytes: 0
io cancelled_write_bytes: 0
== task 63
comm r7-passthrough-
schedstat 145208 0 1
stat 63 (r7-passthrough-) S 0 57 57 0 -1 4194368 6 0 0 0 0 0 0 0 20 0 3 0 65592825 141692928 502 18446744073709551615 187650365849600 187650366457068 281474611216976 0 0 0 0 4096 1088 1 0 0 -1 2 0 0 0 0 0 187650366543896 187650366570629 187651006648320 281474611219902 281474611219968 281474611219968 281474611220445 0
voluntary_ctxt_switches:	1
nonvoluntary_ctxt_switches:	0
io rchar: 0
io wchar: 0
io syscr: 0
io syscw: 0
io read_bytes: 0
io write_bytes: 0
io cancelled_write_bytes: 0
== task 64
comm fuser-0
schedstat 111167 0 1
stat 64 (fuser-0) S 0 57 57 0 -1 4194368 36 0 0 0 0 0 0 0 20 0 3 0 65592825 141692928 502 18446744073709551615 187650365849600 187650366457068 281474611216976 0 0 0 0 4096 1088 1 0 0 -1 0 0 0 0 0 0 187650366543896 187650366570629 187651006648320 281474611219902 281474611219968 281474611219968 281474611220445 0
voluntary_ctxt_switches:	1
nonvoluntary_ctxt_switches:	0
io rchar: 0
io wchar: 0
io syscr: 0
io syscw: 0
io read_bytes: 0
io write_bytes: 0
io cancelled_write_bytes: 0
== process.io
rchar: 51546
wchar: 7316
syscr: 41
syscw: 6
read_bytes: 0
write_bytes: 0
cancelled_write_bytes: 0
== process.schedstat 11502748 147792 19
== process.status
VmHWM:	    2128 kB
VmRSS:	    2128 kB
Threads:	3
voluntary_ctxt_switches:	18
nonvoluntary_ctxt_switches:	1
== mountinfo
471 462 254:1 /docker/volumes/layerfs-r7-floor-718-c08-p1/_data /layerfs-store rw,relatime master:1 - ext4 /dev/vda1 rw,discard
364 462 0:142 / /workspaces/1 rw,nosuid,nodev,noatime - fuse layerfs-r7-passthrough rw,user_id=0,group_id=0,default_permissions,allow_other,max_read=131072
== fusectl
total 0
== uname 6.12.76-linuxkit nproc 8 loadavg 1.67 1.06 0.97 1/410 80
== meminfo
MemFree:         1446340 kB
MemAvailable:    3146760 kB
Cached:          1725940 kB
Dirty:             66688 kB
Writeback:             0 kB
== cgroup.cpu.stat
usage_usec 264596
user_usec 145167
system_usec 119428
nice_usec 0
nr_periods 0
nr_throttled 0
throttled_usec 0
nr_bursts 0
burst_usec 0
== clock 1791537244.241713
