warning: unused import: `PieceTree`
    --> crates/layerfs-workspace/src/file_io.rs:1229:56
     |
1229 |         use layerfs_workspace_core::file_edit::{Piece, PieceTree};
     |                                                        ^^^^^^^^^
     |
     = note: `#[warn(unused_imports)]` (part of `#[warn(unused)]`) on by default

warning: unused variable: `dirty`
    --> crates/layerfs-workspace/src/file_io.rs:1472:36
     |
1472 |                 let (charge, _, _, dirty, _) = workspace.pending_charge_snapshot();
     |                                    ^^^^^ help: if this is intentional, prefix it with an underscore: `_dirty`
     |
     = note: `#[warn(unused_variables)]` (part of `#[warn(unused)]`) on by default

warning: fields `pending_roots` and `reclaimed_pages` are never read
  --> crates/layerfs-workspace/src/overlay_index.rs:52:9
   |
49 | pub(crate) struct Stats {
   |                   ----- fields in this struct
...
52 |     pub pending_roots: usize,
   |         ^^^^^^^^^^^^^
...
56 |     pub reclaimed_pages: u64,
   |         ^^^^^^^^^^^^^^^
   |
   = note: `Stats` has derived impls for the traits `Debug` and `Clone`, but these are intentionally ignored during dead code analysis
   = note: `#[warn(dead_code)]` (part of `#[warn(unused)]`) on by default

warning: fields `reserved_bytes`, `readers`, `pending_writes`, `reclaimed_bytes`, and `recovery_index_pages` are never read
  --> crates/layerfs-workspace/src/overlay_payload.rs:35:9
   |
33 | pub(crate) struct Stats {
   |                   ----- fields in this struct
34 |     pub physical_bytes: u64,
35 |     pub reserved_bytes: u64,
   |         ^^^^^^^^^^^^^^
...
39 |     pub readers: usize,
   |         ^^^^^^^
40 |     pub pending_releases: usize,
41 |     pub pending_writes: usize,
   |         ^^^^^^^^^^^^^^
...
44 |     pub reclaimed_bytes: u64,
   |         ^^^^^^^^^^^^^^^
45 |     pub cleanup_pending: bool,
46 |     pub recovery_index_pages: u64,
   |         ^^^^^^^^^^^^^^^^^^^^
   |
   = note: `Stats` has derived impls for the traits `Debug` and `Clone`, but these are intentionally ignored during dead code analysis

warning: `layerfs-workspace` (lib test) generated 4 warnings (run `cargo fix --lib -p layerfs-workspace --tests` to apply 2 suggestions)
    Finished `test` profile [unoptimized + debuginfo] target(s) in 0.06s
     Running unittests src/lib.rs (target/debug/deps/layerfs_workspace-7a70d4db173d6a6f)

running 5 tests
test overlay::tests::failed_preparation_never_installs_partial_state ... ok
test overlay::tests::stale_disjoint_writer_reprepares_without_losing_updates_or_retained_roots ... ok
test overlay::tests::owned_snapshot_outlives_live_owner_and_acquires_without_index_io ... ok
test overlay::tests::tracking_replaces_old_sequence_and_cleanup_keeps_masks_and_newer_changes ... ok
test overlay::tests::bounded_fifo_preparation_keeps_snapshot_acquisition_independent ... ok

test result: ok. 5 passed; 0 failed; 0 ignored; 0 measured; 101 filtered out; finished in 0.01s

