   Compiling layerfs-fuse v0.1.5 (/Users/yifanxu/Ephemeral-AI-Lab/layerfs/crates/layerfs-fuse)
   Compiling layerfs-workspace v0.1.5 (/Users/yifanxu/Ephemeral-AI-Lab/layerfs/crates/layerfs-workspace)
warning: unused import: `PieceTree`
    --> crates/layerfs-workspace/src/file_io.rs:1229:56
     |
1229 |         use layerfs_workspace_core::file_edit::{Piece, PieceTree};
     |                                                        ^^^^^^^^^
     |
     = note: `#[warn(unused_imports)]` (part of `#[warn(unused)]`) on by default

warning: unused variable: `dirty`
    --> crates/layerfs-workspace/src/file_io.rs:1472:36
     |
1472 |                 let (charge, _, _, dirty, _) = workspace.pending_charge_snapshot();
     |                                    ^^^^^ help: if this is intentional, prefix it with an underscore: `_dirty`
     |
     = note: `#[warn(unused_variables)]` (part of `#[warn(unused)]`) on by default

warning: constant `PAGE` is never used
  --> crates/layerfs-workspace/src/host_directories.rs:13:7
   |
13 | const PAGE: usize = 128;
   |       ^^^^
   |
   = note: `#[warn(dead_code)]` (part of `#[warn(unused)]`) on by default

warning: type alias `Page` is never used
  --> crates/layerfs-workspace/src/host_directories.rs:14:6
   |
14 | type Page = Vec<(u64, Attr, Vec<u8>)>;
   |      ^^^^

warning: method `cookie_rows` is never used
   --> crates/layerfs-workspace/src/host_directories.rs:115:8
    |
 65 | impl Mutation<'_> {
    | ----------------- method in this implementation
...
115 |     fn cookie_rows(
    |        ^^^^^^^^^^^

warning: method `directory_cookies` is never used
   --> crates/layerfs-workspace/src/host_directories.rs:151:19
    |
150 | impl HostOverlay {
    | ---------------- method in this implementation
151 |     pub(crate) fn directory_cookies(&self, node: NodeId, after: u64, kernel: bool) -> Result<Page> {
    |                   ^^^^^^^^^^^^^^^^^

warning: methods `origins` and `pin` are never used
   --> crates/layerfs-workspace/src/host_overlay.rs:108:19
    |
 50 | impl HostOverlay {
    | ---------------- methods in this implementation
...
108 |     pub(crate) fn origins(&self) -> &OriginSequence {
    |                   ^^^^^^^
...
811 |     pub(crate) fn pin(&self, node: NodeId, truncate: bool) -> Result<()> {
    |                   ^^^

warning: methods `policy` and `limits` are never used
   --> crates/layerfs-workspace/src/overlay_budget.rs:302:19
    |
256 | impl Budget {
    | ----------- methods in this implementation
...
302 |     pub(crate) fn policy(&self) -> ResourcePolicy {
    |                   ^^^^^^
...
305 |     pub(crate) fn limits(&self) -> Components {
    |                   ^^^^^^

warning: fields `reserved_bytes`, `pending_writes`, `reclaimed_bytes`, and `recovery_index_pages` are never read
  --> crates/layerfs-workspace/src/overlay_payload.rs:35:9
   |
33 | pub(crate) struct Stats {
   |                   ----- fields in this struct
34 |     pub physical_bytes: u64,
35 |     pub reserved_bytes: u64,
   |         ^^^^^^^^^^^^^^
...
44 |     pub pending_writes: usize,
   |         ^^^^^^^^^^^^^^
...
47 |     pub reclaimed_bytes: u64,
   |         ^^^^^^^^^^^^^^^
48 |     pub cleanup_pending: bool,
49 |     pub recovery_index_pages: u64,
   |         ^^^^^^^^^^^^^^^^^^^^
   |
   = note: `Stats` has derived impls for the traits `Debug` and `Clone`, but these are intentionally ignored during dead code analysis

warning: fields `split_visits` and `merge_visits` are never read
  --> crates/layerfs-workspace/src/overlay_ranges.rs:52:9
   |
49 | pub(crate) struct Stats {
   |                   ----- fields in this struct
...
52 |     pub split_visits: u64,
   |         ^^^^^^^^^^^^
53 |     pub merge_visits: u64,
   |         ^^^^^^^^^^^^
   |
   = note: `Stats` has derived impls for the traits `Debug` and `Clone`, but these are intentionally ignored during dead code analysis

warning: `layerfs-workspace` (lib test) generated 10 warnings (run `cargo fix --lib -p layerfs-workspace --tests` to apply 2 suggestions)
    Finished `test` profile [unoptimized + debuginfo] target(s) in 7.75s
     Running unittests src/lib.rs (target/debug/deps/layerfs_workspace-7a70d4db173d6a6f)

running 2 tests
test overlay_index::tests::explicit_sync_flushes_data_and_catalog_and_preserves_root_ownership ... ok
test overlay_payload::tests::explicit_sync_flushes_both_private_arenas_and_returns_io_failures ... ok

test result: ok. 2 passed; 0 failed; 0 ignored; 0 measured; 136 filtered out; finished in 0.08s

