   Compiling layerfs-workspace-core v0.1.5 (/Users/yifanxu/Ephemeral-AI-Lab/layerfs/crates/layerfs-workspace-core)
   Compiling layerfs-fuse v0.1.5 (/Users/yifanxu/Ephemeral-AI-Lab/layerfs/crates/layerfs-fuse)
   Compiling layerfs-workspace v0.1.5 (/Users/yifanxu/Ephemeral-AI-Lab/layerfs/crates/layerfs-workspace)
warning: unused import: `PieceTree`
    --> crates/layerfs-workspace/src/file_io.rs:1229:56
     |
1229 |         use layerfs_workspace_core::file_edit::{Piece, PieceTree};
     |                                                        ^^^^^^^^^
     |
     = note: `#[warn(unused_imports)]` (part of `#[warn(unused)]`) on by default

error[E0271]: type mismatch resolving `<i32 as Mul>::Output == usize`
   --> crates/layerfs-workspace/src/overlay_index.rs:900:51
    |
900 |         let word = |i| u64::from_le_bytes(bytes[i * 8..i * 8 + 8].try_into().unwrap());
    |                                                   ^ expected `usize`, found `i32`

error[E0271]: type mismatch resolving `<i32 as Add>::Output == usize`
   --> crates/layerfs-workspace/src/overlay_index.rs:900:62
    |
900 |         let word = |i| u64::from_le_bytes(bytes[i * 8..i * 8 + 8].try_into().unwrap());
    |                                                              ^ expected `usize`, found `i32`

warning: unused variable: `dirty`
    --> crates/layerfs-workspace/src/file_io.rs:1472:36
     |
1472 |                 let (charge, _, _, dirty, _) = workspace.pending_charge_snapshot();
     |                                    ^^^^^ help: if this is intentional, prefix it with an underscore: `_dirty`
     |
     = note: `#[warn(unused_variables)]` (part of `#[warn(unused)]`) on by default

For more information about this error, try `rustc --explain E0271`.
warning: `layerfs-workspace` (lib test) generated 2 warnings
error: could not compile `layerfs-workspace` (lib test) due to 2 previous errors; 2 warnings emitted
