   Compiling layerfs-workspace-core v0.1.5 (/Users/yifanxu/Ephemeral-AI-Lab/layerfs/crates/layerfs-workspace-core)
   Compiling layerfs-fuse v0.1.5 (/Users/yifanxu/Ephemeral-AI-Lab/layerfs/crates/layerfs-fuse)
   Compiling layerfs-workspace v0.1.5 (/Users/yifanxu/Ephemeral-AI-Lab/layerfs/crates/layerfs-workspace)
warning: unused import: `PieceTree`
    --> crates/layerfs-workspace/src/file_io.rs:1229:56
     |
1229 |         use layerfs_workspace_core::file_edit::{Piece, PieceTree};
     |                                                        ^^^^^^^^^
     |
     = note: `#[warn(unused_imports)]` (part of `#[warn(unused)]`) on by default

warning: unused variable: `dirty`
    --> crates/layerfs-workspace/src/file_io.rs:1472:36
     |
1472 |                 let (charge, _, _, dirty, _) = workspace.pending_charge_snapshot();
     |                                    ^^^^^ help: if this is intentional, prefix it with an underscore: `_dirty`
     |
     = note: `#[warn(unused_variables)]` (part of `#[warn(unused)]`) on by default

warning: method `allocate_inode` is never used
   --> crates/layerfs-workspace/src/overlay.rs:180:19
    |
179 | impl Mutation<'_> {
    | ----------------- method in this implementation
180 |     pub(crate) fn allocate_inode(&mut self) -> Result<NodeId> {
    |                   ^^^^^^^^^^^^^^
    |
    = note: `#[warn(dead_code)]` (part of `#[warn(unused)]`) on by default

warning: fields `pending_roots` and `reclaimed_pages` are never read
  --> crates/layerfs-workspace/src/overlay_index.rs:52:9
   |
49 | pub(crate) struct Stats {
   |                   ----- fields in this struct
...
52 |     pub pending_roots: usize,
   |         ^^^^^^^^^^^^^
...
56 |     pub reclaimed_pages: u64,
   |         ^^^^^^^^^^^^^^^
   |
   = note: `Stats` has derived impls for the traits `Debug` and `Clone`, but these are intentionally ignored during dead code analysis

warning: `layerfs-workspace` (lib test) generated 4 warnings (run `cargo fix --lib -p layerfs-workspace --tests` to apply 2 suggestions)
    Finished `test` profile [unoptimized + debuginfo] target(s) in 2.40s
     Running unittests src/lib.rs (target/debug/deps/layerfs_workspace-7a70d4db173d6a6f)

running 5 tests
test overlay::tests::replay_retains_lost_reply_and_never_reapplies_stale_or_unknown_request ... ok
test overlay::tests::failed_preparation_never_installs_partial_state ... ok
test overlay::tests::stale_disjoint_writer_reprepares_without_losing_updates_or_retained_roots ... ok
test overlay::tests::owned_snapshot_outlives_live_owner_and_acquires_without_index_io ... ok
test overlay::tests::tracking_replaces_old_sequence_and_cleanup_keeps_masks_and_newer_changes ... ok

test result: ok. 5 passed; 0 failed; 0 ignored; 0 measured; 91 filtered out; finished in 0.01s

