   Compiling layerfs-workspace v0.1.5 (/Users/yifanxu/Ephemeral-AI-Lab/layerfs/crates/layerfs-workspace)
warning: unused import: `PieceTree`
    --> crates/layerfs-workspace/src/file_io.rs:1229:56
     |
1229 |         use layerfs_workspace_core::file_edit::{Piece, PieceTree};
     |                                                        ^^^^^^^^^
     |
     = note: `#[warn(unused_imports)]` (part of `#[warn(unused)]`) on by default

warning: unused variable: `dirty`
    --> crates/layerfs-workspace/src/file_io.rs:1472:36
     |
1472 |                 let (charge, _, _, dirty, _) = workspace.pending_charge_snapshot();
     |                                    ^^^^^ help: if this is intentional, prefix it with an underscore: `_dirty`
     |
     = note: `#[warn(unused_variables)]` (part of `#[warn(unused)]`) on by default

warning: methods `view` and `remove_inode_record` are never used
   --> crates/layerfs-workspace/src/overlay.rs:342:19
    |
341 | impl Mutation<'_> {
    | ----------------- methods in this implementation
342 |     pub(crate) fn view(&self) -> crate::snapshot::Snapshot {
    |                   ^^^^
...
422 |     pub(crate) fn remove_inode_record(&mut self, inode: NodeId) -> Result<()> {
    |                   ^^^^^^^^^^^^^^^^^^^
    |
    = note: `#[warn(dead_code)]` (part of `#[warn(unused)]`) on by default

warning: field `reclaimed_pages` is never read
  --> crates/layerfs-workspace/src/overlay_index.rs:61:9
   |
51 | pub(crate) struct Stats {
   |                   ----- field in this struct
...
61 |     pub reclaimed_pages: u64,
   |         ^^^^^^^^^^^^^^^
   |
   = note: `Stats` has derived impls for the traits `Debug` and `Clone`, but these are intentionally ignored during dead code analysis

warning: fields `reserved_bytes`, `readers`, `pending_writes`, `reclaimed_bytes`, and `recovery_index_pages` are never read
  --> crates/layerfs-workspace/src/overlay_payload.rs:35:9
   |
33 | pub(crate) struct Stats {
   |                   ----- fields in this struct
34 |     pub physical_bytes: u64,
35 |     pub reserved_bytes: u64,
   |         ^^^^^^^^^^^^^^
...
39 |     pub readers: usize,
   |         ^^^^^^^
40 |     pub pending_releases: usize,
41 |     pub pending_writes: usize,
   |         ^^^^^^^^^^^^^^
...
44 |     pub reclaimed_bytes: u64,
   |         ^^^^^^^^^^^^^^^
45 |     pub cleanup_pending: bool,
46 |     pub recovery_index_pages: u64,
   |         ^^^^^^^^^^^^^^^^^^^^
   |
   = note: `Stats` has derived impls for the traits `Debug` and `Clone`, but these are intentionally ignored during dead code analysis

warning: fields `split_visits` and `merge_visits` are never read
  --> crates/layerfs-workspace/src/overlay_ranges.rs:52:9
   |
49 | pub(crate) struct Stats {
   |                   ----- fields in this struct
...
52 |     pub split_visits: u64,
   |         ^^^^^^^^^^^^
53 |     pub merge_visits: u64,
   |         ^^^^^^^^^^^^
   |
   = note: `Stats` has derived impls for the traits `Debug` and `Clone`, but these are intentionally ignored during dead code analysis

warning: `layerfs-workspace` (lib test) generated 6 warnings (run `cargo fix --lib -p layerfs-workspace --tests` to apply 2 suggestions)
    Finished `test` profile [unoptimized + debuginfo] target(s) in 2.96s
     Running unittests src/lib.rs (target/debug/deps/layerfs_workspace-7a70d4db173d6a6f)

running 8 tests
test overlay::tests::failed_preparation_never_installs_partial_state ... ok
test overlay::tests::stale_disjoint_writer_reprepares_without_losing_updates_or_retained_roots ... ok
test overlay::tests::fixed_inode_metadata_and_linked_ranges_remain_owned_after_live_drop ... ok
test overlay::tests::tracking_replaces_old_sequence_and_cleanup_keeps_masks_and_newer_changes ... ok
test overlay::tests::owned_snapshot_outlives_live_owner_and_acquires_without_index_io ... ok
test overlay::tests::cached_base_identity_and_alias_indexes_do_not_create_dirty_history ... ok
test overlay::tests::snapshot_reads_exact_owned_payload_after_live_replacement_and_owner_drop ... ok
test overlay::tests::bounded_fifo_preparation_keeps_snapshot_acquisition_independent ... ok

test result: ok. 8 passed; 0 failed; 0 ignored; 0 measured; 113 filtered out; finished in 0.03s

