DAEMON_STATUS
Name:	layerfs-daemon
Umask:	0077
State:	S (sleeping)
Tgid:	1
Ngid:	0
Pid:	1
PPid:	0
TracerPid:	0
Uid:	0	0	0	0
Gid:	0	0	0	0
FDSize:	64
Groups:	0 
NStgid:	1
NSpid:	1
NSpgid:	1
NSsid:	1
Kthread:	0
VmPeak:	  620952 kB
VmSize:	  620892 kB
VmLck:	       0 kB
VmPin:	       0 kB
VmHWM:	   29676 kB
VmRSS:	   29676 kB
RssAnon:	   22712 kB
RssFile:	    6964 kB
RssShmem:	       0 kB
VmData:	   57696 kB
VmStk:	     132 kB
VmExe:	    6720 kB
VmLib:	    2320 kB
VmPTE:	     172 kB
VmSwap:	       0 kB
HugetlbPages:	       0 kB
CoreDumping:	0
THP_enabled:	1
untag_mask:	0xffffffffffffff
Threads:	7
SigQ:	0/15665
SigPnd:	0000000000000000
ShdPnd:	0000000000000000
SigBlk:	0000000000000000
SigIgn:	0000000000001000
SigCgt:	0000000100000440
CapInh:	0000000000000000
CapPrm:	00000000a82425fb
CapEff:	00000000a82425fb
CapBnd:	00000000a82425fb
CapAmb:	0000000000000000
NoNewPrivs:	1
Seccomp:	2
Seccomp_filters:	1
Speculation_Store_Bypass:	vulnerable
SpeculationIndirectBranch:	unknown
Cpus_allowed:	ff
Cpus_allowed_list:	0-7
Mems_allowed:	1
Mems_allowed_list:	0
voluntary_ctxt_switches:	21
nonvoluntary_ctxt_switches:	1
BACKING_BYTES
/layerfs-store/global/store.sqlite 172032 336 512
/layerfs-store/global/store.sqlite-wal 16512 40 512
/layerfs-store/global/store.sqlite-shm 32768 64 512
/layerfs-store/global/store.sqlite-journal ABSENT
/layerfs-local/overlay/overlay.sqlite 458752 525184 512
/layerfs-local/overlay/overlay.sqlite-wal ABSENT
/layerfs-local/overlay/overlay.sqlite-shm ABSENT
/layerfs-local/overlay/overlay.sqlite-journal ABSENT
OWN_CONTAINER_CGROUP
/sys/fs/cgroup/memory.stat
anon 23650304
file 1155072
kernel 1978368
kernel_stack 131072
pagetables 266240
sec_pagetables 0
percpu 22480
sock 0
vmalloc 24576
shmem 0
zswap 0
zswapped 0
file_mapped 32768
file_dirty 811008
file_writeback 0
swapcached 0
anon_thp 12582912
file_thp 0
shmem_thp 0
inactive_anon 0
active_anon 23592960
inactive_file 851968
active_file 303104
unevictable 0
slab_reclaimable 381040
slab_unreclaimable 479792
slab 860832
workingset_refault_anon 0
workingset_refault_file 0
workingset_activate_anon 0
workingset_activate_file 0
workingset_restore_anon 0
workingset_restore_file 0
workingset_nodereclaim 0
pgdemote_kswapd 0
pgdemote_direct 0
pgdemote_khugepaged 0
pgscan 0
pgsteal 0
pgscan_kswapd 0
pgscan_direct 0
pgscan_khugepaged 0
pgsteal_kswapd 0
pgsteal_direct 0
pgsteal_khugepaged 0
pgfault 328313
pgmajfault 2
pgrefill 0
pgactivate 0
pgdeactivate 0
pglazyfree 0
pglazyfreed 0
swpin_zero 0
swpout_zero 0
zswpin 0
zswpout 0
zswpwb 0
thp_fault_alloc 7
thp_collapse_alloc 1
thp_swpout 0
thp_swpout_fallback 0
/sys/fs/cgroup/memory.current
27635712
/sys/fs/cgroup/memory.peak
38572032
DAEMON_THREADS
THREAD	1	layerfs-daemon	15863544 57209 22	21 1 	1459 0 0 1
THREAD	10	layerfs-fuse-2	24636586 46418 261	261 0 	32 2 0 2
THREAD	11	layerfs-fuse-3	18430374 46835 262	262 0 	32 1 0 0
THREAD	12	layerfs-control	24300207 50833 36	36 0 	584 1 1 3
THREAD	7	layerfs-overlay	91281509 51834 337	337 0 	320 7 1 2
THREAD	8	layerfs-fuse-0	20263247 40459 264	264 0 	34 1 0 4
THREAD	9	layerfs-fuse-1	25592377 167585 266	266 0 	53 2 0 5
CGROUP_CPU
usage_usec 2297334
user_usec 1083449
system_usec 1213884
nice_usec 0
nr_periods 0
nr_throttled 0
throttled_usec 0
nr_bursts 0
burst_usec 0
KERNEL	6.12.76-linuxkit	8
