   Compiling libc v0.2.189
   Compiling cfg-if v1.0.4
   Compiling version_check v0.9.5
   Compiling typenum v1.20.1
   Compiling proc-macro2 v1.0.107
   Compiling subtle v2.6.1
   Compiling glob v0.3.4
   Compiling quote v1.0.47
   Compiling unicode-ident v1.0.24
   Compiling memchr v2.8.3
   Compiling minimal-lexical v0.2.1
   Compiling autocfg v1.5.1
   Compiling shlex v2.0.1
   Compiling regex-syntax v0.8.11
   Compiling find-msvc-tools v0.1.12
   Compiling libloading v0.8.9
   Compiling pkg-config v0.3.34
   Compiling either v1.18.0
   Compiling bindgen v0.72.1
   Compiling cfg_aliases v0.2.2
   Compiling generic-array v0.14.7
   Compiling zeroize v1.9.0
   Compiling clang-sys v1.9.1
   Compiling memoffset v0.9.1
   Compiling itertools v0.13.0
   Compiling nix v0.31.3
   Compiling bitflags v2.13.1
   Compiling nom v7.1.3
   Compiling semver v1.0.28
   Compiling rustc-hash v2.1.3
   Compiling shlex v1.3.0
   Compiling rustc_version v0.4.1
   Compiling opaque-debug v0.3.1
   Compiling vcpkg v0.2.15
   Compiling foldhash v0.2.0
   Compiling curve25519-dalek v4.1.3
   Compiling regex-automata v0.4.18
   Compiling hashbrown v0.17.1
   Compiling constant_time_eq v0.4.2
   Compiling arrayvec v0.7.8
   Compiling libsqlite3-sys v0.38.2
   Compiling arrayref v0.3.9
   Compiling hashlink v0.12.2
   Compiling cexpr v0.6.0
   Compiling snow v0.9.6
   Compiling smallvec v1.16.0
   Compiling fallible-streaming-iterator v0.1.9
   Compiling fallible-iterator v0.3.0
   Compiling regex v1.13.1
   Compiling syn v2.0.119
   Compiling jobserver v0.1.35
   Compiling cc v1.4.5
   Compiling getrandom v0.2.17
   Compiling cpufeatures v0.2.17
   Compiling errno v0.3.14
   Compiling blake3 v1.8.5
   Compiling zstd-sys v2.0.16+zstd.1.5.7
   Compiling rand_core v0.6.4
   Compiling crypto-common v0.1.7
   Compiling inout v0.1.4
   Compiling block-buffer v0.10.4
   Compiling universal-hash v0.5.1
   Compiling aead v0.5.2
   Compiling cipher v0.4.4
   Compiling digest v0.10.7
   Compiling polyval v0.6.2
   Compiling poly1305 v0.8.0
   Compiling aes v0.8.4
   Compiling ghash v0.5.1
   Compiling chacha20 v0.9.1
   Compiling ctr v0.9.2
   Compiling sha2 v0.10.9
   Compiling blake2 v0.10.6
   Compiling chacha20poly1305 v0.10.1
   Compiling aes-gcm v0.10.3
   Compiling rusqlite v0.40.2
   Compiling layerfs-bridge v0.1.6 (/private/tmp/layerfs-pair2-review-92e56635-dczjaq/probe-tree/core/crates/layerfs-bridge)
   Compiling libproc v0.14.11
   Compiling layerfs-telemetry v0.1.6 (/private/tmp/layerfs-pair2-review-92e56635-dczjaq/probe-tree/core/crates/layerfs-telemetry)
   Compiling layerfs-content v0.1.6 (/private/tmp/layerfs-pair2-review-92e56635-dczjaq/probe-tree/core/crates/layerfs-content)
   Compiling layerfs-history v0.1.6 (/private/tmp/layerfs-pair2-review-92e56635-dczjaq/probe-tree/core/crates/layerfs-history)
   Compiling layerfs-storage v0.1.6 (/private/tmp/layerfs-pair2-review-92e56635-dczjaq/probe-tree/core/crates/layerfs-storage)
   Compiling layerfs-service v0.1.6 (/private/tmp/layerfs-pair2-review-92e56635-dczjaq/probe-tree/core/crates/layerfs-service)
error[E0753]: expected outer doc comment
 --> crates/layerfs-service/tests/history.rs:1:1
  |
1 | //! History through the production service: a non-FUSE client, real bodies.
  | ^^^^^^^^^^^^^^^^^^^^^^^^^^^^^^^^^^^^^^^^^^^^^^^^^^^^^^^^^^^^^^^^^^^^^^^^^^^
  |
  = note: inner doc comments like this (starting with `//!` or `/*!`) can only appear before items
help: you might have meant to write a regular comment
  |
1 - //! History through the production service: a non-FUSE client, real bodies.
1 + // History through the production service: a non-FUSE client, real bodies.
  |

error[E0753]: expected outer doc comment
 --> crates/layerfs-service/tests/history.rs:2:1
  |
2 | //!
  | ^^^
  |
  = note: inner doc comments like this (starting with `//!` or `/*!`) can only appear before items
help: you might have meant to write a regular comment
  |
2 - //!
2 + //
  |

error[E0753]: expected outer doc comment
 --> crates/layerfs-service/tests/history.rs:3:1
  |
3 | //! Every case here enters `Service::handle`, which is the same authorization,
  | ^^^^^^^^^^^^^^^^^^^^^^^^^^^^^^^^^^^^^^^^^^^^^^^^^^^^^^^^^^^^^^^^^^^^^^^^^^^^^^
  |
  = note: inner doc comments like this (starting with `//!` or `/*!`) can only appear before items
help: you might have meant to write a regular comment
  |
3 - //! Every case here enters `Service::handle`, which is the same authorization,
3 + // Every case here enters `Service::handle`, which is the same authorization,
  |

error[E0753]: expected outer doc comment
 --> crates/layerfs-service/tests/history.rs:4:1
  |
4 | //! admission and dispatch body the native transport and the daemon use. Nothing
  | ^^^^^^^^^^^^^^^^^^^^^^^^^^^^^^^^^^^^^^^^^^^^^^^^^^^^^^^^^^^^^^^^^^^^^^^^^^^^^^^^
  |
  = note: inner doc comments like this (starting with `//!` or `/*!`) can only appear before items
help: you might have meant to write a regular comment
  |
4 - //! admission and dispatch body the native transport and the daemon use. Nothing
4 + // admission and dispatch body the native transport and the daemon use. Nothing
  |

error[E0753]: expected outer doc comment
 --> crates/layerfs-service/tests/history.rs:5:1
  |
5 | //! is called around the service and no history body is re-implemented.
  | ^^^^^^^^^^^^^^^^^^^^^^^^^^^^^^^^^^^^^^^^^^^^^^^^^^^^^^^^^^^^^^^^^^^^^^^
6 |
7 | use layerfs_bridge::{adapters::native::connection::VerifiedPeer, contract::*};
  | ------------------------------------------------------------------------------ the inner doc comment doesn't annotate this `use` import
  |
help: to annotate the `use` import, change the doc comment from inner to outer style
  |
5 | /// is called around the service and no history body is re-implemented.
  |   ~

For more information about this error, try `rustc --explain E0753`.
error: could not compile `layerfs-service` (test "review_service") due to 5 previous errors
warning: build failed, waiting for other jobs to finish...
