$ /Users/yifanxu/Ephemeral-AI-Lab/layerfs/core/target/release/examples/measure_edits --mode pipeline --case batch --threshold-bytes 131072 --output /Users/yifanxu/Ephemeral-AI-Lab/layerfs/docs/roadmap/0.1/0.1.7/evidence/phase2-execution-20260918T150435Z/rounds/v6/after/output/D24/edits-pipeline-batch
cwd /Users/yifanxu/Ephemeral-AI-Lab/layerfs
exit_code 0
wall_s 0.015
--- stdout ---
mode: pipeline
case: batch
threshold-bytes: 131072
timing: on
fixture: base 196608 bytes, 3 edit(s), 1000 replacement bytes
stream: 3 edit(s), base 196608 -> final 194308 bytes
base preparation (untimed): root 9b67d5821a39fe14ddec724ab82b05dbb76c8bc99b9849dd5314ded1410c75b4 stored as 14 object(s), 2 pack(s)
edited root: c887efb266fb423889ab26851d61652e52d017135fb4e6367530691c10383d84
edited length: 194308
save: inserted 4 reused 0 packs 2 prefix records 1 full records 3
readback bytes: 194308
readback connection opens: 1
readback group decodes: 2
readback: verified byte-for-byte against the independent model
scope: edit-to-save acknowledgement is edit.save; verification and readback are timed separately
--- timing tree (inclusive; overlapping spans add to nothing) ---
edit.save  1.180ms
  storage.begin  258.584us
  file.edit  324.333us
    edit.base  245.125us
      edit.base_read  244.041us
    edit.compare  417ns
    edit.split  41.750us
    edit.split  125ns
    edit.split  500ns
    content.chunk  8.584us
    edit.split  1.375us
    edit.split  1.042us
    edit.split  209ns
    content.chunk  2.125us
    edit.split  958ns
    edit.split  1.791us
    edit.finish  3.292us
  storage.finish  510.875us
--- timing tree (inclusive; overlapping spans add to nothing) ---
verify.readback  890.750us
  content.read  889.917us
    content.acquire  248.584us
    content.traverse  640.000us
      mapping.navigate  34.334us
        storage.read  34.125us
      mapping.payload  585.875us
        storage.read  585.625us
timings: 18 nodes at 4 levels -> /Users/yifanxu/Ephemeral-AI-Lab/layerfs/docs/roadmap/0.1/0.1.7/evidence/phase2-execution-20260918T150435Z/rounds/v6/after/output/D24/edits-pipeline-batch/pipeline-edit-save.json
timings: 8 nodes at 5 levels -> /Users/yifanxu/Ephemeral-AI-Lab/layerfs/docs/roadmap/0.1/0.1.7/evidence/phase2-execution-20260918T150435Z/rounds/v6/after/output/D24/edits-pipeline-batch/pipeline-readback.json
wall_seconds: 0.009239
--- stderr ---
