$ /Users/yifanxu/Ephemeral-AI-Lab/layerfs/core/target/release/examples/measure_edits --mode pipeline --case chunked --threshold-bytes 131072 --output /Users/yifanxu/Ephemeral-AI-Lab/layerfs/docs/roadmap/0.1/0.1.7/evidence/phase1-execution-20260918T090000Z/rounds/p1-14/after/output/D21/edits-pipeline-chunked
cwd /Users/yifanxu/Ephemeral-AI-Lab/layerfs
exit_code 0
wall_s 0.015
--- stdout ---
mode: pipeline
case: chunked
threshold-bytes: 131072
timing: on
fixture: base 262144 bytes, 1 edit(s), 4096 replacement bytes
stream: 1 edit(s), base 262144 -> final 262144 bytes
base preparation (untimed): root 3e428805690821ee9c1c6e3775de5fa8aa9b901fe20fb18c3136ea239cc8c14d stored as 18 object(s), 3 pack(s)
edited root: ca6c30a4355c63c3e3df39a478482cd57f80b5271885e48a573bbe34a031d6b7
edited length: 262144
save: inserted 3 reused 0 packs 2 prefix records 0 full records 3
readback bytes: 262144
readback connection opens: 1
readback: verified byte-for-byte against the independent model
scope: edit-to-save acknowledgement is edit.save; verification and readback are timed separately
--- timing tree (inclusive; overlapping spans add to nothing) ---
edit.save  1.232ms
  storage.begin  208.958us
  file.edit  572.542us
    edit.base  236.542us
      edit.base_read  235.083us
    edit.compare  299.375us
      edit.compare.window  296.042us
      mapping.navigate  30.333us
        storage.read  29.875us
      mapping.payload  258.833us
        storage.read  258.666us
    edit.split  6.708us
    edit.split  3.000us
    edit.split  500ns
    content.chunk  14.042us
    edit.finish  3.583us
  storage.finish  361.167us
--- timing tree (inclusive; overlapping spans add to nothing) ---
verify.readback  1.154ms
  content.read  1.153ms
    content.acquire  215.709us
    content.traverse  936.833us
      mapping.navigate  38.667us
        storage.read  38.459us
      mapping.payload  869.792us
        storage.read  869.542us
timings: 17 nodes at 5 levels -> /Users/yifanxu/Ephemeral-AI-Lab/layerfs/docs/roadmap/0.1/0.1.7/evidence/phase1-execution-20260918T090000Z/rounds/p1-14/after/output/D21/edits-pipeline-chunked/pipeline-edit-save.json
timings: 8 nodes at 5 levels -> /Users/yifanxu/Ephemeral-AI-Lab/layerfs/docs/roadmap/0.1/0.1.7/evidence/phase1-execution-20260918T090000Z/rounds/p1-14/after/output/D21/edits-pipeline-chunked/pipeline-readback.json
wall_seconds: 0.009746
--- stderr ---
