config: REPS=3 WARMUP=1 RANDOMIZE_TARGETS=1 targets=/workspace /var/tmp

[1m=== tiny file churn (1000 files) ===[0m
  [32mOK[0m    create 1000 files              computerd  mean=35.8 med=34.9 p95=38.2 ms (n=3)
  [32mOK[0m    create 1000 files              base  mean=19.7 med=19.6 p95=20.2 ms (n=3)
  [32mOK[0m    stat 1000 files                computerd  mean=447.6 med=447.0 p95=449.7 ms (n=3)
  [32mOK[0m    stat 1000 files                base  mean=423.9 med=423.7 p95=425.8 ms (n=3)
  [32mOK[0m    rm 1000 files                  computerd  mean=48.8 med=48.9 p95=48.9 ms (n=3)
  [32mOK[0m    rm 1000 files                  base  mean=24.4 med=24.5 p95=24.8 ms (n=3)

[1m=== directory traversal ===[0m
  [32mOK[0m    mkdir tree (10x10x10)          computerd  mean=358.2 med=358.5 p95=362.1 ms (n=3)
  [32mOK[0m    mkdir tree (10x10x10)          base  mean=331.5 med=330.7 p95=333.3 ms (n=3)
  [32mOK[0m    find tree                      computerd  mean=361.0 med=360.7 p95=362.0 ms (n=3)
  [32mOK[0m    find tree                      base  mean=335.5 med=335.4 p95=338.1 ms (n=3)

[1m=== large file I/O ===[0m
  [32mOK[0m    write 64 MiB                   computerd  mean=27.9 med=27.8 p95=28.0 ms (n=3)
  [32mOK[0m    write 64 MiB                   base  mean=15.8 med=15.6 p95=16.4 ms (n=3)
  [32mOK[0m    copy 64 MiB                    computerd  mean=56.1 med=55.9 p95=56.9 ms (n=3)
  [32mOK[0m    copy 64 MiB                    base  mean=27.9 med=28.2 p95=28.4 ms (n=3)
  [32mOK[0m    read 64 MiB                    computerd  mean=34.3 med=34.6 p95=34.9 ms (n=3)
  [32mOK[0m    read 64 MiB                    base  mean=21.6 med=21.7 p95=22.2 ms (n=3)
  [32mOK[0m    pure read 64 MiB               computerd  mean=6.1 med=5.9 p95=7.1 ms (n=3)
  [32mOK[0m    pure read 64 MiB               base  mean=6.8 med=7.0 p95=7.2 ms (n=3)
  [32mOK[0m    pure copy 64 MiB               computerd  mean=29.1 med=29.1 p95=30.0 ms (n=3)
  [32mOK[0m    pure copy 64 MiB               base  mean=13.2 med=13.2 p95=13.3 ms (n=3)
  [32mOK[0m    overwrite 64 MiB               computerd  mean=25.1 med=25.2 p95=25.4 ms (n=3)
  [32mOK[0m    overwrite 64 MiB               base  mean=10.7 med=10.7 p95=10.9 ms (n=3)

[1m=== git ===[0m
  [32mOK[0m    git init + commit 100 files    computerd  mean=22.2 med=22.5 p95=22.7 ms (n=3)
  [32mOK[0m    git init + commit 100 files    base  mean=12.6 med=12.5 p95=12.8 ms (n=3)
  SKIP  npm scenarios (npm not installed)
  SKIP  go scenarios (go not installed)

[1m=== summary ===[0m
  scenario                       computerd mean computerd p95    base mean     base p95      ratio
  copy 64 MiB                         56.1 ms      56.9 ms      27.9 ms      28.4 ms      2.01x
  create 1000 files                   35.8 ms      38.2 ms      19.7 ms      20.2 ms      1.82x
  find tree                          361.0 ms     362.0 ms     335.5 ms     338.1 ms      1.08x
  git init + commit 100 files         22.2 ms      22.7 ms      12.6 ms      12.8 ms      1.77x
  mkdir tree (10x10x10)              358.2 ms     362.1 ms     331.5 ms     333.3 ms      1.08x
  overwrite 64 MiB                    25.1 ms      25.4 ms      10.7 ms      10.9 ms      2.35x
  pure copy 64 MiB                    29.1 ms      30.0 ms      13.2 ms      13.3 ms      2.22x
  pure read 64 MiB                     6.1 ms       7.1 ms       6.8 ms       7.2 ms      0.91x
  read 64 MiB                         34.3 ms      34.9 ms      21.6 ms      22.2 ms      1.59x
  rm 1000 files                       48.8 ms      48.9 ms      24.4 ms      24.8 ms      2.00x
  stat 1000 files                    447.6 ms     449.7 ms     423.9 ms     425.8 ms      1.06x
  write 64 MiB                        27.9 ms      28.0 ms      15.8 ms      16.4 ms      1.77x
wrote JSON summary to /var/tmp/layerfs-owned/fs-bench-var.json
