config: REPS=1 WARMUP=0 RANDOMIZE_TARGETS=1 targets=/workspace /var/tmp

[1m=== tiny file churn (1000 files) ===[0m
  [32mOK[0m    create 1000 files              computerd  mean=269.6 med=269.6 p95=269.6 ms (n=1)
  [32mOK[0m    create 1000 files              base  mean=20.2 med=20.2 p95=20.2 ms (n=1)
  [32mOK[0m    stat 1000 files                computerd  mean=782.0 med=782.0 p95=782.0 ms (n=1)
  [32mOK[0m    stat 1000 files                base  mean=512.6 med=512.6 p95=512.6 ms (n=1)
  [32mOK[0m    rm 1000 files                  computerd  mean=359.8 med=359.8 p95=359.8 ms (n=1)
  [32mOK[0m    rm 1000 files                  base  mean=22.5 med=22.5 p95=22.5 ms (n=1)

[1m=== directory traversal ===[0m
  [32mOK[0m    mkdir tree (10x10x10)          computerd  mean=625.6 med=625.6 p95=625.6 ms (n=1)
  [32mOK[0m    mkdir tree (10x10x10)          base  mean=437.6 med=437.6 p95=437.6 ms (n=1)
  [32mOK[0m    find tree                      computerd  mean=650.3 med=650.3 p95=650.3 ms (n=1)
  [32mOK[0m    find tree                      base  mean=437.8 med=437.8 p95=437.8 ms (n=1)

[1m=== large file I/O ===[0m
  [32mOK[0m    write 64 MiB                   computerd  mean=28.4 med=28.4 p95=28.4 ms (n=1)
  [32mOK[0m    write 64 MiB                   base  mean=14.8 med=14.8 p95=14.8 ms (n=1)
  [32mOK[0m    copy 64 MiB                    computerd  mean=112.5 med=112.5 p95=112.5 ms (n=1)
  [32mOK[0m    copy 64 MiB                    base  mean=26.1 med=26.1 p95=26.1 ms (n=1)
  [32mOK[0m    read 64 MiB                    computerd  mean=33.8 med=33.8 p95=33.8 ms (n=1)
  [32mOK[0m    read 64 MiB                    base  mean=20.5 med=20.5 p95=20.5 ms (n=1)
  [32mOK[0m    pure read 64 MiB               computerd  mean=5.9 med=5.9 p95=5.9 ms (n=1)
  [32mOK[0m    pure read 64 MiB               base  mean=6.8 med=6.8 p95=6.8 ms (n=1)
  [32mOK[0m    pure copy 64 MiB               computerd  mean=69.2 med=69.2 p95=69.2 ms (n=1)
  [32mOK[0m    pure copy 64 MiB               base  mean=25.1 med=25.1 p95=25.1 ms (n=1)
  [32mOK[0m    overwrite 64 MiB               computerd  mean=34.6 med=34.6 p95=34.6 ms (n=1)
  [32mOK[0m    overwrite 64 MiB               base  mean=9.7 med=9.7 p95=9.7 ms (n=1)

[1m=== git ===[0m
  [32mOK[0m    git init + commit 100 files    computerd  mean=142.2 med=142.2 p95=142.2 ms (n=1)
  [32mOK[0m    git init + commit 100 files    base  mean=30.4 med=30.4 p95=30.4 ms (n=1)
  SKIP  npm scenarios (npm not installed)
  SKIP  go scenarios (go not installed)

[1m=== summary ===[0m
  scenario                       computerd mean computerd p95    base mean     base p95      ratio
  copy 64 MiB                        112.5 ms     112.5 ms      26.1 ms      26.1 ms      4.30x
  create 1000 files                  269.6 ms     269.6 ms      20.2 ms      20.2 ms     13.37x
  find tree                          650.3 ms     650.3 ms     437.8 ms     437.8 ms      1.49x
  git init + commit 100 files        142.2 ms     142.2 ms      30.4 ms      30.4 ms      4.68x
  mkdir tree (10x10x10)              625.6 ms     625.6 ms     437.6 ms     437.6 ms      1.43x
  overwrite 64 MiB                    34.6 ms      34.6 ms       9.7 ms       9.7 ms      3.57x
  pure copy 64 MiB                    69.2 ms      69.2 ms      25.1 ms      25.1 ms      2.76x
  pure read 64 MiB                     5.9 ms       5.9 ms       6.8 ms       6.8 ms      0.87x
  read 64 MiB                         33.8 ms      33.8 ms      20.5 ms      20.5 ms      1.65x
  rm 1000 files                      359.8 ms     359.8 ms      22.5 ms      22.5 ms     16.00x
  stat 1000 files                    782.0 ms     782.0 ms     512.6 ms     512.6 ms      1.53x
  write 64 MiB                        28.4 ms      28.4 ms      14.8 ms      14.8 ms      1.92x
wrote JSON summary to /var/tmp/layerfs-owned/readiness-var.json
