DAEMON_STATUS
Name:	layerfs-daemon
Umask:	0077
State:	S (sleeping)
Tgid:	1
Ngid:	0
Pid:	1
PPid:	0
TracerPid:	0
Uid:	0	0	0	0
Gid:	0	0	0	0
FDSize:	64
Groups:	0 
NStgid:	1
NSpid:	1
NSpgid:	1
NSsid:	1
Kthread:	0
VmPeak:	  686312 kB
VmSize:	  620796 kB
VmLck:	       0 kB
VmPin:	       0 kB
VmHWM:	   28316 kB
VmRSS:	   28316 kB
RssAnon:	   21440 kB
RssFile:	    6876 kB
RssShmem:	       0 kB
VmData:	   57032 kB
VmStk:	     132 kB
VmExe:	    6568 kB
VmLib:	    2320 kB
VmPTE:	     168 kB
VmSwap:	       0 kB
HugetlbPages:	       0 kB
CoreDumping:	0
THP_enabled:	1
untag_mask:	0xffffffffffffff
Threads:	10
SigQ:	0/15665
SigPnd:	0000000000000000
ShdPnd:	0000000000000000
SigBlk:	0000000000000000
SigIgn:	0000000000001000
SigCgt:	0000000100000440
CapInh:	0000000000000000
CapPrm:	00000000a82425fb
CapEff:	00000000a82425fb
CapBnd:	00000000a82425fb
CapAmb:	0000000000000000
NoNewPrivs:	1
Seccomp:	2
Seccomp_filters:	1
Speculation_Store_Bypass:	vulnerable
SpeculationIndirectBranch:	unknown
Cpus_allowed:	ff
Cpus_allowed_list:	0-7
Mems_allowed:	1
Mems_allowed_list:	0
voluntary_ctxt_switches:	27
nonvoluntary_ctxt_switches:	1
BACKING_BYTES
/layerfs-store/global/store.sqlite 172032 336 512
/layerfs-store/global/store.sqlite-wal 8272 24 512
/layerfs-store/global/store.sqlite-shm 32768 64 512
/layerfs-store/global/store.sqlite-journal ABSENT
/layerfs-local/overlay/overlay.sqlite 421888 525112 512
/layerfs-local/overlay/overlay.sqlite-wal ABSENT
/layerfs-local/overlay/overlay.sqlite-shm ABSENT
/layerfs-local/overlay/overlay.sqlite-journal ABSENT
OWN_CONTAINER_CGROUP
/sys/fs/cgroup/memory.stat
anon 22343680
file 11108352
kernel 3358720
kernel_stack 180224
pagetables 253952
sec_pagetables 0
percpu 22640
sock 0
vmalloc 24576
shmem 0
zswap 0
zswapped 0
file_mapped 32768
file_dirty 471040
file_writeback 0
swapcached 0
anon_thp 0
file_thp 0
shmem_thp 0
inactive_anon 0
active_anon 22274048
inactive_file 6082560
active_file 5025792
unevictable 0
slab_reclaimable 1701824
slab_unreclaimable 540040
slab 2241864
workingset_refault_anon 0
workingset_refault_file 0
workingset_activate_anon 0
workingset_activate_file 0
workingset_restore_anon 0
workingset_restore_file 0
workingset_nodereclaim 0
pgdemote_kswapd 0
pgdemote_direct 0
pgdemote_khugepaged 0
pgscan 0
pgsteal 0
pgscan_kswapd 0
pgscan_direct 0
pgscan_khugepaged 0
pgsteal_kswapd 0
pgsteal_direct 0
pgsteal_khugepaged 0
pgfault 31987
pgmajfault 40
pgrefill 0
pgactivate 0
pgdeactivate 0
pglazyfree 0
pglazyfreed 0
swpin_zero 0
swpout_zero 0
zswpin 0
zswpout 0
zswpwb 0
thp_fault_alloc 0
thp_collapse_alloc 0
thp_swpout 0
thp_swpout_fallback 0
/sys/fs/cgroup/memory.current
37347328
/sys/fs/cgroup/memory.peak
38281216
DAEMON_THREADS
THREAD	1	layerfs-daemon	14867374 50083 28	27 1 	1841 0 0 4
THREAD	10	layerfs-fuse-2	85416 0 3	3 0 	2 0 0 3
THREAD	11	layerfs-fuse-3	119625 8833 4	3 1 	2 0 0 6
THREAD	12	layerfs-control	19346875 0 27	27 0 	584 0 1 7
THREAD	47	layerfs-mount-2	158000 0 1	1 0 	1 0 0 2
THREAD	48	layerfs-fence-2	59874 27500 4	4 0 	0 0 0 3
THREAD	49	fuser-0	192462523 105333 3997	3997 0 	4069 13 5 4
THREAD	7	layerfs-overlay	18405001 0 4	4 0 	243 1 0 4
THREAD	8	layerfs-fuse-0	66834 80667 6	6 0 	2 0 0 2
THREAD	9	layerfs-fuse-1	126792 211208 4	4 0 	2 0 0 5
CGROUP_CPU
usage_usec 762242
user_usec 450607
system_usec 311635
nice_usec 0
nr_periods 0
nr_throttled 0
throttled_usec 0
nr_bursts 0
burst_usec 0
KERNEL	6.12.76-linuxkit	8
