warning: Patch `fuser v0.18.0 (/Users/yifanxu/Ephemeral-AI-Lab/layerfs/core/vendor/fuser-0.18.0)` was not used in the crate graph.
Check that the patched package version and available features are compatible
with the dependency requirements. If the patch has a different version from
what is locked in the Cargo.lock file, run `cargo update` to use the new
version. This may also occur with an optional dependency that is not enabled.
   Compiling layerfs-daemon v0.1.6 (/Users/yifanxu/Ephemeral-AI-Lab/layerfs/core/crates/layerfs-daemon)
warning: constant `HOST_PRIVATE` is never used
  --> crates/layerfs-daemon/examples/e2_writes/fixture.rs:42:11
   |
42 | pub const HOST_PRIVATE: [u8; 32] = [2; 32];
   |           ^^^^^^^^^^^^
   |
   = note: `#[warn(dead_code)]` on by default

warning: field `replacements_sha256` is never read
   --> crates/layerfs-daemon/examples/e2_writes/fixture.rs:105:9
    |
99  | pub struct Fixture {
    |            ------- field in this struct
...
105 |     pub replacements_sha256: String,
    |         ^^^^^^^^^^^^^^^^^^^

warning: field `attachment` is never read
   --> crates/layerfs-daemon/examples/e2_writes/fixture.rs:149:9
    |
147 | pub struct FixtureFailure {
    |            -------------- field in this struct
148 |     pub cause: Box<dyn Error>,
149 |     pub attachment: Option<Attachment>,
    |         ^^^^^^^^^^

warning: struct `HostFixture` is never constructed
   --> crates/layerfs-daemon/examples/e2_writes/fixture.rs:468:12
    |
468 | pub struct HostFixture {
    |            ^^^^^^^^^^^

warning: struct `Authority` is never constructed
   --> crates/layerfs-daemon/examples/e2_writes/fixture.rs:475:8
    |
475 | struct Authority {
    |        ^^^^^^^^^

warning: function `prepare_host` is never used
   --> crates/layerfs-daemon/examples/e2_writes/fixture.rs:508:8
    |
508 | pub fn prepare_host(
    |        ^^^^^^^^^^^^

warning: function `write_assignment` is never used
   --> crates/layerfs-daemon/examples/e2_writes/fixture.rs:699:4
    |
699 | fn write_assignment(
    |    ^^^^^^^^^^^^^^^^

warning: field `identity_bytes` is never read
  --> crates/layerfs-daemon/examples/e2_writes/streams.rs:98:9
   |
89 | pub struct Recorder {
   |            -------- field in this struct
...
98 |     pub identity_bytes: usize,
   |         ^^^^^^^^^^^^^^

warning: `layerfs-daemon` (example "e2_writes") generated 8 warnings
    Finished `dev` profile [unoptimized + debuginfo] target(s) in 1.64s
