[
    {
        "Id": "4b2b6fab935142d0ae73422dc785dbe5292d39363dbf243e9ccde4feb56cc0ff",
        "Created": "2026-10-07T02:39:46.035953465Z",
        "Path": "python3",
        "Args": [
            "-B",
            "/work/core/target/cluster2-307/probe_e04_allocation_ranges.py"
        ],
        "State": {
            "Status": "exited",
            "Running": false,
            "Paused": false,
            "Restarting": false,
            "OOMKilled": false,
            "Dead": false,
            "Pid": 0,
            "ExitCode": 0,
            "Error": "",
            "StartedAt": "2026-10-07T02:39:46.12436334Z",
            "FinishedAt": "2026-10-07T02:39:46.231468131Z"
        },
        "Image": "sha256:378b799ef43343fc64008b6a5ef456dd6bf0cb8f6ea4cec72e7b42dfc17d2cd6",
        "ResolvConfPath": "/var/lib/docker/containers/4b2b6fab935142d0ae73422dc785dbe5292d39363dbf243e9ccde4feb56cc0ff/resolv.conf",
        "HostnamePath": "/var/lib/docker/containers/4b2b6fab935142d0ae73422dc785dbe5292d39363dbf243e9ccde4feb56cc0ff/hostname",
        "HostsPath": "/var/lib/docker/containers/4b2b6fab935142d0ae73422dc785dbe5292d39363dbf243e9ccde4feb56cc0ff/hosts",
        "LogPath": "/var/lib/docker/containers/4b2b6fab935142d0ae73422dc785dbe5292d39363dbf243e9ccde4feb56cc0ff/4b2b6fab935142d0ae73422dc785dbe5292d39363dbf243e9ccde4feb56cc0ff-json.log",
        "Name": "/layerfs-e04-range-cause-20261007",
        "RestartCount": 0,
        "Driver": "overlayfs",
        "Platform": "linux",
        "MountLabel": "",
        "ProcessLabel": "",
        "AppArmorProfile": "",
        "ExecIDs": null,
        "HostConfig": {
            "Binds": [
                "/Users/yifanxu/Ephemeral-AI-Lab/layerfs:/work"
            ],
            "ContainerIDFile": "/Users/yifanxu/Ephemeral-AI-Lab/layerfs/core/target/cluster2-307/e04-range-cause-20261007.cid",
            "LogConfig": {
                "Type": "json-file",
                "Config": {}
            },
            "NetworkMode": "bridge",
            "PortBindings": {},
            "RestartPolicy": {
                "Name": "no",
                "MaximumRetryCount": 0
            },
            "AutoRemove": false,
            "VolumeDriver": "",
            "VolumesFrom": null,
            "ConsoleSize": [
                0,
                0
            ],
            "CapAdd": null,
            "CapDrop": null,
            "CgroupnsMode": "private",
            "Dns": null,
            "DnsOptions": [],
            "DnsSearch": [],
            "ExtraHosts": null,
            "GroupAdd": null,
            "IpcMode": "private",
            "Cgroup": "",
            "Links": null,
            "OomScoreAdj": 0,
            "PidMode": "",
            "Privileged": false,
            "PublishAllPorts": false,
            "ReadonlyRootfs": false,
            "SecurityOpt": null,
            "UTSMode": "",
            "UsernsMode": "",
            "ShmSize": 67108864,
            "Runtime": "runc",
            "Isolation": "",
            "CpuShares": 0,
            "Memory": 0,
            "NanoCpus": 0,
            "CgroupParent": "",
            "BlkioWeight": 0,
            "BlkioWeightDevice": [],
            "BlkioDeviceReadBps": [],
            "BlkioDeviceWriteBps": [],
            "BlkioDeviceReadIOps": [],
            "BlkioDeviceWriteIOps": [],
            "CpuPeriod": 0,
            "CpuQuota": 0,
            "CpuRealtimePeriod": 0,
            "CpuRealtimeRuntime": 0,
            "CpusetCpus": "",
            "CpusetMems": "",
            "Devices": [],
            "DeviceCgroupRules": null,
            "DeviceRequests": null,
            "MemoryReservation": 0,
            "MemorySwap": 0,
            "MemorySwappiness": null,
            "OomKillDisable": null,
            "PidsLimit": null,
            "Ulimits": [],
            "CpuCount": 0,
            "CpuPercent": 0,
            "IOMaximumIOps": 0,
            "IOMaximumBandwidth": 0,
            "MaskedPaths": [
                "/proc/acpi",
                "/proc/asound",
                "/proc/interrupts",
                "/proc/kcore",
                "/proc/keys",
                "/proc/latency_stats",
                "/proc/sched_debug",
                "/proc/scsi",
                "/proc/timer_list",
                "/proc/timer_stats",
                "/sys/devices/virtual/powercap",
                "/sys/firmware"
            ],
            "ReadonlyPaths": [
                "/proc/bus",
                "/proc/fs",
                "/proc/irq",
                "/proc/sys",
                "/proc/sysrq-trigger"
            ]
        },
        "Storage": {
            "RootFS": {
                "Snapshot": {
                    "Name": "overlayfs"
                }
            }
        },
        "Mounts": [
            {
                "Type": "bind",
                "Source": "/Users/yifanxu/Ephemeral-AI-Lab/layerfs",
                "Destination": "/work",
                "Mode": "",
                "RW": true,
                "Propagation": "rprivate"
            }
        ],
        "Config": {
            "Hostname": "4b2b6fab9351",
            "Domainname": "",
            "User": "",
            "AttachStdin": false,
            "AttachStdout": true,
            "AttachStderr": true,
            "Tty": false,
            "OpenStdin": false,
            "StdinOnce": false,
            "Env": [
                "http_proxy=http://http.docker.internal:3128",
                "HTTPS_PROXY=http://http.docker.internal:3128",
                "https_proxy=http://http.docker.internal:3128",
                "NO_PROXY=localhost,127.0.0.1,::1",
                "no_proxy=localhost,127.0.0.1,::1",
                "HTTP_PROXY=http://http.docker.internal:3128",
                "PATH=/usr/local/cargo/bin:/usr/local/sbin:/usr/local/bin:/usr/sbin:/usr/bin:/sbin:/bin",
                "RUSTUP_HOME=/usr/local/rustup",
                "CARGO_HOME=/usr/local/cargo",
                "RUST_VERSION=1.85.1"
            ],
            "Cmd": [
                "python3",
                "-B",
                "/work/core/target/cluster2-307/probe_e04_allocation_ranges.py"
            ],
            "Image": "sha256:378b799ef43343fc64008b6a5ef456dd6bf0cb8f6ea4cec72e7b42dfc17d2cd6",
            "Volumes": null,
            "WorkingDir": "",
            "Entrypoint": null,
            "Labels": {
                "org.opencontainers.image.source": "https://github.com/rust-lang/docker-rust"
            },
            "StopTimeout": 1
        },
        "NetworkSettings": {
            "SandboxID": "",
            "SandboxKey": "",
            "Ports": {},
            "Networks": {
                "bridge": {
                    "IPAMConfig": null,
                    "Links": null,
                    "Aliases": null,
                    "DriverOpts": null,
                    "GwPriority": 0,
                    "NetworkID": "4f62f8c725aa5e53b8edeea262e53602992e41785867345d9156ea1031704dce",
                    "EndpointID": "",
                    "Gateway": "",
                    "IPAddress": "",
                    "MacAddress": "",
                    "IPPrefixLen": 0,
                    "IPv6Gateway": "",
                    "GlobalIPv6Address": "",
                    "GlobalIPv6PrefixLen": 0,
                    "DNSNames": null
                }
            }
        },
        "ImageManifestDescriptor": {
            "mediaType": "application/vnd.oci.image.manifest.v1+json",
            "digest": "sha256:a3e35be406fa88cdf84e3fbb8e170e57a321d6331061cd6e92b528de0e43d3a9",
            "size": 1448,
            "platform": {
                "architecture": "arm64",
                "os": "linux"
            }
        }
    }
]
