$ /Users/yifanxu/Ephemeral-AI-Lab/layerfs/core/target/release/examples/filesystem_timing_c1 --case directory-update --output /Users/yifanxu/Ephemeral-AI-Lab/layerfs/docs/roadmap/0.1/0.1.7/evidence/phase1-execution-20260918T090000Z/rounds/closing-pass/after/output/D2/c1-directory-update
cwd /Users/yifanxu/Ephemeral-AI-Lab/layerfs
exit_code 0
wall_s 0.010
--- stdout ---
case directory-update
root 820dcf462ad2279e037b25e0a762cb478971af3e7c898165539287f9010dc74e
inode_table f835c80cdf9e5dbbb1c6be107019107d03f749bd7e231ec0403044b4a699b138
directories 1 bindings +0 -0
objects read 6 waves 3 bytes 19586 emitted 1 bytes 129
directories: pages read 1 created 0 reused 1 untouched 0 scratch peak 67716 top-level 1
inodes: pages read 5 created 0 reused 2 scratch peak 67652
references: rows 1 spilled 0 values 1 removals 0 released 0 peak pending 1
validation: objects 21 waves 2 inode_demands 21 inode_pages 2 directory_pages 0 entries_examined 0
elapsed_ns 138208
phase validate elapsed_ns 18042
phase directories elapsed_ns 54167
phase references elapsed_ns 417
phase inodes elapsed_ns 41959
phase cleanup elapsed_ns 292
phase root.encode elapsed_ns 875
report_nodes 7
prepared_objects 8
--- stderr ---
