== passthrough_pid NONE
== mountinfo
471 462 254:1 /docker/volumes/layerfs-r7-floor-718-c08-n/_data /layerfs-store rw,relatime master:1 - ext4 /dev/vda1 rw,discard
== fusectl
total 0
== uname 6.12.76-linuxkit nproc 8 loadavg 1.67 1.06 0.97 1/407 53
== meminfo
MemFree:         1476348 kB
MemAvailable:    3175624 kB
Cached:          1725020 kB
Dirty:             65752 kB
Writeback:             0 kB
== cgroup.cpu.stat
usage_usec 205162
user_usec 121723
system_usec 83581
nice_usec 0
nr_periods 0
nr_throttled 0
throttled_usec 0
nr_bursts 0
burst_usec 0
== clock 1791537242.892693
