DAEMON_STATUS
Name:	layerfs-daemon
Umask:	0077
State:	S (sleeping)
Tgid:	1
Ngid:	0
Pid:	1
PPid:	0
TracerPid:	0
Uid:	0	0	0	0
Gid:	0	0	0	0
FDSize:	64
Groups:	0 
NStgid:	1
NSpid:	1
NSpgid:	1
NSsid:	1
Kthread:	0
VmPeak:	  620800 kB
VmSize:	  620740 kB
VmLck:	       0 kB
VmPin:	       0 kB
VmHWM:	   28396 kB
VmRSS:	   28396 kB
RssAnon:	   21492 kB
RssFile:	    6904 kB
RssShmem:	       0 kB
VmData:	   57016 kB
VmStk:	     132 kB
VmExe:	    6572 kB
VmLib:	    2320 kB
VmPTE:	     168 kB
VmSwap:	       0 kB
HugetlbPages:	       0 kB
CoreDumping:	0
THP_enabled:	1
untag_mask:	0xffffffffffffff
Threads:	7
SigQ:	0/15665
SigPnd:	0000000000000000
ShdPnd:	0000000000000000
SigBlk:	0000000000000000
SigIgn:	0000000000001000
SigCgt:	0000000100000440
CapInh:	0000000000000000
CapPrm:	00000000a82425fb
CapEff:	00000000a82425fb
CapBnd:	00000000a82425fb
CapAmb:	0000000000000000
NoNewPrivs:	1
Seccomp:	2
Seccomp_filters:	1
Speculation_Store_Bypass:	vulnerable
SpeculationIndirectBranch:	unknown
Cpus_allowed:	ff
Cpus_allowed_list:	0-7
Mems_allowed:	1
Mems_allowed_list:	0
voluntary_ctxt_switches:	23
nonvoluntary_ctxt_switches:	19
BACKING_BYTES
/layerfs-store/global/store.sqlite 172032 336 512
/layerfs-store/global/store.sqlite-wal 16512 40 512
/layerfs-store/global/store.sqlite-shm 32768 64 512
/layerfs-store/global/store.sqlite-journal ABSENT
/layerfs-local/overlay/overlay.sqlite 376832 525032 512
/layerfs-local/overlay/overlay.sqlite-wal ABSENT
/layerfs-local/overlay/overlay.sqlite-shm ABSENT
/layerfs-local/overlay/overlay.sqlite-journal ABSENT
OWN_CONTAINER_CGROUP
/sys/fs/cgroup/memory.stat
anon 22396928
file 724992
kernel 1957888
kernel_stack 131072
pagetables 262144
sec_pagetables 0
percpu 22640
sock 0
vmalloc 8192
shmem 0
zswap 0
zswapped 0
file_mapped 32768
file_dirty 724992
file_writeback 0
swapcached 0
anon_thp 0
file_thp 0
shmem_thp 0
inactive_anon 0
active_anon 22327296
inactive_file 724992
active_file 0
unevictable 0
slab_reclaimable 374984
slab_unreclaimable 483888
slab 858872
workingset_refault_anon 0
workingset_refault_file 0
workingset_activate_anon 0
workingset_activate_file 0
workingset_restore_anon 0
workingset_restore_file 0
workingset_nodereclaim 0
pgdemote_kswapd 0
pgdemote_direct 0
pgdemote_khugepaged 0
pgscan 0
pgsteal 0
pgscan_kswapd 0
pgscan_direct 0
pgscan_khugepaged 0
pgsteal_kswapd 0
pgsteal_direct 0
pgsteal_khugepaged 0
pgfault 326564
pgmajfault 0
pgrefill 0
pgactivate 0
pgdeactivate 0
pglazyfree 0
pglazyfreed 0
swpin_zero 0
swpout_zero 0
zswpin 0
zswpout 0
zswpwb 0
thp_fault_alloc 1
thp_collapse_alloc 0
thp_swpout 0
thp_swpout_fallback 0
/sys/fs/cgroup/memory.current
25333760
/sys/fs/cgroup/memory.peak
36884480
DAEMON_THREADS
THREAD	1	layerfs-daemon	9056248 405124 42	23 19 	1360 0 0 7
THREAD	10	layerfs-fuse-2	93459 10208 5	5 0 	2 0 0 7
THREAD	11	layerfs-fuse-3	120165 0 5	5 0 	2 0 0 5
THREAD	12	layerfs-control	24797831 0 35	35 0 	582 0 2 4
THREAD	7	layerfs-overlay	29516043 0 6	6 0 	258 2 0 7
THREAD	8	layerfs-fuse-0	86876 11833 5	5 0 	2 0 0 6
THREAD	9	layerfs-fuse-1	84249 11834 5	5 0 	2 0 0 2
CGROUP_CPU
usage_usec 1909050
user_usec 758329
system_usec 1150720
nice_usec 0
nr_periods 0
nr_throttled 0
throttled_usec 0
nr_bursts 0
burst_usec 0
KERNEL	6.12.76-linuxkit	8
