   Compiling layerfs-workspace v0.1.5 (/Users/yifanxu/Ephemeral-AI-Lab/layerfs/crates/layerfs-workspace)
warning: unused import: `PieceTree`
    --> crates/layerfs-workspace/src/file_io.rs:1229:56
     |
1229 |         use layerfs_workspace_core::file_edit::{Piece, PieceTree};
     |                                                        ^^^^^^^^^
     |
     = note: `#[warn(unused_imports)]` (part of `#[warn(unused)]`) on by default

warning: unused variable: `dirty`
    --> crates/layerfs-workspace/src/file_io.rs:1472:36
     |
1472 |                 let (charge, _, _, dirty, _) = workspace.pending_charge_snapshot();
     |                                    ^^^^^ help: if this is intentional, prefix it with an underscore: `_dirty`
     |
     = note: `#[warn(unused_variables)]` (part of `#[warn(unused)]`) on by default

warning: fields `index` and `policy` are never read
  --> crates/layerfs-workspace/src/host_overlay.rs:41:16
   |
36 | pub(crate) struct HostOverlay {
   |                   ----------- fields in this struct
...
41 |     pub(crate) index: Index,
   |                ^^^^^
42 |     pub(crate) budget: Arc<Budget>,
43 |     pub(crate) policy: ResourcePolicy,
   |                ^^^^^^
   |
   = note: `#[warn(dead_code)]` (part of `#[warn(unused)]`) on by default

warning: methods `origins`, `append`, `pin`, and `maintain` are never used
   --> crates/layerfs-workspace/src/host_overlay.rs:105:19
    |
 48 | impl HostOverlay {
    | ---------------- methods in this implementation
...
105 |     pub(crate) fn origins(&self) -> &OriginSequence {
    |                   ^^^^^^^
...
534 |     pub(crate) fn append(&self, node: NodeId, bytes: &[u8]) -> Result<usize> {
    |                   ^^^^^^
...
774 |     pub(crate) fn pin(&self, node: NodeId, truncate: bool) -> Result<()> {
    |                   ^^^
...
870 |     pub(crate) fn maintain(&self) -> Result<bool> {
    |                   ^^^^^^^^

warning: methods `policy` and `limits` are never used
   --> crates/layerfs-workspace/src/overlay_budget.rs:302:19
    |
256 | impl Budget {
    | ----------- methods in this implementation
...
302 |     pub(crate) fn policy(&self) -> ResourcePolicy {
    |                   ^^^^^^
...
305 |     pub(crate) fn limits(&self) -> Components {
    |                   ^^^^^^

warning: field `reclaimed_pages` is never read
  --> crates/layerfs-workspace/src/overlay_index.rs:61:9
   |
51 | pub(crate) struct Stats {
   |                   ----- field in this struct
...
61 |     pub reclaimed_pages: u64,
   |         ^^^^^^^^^^^^^^^
   |
   = note: `Stats` has derived impls for the traits `Debug` and `Clone`, but these are intentionally ignored during dead code analysis

warning: fields `reserved_bytes`, `chargeable_bytes`, `pending_writes`, `reclaimed_bytes`, and `recovery_index_pages` are never read
  --> crates/layerfs-workspace/src/overlay_payload.rs:35:9
   |
33 | pub(crate) struct Stats {
   |                   ----- fields in this struct
34 |     pub physical_bytes: u64,
35 |     pub reserved_bytes: u64,
   |         ^^^^^^^^^^^^^^
...
40 |     pub chargeable_bytes: u64,
   |         ^^^^^^^^^^^^^^^^
...
44 |     pub pending_writes: usize,
   |         ^^^^^^^^^^^^^^
...
47 |     pub reclaimed_bytes: u64,
   |         ^^^^^^^^^^^^^^^
48 |     pub cleanup_pending: bool,
49 |     pub recovery_index_pages: u64,
   |         ^^^^^^^^^^^^^^^^^^^^
   |
   = note: `Stats` has derived impls for the traits `Debug` and `Clone`, but these are intentionally ignored during dead code analysis

warning: method `write_inline_from` is never used
   --> crates/layerfs-workspace/src/overlay_payload.rs:296:19
    |
218 | impl Payload {
    | ------------ method in this implementation
...
296 |     pub(crate) fn write_inline_from(
    |                   ^^^^^^^^^^^^^^^^^

warning: fields `split_visits` and `merge_visits` are never read
  --> crates/layerfs-workspace/src/overlay_ranges.rs:52:9
   |
49 | pub(crate) struct Stats {
   |                   ----- fields in this struct
...
52 |     pub split_visits: u64,
   |         ^^^^^^^^^^^^
53 |     pub merge_visits: u64,
   |         ^^^^^^^^^^^^
   |
   = note: `Stats` has derived impls for the traits `Debug` and `Clone`, but these are intentionally ignored during dead code analysis

warning: `layerfs-workspace` (lib test) generated 9 warnings (run `cargo fix --lib -p layerfs-workspace --tests` to apply 2 suggestions)
    Finished `test` profile [unoptimized + debuginfo] target(s) in 4.34s
     Running unittests src/lib.rs (target/debug/deps/layerfs_workspace-7a70d4db173d6a6f)

running 7 tests
test overlay_ranges::tests::logical_inline_charge_survives_payload_backing_and_splits ... ok
test overlay_ranges::tests::exact_zero_limit_and_cached_backing_aggregates_survive_disk_restore ... ok
test overlay_ranges::tests::disk_child_links_and_exact_payload_slice_own_bytes_without_old_tree ... ok
test overlay_ranges::tests::unequal_edits_split_merge_truncate_and_snapshot_match_byte_oracle ... ok
test overlay_ranges::tests::repeated_snapshot_reads_allocate_no_per_buffer_payload_owners ... ok
test overlay_ranges::tests::append_frontier_coalesces_without_reusing_truncated_origin_coordinates ... ok
test overlay_ranges::tests::thousand_piece_small_edit_and_read_follow_paths_without_suffix_rekey ... ok

test result: ok. 7 passed; 0 failed; 0 ignored; 0 measured; 126 filtered out; finished in 2.81s

