   Compiling layerfs-layerstack-store v0.1.5 (/Users/yifanxu/Ephemeral-AI-Lab/layerfs/crates/layerfs-layerstack-store)
warning: variable does not need to be mutable
   --> crates/layerfs-layerstack-store/src/objects/admission/metadata_tests.rs:265:9
    |
265 |     let mut f = Fixture::new();
    |         ----^
    |         |
    |         help: remove this `mut`
    |
    = note: `#[warn(unused_mut)]` (part of `#[warn(unused)]`) on by default

warning: `layerfs-layerstack-store` (lib test) generated 1 warning (run `cargo fix --lib -p layerfs-layerstack-store --tests` to apply 1 suggestion)
    Finished `test` profile [unoptimized + debuginfo] target(s) in 7.01s
     Running unittests src/lib.rs (target/debug/deps/layerfs_layerstack_store-1df70e3f7470c3b7)

running 3 tests
test objects::scratch::tests::exact_growth_shared_fd_named_reopen_and_external_owner_are_charged ... charged_named_peak ScratchUsage { reserved_bytes: 8192, open_files: 0, peak_reserved_bytes: 8192, peak_open_files: 1, observed_allocated_bytes: 8192, peak_observed_allocated_bytes: 8192, write_calls: 2, written_bytes: 5001 }
ok
test objects::scratch::tests::partial_write_and_uncertain_truncate_keep_prospective_charge_until_verified ... charged_failure_peak ScratchUsage { reserved_bytes: 4096, open_files: 1, peak_reserved_bytes: 12288, peak_open_files: 1, observed_allocated_bytes: 4096, peak_observed_allocated_bytes: 8192, write_calls: 2, written_bytes: 8192 }
ok
test objects::scratch::tests::sqlite_growth_is_admitted_before_bounded_rows_and_observed_after_commit ... charged_sqlite_peak ScratchUsage { reserved_bytes: 16384, open_files: 1, peak_reserved_bytes: 34095104, peak_open_files: 1, observed_allocated_bytes: 16384, peak_observed_allocated_bytes: 16384, write_calls: 0, written_bytes: 0 }
ok

test result: ok. 3 passed; 0 failed; 0 ignored; 0 measured; 155 filtered out; finished in 0.01s

