== cgroup.cpu.stat
usage_usec 230000
user_usec 137210
system_usec 92790
nice_usec 0
nr_periods 0
nr_throttled 0
throttled_usec 0
nr_bursts 0
burst_usec 0
== clock 1791537202.070110
== passthrough_pid NONE
== mountinfo
471 462 254:1 /docker/volumes/layerfs-r7-floor-713-c03-n/_data /layerfs-store rw,relatime master:1 - ext4 /dev/vda1 rw,discard
== fusectl
total 0
== uname 6.12.76-linuxkit nproc 8 loadavg 0.93 0.84 0.90 1/404 73
== meminfo
MemFree:         1557296 kB
MemAvailable:    3183856 kB
Cached:          1659452 kB
Dirty:               224 kB
Writeback:             0 kB
