    Checking layerfs-storage v0.1.6 (/Users/yifanxu/Ephemeral-AI-Lab/layerfs/core/crates/layerfs-storage)
    Checking layerfs-persistence v0.1.6 (/Users/yifanxu/Ephemeral-AI-Lab/layerfs/core/crates/layerfs-persistence)
    Checking layerfs-project v0.1.6 (/Users/yifanxu/Ephemeral-AI-Lab/layerfs/core/crates/layerfs-project)
    Checking layerfs-sdk v0.1.6 (/Users/yifanxu/Ephemeral-AI-Lab/layerfs/core/crates/layerfs-api/sdk)
    Checking layerfs-workspace v0.1.6 (/Users/yifanxu/Ephemeral-AI-Lab/layerfs/core/crates/layerfs-workspace)
error: very complex type used. Consider factoring parts into `type` definitions
   --> crates/layerfs-api/sdk/tests/runtime.rs:447:14
    |
447 |     emitted: std::sync::Arc<std::sync::Mutex<Vec<(ObjectId, ObjectRole, Vec<u8>)>>>,
    |              ^^^^^^^^^^^^^^^^^^^^^^^^^^^^^^^^^^^^^^^^^^^^^^^^^^^^^^^^^^^^^^^^^^^^^^
    |
    = help: for further information visit https://rust-lang.github.io/rust-clippy/master/index.html#type_complexity
    = note: `-D clippy::type-complexity` implied by `-D warnings`
    = help: to override `-D warnings` add `#[allow(clippy::type_complexity)]`

error: call to `std::mem::drop` with a value that does not implement `Drop`. Dropping such a type only extends its contained lifetimes
   --> crates/layerfs-api/sdk/tests/runtime.rs:581:5
    |
581 |     drop(objects);
    |     ^^^^^^^^^^^^^
    |
note: argument has type `layerfs_content::FilesystemObjects<'_>`
   --> crates/layerfs-api/sdk/tests/runtime.rs:581:10
    |
581 |     drop(objects);
    |          ^^^^^^^
    = help: for further information visit https://rust-lang.github.io/rust-clippy/master/index.html#drop_non_drop
    = note: `-D clippy::drop-non-drop` implied by `-D warnings`
    = help: to override `-D warnings` add `#[allow(clippy::drop_non_drop)]`

error: could not compile `layerfs-sdk` (test "runtime") due to 2 previous errors
warning: build failed, waiting for other jobs to finish...
