$ /Users/yifanxu/Ephemeral-AI-Lab/layerfs/core/target/release/examples/measure_edits --mode pipeline --case chunked --threshold-bytes 131072 --output /Users/yifanxu/Ephemeral-AI-Lab/layerfs/docs/roadmap/0.1/0.1.7/evidence/phase1-execution-20260918T090000Z/rounds/p1-12/after/output/D21/edits-pipeline-chunked
cwd /Users/yifanxu/Ephemeral-AI-Lab/layerfs
exit_code 0
wall_s 0.013
--- stdout ---
mode: pipeline
case: chunked
threshold-bytes: 131072
timing: on
fixture: base 262144 bytes, 1 edit(s), 4096 replacement bytes
stream: 1 edit(s), base 262144 -> final 262144 bytes
base preparation (untimed): root 3e428805690821ee9c1c6e3775de5fa8aa9b901fe20fb18c3136ea239cc8c14d stored as 18 object(s), 3 pack(s)
edited root: ca6c30a4355c63c3e3df39a478482cd57f80b5271885e48a573bbe34a031d6b7
edited length: 262144
save: inserted 3 reused 0 packs 2 prefix records 0 full records 3
readback bytes: 262144
readback connection opens: 1
readback: verified byte-for-byte against the independent model
scope: edit-to-save acknowledgement is edit.save; verification and readback are timed separately
--- timing tree (inclusive; overlapping spans add to nothing) ---
edit.save  1.234ms
  storage.begin  185.875us
  file.edit  565.917us
    edit.base  202.083us
      edit.base_read  201.167us
    edit.compare  293.167us
      edit.compare.window  291.583us
        mapping.navigate  28.792us
          storage.read  28.416us
        mapping.payload  257.792us
          storage.read  257.625us
    edit.split  40.584us
    edit.split  2.917us
    edit.split  459ns
    content.chunk  15.375us
    edit.finish  3.083us
  storage.finish  397.500us
--- timing tree (inclusive; overlapping spans add to nothing) ---
verify.readback  948.583us
  content.read  947.709us
    content.acquire  177.291us
    content.traverse  769.833us
      mapping.navigate  45.625us
        storage.read  45.500us
      mapping.payload  708.958us
        storage.read  708.834us
timings: 17 nodes at 6 levels -> /Users/yifanxu/Ephemeral-AI-Lab/layerfs/docs/roadmap/0.1/0.1.7/evidence/phase1-execution-20260918T090000Z/rounds/p1-12/after/output/D21/edits-pipeline-chunked/pipeline-edit-save.json
timings: 8 nodes at 5 levels -> /Users/yifanxu/Ephemeral-AI-Lab/layerfs/docs/roadmap/0.1/0.1.7/evidence/phase1-execution-20260918T090000Z/rounds/p1-12/after/output/D21/edits-pipeline-chunked/pipeline-readback.json
wall_seconds: 0.008884
--- stderr ---
