$ /Users/yifanxu/Ephemeral-AI-Lab/layerfs/core/target/release/examples/measure_edits --mode pipeline --case batch --threshold-bytes 131072 --output /Users/yifanxu/Ephemeral-AI-Lab/layerfs/docs/roadmap/0.1/0.1.7/evidence/phase1-execution-20260918T090000Z/rounds/p1-12/after/output/D24/edits-pipeline-batch
cwd /Users/yifanxu/Ephemeral-AI-Lab/layerfs
exit_code 0
wall_s 0.013
--- stdout ---
mode: pipeline
case: batch
threshold-bytes: 131072
timing: on
fixture: base 196608 bytes, 3 edit(s), 1000 replacement bytes
stream: 3 edit(s), base 196608 -> final 194308 bytes
base preparation (untimed): root 9b67d5821a39fe14ddec724ab82b05dbb76c8bc99b9849dd5314ded1410c75b4 stored as 14 object(s), 2 pack(s)
edited root: c887efb266fb423889ab26851d61652e52d017135fb4e6367530691c10383d84
edited length: 194308
save: inserted 4 reused 0 packs 2 prefix records 1 full records 3
readback bytes: 194308
readback connection opens: 1
readback: verified byte-for-byte against the independent model
scope: edit-to-save acknowledgement is edit.save; verification and readback are timed separately
--- timing tree (inclusive; overlapping spans add to nothing) ---
edit.save  1.123ms
  storage.begin  251.416us
  file.edit  321.667us
    edit.base  254.458us
      edit.base_read  253.666us
    edit.compare  292ns
    edit.split  35.500us
    edit.split  291ns
    edit.split  416ns
    content.chunk  6.834us
    edit.split  3.458us
    edit.split  916ns
    edit.split  167ns
    content.chunk  2.291us
    edit.split  1.041us
    edit.split  2.250us
    edit.finish  2.834us
  storage.finish  481.417us
--- timing tree (inclusive; overlapping spans add to nothing) ---
verify.readback  815.125us
  content.read  814.167us
    content.acquire  194.834us
    content.traverse  618.833us
      mapping.navigate  32.833us
        storage.read  32.666us
      mapping.payload  569.292us
        storage.read  569.041us
timings: 18 nodes at 4 levels -> /Users/yifanxu/Ephemeral-AI-Lab/layerfs/docs/roadmap/0.1/0.1.7/evidence/phase1-execution-20260918T090000Z/rounds/p1-12/after/output/D24/edits-pipeline-batch/pipeline-edit-save.json
timings: 8 nodes at 5 levels -> /Users/yifanxu/Ephemeral-AI-Lab/layerfs/docs/roadmap/0.1/0.1.7/evidence/phase1-execution-20260918T090000Z/rounds/p1-12/after/output/D24/edits-pipeline-batch/pipeline-readback.json
wall_seconds: 0.008599
--- stderr ---
