DAEMON_STATUS
Name:	layerfs-daemon
Umask:	0077
State:	S (sleeping)
Tgid:	1
Ngid:	0
Pid:	1
PPid:	0
TracerPid:	0
Uid:	0	0	0	0
Gid:	0	0	0	0
FDSize:	64
Groups:	0 
NStgid:	1
NSpid:	1
NSpgid:	1
NSsid:	1
Kthread:	0
VmPeak:	  620936 kB
VmSize:	  620936 kB
VmLck:	       0 kB
VmPin:	       0 kB
VmHWM:	   30076 kB
VmRSS:	   30076 kB
RssAnon:	   23104 kB
RssFile:	    6972 kB
RssShmem:	       0 kB
VmData:	   57996 kB
VmStk:	     132 kB
VmExe:	    6704 kB
VmLib:	    2320 kB
VmPTE:	     176 kB
VmSwap:	       0 kB
HugetlbPages:	       0 kB
CoreDumping:	0
THP_enabled:	1
untag_mask:	0xffffffffffffff
Threads:	10
SigQ:	0/15665
SigPnd:	0000000000000000
ShdPnd:	0000000000000000
SigBlk:	0000000000000000
SigIgn:	0000000000001000
SigCgt:	0000000100000440
CapInh:	0000000000000000
CapPrm:	00000000a82425fb
CapEff:	00000000a82425fb
CapBnd:	00000000a82425fb
CapAmb:	0000000000000000
NoNewPrivs:	1
Seccomp:	2
Seccomp_filters:	1
Speculation_Store_Bypass:	vulnerable
SpeculationIndirectBranch:	unknown
Cpus_allowed:	ff
Cpus_allowed_list:	0-7
Mems_allowed:	1
Mems_allowed_list:	0
voluntary_ctxt_switches:	21
nonvoluntary_ctxt_switches:	1
BACKING_BYTES
/layerfs-store/global/store.sqlite 172032 336 512
/layerfs-store/global/store.sqlite-wal 8272 24 512
/layerfs-store/global/store.sqlite-shm 32768 64 512
/layerfs-store/global/store.sqlite-journal ABSENT
/layerfs-local/overlay/overlay.sqlite 557056 525384 512
/layerfs-local/overlay/overlay.sqlite-wal ABSENT
/layerfs-local/overlay/overlay.sqlite-shm ABSENT
/layerfs-local/overlay/overlay.sqlite-journal ABSENT
OWN_CONTAINER_CGROUP
/sys/fs/cgroup/memory.stat
anon 24051712
file 622592
kernel 2232320
kernel_stack 180224
pagetables 274432
sec_pagetables 0
percpu 22480
sock 0
vmalloc 24576
shmem 0
zswap 0
zswapped 0
file_mapped 32768
file_dirty 614400
file_writeback 0
swapcached 0
anon_thp 4194304
file_thp 0
shmem_thp 0
inactive_anon 0
active_anon 23982080
inactive_file 622592
active_file 0
unevictable 0
slab_reclaimable 589256
slab_unreclaimable 483032
slab 1072288
workingset_refault_anon 0
workingset_refault_file 0
workingset_activate_anon 0
workingset_activate_file 0
workingset_restore_anon 0
workingset_restore_file 0
workingset_nodereclaim 0
pgdemote_kswapd 0
pgdemote_direct 0
pgdemote_khugepaged 0
pgscan 0
pgsteal 0
pgscan_kswapd 0
pgscan_direct 0
pgscan_khugepaged 0
pgsteal_kswapd 0
pgsteal_direct 0
pgsteal_khugepaged 0
pgfault 30207
pgmajfault 0
pgrefill 0
pgactivate 0
pgdeactivate 0
pglazyfree 0
pglazyfreed 0
swpin_zero 0
swpout_zero 0
zswpin 0
zswpout 0
zswpwb 0
thp_fault_alloc 4
thp_collapse_alloc 0
thp_swpout 0
thp_swpout_fallback 0
/sys/fs/cgroup/memory.current
27566080
/sys/fs/cgroup/memory.peak
32518144
DAEMON_THREADS
THREAD	1	layerfs-daemon	14532333 61625 22	21 1 	1460 0 0 5
THREAD	10	layerfs-fuse-2	31246131 138918 1801	1801 0 	50 1 1 1
THREAD	11	layerfs-fuse-3	31744087 75875 1782	1782 0 	46 1 1 2
THREAD	12	layerfs-control	16711584 47251 24	21 3 	581 0 0 1
THREAD	48	layerfs-mount-2	98750 0 1	1 0 	1 0 0 7
THREAD	49	layerfs-fence-2	65751 0 4	4 0 	0 0 0 2
THREAD	50	fuser-0	320747623 9871608 7035	4955 2080 	3053 24 7 0
THREAD	7	layerfs-overlay	570705749 8500 1134	1134 0 	350 46 11 5
THREAD	8	layerfs-fuse-0	30522898 66791 1804	1804 0 	61 1 1 3
THREAD	9	layerfs-fuse-1	31259513 105417 1798	1798 0 	42 2 0 2
CGROUP_CPU
usage_usec 1926855
user_usec 1296776
system_usec 630078
nice_usec 0
nr_periods 0
nr_throttled 0
throttled_usec 0
nr_bursts 0
burst_usec 0
KERNEL	6.12.76-linuxkit	8
