DAEMON_STATUS
Name:	layerfs-daemon
Umask:	0077
State:	S (sleeping)
Tgid:	1
Ngid:	0
Pid:	1
PPid:	0
TracerPid:	0
Uid:	0	0	0	0
Gid:	0	0	0	0
FDSize:	64
Groups:	0 
NStgid:	1
NSpid:	1
NSpgid:	1
NSsid:	1
Kthread:	0
VmPeak:	  620940 kB
VmSize:	  620940 kB
VmLck:	       0 kB
VmPin:	       0 kB
VmHWM:	   13152 kB
VmRSS:	   13152 kB
RssAnon:	    6292 kB
RssFile:	    6860 kB
RssShmem:	       0 kB
VmData:	   74260 kB
VmStk:	     132 kB
VmExe:	    6708 kB
VmLib:	    2320 kB
VmPTE:	     152 kB
VmSwap:	       0 kB
HugetlbPages:	       0 kB
CoreDumping:	0
THP_enabled:	1
untag_mask:	0xffffffffffffff
Threads:	10
SigQ:	0/15665
SigPnd:	0000000000000000
ShdPnd:	0000000000000000
SigBlk:	0000000000000000
SigIgn:	0000000000001000
SigCgt:	0000000100000440
CapInh:	0000000000000000
CapPrm:	00000000a82425fb
CapEff:	00000000a82425fb
CapBnd:	00000000a82425fb
CapAmb:	0000000000000000
NoNewPrivs:	1
Seccomp:	2
Seccomp_filters:	1
Speculation_Store_Bypass:	vulnerable
SpeculationIndirectBranch:	unknown
Cpus_allowed:	ff
Cpus_allowed_list:	0-7
Mems_allowed:	1
Mems_allowed_list:	0
voluntary_ctxt_switches:	21
nonvoluntary_ctxt_switches:	2
BACKING_BYTES
/layerfs-store/global/store.sqlite 172032 336 512
/layerfs-store/global/store.sqlite-wal 4152 16 512
/layerfs-store/global/store.sqlite-shm 32768 64 512
/layerfs-store/global/store.sqlite-journal ABSENT
/layerfs-local/overlay/overlay.sqlite 76591104 673592 512
/layerfs-local/overlay/overlay.sqlite-wal ABSENT
/layerfs-local/overlay/overlay.sqlite-shm ABSENT
/layerfs-local/overlay/overlay.sqlite-journal ABSENT
OWN_CONTAINER_CGROUP
/sys/fs/cgroup/memory.stat
anon 6828032
file 76673024
kernel 4218880
kernel_stack 180224
pagetables 245760
sec_pagetables 0
percpu 22640
sock 0
vmalloc 24576
shmem 0
zswap 0
zswapped 0
file_mapped 32768
file_dirty 76648448
file_writeback 0
swapcached 0
anon_thp 0
file_thp 0
shmem_thp 0
inactive_anon 0
active_anon 6762496
inactive_file 76673024
active_file 0
unevictable 0
slab_reclaimable 2583568
slab_unreclaimable 499968
slab 3083536
workingset_refault_anon 0
workingset_refault_file 0
workingset_activate_anon 0
workingset_activate_file 0
workingset_restore_anon 0
workingset_restore_file 0
workingset_nodereclaim 0
pgdemote_kswapd 0
pgdemote_direct 0
pgdemote_khugepaged 0
pgscan 0
pgsteal 0
pgscan_kswapd 0
pgscan_direct 0
pgscan_khugepaged 0
pgsteal_kswapd 0
pgsteal_direct 0
pgsteal_khugepaged 0
pgfault 11097
pgmajfault 0
pgrefill 0
pgactivate 0
pgdeactivate 0
pglazyfree 0
pglazyfreed 0
swpin_zero 0
swpout_zero 0
zswpin 0
zswpout 0
zswpwb 0
thp_fault_alloc 2
thp_collapse_alloc 0
thp_swpout 0
thp_swpout_fallback 0
/sys/fs/cgroup/memory.current
88743936
/sys/fs/cgroup/memory.peak
155406336
DAEMON_THREADS
THREAD	1	layerfs-daemon	15168959 65625 23	21 2 	1460 0 0 4
THREAD	10	layerfs-fuse-2	88583 84251 4	4 0 	2 0 0 7
THREAD	11	layerfs-fuse-3	107209 0 4	4 0 	2 0 0 3
THREAD	12	layerfs-control	42905623 26542 73	72 1 	581 0 3 0
THREAD	47	layerfs-mount-2	109500 0 1	1 0 	1 0 0 5
THREAD	48	layerfs-fence-2	42750 21542 4	3 1 	0 0 0 0
THREAD	49	fuser-0	98167 0 1	1 0 	34 0 0 7
THREAD	7	layerfs-overlay	154302956 38584 9	6 3 	286 12 3 1
THREAD	8	layerfs-fuse-0	145834 0 4	4 0 	4 0 0 4
THREAD	9	layerfs-fuse-1	108749 64875 4	4 0 	2 0 0 2
CGROUP_CPU
usage_usec 644341
user_usec 404985
system_usec 239355
nice_usec 0
nr_periods 0
nr_throttled 0
throttled_usec 0
nr_bursts 0
burst_usec 0
KERNEL	6.12.76-linuxkit	8
