# {"timestamp": "2026-10-07T07:42:44.331165+00:00", "command": ["cargo", "+1.85.1", "test", "--manifest-path", "core/Cargo.toml", "--locked", "-p", "layerfs-daemon", "--test", "installed_store", "--no-run"], "construction_workers": "1", "binaries": {}, "source_diff_sha256": "9e2c1bf05db246bc7f6feba926c046523df62ce3db7182c75fbd1bd5374ffb0b", "source_parent": "4e8247af5ec8debd234a004623c7755014a58102", "wall_stop": "specified in command; build is not test execution"}
warning: Patch `fuser v0.18.0 (/Users/yifanxu/Ephemeral-AI-Lab/layerfs/core/vendor/fuser-0.18.0)` was not used in the crate graph.
Check that the patched package version and available features are compatible
with the dependency requirements. If the patch has a different version from
what is locked in the Cargo.lock file, run `cargo update` to use the new
version. This may also occur with an optional dependency that is not enabled.
   Compiling layerfs-daemon v0.1.6 (/Users/yifanxu/Ephemeral-AI-Lab/layerfs/core/crates/layerfs-daemon)
error[E0599]: no method named `execution` found for struct `JobSql` in the current scope
  --> crates/layerfs-daemon/tests/installed_store.rs:44:41
   |
44 |     assert_eq!(attached.open.work().sql.execution().transactions, 1);
   |                                         ^^^^^^^^^ method not found in `JobSql`

error[E0308]: mismatched types
  --> crates/layerfs-daemon/tests/installed_store.rs:53:28
   |
53 |             &PathName::new(format!("file-{n:06}").into_bytes()).unwrap(),
   |              ------------- ^^^^^^^^^^^^^^^^^^^^^^^^^^^^^^^^^^^ expected `&str`, found `Vec<u8>`
   |              |
   |              arguments to this function are incorrect
   |
   = note: expected reference `&str`
                 found struct `Vec<u8>`
note: associated function defined here
  --> /Users/yifanxu/Ephemeral-AI-Lab/layerfs/core/crates/layerfs-content/src/filesystem/path.rs:22:12
   |
22 |     pub fn new(value: &str) -> ContentResult<Self> {
   |            ^^^

error[E0609]: no field `inode` on type `Resolved`
  --> crates/layerfs-daemon/tests/installed_store.rs:57:25
   |
57 |     base.plan_read(file.inode.serial(), 0, 1024)
   |                         ^^^^^ unknown field
   |
   = note: available fields are: `serial`, `value`

error[E0609]: no field `inode` on type `Resolved`
  --> crates/layerfs-daemon/tests/installed_store.rs:63:24
   |
63 |         base.stat(file.inode.serial()).unwrap().logical_len,
   |                        ^^^^^ unknown field
   |
   = note: available fields are: `serial`, `value`

error[E0308]: mismatched types
   --> crates/layerfs-daemon/tests/installed_store.rs:112:32
    |
112 |                 &PathName::new(format!("file-{:06}", count - 1).into_bytes()).unwrap(),
    |                  ------------- ^^^^^^^^^^^^^^^^^^^^^^^^^^^^^^^^^^^^^^^^^^^^^ expected `&str`, found `Vec<u8>`
    |                  |
    |                  arguments to this function are incorrect
    |
    = note: expected reference `&str`
                  found struct `Vec<u8>`
note: associated function defined here
   --> /Users/yifanxu/Ephemeral-AI-Lab/layerfs/core/crates/layerfs-content/src/filesystem/path.rs:22:12
    |
22  |     pub fn new(value: &str) -> ContentResult<Self> {
    |            ^^^

Some errors have detailed explanations: E0308, E0599, E0609.
For more information about an error, try `rustc --explain E0308`.
error: could not compile `layerfs-daemon` (test "installed_store") due to 5 previous errors

# exit=101
