warning: Patch `fuser v0.18.0 (/Users/yifanxu/Ephemeral-AI-Lab/layerfs/core/vendor/fuser-0.18.0)` was not used in the crate graph.
Check that the patched package version and available features are compatible
with the dependency requirements. If the patch has a different version from
what is locked in the Cargo.lock file, run `cargo update` to use the new
version. This may also occur with an optional dependency that is not enabled.
    Finished `test` profile [optimized + debuginfo] target(s) in 0.08s
     Running unittests src/lib.rs (core/target/init-acquisition-fix-20261006/debug/deps/layerfs_persistence-cc89418160e6b6ac)
     Running tests/acquisition_batching.rs (core/target/init-acquisition-fix-20261006/debug/deps/acquisition_batching-22dc56f552159580)
     Running tests/acquisition_schema.rs (core/target/init-acquisition-fix-20261006/debug/deps/acquisition_schema-0ff8296d6c617dcb)
     Running tests/acquisition_units.rs (core/target/init-acquisition-fix-20261006/debug/deps/acquisition_units-5fd24c91be0680f3)
     Running tests/file_lengths.rs (core/target/init-acquisition-fix-20261006/debug/deps/file_lengths-8885c06688acdf7c)
     Running tests/history_allocation.rs (core/target/init-acquisition-fix-20261006/debug/deps/history_allocation-ae289dce51ef3650)
     Running tests/history_conditional_updates.rs (core/target/init-acquisition-fix-20261006/debug/deps/history_conditional_updates-9c31e21dc51693c4)
     Running tests/history_history_pages.rs (core/target/init-acquisition-fix-20261006/debug/deps/history_history_pages-5b41b6d5300cfdd2)
     Running tests/history_lifecycle.rs (core/target/init-acquisition-fix-20261006/debug/deps/history_lifecycle-068f9bc1d8f21ef0)
     Running tests/history_remediation.rs (core/target/init-acquisition-fix-20261006/debug/deps/history_remediation-eac8f9d9018c6819)
     Running tests/history_reopen.rs (core/target/init-acquisition-fix-20261006/debug/deps/history_reopen-4f5e99953bc52c4a)
     Running tests/interleaved_saves.rs (core/target/init-acquisition-fix-20261006/debug/deps/interleaved_saves-ff8a0bbba23f38cc)
     Running tests/semantic_admission.rs (core/target/init-acquisition-fix-20261006/debug/deps/semantic_admission-41991402795bdc3d)
     Running tests/sqlite_allocation_release.rs (core/target/init-acquisition-fix-20261006/debug/deps/sqlite_allocation_release-38c16b717c74d776)
     Running tests/sqlite_group_rows.rs (core/target/init-acquisition-fix-20261006/debug/deps/sqlite_group_rows-ba50d433ea251e0d)
     Running tests/sqlite_group_rows_indexed.rs (core/target/init-acquisition-fix-20261006/debug/deps/sqlite_group_rows_indexed-1c6c464933e45739)
     Running tests/sqlite_ordinal_lookahead.rs (core/target/init-acquisition-fix-20261006/debug/deps/sqlite_ordinal_lookahead-d52323a5420a04b5)
     Running tests/sqlite_pack_selection.rs (core/target/init-acquisition-fix-20261006/debug/deps/sqlite_pack_selection-fb7d337033d0043c)
     Running tests/sqlite_publication.rs (core/target/init-acquisition-fix-20261006/debug/deps/sqlite_publication-d1e36b64dd368bf0)
     Running tests/sqlite_recovery.rs (core/target/init-acquisition-fix-20261006/debug/deps/sqlite_recovery-c8bae7a6517ff80d)
     Running tests/sqlite_reference_acquisition.rs (core/target/init-acquisition-fix-20261006/debug/deps/sqlite_reference_acquisition-af4d8bac5f950aba)
     Running tests/sqlite_transaction_units.rs (core/target/init-acquisition-fix-20261006/debug/deps/sqlite_transaction_units-677cf916d8486ca1)

thread 'canonical_and_shared_physical_bytes_are_bounded_independently' panicked at crates/layerfs-persistence/tests/sqlite_transaction_units.rs:50:5:
assertion `left == right` failed
  left: 3
 right: 2
note: run with `RUST_BACKTRACE=1` environment variable to display a backtrace
error: test failed, to rerun pass `-p layerfs-persistence --test sqlite_transaction_units`
