warning: Patch `fuser v0.18.0 (/Users/yifanxu/Ephemeral-AI-Lab/layerfs/core/vendor/fuser-0.18.0)` was not used in the crate graph.
Check that the patched package version and available features are compatible
with the dependency requirements. If the patch has a different version from
what is locked in the Cargo.lock file, run `cargo update` to use the new
version. This may also occur with an optional dependency that is not enabled.
    Finished `test` profile [optimized + debuginfo] target(s) in 0.09s
     Running unittests src/lib.rs (core/target/cluster2-runtime-tests/debug/deps/layerfs_project-cffae0e2b52819f6)

running 0 tests

test result: ok. 0 passed; 0 failed; 0 ignored; 0 measured; 0 filtered out; finished in 0.00s

     Running tests/complete_root.rs (core/target/cluster2-runtime-tests/debug/deps/complete_root-7bc313d53b4b8645)

running 2 tests
S9_COMPLETE_ROOT entries=25 work=NamespaceWork { unique_files: 8, regular_aliases: 1, entries: 25, entry_capacity_bytes: 4322, jobs: 9, job_capacity_bytes: 2575, frontier: 5, frontier_capacity_bytes: 1260, directory_children: 12, child_vector_bytes: 16896, serial_capacity_bytes: 256, inode_capacity_bytes: 2200, directory_bindings: 24, directory_capacity_bytes: 352, change_capacity_bytes: 2080 }
test native_import_keeps_ignored_git_dependencies_outputs_and_exact_link_targets ... ok
S9_COMPLETE_ROOT entries=25 work=NamespaceWork { unique_files: 8, regular_aliases: 1, entries: 25, entry_capacity_bytes: 4322, jobs: 9, job_capacity_bytes: 2575, frontier: 5, frontier_capacity_bytes: 1260, directory_children: 12, child_vector_bytes: 16896, serial_capacity_bytes: 256, inode_capacity_bytes: 2200, directory_bindings: 24, directory_capacity_bytes: 352, change_capacity_bytes: 2080 }
S9_COMPLETE_ROOT entries=25 work=NamespaceWork { unique_files: 8, regular_aliases: 1, entries: 25, entry_capacity_bytes: 4322, jobs: 9, job_capacity_bytes: 2575, frontier: 5, frontier_capacity_bytes: 1260, directory_children: 12, child_vector_bytes: 16896, serial_capacity_bytes: 256, inode_capacity_bytes: 2200, directory_bindings: 24, directory_capacity_bytes: 352, change_capacity_bytes: 2080 }
test real_host_profiles_acquire_and_reuse_the_exact_complete_root ... ok

test result: ok. 2 passed; 0 failed; 0 ignored; 0 measured; 0 filtered out; finished in 0.06s

     Running tests/history_proof_memo.rs (core/target/cluster2-runtime-tests/debug/deps/history_proof_memo-63e0a379bb7f70d8)

running 4 tests
test identity_and_missing_failures_are_not_cached ... ok
test short_source_batch_is_refused_before_cache_admission ... ok
test mixed_hits_misses_duplicates_and_order_keep_exact_bytes ... ok
test eviction_respects_both_fixed_bounds_and_fresh_invocation_starts_empty ... ok

test result: ok. 4 passed; 0 failed; 0 ignored; 0 measured; 0 filtered out; finished in 0.02s

     Running tests/init_memory.rs (core/target/cluster2-runtime-tests/debug/deps/init_memory-4dff77e098c7527d)

running 1 test
DIAGNOSTIC init-memory-100 Diagnostics { policy: 1, locate: 7, read_packs: 0, read_pack_selections: 2, whole_selected: 2, whole_due_density: 1, whole_due_singleton: 0, whole_due_small: 1, whole_due_reuse: 0, range_selected: 0, range_scan_bytes: 0, range_acquired_bytes: 0, range_materialized_bytes: 0, value_groups: 2, signatures: 1, reserve: 2, publish: 6, payload_reads: 2, payload_read_bytes: 16699, pack_read_bytes: 0, pack_write_bytes: 48969, pooled_packs: 1, pooled_groups: 2, reserved_directory_bytes: 4096, ordinal_reservations: 1, locator_hits: 872, locator_misses: 572, locator_evictions: 0, locator_eviction_probes: 0, locator_second_chances: 0, locator_bookkeeping_live_peak_bytes: 72, pack_hits: 304, pack_misses: 2, pack_evictions: 0, pack_evicted_bytes: 0, directory_validations: 620, directory_unshared_walks: 620, directory_entry_bounds: 620, prefetch_group_decodes: 0, forced_seals: 0 }
DIAGNOSTIC init-memory-1000 Diagnostics { policy: 1, locate: 23, read_packs: 0, read_pack_selections: 2, whole_selected: 2, whole_due_density: 1, whole_due_singleton: 0, whole_due_small: 1, whole_due_reuse: 0, range_selected: 0, range_scan_bytes: 0, range_acquired_bytes: 0, range_materialized_bytes: 0, value_groups: 2, signatures: 1, reserve: 4, publish: 10, payload_reads: 2, payload_read_bytes: 10253, pack_read_bytes: 0, pack_write_bytes: 291255, pooled_packs: 2, pooled_groups: 20, reserved_directory_bytes: 8192, ordinal_reservations: 3, locator_hits: 9130, locator_misses: 5162, locator_evictions: 0, locator_eviction_probes: 0, locator_second_chances: 0, locator_bookkeeping_live_peak_bytes: 600, pack_hits: 3109, pack_misses: 2, pack_evictions: 0, pack_evicted_bytes: 0, directory_validations: 6230, directory_unshared_walks: 6230, directory_entry_bounds: 6230, prefetch_group_decodes: 0, forced_seals: 3 }
test init_100_and_1000_over_memory_ports_pass_the_full_namespace_oracle ... ok

test result: ok. 1 passed; 0 failed; 0 ignored; 0 measured; 0 filtered out; finished in 0.42s

     Running tests/init_sqlite.rs (core/target/cluster2-runtime-tests/debug/deps/init_sqlite-a81263fb89d61840)

running 1 test
DIAGNOSTIC Durable-init-100 SQL=SqlWork { statements: 1883, vm_steps: 64857, fullscan_steps: 72, sorts: 16, autoindex_rows: 0, reprepares: 3, returned_rows: 1306, bound_bytes: 137797, statement_ns: 29258361, statement_phases: [StatementPhaseWork { calls: 1859, wall_ns: 1998589 }, StatementPhaseWork { calls: 1859, wall_ns: 182928 }, StatementPhaseWork { calls: 3165, wall_ns: 24726511 }, StatementPhaseWork { calls: 1306, wall_ns: 262408 }, StatementPhaseWork { calls: 1859, wall_ns: 46672 }, StatementPhaseWork { calls: 1859, wall_ns: 76363 }, StatementPhaseWork { calls: 1859, wall_ns: 362690 }], commit_phases: [StatementPhaseWork { calls: 597, wall_ns: 64870 }, StatementPhaseWork { calls: 597, wall_ns: 14425 }, StatementPhaseWork { calls: 597, wall_ns: 20617641 }, StatementPhaseWork { calls: 0, wall_ns: 0 }, StatementPhaseWork { calls: 597, wall_ns: 15915 }, StatementPhaseWork { calls: 597, wall_ns: 24139 }, StatementPhaseWork { calls: 597, wall_ns: 63592 }], commit_ns: 20955077, transactions: 597, write_transactions: 10, write_commits: 10, commits: 597, rollbacks: 0, transaction_ns: 30169331, sealed_inserts: 8, sealed_body_bytes: 36543, blob_open_calls: 10, blob_reopen_calls: 0, blob_read_calls: 30, blob_requested_bytes: 44574, blob_read_bytes: 44574, blob_read_ns: 11544, blob_close_calls: 10, preallocation_calls: 1, preallocation_bytes: 3141632, preallocation_ns: 620874, preallocation_close_ns: 0, checkpoint_ns: 0 } namespace=NamespaceWork { unique_files: 100, regular_aliases: 0, entries: 111, entry_capacity_bytes: 16904, jobs: 100, job_capacity_bytes: 22988, frontier: 10, frontier_capacity_bytes: 2472, directory_children: 10, child_vector_bytes: 16896, serial_capacity_bytes: 1024, inode_capacity_bytes: 9768, directory_bindings: 110, directory_capacity_bytes: 352, change_capacity_bytes: 7040 }
DIAGNOSTIC Durable-init-1000 SQL=SqlWork { statements: 15481, vm_steps: 555594, fullscan_steps: 72, sorts: 34, autoindex_rows: 0, reprepares: 3, returned_rows: 10394, bound_bytes: 1017417, statement_ns: 85062171, statement_phases: [StatementPhaseWork { calls: 15457, wall_ns: 6079409 }, StatementPhaseWork { calls: 15457, wall_ns: 1270262 }, StatementPhaseWork { calls: 25851, wall_ns: 67675070 }, StatementPhaseWork { calls: 10394, wall_ns: 1735203 }, StatementPhaseWork { calls: 15457, wall_ns: 370676 }, StatementPhaseWork { calls: 15457, wall_ns: 615576 }, StatementPhaseWork { calls: 15457, wall_ns: 2386417 }], commit_phases: [StatementPhaseWork { calls: 5104, wall_ns: 529366 }, StatementPhaseWork { calls: 5104, wall_ns: 124895 }, StatementPhaseWork { calls: 5104, wall_ns: 33994494 }, StatementPhaseWork { calls: 0, wall_ns: 0 }, StatementPhaseWork { calls: 5104, wall_ns: 126144 }, StatementPhaseWork { calls: 5104, wall_ns: 203640 }, StatementPhaseWork { calls: 5104, wall_ns: 530585 }], commit_ns: 36659369, transactions: 5104, write_transactions: 17, write_commits: 17, commits: 5104, rollbacks: 0, transaction_ns: 90745657, sealed_inserts: 20, sealed_body_bytes: 291971, blob_open_calls: 24, blob_reopen_calls: 0, blob_read_calls: 72, blob_requested_bytes: 322684, blob_read_bytes: 322684, blob_read_ns: 57169, blob_close_calls: 24, preallocation_calls: 1, preallocation_bytes: 3141632, preallocation_ns: 362251, preallocation_close_ns: 0, checkpoint_ns: 0 } namespace=NamespaceWork { unique_files: 1000, regular_aliases: 0, entries: 1011, entry_capacity_bytes: 136092, jobs: 1000, job_capacity_bytes: 205304, frontier: 10, frontier_capacity_bytes: 2472, directory_children: 100, child_vector_bytes: 135168, serial_capacity_bytes: 8192, inode_capacity_bytes: 88968, directory_bindings: 1010, directory_capacity_bytes: 352, change_capacity_bytes: 51840 }
DIAGNOSTIC Disposable-init-100 SQL=SqlWork { statements: 1896, vm_steps: 65050, fullscan_steps: 72, sorts: 16, autoindex_rows: 0, reprepares: 3, returned_rows: 1308, bound_bytes: 150371, statement_ns: 10513332, statement_phases: [StatementPhaseWork { calls: 1872, wall_ns: 1650704 }, StatementPhaseWork { calls: 1872, wall_ns: 144853 }, StatementPhaseWork { calls: 3180, wall_ns: 6732035 }, StatementPhaseWork { calls: 1308, wall_ns: 216707 }, StatementPhaseWork { calls: 1872, wall_ns: 44717 }, StatementPhaseWork { calls: 1872, wall_ns: 74231 }, StatementPhaseWork { calls: 1872, wall_ns: 339848 }], commit_phases: [StatementPhaseWork { calls: 600, wall_ns: 84040 }, StatementPhaseWork { calls: 600, wall_ns: 14573 }, StatementPhaseWork { calls: 600, wall_ns: 1131052 }, StatementPhaseWork { calls: 0, wall_ns: 0 }, StatementPhaseWork { calls: 600, wall_ns: 15821 }, StatementPhaseWork { calls: 600, wall_ns: 23261 }, StatementPhaseWork { calls: 600, wall_ns: 61416 }], commit_ns: 1469750, transactions: 600, write_transactions: 11, write_commits: 11, commits: 600, rollbacks: 0, transaction_ns: 11203750, sealed_inserts: 9, sealed_body_bytes: 48965, blob_open_calls: 12, blob_reopen_calls: 0, blob_read_calls: 36, blob_requested_bytes: 73342, blob_read_bytes: 73342, blob_read_ns: 22002, blob_close_calls: 12, preallocation_calls: 1, preallocation_bytes: 3010560, preallocation_ns: 123834, preallocation_close_ns: 625, checkpoint_ns: 0 } namespace=NamespaceWork { unique_files: 100, regular_aliases: 0, entries: 111, entry_capacity_bytes: 16904, jobs: 100, job_capacity_bytes: 22988, frontier: 10, frontier_capacity_bytes: 2472, directory_children: 10, child_vector_bytes: 16896, serial_capacity_bytes: 1024, inode_capacity_bytes: 9768, directory_bindings: 110, directory_capacity_bytes: 352, change_capacity_bytes: 7040 }
DIAGNOSTIC Disposable-init-1000 SQL=SqlWork { statements: 15483, vm_steps: 555638, fullscan_steps: 72, sorts: 34, autoindex_rows: 0, reprepares: 3, returned_rows: 10394, bound_bytes: 1016786, statement_ns: 73910776, statement_phases: [StatementPhaseWork { calls: 15459, wall_ns: 5170795 }, StatementPhaseWork { calls: 15459, wall_ns: 1123447 }, StatementPhaseWork { calls: 25853, wall_ns: 57905341 }, StatementPhaseWork { calls: 10394, wall_ns: 1615235 }, StatementPhaseWork { calls: 15459, wall_ns: 379856 }, StatementPhaseWork { calls: 15459, wall_ns: 596054 }, StatementPhaseWork { calls: 15459, wall_ns: 2264603 }], commit_phases: [StatementPhaseWork { calls: 5104, wall_ns: 546828 }, StatementPhaseWork { calls: 5104, wall_ns: 125290 }, StatementPhaseWork { calls: 5104, wall_ns: 7604082 }, StatementPhaseWork { calls: 0, wall_ns: 0 }, StatementPhaseWork { calls: 5104, wall_ns: 126760 }, StatementPhaseWork { calls: 5104, wall_ns: 197018 }, StatementPhaseWork { calls: 5104, wall_ns: 490783 }], commit_ns: 10241475, transactions: 5104, write_transactions: 17, write_commits: 17, commits: 5104, rollbacks: 0, transaction_ns: 79443611, sealed_inserts: 20, sealed_body_bytes: 291340, blob_open_calls: 24, blob_reopen_calls: 0, blob_read_calls: 72, blob_requested_bytes: 328464, blob_read_bytes: 328464, blob_read_ns: 136165, blob_close_calls: 24, preallocation_calls: 1, preallocation_bytes: 3010560, preallocation_ns: 254164, preallocation_close_ns: 709, checkpoint_ns: 0 } namespace=NamespaceWork { unique_files: 1000, regular_aliases: 0, entries: 1011, entry_capacity_bytes: 136092, jobs: 1000, job_capacity_bytes: 205304, frontier: 10, frontier_capacity_bytes: 2472, directory_children: 100, child_vector_bytes: 135168, serial_capacity_bytes: 8192, inode_capacity_bytes: 88968, directory_bindings: 1010, directory_capacity_bytes: 352, change_capacity_bytes: 51840 }
test selected_profiles_init_100_and_1000_pass_the_full_namespace_oracle ... ok

test result: ok. 1 passed; 0 failed; 0 ignored; 0 measured; 0 filtered out; finished in 1.03s

     Running tests/namespace_scaling.rs (core/target/cluster2-runtime-tests/debug/deps/namespace_scaling-9ba4bcc3e4bcccd6)

running 1 test
DIAGNOSTIC namespace-count-100 NamespaceWork { unique_files: 100, regular_aliases: 0, entries: 111, entry_capacity_bytes: 16904, jobs: 100, job_capacity_bytes: 22988, frontier: 10, frontier_capacity_bytes: 2472, directory_children: 10, child_vector_bytes: 16896, serial_capacity_bytes: 1024, inode_capacity_bytes: 9768, directory_bindings: 110, directory_capacity_bytes: 352, change_capacity_bytes: 7040 }
DIAGNOSTIC namespace-count-1000 NamespaceWork { unique_files: 1000, regular_aliases: 0, entries: 1011, entry_capacity_bytes: 136092, jobs: 1000, job_capacity_bytes: 205304, frontier: 10, frontier_capacity_bytes: 2472, directory_children: 100, child_vector_bytes: 135168, serial_capacity_bytes: 8192, inode_capacity_bytes: 88968, directory_bindings: 1010, directory_capacity_bytes: 352, change_capacity_bytes: 51840 }
test retained_collection_counts_expose_entry_count_growth ... ok

test result: ok. 1 passed; 0 failed; 0 ignored; 0 measured; 0 filtered out; finished in 0.26s

     Running unittests examples/benchmark_history.rs (core/target/cluster2-runtime-tests/debug/examples/benchmark_history-25eeb0e283ed40d5)

running 28 tests
test workload::gitoid::tests::a_blob_oid_is_the_header_plus_the_bytes ... ok
test workload::gitoid::tests::object_ids_parse_and_render_round_trip ... ok
test workload::history::tests::a_blob_that_does_not_identify_is_refused_both_ways ... ok
test workload::gitoid::tests::the_buffer_boundaries_are_exact ... ok
test workload::history::tests::a_malformed_oracle_is_refused_rather_than_counted ... ok
test workload::history::tests::a_missing_corpus_is_refused_rather_than_defaulted ... ok
test workload::history::tests::a_selection_that_is_not_the_declared_shape_is_refused ... ok
test workload::history::tests::a_transition_counts_and_sizes_only_what_it_added_or_modified ... ok
test workload::history::tests::an_oracle_parses_files_and_directories_apart ... ok
test workload::history::tests::hex_decoding_refuses_odd_lengths_and_non_hex ... ok
test workload::history::tests::path_states_are_not_the_manifest_file_count ... ok
test workload::history::tests::the_pinned_totals_agree_with_the_selections ... ok
test workload::history::tests::the_three_selections_are_the_declared_indices ... ok
test workload::json::tests::a_duplicate_key_is_refused_rather_than_resolved ... ok
test workload::json::tests::accessors_are_typed_rather_than_coercing ... ok
test workload::json::tests::escapes_resolve_including_a_surrogate_pair ... okPROBE missing f5f32f2d850500cb3
a3da5d9f2test workload::json::tests::malformed_documents_are_refused ... ok
e853266fed134test workload::json::tests::scalars_and_containers_round_trip ... a1e0fa79deb1afok
3c7d1fdtest workload::json::tests::counting_agrees_with_building ... 0072ok
 admitted=false chain=test workload::history::tests::sealed_oracle_counts_cover_all_checkpoints_and_refuse_drift ... ok
6 allowed=3 served=1test workload::json::tests::the_depth_guard_refuses_rather_than_overflowing ... ok
 refused=1 demanded=test workload::providers::tests::a_cumulative_prefix_serves_bytes_and_demand_order_identically ... ok
2
test workload::history::tests::a_tree_line_parses_in_the_corpus_column_order ... ok
test workload::providers::tests::a_batch_demanding_a_later_object_gets_the_snapshot_error ... PROBE missing 9ok
ec54df6test workload::history::tests::a_malformed_tree_line_names_its_line_and_is_refused ... ok
92d13dd9bd162281e44fed0b99153a66f241a5580692c2fe5b49ba7e admitted=false chain=6 allowed=4 served=4 refused=1 demanded=5
PROBE missing 10e80bf5a94eca10296a857277234d2acf27f6220ee2938182324471f3e5c133 admitted=false chain=6 allowed=4 served=4 refused=2 demanded=6
test workload::providers::tests::prefix_keys_admit_the_snapshot_and_nothing_else ... ok
test workload::gitoid::tests::sha1_matches_the_published_vectors ... ok
test workload::gitoid::tests::blob_oid_matches_scalar_across_blocks_and_large_payloads ... ok

test result: ok. 28 passed; 0 failed; 0 ignored; 0 measured; 0 filtered out; finished in 0.01s

     Running unittests examples/benchmark_init.rs (core/target/cluster2-runtime-tests/debug/examples/benchmark_init-458c4c4d44746f69)

running 0 tests

test result: ok. 0 passed; 0 failed; 0 ignored; 0 measured; 0 filtered out; finished in 0.00s

     Running unittests examples/cause_namespace.rs (core/target/cluster2-runtime-tests/debug/examples/cause_namespace-7aedcb121d53d725)

running 0 tests

test result: ok. 0 passed; 0 failed; 0 ignored; 0 measured; 0 filtered out; finished in 0.00s

     Running unittests examples/verify_history.rs (core/target/cluster2-runtime-tests/debug/examples/verify_history-902dc25e49e113ab)

running 28 tests
test workload::gitoid::tests::object_ids_parse_and_render_round_trip ... ok
test workload::gitoid::tests::a_blob_oid_is_the_header_plus_the_bytes ... ok
test workload::gitoid::tests::the_buffer_boundaries_are_exact ... ok
test workload::history::tests::a_blob_that_does_not_identify_is_refused_both_ways ... ok
test workload::history::tests::a_malformed_oracle_is_refused_rather_than_counted ... ok
test workload::history::tests::a_missing_corpus_is_refused_rather_than_defaulted ... ok
test workload::history::tests::a_selection_that_is_not_the_declared_shape_is_refused ... ok
test workload::history::tests::a_transition_counts_and_sizes_only_what_it_added_or_modified ... ok
test workload::history::tests::hex_decoding_refuses_odd_lengths_and_non_hex ... ok
test workload::history::tests::an_oracle_parses_files_and_directories_apart ... ok
test workload::history::tests::path_states_are_not_the_manifest_file_count ... ok
test workload::json::tests::a_duplicate_key_is_refused_rather_than_resolved ... ok
test workload::json::tests::accessors_are_typed_rather_than_coercing ... ok
test workload::history::tests::the_pinned_totals_agree_with_the_selections ... ok
PROBE missing f5f32f2d850500ctest workload::history::tests::the_three_selections_are_the_declared_indices ... b3a3ok
dtest workload::history::tests::sealed_oracle_counts_cover_all_checkpoints_and_refuse_drift ... ok
a5d9f2e853266fed134a1e0fa79deb1af3ctest workload::json::tests::counting_agrees_with_building ... ok
7d1fd0072 admitted=false chain=6 allowed=3 served=1 refused=1 demanded=2
test workload::json::tests::escapes_resolve_including_a_surrogate_pair ... ok
test workload::json::tests::malformed_documents_are_refused ... ok
PROBE missing 9ec54df692d13dd9bd162281test workload::json::tests::scalars_and_containers_round_trip ... oke44fed0b9
9153a66f24test workload::json::tests::the_depth_guard_refuses_rather_than_overflowing ... ok1a5580692c2fe5b4
test workload::providers::tests::a_cumulative_prefix_serves_bytes_and_demand_order_identically ... ok
9test workload::history::tests::a_tree_line_parses_in_the_corpus_column_order ... ok
ba7e admitted=test workload::providers::tests::a_batch_demanding_a_later_object_gets_the_snapshot_error ... ok
false chain=6 allowed=4 served=4 refused=1 demanded=5
PROBE missing 10e80bf5test workload::history::tests::a_malformed_tree_line_names_its_line_and_is_refused ... oka94eca10296
a857277234d2acf27f6220ee2938182324471f3e5c133 admitted=false chain=6 allowed=4 served=4 refused=2 demanded=6
test workload::providers::tests::prefix_keys_admit_the_snapshot_and_nothing_else ... ok
test workload::gitoid::tests::sha1_matches_the_published_vectors ... ok
test workload::gitoid::tests::blob_oid_matches_scalar_across_blocks_and_large_payloads ... ok

test result: ok. 28 passed; 0 failed; 0 ignored; 0 measured; 0 filtered out; finished in 0.01s

     Running unittests examples/verify_namespace.rs (core/target/cluster2-runtime-tests/debug/examples/verify_namespace-bb9c33c4490085ee)

running 1 test
test tests::lite_sample_covers_anchors_empty_sizes_and_tree_tail ... ok

test result: ok. 1 passed; 0 failed; 0 ignored; 0 measured; 0 filtered out; finished in 0.00s

