warning: Patch `fuser v0.18.0 (/Users/yifanxu/Ephemeral-AI-Lab/layerfs/core/vendor/fuser-0.18.0)` was not used in the crate graph.
Check that the patched package version and available features are compatible
with the dependency requirements. If the patch has a different version from
what is locked in the Cargo.lock file, run `cargo update` to use the new
version. This may also occur with an optional dependency that is not enabled.
   Compiling layerfs-overlay v0.1.6 (/Users/yifanxu/Ephemeral-AI-Lab/layerfs/core/crates/layerfs-overlay)
   Compiling layerfs-workspace v0.1.6 (/Users/yifanxu/Ephemeral-AI-Lab/layerfs/core/crates/layerfs-workspace)
   Compiling layerfs-sdk v0.1.6 (/Users/yifanxu/Ephemeral-AI-Lab/layerfs/core/crates/layerfs-api/sdk)
   Compiling layerfs-daemon v0.1.6 (/Users/yifanxu/Ephemeral-AI-Lab/layerfs/core/crates/layerfs-daemon)
error[E0507]: cannot move out of `*value` which is behind a shared reference
  --> crates/layerfs-daemon/src/overlay/captured_run_port.rs:27:46
   |
27 |             Ok(Response::Inode(value)) => Ok(*value),
   |                                              ^^^^^^ move occurs because `*value` has type `Option<layerfs_overlay::Inode>`, which does not implement the `Copy` trait
   |
help: consider cloning the value if the performance cost is acceptable
   |
27 -             Ok(Response::Inode(value)) => Ok(*value),
27 +             Ok(Response::Inode(value)) => Ok(value.clone()),
   |

For more information about this error, try `rustc --explain E0507`.
error: could not compile `layerfs-daemon` (lib) due to 1 previous error
warning: build failed, waiting for other jobs to finish...
