   Compiling layerfs-overlay v0.1.6 (/Users/yifanxu/Ephemeral-AI-Lab/layerfs/core/crates/layerfs-overlay)
    Finished `test` profile [optimized + debuginfo] target(s) in 1.47s
     Running unittests src/lib.rs (core/target/debug/deps/layerfs_overlay-40cf50d4caf06f50)

running 0 tests

test result: ok. 0 passed; 0 failed; 0 ignored; 0 measured; 0 filtered out; finished in 0.00s

     Running tests/engine.rs (core/target/debug/deps/engine-6bce881eeb426b21)

running 4 tests
readback=DatabaseProfile { sqlite_version: "3.51.0", compile_options: ["ATOMIC_INTRINSICS=1", "BUG_COMPATIBLE_20160819", "CCCRYPT256", "CODEC=see-cccrypt", "COMPILER=clang-21.0.0", "DEFAULT_AUTOVACUUM", "DEFAULT_CACHE_SIZE=2000", "DEFAULT_CKPTFULLFSYNC", "DEFAULT_FILE_FORMAT=4", "DEFAULT_JOURNAL_SIZE_LIMIT=32768", "DEFAULT_LOOKASIDE=1200,102", "DEFAULT_MEMSTATUS=0", "DEFAULT_MMAP_SIZE=0", "DEFAULT_PAGE_SIZE=4096", "DEFAULT_PCACHE_INITSZ=20", "DEFAULT_RECURSIVE_TRIGGERS", "DEFAULT_SECTOR_SIZE=4096", "DEFAULT_SYNCHRONOUS=2", "DEFAULT_WAL_AUTOCHECKPOINT=1000", "DEFAULT_WAL_SYNCHRONOUS=1", "DEFAULT_WORKER_THREADS=0", "DIRECT_OVERFLOW_READ", "DQS=3", "ENABLE_API_ARMOR", "ENABLE_BYTECODE_VTAB", "ENABLE_COLUMN_METADATA", "ENABLE_DBSTAT_VTAB", "ENABLE_FTS3", "ENABLE_FTS3_PARENTHESIS", "ENABLE_FTS3_TOKENIZER", "ENABLE_FTS4", "ENABLE_FTS5", "ENABLE_LOCKING_STYLE=1", "ENABLE_MATH_FUNCTIONS", "ENABLE_NORMALIZE", "ENABLE_PREUPDATE_HOOK", "ENABLE_RTREE", "ENABLE_SESSION", "ENABLE_SETLK_TIMEOUT", "ENABLE_SNAPSHOT", "ENABLE_SQLLOG", "ENABLE_STMT_SCANSTATUS", "ENABLE_UNKNOWN_SQL_FUNCTION", "ENABLE_UPDATE_DELETE_LIMIT", "HAS_CODEC_RESTRICTED", "HAVE_ISNAN", "MALLOC_SOFT_LIMIT=1024", "MAX_ATTACHED=10", "MAX_COLUMN=2000", "MAX_COMPOUND_SELECT=500", "MAX_DEFAULT_PAGE_SIZE=8192", "MAX_EXPR_DEPTH=1000", "MAX_FUNCTION_ARG=127", "MAX_LENGTH=2147483645", "MAX_LIKE_PATTERN_LENGTH=50000", "MAX_MMAP_SIZE=1073741824", "MAX_PAGE_COUNT=1073741823", "MAX_PAGE_SIZE=65536", "MAX_SQL_LENGTH=1000000000", "MAX_TRIGGER_DEPTH=1000", "MAX_VARIABLE_NUMBER=500000", "MAX_VDBE_OP=250000000", "MAX_WORKER_THREADS=8", "MUTEX_UNFAIR", "OMIT_AUTORESET", "OMIT_LOAD_EXTENSION", "STMTJRNL_SPILL=131072", "SYSTEM_MALLOC", "TEMP_STORE=1", "THREADSAFE=2", "USE_URI"], journal_mode: "memory", locking_mode: "exclusive", synchronous: 0, mmap_size: 0, cache_size: -2048, page_size: 4096, max_pages: 1048576, foreign_keys: 1, busy_timeout: 0, temp_store: 1 }; pages=(15, 0)
point EXPLAIN=["SEARCH inode USING PRIMARY KEY (ns=? AND serial=? AND gen<?)"]; runtime=StatementWork { attempts: 5, executions: 5, rows_returned: 2, rows_changed: 1, vm_steps: 161, fullscan_steps: 0, sorts: 0, autoindex_rows: 0, reprepares: 0, bound_bytes: 168, elapsed_ns: 128499 }
test profile_namespace_binary_values_and_atomic_refusals ... ok
test local_publication_survives_lost_reply_and_capture_does_not_copy_cells ... ok
test backed_owner_and_scratch_pages_have_no_total_record_limit ... ok
capture plan before verification: ["SEARCH inode USING INDEX inode_capture (ns=? AND gen=? AND serial>?)"]
active_population=128; plan=["SEARCH inode USING INDEX inode_capture (ns=? AND gen=? AND serial>?)"]; captured_rows=1; vm_steps=33; fullscan_steps=0; sorts=0; reprepare=0
capture plan before verification: ["SEARCH inode USING INDEX inode_capture (ns=? AND gen=? AND serial>?)"]
active_population=1024; plan=["SEARCH inode USING INDEX inode_capture (ns=? AND gen=? AND serial>?)"]; captured_rows=1; vm_steps=33; fullscan_steps=0; sorts=0; reprepare=0
capture plan before verification: ["SEARCH inode USING INDEX inode_capture (ns=? AND gen=? AND serial>?)"]
active_population=4096; plan=["SEARCH inode USING INDEX inode_capture (ns=? AND gen=? AND serial>?)"]; captured_rows=1; vm_steps=33; fullscan_steps=0; sorts=0; reprepare=0
test fixed_capture_uses_generation_index_while_active_namespace_grows ... ok

test result: ok. 4 passed; 0 failed; 0 ignored; 0 measured; 0 filtered out; finished in 0.15s

   Doc-tests layerfs_overlay

running 0 tests

test result: ok. 0 passed; 0 failed; 0 ignored; 0 measured; 0 filtered out; finished in 0.00s

