DAEMON_STATUS
Name:	layerfs-daemon
Umask:	0077
State:	S (sleeping)
Tgid:	1
Ngid:	0
Pid:	1
PPid:	0
TracerPid:	0
Uid:	0	0	0	0
Gid:	0	0	0	0
FDSize:	64
Groups:	0 
NStgid:	1
NSpid:	1
NSpgid:	1
NSsid:	1
Kthread:	0
VmPeak:	  686456 kB
VmSize:	  620940 kB
VmLck:	       0 kB
VmPin:	       0 kB
VmHWM:	   32780 kB
VmRSS:	   32780 kB
RssAnon:	   25916 kB
RssFile:	    6864 kB
RssShmem:	       0 kB
VmData:	   60888 kB
VmStk:	     132 kB
VmExe:	    6708 kB
VmLib:	    2320 kB
VmPTE:	     176 kB
VmSwap:	       0 kB
HugetlbPages:	       0 kB
CoreDumping:	0
THP_enabled:	1
untag_mask:	0xffffffffffffff
Threads:	10
SigQ:	0/15665
SigPnd:	0000000000000000
ShdPnd:	0000000000000000
SigBlk:	0000000000000000
SigIgn:	0000000000001000
SigCgt:	0000000100000440
CapInh:	0000000000000000
CapPrm:	00000000a82425fb
CapEff:	00000000a82425fb
CapBnd:	00000000a82425fb
CapAmb:	0000000000000000
NoNewPrivs:	1
Seccomp:	2
Seccomp_filters:	1
Speculation_Store_Bypass:	vulnerable
SpeculationIndirectBranch:	unknown
Cpus_allowed:	ff
Cpus_allowed_list:	0-7
Mems_allowed:	1
Mems_allowed_list:	0
voluntary_ctxt_switches:	21
nonvoluntary_ctxt_switches:	1
BACKING_BYTES
/layerfs-store/global/store.sqlite 172032 336 512
/layerfs-store/global/store.sqlite-wal 0 0 512
/layerfs-store/global/store.sqlite-shm 32768 64 512
/layerfs-store/global/store.sqlite-journal ABSENT
/layerfs-local/overlay/overlay.sqlite 278528 524832 512
/layerfs-local/overlay/overlay.sqlite-wal ABSENT
/layerfs-local/overlay/overlay.sqlite-shm ABSENT
/layerfs-local/overlay/overlay.sqlite-journal ABSENT
OWN_CONTAINER_CGROUP
/sys/fs/cgroup/memory.stat
anon 26927104
file 67428352
kernel 2195456
kernel_stack 180224
pagetables 270336
sec_pagetables 0
percpu 22640
sock 0
vmalloc 24576
shmem 0
zswap 0
zswapped 0
file_mapped 32768
file_dirty 319488
file_writeback 0
swapcached 0
anon_thp 10485760
file_thp 0
shmem_thp 0
inactive_anon 0
active_anon 26857472
inactive_file 67428352
active_file 0
unevictable 0
slab_reclaimable 533688
slab_unreclaimable 501384
slab 1035072
workingset_refault_anon 0
workingset_refault_file 0
workingset_activate_anon 0
workingset_activate_file 0
workingset_restore_anon 0
workingset_restore_file 0
workingset_nodereclaim 0
pgdemote_kswapd 0
pgdemote_direct 0
pgdemote_khugepaged 0
pgscan 0
pgsteal 0
pgscan_kswapd 0
pgscan_direct 0
pgscan_khugepaged 0
pgsteal_kswapd 0
pgsteal_direct 0
pgsteal_khugepaged 0
pgfault 28933
pgmajfault 0
pgrefill 0
pgactivate 0
pgdeactivate 0
pglazyfree 0
pglazyfreed 0
swpin_zero 0
swpout_zero 0
zswpin 0
zswpout 0
zswpwb 0
thp_fault_alloc 7
thp_collapse_alloc 0
thp_swpout 0
thp_swpout_fallback 0
/sys/fs/cgroup/memory.current
97103872
/sys/fs/cgroup/memory.peak
97656832
DAEMON_THREADS
THREAD	1	layerfs-daemon	14968085 51708 22	21 1 	1559 1 0 5
THREAD	10	layerfs-fuse-2	13324207 10917 260	260 0 	522 0 0 0
THREAD	11	layerfs-fuse-3	13299247 20416 259	259 0 	51 0 0 6
THREAD	12	layerfs-control	17514416 13792 21	21 0 	581 0 1 7
THREAD	47	layerfs-mount-2	112541 28459 1	1 0 	1 0 0 5
THREAD	48	layerfs-fence-2	67500 5625 5	5 0 	0 0 0 3
THREAD	49	fuser-0	15103694 51292 518	518 0 	1509 0 1 4
THREAD	7	layerfs-overlay	5496541 0 7	7 0 	271 0 0 4
THREAD	8	layerfs-fuse-0	13193707 17708 261	261 0 	59 0 0 0
THREAD	9	layerfs-fuse-1	13622001 59540 261	261 0 	526 0 0 3
CGROUP_CPU
usage_usec 407819
user_usec 185275
system_usec 222543
nice_usec 0
nr_periods 0
nr_throttled 0
throttled_usec 0
nr_bursts 0
burst_usec 0
KERNEL	6.12.76-linuxkit	8
