warning: Patch `fuser v0.18.0 (/work/core/vendor/fuser-0.18.0)` was not used in the crate graph.
Check that the patched package version and available features are compatible
with the dependency requirements. If the patch has a different version from
what is locked in the Cargo.lock file, run `cargo update` to use the new
version. This may also occur with an optional dependency that is not enabled.
   Compiling cfg-if v1.0.4
   Compiling typenum v1.20.1
   Compiling libc v0.2.189
   Compiling subtle v2.6.1
   Compiling zeroize v1.9.0
   Compiling opaque-debug v0.3.1
   Compiling layerfs-telemetry v0.1.6 (/work/core/crates/layerfs-telemetry)
   Compiling const-oid v0.10.2
   Compiling blake3 v1.8.5
   Compiling bitflags v2.13.1
   Compiling libsqlite3-sys v0.38.2
   Compiling smallvec v1.16.0
   Compiling zstd-sys v2.0.16+zstd.1.5.7
   Compiling curve25519-dalek v4.1.3
   Compiling rusqlite v0.40.2
   Compiling layerfs-content v0.1.6 (/work/core/crates/layerfs-content)
   Compiling generic-array v0.14.7
   Compiling hybrid-array v0.4.15
   Compiling getrandom v0.2.17
   Compiling cpufeatures v0.2.17
   Compiling cpufeatures v0.3.1
   Compiling nix v0.31.3
   Compiling inout v0.1.4
   Compiling block-buffer v0.10.4
   Compiling rand_core v0.6.4
   Compiling block-buffer v0.12.1
   Compiling crypto-common v0.2.2
   Compiling crypto-common v0.1.7
   Compiling universal-hash v0.5.1
   Compiling cipher v0.4.4
   Compiling digest v0.10.7
   Compiling aead v0.5.2
   Compiling polyval v0.6.2
   Compiling poly1305 v0.8.0
   Compiling blake2 v0.10.6
   Compiling chacha20 v0.9.1
   Compiling ctr v0.9.2
   Compiling ghash v0.5.1
   Compiling aes v0.8.4
   Compiling chacha20poly1305 v0.10.1
   Compiling sha2 v0.10.9
   Compiling digest v0.11.3
   Compiling aes-gcm v0.10.3
   Compiling sha2 v0.11.0
   Compiling layerfs-overlay v0.1.6 (/work/core/crates/layerfs-overlay)
   Compiling snow v0.9.6
   Compiling layerfs-bridge v0.1.6 (/work/core/crates/layerfs-bridge)
   Compiling layerfs-storage v0.1.6 (/work/core/crates/layerfs-storage)
   Compiling layerfs-history v0.1.6 (/work/core/crates/layerfs-history)
   Compiling layerfs-workspace v0.1.6 (/work/core/crates/layerfs-workspace)
   Compiling layerfs-persistence v0.1.6 (/work/core/crates/layerfs-persistence)
   Compiling layerfs-project v0.1.6 (/work/core/crates/layerfs-project)
   Compiling layerfs-sdk v0.1.6 (/work/core/crates/layerfs-api/sdk)
   Compiling layerfs-daemon v0.1.6 (/work/core/crates/layerfs-daemon)
    Finished `dev` profile [unoptimized + debuginfo] target(s) in 18.22s
