== cgroup.cpu.stat
usage_usec 327279
user_usec 163142
system_usec 164136
nice_usec 0
nr_periods 0
nr_throttled 0
throttled_usec 0
nr_bursts 0
burst_usec 0
== clock 1791537275.859610
== passthrough_pid NONE
== mountinfo
471 462 254:1 /docker/volumes/layerfs-r7-floor-720-c10-nc/_data /layerfs-store rw,relatime master:1 - ext4 /dev/vda1 rw,discard
== fusectl
total 0
== uname 6.12.76-linuxkit nproc 8 loadavg 1.75 1.13 1.00 1/409 88
== meminfo
MemFree:         1279932 kB
MemAvailable:    3181616 kB
Cached:          1921340 kB
Dirty:            196928 kB
Writeback:             0 kB
