#0 building with "desktop-linux" instance using docker driver

#1 [internal] load build definition from Dockerfile
#1 transferring dockerfile: 1.65kB done
#1 DONE 0.0s

#2 [internal] load metadata for docker.io/library/rust:1.85.1-bookworm
#2 DONE 1.8s

#3 [internal] load .dockerignore
#3 transferring context: 2B done
#3 DONE 0.0s

#4 [build 1/6] FROM docker.io/library/rust:1.85.1-bookworm@sha256:e51d0265072d2d9d5d320f6a44dde6b9ef13653b035098febd68cce8fa7c0bc4
#4 resolve docker.io/library/rust:1.85.1-bookworm@sha256:e51d0265072d2d9d5d320f6a44dde6b9ef13653b035098febd68cce8fa7c0bc4 done
#4 DONE 0.0s

#5 [internal] load build context
#5 transferring context: 24.47kB done
#5 DONE 0.0s

#6 [build 3/6] COPY Cargo.toml Cargo.lock ./
#6 CACHED

#7 [build 4/6] COPY crates ./crates
#7 CACHED

#8 [stage-1 2/5] COPY --from=build /layerfs-fuse /usr/local/bin/layerfs-fuse
#8 CACHED

#9 [stage-1 4/5] COPY containers/layerfs-fuse/verify_fs_bench.py /usr/local/bin/verify_fs_bench.py
#9 CACHED

#10 [build 2/6] WORKDIR /src
#10 CACHED

#11 [stage-1 3/5] COPY containers/layerfs-fuse/fs-bench.sh /usr/local/bin/fs-bench.sh
#11 CACHED

#12 [build 5/6] COPY tools ./tools
#12 CACHED

#13 [build 6/6] RUN --mount=type=cache,target=/usr/local/cargo/registry     --mount=type=cache,target=/src/target     case "arm64" in       arm64) rustup target add aarch64-unknown-linux-gnu; target=aarch64-unknown-linux-gnu ;;       amd64) rustup target add x86_64-unknown-linux-gnu; target=x86_64-unknown-linux-gnu ;;       *) exit 1 ;;     esac  && rustup component add clippy  && cargo test --locked --target "$target" -p layerfs-fuse  && cargo clippy --locked --target "$target" -p layerfs-fuse --all-targets -- -D warnings  && cargo build --locked --release --target "$target" -p layerfs-fuse  && cp "target/$target/release/layerfs-fuse" /layerfs-fuse
#13 CACHED

#14 [stage-1 5/5] RUN echo "0e2004339a9269b88c2de451d56575957477bde16b96a10cf1837519e37230ef  /usr/local/bin/fs-bench.sh" | sha256sum -c -  && python3 /usr/local/bin/verify_fs_bench.py --self-test  && chmod 0555 /usr/local/bin/fs-bench.sh /usr/local/bin/verify_fs_bench.py  && mkdir -p /workspace /var/lib/layerfs /var/tmp/layerfs-owned
#14 CACHED

#15 exporting to image
#15 exporting layers done
#15 exporting manifest sha256:198260dfa1125d87fe8b4c105744210914f3082188825e316f137f40604370d3 done
#15 exporting config sha256:778cc6b066d89164d218dd64f130d0ec3d1313c5477a309bcbc0f4bc62ed9557 done
#15 exporting attestation manifest sha256:9c91ca4d3b455e7ac8612b36c94ea16f1fb0e582d5cc99875457feaac1331ade done
#15 exporting manifest list sha256:227a27ff8913743011d046db4b919e0b5d183160f4c758a18cd46bbf27dd4e68 done
#15 naming to docker.io/library/layerfs-fuse:frozen-1e33b7188a45 done
#15 unpacking to docker.io/library/layerfs-fuse:frozen-1e33b7188a45 done
#15 DONE 0.1s

View build details: docker-desktop://dashboard/build/desktop-linux/desktop-linux/usv5peskiz7161ssq28iqek27
