config: REPS=1 WARMUP=0 RANDOMIZE_TARGETS=1 targets=/workspace /var/tmp

[1m=== tiny file churn (1000 files) ===[0m
  [32mOK[0m    create 1000 files              computerd  mean=274.6 med=274.6 p95=274.6 ms (n=1)
  [32mOK[0m    create 1000 files              base  mean=19.0 med=19.0 p95=19.0 ms (n=1)
  [32mOK[0m    stat 1000 files                computerd  mean=796.7 med=796.7 p95=796.7 ms (n=1)
  [32mOK[0m    stat 1000 files                base  mean=520.6 med=520.6 p95=520.6 ms (n=1)
  [32mOK[0m    rm 1000 files                  computerd  mean=386.1 med=386.1 p95=386.1 ms (n=1)
  [32mOK[0m    rm 1000 files                  base  mean=24.7 med=24.7 p95=24.7 ms (n=1)

[1m=== directory traversal ===[0m
  [32mOK[0m    mkdir tree (10x10x10)          computerd  mean=692.0 med=692.0 p95=692.0 ms (n=1)
  [32mOK[0m    mkdir tree (10x10x10)          base  mean=437.5 med=437.5 p95=437.5 ms (n=1)
  [32mOK[0m    find tree                      computerd  mean=710.3 med=710.3 p95=710.3 ms (n=1)
  [32mOK[0m    find tree                      base  mean=424.9 med=424.9 p95=424.9 ms (n=1)

[1m=== large file I/O ===[0m
  [32mOK[0m    write 64 MiB                   computerd  mean=38.1 med=38.1 p95=38.1 ms (n=1)
  [32mOK[0m    write 64 MiB                   base  mean=18.6 med=18.6 p95=18.6 ms (n=1)
  [32mOK[0m    copy 64 MiB                    computerd  mean=112.9 med=112.9 p95=112.9 ms (n=1)
  [32mOK[0m    copy 64 MiB                    base  mean=35.3 med=35.3 p95=35.3 ms (n=1)
  [32mOK[0m    read 64 MiB                    computerd  mean=48.7 med=48.7 p95=48.7 ms (n=1)
  [32mOK[0m    read 64 MiB                    base  mean=29.5 med=29.5 p95=29.5 ms (n=1)
  [32mOK[0m    pure read 64 MiB               computerd  mean=9.2 med=9.2 p95=9.2 ms (n=1)
  [32mOK[0m    pure read 64 MiB               base  mean=11.1 med=11.1 p95=11.1 ms (n=1)
  [32mOK[0m    pure copy 64 MiB               computerd  mean=74.8 med=74.8 p95=74.8 ms (n=1)
  [32mOK[0m    pure copy 64 MiB               base  mean=17.3 med=17.3 p95=17.3 ms (n=1)
  [32mOK[0m    overwrite 64 MiB               computerd  mean=35.0 med=35.0 p95=35.0 ms (n=1)
  [32mOK[0m    overwrite 64 MiB               base  mean=13.6 med=13.6 p95=13.6 ms (n=1)

[1m=== git ===[0m
  [32mOK[0m    git init + commit 100 files    computerd  mean=151.8 med=151.8 p95=151.8 ms (n=1)
  [32mOK[0m    git init + commit 100 files    base  mean=15.2 med=15.2 p95=15.2 ms (n=1)
  SKIP  npm scenarios (npm not installed)
  SKIP  go scenarios (go not installed)

[1m=== summary ===[0m
  scenario                       computerd mean computerd p95    base mean     base p95      ratio
  copy 64 MiB                        112.9 ms     112.9 ms      35.3 ms      35.3 ms      3.20x
  create 1000 files                  274.6 ms     274.6 ms      19.0 ms      19.0 ms     14.46x
  find tree                          710.3 ms     710.3 ms     424.9 ms     424.9 ms      1.67x
  git init + commit 100 files        151.8 ms     151.8 ms      15.2 ms      15.2 ms      9.97x
  mkdir tree (10x10x10)              692.0 ms     692.0 ms     437.5 ms     437.5 ms      1.58x
  overwrite 64 MiB                    35.0 ms      35.0 ms      13.6 ms      13.6 ms      2.57x
  pure copy 64 MiB                    74.8 ms      74.8 ms      17.3 ms      17.3 ms      4.32x
  pure read 64 MiB                     9.2 ms       9.2 ms      11.1 ms      11.1 ms      0.83x
  read 64 MiB                         48.7 ms      48.7 ms      29.5 ms      29.5 ms      1.65x
  rm 1000 files                      386.1 ms     386.1 ms      24.7 ms      24.7 ms     15.62x
  stat 1000 files                    796.7 ms     796.7 ms     520.6 ms     520.6 ms      1.53x
  write 64 MiB                        38.1 ms      38.1 ms      18.6 ms      18.6 ms      2.05x
wrote JSON summary to /var/tmp/layerfs-owned/readiness-var.json
