config: REPS=1 WARMUP=0 RANDOMIZE_TARGETS=1 targets=/workspace /tmp

[1m=== tiny file churn (1000 files) ===[0m
  [32mOK[0m    create 1000 files              computerd  mean=250.0 med=250.0 p95=250.0 ms (n=1)
  [32mOK[0m    create 1000 files              base  mean=8.9 med=8.9 p95=8.9 ms (n=1)
  [32mOK[0m    stat 1000 files                computerd  mean=785.0 med=785.0 p95=785.0 ms (n=1)
  [32mOK[0m    stat 1000 files                base  mean=501.0 med=501.0 p95=501.0 ms (n=1)
  [32mOK[0m    rm 1000 files                  computerd  mean=376.5 med=376.5 p95=376.5 ms (n=1)
  [32mOK[0m    rm 1000 files                  base  mean=10.8 med=10.8 p95=10.8 ms (n=1)

[1m=== directory traversal ===[0m
  [32mOK[0m    mkdir tree (10x10x10)          computerd  mean=700.3 med=700.3 p95=700.3 ms (n=1)
  [32mOK[0m    mkdir tree (10x10x10)          base  mean=422.5 med=422.5 p95=422.5 ms (n=1)
  [32mOK[0m    find tree                      computerd  mean=715.5 med=715.5 p95=715.5 ms (n=1)
  [32mOK[0m    find tree                      base  mean=422.7 med=422.7 p95=422.7 ms (n=1)

[1m=== large file I/O ===[0m
  [32mOK[0m    write 64 MiB                   computerd  mean=39.8 med=39.8 p95=39.8 ms (n=1)
  [32mOK[0m    write 64 MiB                   base  mean=23.3 med=23.3 p95=23.3 ms (n=1)
  [32mOK[0m    copy 64 MiB                    computerd  mean=116.0 med=116.0 p95=116.0 ms (n=1)
  [32mOK[0m    copy 64 MiB                    base  mean=36.7 med=36.7 p95=36.7 ms (n=1)
  [32mOK[0m    read 64 MiB                    computerd  mean=53.3 med=53.3 p95=53.3 ms (n=1)
  [32mOK[0m    read 64 MiB                    base  mean=32.7 med=32.7 p95=32.7 ms (n=1)
  [32mOK[0m    pure read 64 MiB               computerd  mean=8.7 med=8.7 p95=8.7 ms (n=1)
  [32mOK[0m    pure read 64 MiB               base  mean=7.9 med=7.9 p95=7.9 ms (n=1)
  [32mOK[0m    pure copy 64 MiB               computerd  mean=73.0 med=73.0 p95=73.0 ms (n=1)
  [32mOK[0m    pure copy 64 MiB               base  mean=15.2 med=15.2 p95=15.2 ms (n=1)
  [32mOK[0m    overwrite 64 MiB               computerd  mean=35.3 med=35.3 p95=35.3 ms (n=1)
  [32mOK[0m    overwrite 64 MiB               base  mean=25.8 med=25.8 p95=25.8 ms (n=1)

[1m=== git ===[0m
  [32mOK[0m    git init + commit 100 files    computerd  mean=151.7 med=151.7 p95=151.7 ms (n=1)
  [32mOK[0m    git init + commit 100 files    base  mean=9.8 med=9.8 p95=9.8 ms (n=1)
  SKIP  npm scenarios (npm not installed)
  SKIP  go scenarios (go not installed)

[1m=== summary ===[0m
  scenario                       computerd mean computerd p95    base mean     base p95      ratio
  copy 64 MiB                        116.0 ms     116.0 ms      36.7 ms      36.7 ms      3.16x
  create 1000 files                  250.0 ms     250.0 ms       8.9 ms       8.9 ms     28.01x
  find tree                          715.5 ms     715.5 ms     422.7 ms     422.7 ms      1.69x
  git init + commit 100 files        151.7 ms     151.7 ms       9.8 ms       9.8 ms     15.42x
  mkdir tree (10x10x10)              700.3 ms     700.3 ms     422.5 ms     422.5 ms      1.66x
  overwrite 64 MiB                    35.3 ms      35.3 ms      25.8 ms      25.8 ms      1.37x
  pure copy 64 MiB                    73.0 ms      73.0 ms      15.2 ms      15.2 ms      4.79x
  pure read 64 MiB                     8.7 ms       8.7 ms       7.9 ms       7.9 ms      1.11x
  read 64 MiB                         53.3 ms      53.3 ms      32.7 ms      32.7 ms      1.63x
  rm 1000 files                      376.5 ms     376.5 ms      10.8 ms      10.8 ms     34.87x
  stat 1000 files                    785.0 ms     785.0 ms     501.0 ms     501.0 ms      1.57x
  write 64 MiB                        39.8 ms      39.8 ms      23.3 ms      23.3 ms      1.71x
wrote JSON summary to /var/tmp/layerfs-owned/readiness-tmp.json
