config: REPS=3 WARMUP=1 RANDOMIZE_TARGETS=1 targets=/workspace /var/tmp

[1m=== tiny file churn (1000 files) ===[0m
  [32mOK[0m    create 1000 files              computerd  mean=260.2 med=261.2 p95=266.2 ms (n=3)
  [32mOK[0m    create 1000 files              base  mean=18.7 med=18.8 p95=20.2 ms (n=3)
  [32mOK[0m    stat 1000 files                computerd  mean=730.4 med=731.0 p95=734.8 ms (n=3)
  [32mOK[0m    stat 1000 files                base  mean=460.6 med=462.3 p95=464.8 ms (n=3)
  [32mOK[0m    rm 1000 files                  computerd  mean=376.9 med=376.8 p95=377.0 ms (n=3)
  [32mOK[0m    rm 1000 files                  base  mean=23.0 med=23.0 p95=23.6 ms (n=3)

[1m=== directory traversal ===[0m
  [32mOK[0m    mkdir tree (10x10x10)          computerd  mean=652.0 med=656.7 p95=676.4 ms (n=3)
  [32mOK[0m    mkdir tree (10x10x10)          base  mean=401.0 med=379.3 p95=445.8 ms (n=3)
  [32mOK[0m    find tree                      computerd  mean=747.0 med=751.3 p95=796.6 ms (n=3)
  [32mOK[0m    find tree                      base  mean=421.7 med=433.9 p95=434.8 ms (n=3)

[1m=== large file I/O ===[0m
  [32mOK[0m    write 64 MiB                   computerd  mean=38.1 med=38.2 p95=38.3 ms (n=3)
  [32mOK[0m    write 64 MiB                   base  mean=17.6 med=17.5 p95=18.3 ms (n=3)
  [32mOK[0m    copy 64 MiB                    computerd  mean=112.6 med=111.8 p95=118.9 ms (n=3)
  [32mOK[0m    copy 64 MiB                    base  mean=31.2 med=31.9 p95=32.0 ms (n=3)
  [32mOK[0m    read 64 MiB                    computerd  mean=42.9 med=41.3 p95=47.7 ms (n=3)
  [32mOK[0m    read 64 MiB                    base  mean=27.0 med=27.1 p95=28.0 ms (n=3)
  [32mOK[0m    pure read 64 MiB               computerd  mean=8.1 med=8.0 p95=8.5 ms (n=3)
  [32mOK[0m    pure read 64 MiB               base  mean=8.2 med=8.3 p95=8.4 ms (n=3)
  [32mOK[0m    pure copy 64 MiB               computerd  mean=83.7 med=83.7 p95=87.4 ms (n=3)
  [32mOK[0m    pure copy 64 MiB               base  mean=15.8 med=15.8 p95=16.4 ms (n=3)
  [32mOK[0m    overwrite 64 MiB               computerd  mean=25.9 med=26.1 p95=26.1 ms (n=3)
  [32mOK[0m    overwrite 64 MiB               base  mean=11.9 med=11.6 p95=12.6 ms (n=3)

[1m=== git ===[0m
  [32mOK[0m    git init + commit 100 files    computerd  mean=144.7 med=144.7 p95=151.3 ms (n=3)
  [32mOK[0m    git init + commit 100 files    base  mean=12.7 med=12.8 p95=13.0 ms (n=3)
  SKIP  npm scenarios (npm not installed)
  SKIP  go scenarios (go not installed)

[1m=== summary ===[0m
  scenario                       computerd mean computerd p95    base mean     base p95      ratio
  copy 64 MiB                        112.6 ms     118.9 ms      31.2 ms      32.0 ms      3.61x
  create 1000 files                  260.2 ms     266.2 ms      18.7 ms      20.2 ms     13.90x
  find tree                          747.0 ms     796.6 ms     421.7 ms     434.8 ms      1.77x
  git init + commit 100 files        144.7 ms     151.3 ms      12.7 ms      13.0 ms     11.43x
  mkdir tree (10x10x10)              652.0 ms     676.4 ms     401.0 ms     445.8 ms      1.63x
  overwrite 64 MiB                    25.9 ms      26.1 ms      11.9 ms      12.6 ms      2.19x
  pure copy 64 MiB                    83.7 ms      87.4 ms      15.8 ms      16.4 ms      5.29x
  pure read 64 MiB                     8.1 ms       8.5 ms       8.2 ms       8.4 ms      0.99x
  read 64 MiB                         42.9 ms      47.7 ms      27.0 ms      28.0 ms      1.59x
  rm 1000 files                      376.9 ms     377.0 ms      23.0 ms      23.6 ms     16.38x
  stat 1000 files                    730.4 ms     734.8 ms     460.6 ms     464.8 ms      1.59x
  write 64 MiB                        38.1 ms      38.3 ms      17.6 ms      18.3 ms      2.17x
wrote JSON summary to /var/tmp/direct-overlay.json
