config: REPS=3 WARMUP=1 RANDOMIZE_TARGETS=1 targets=/workspace /tmp

[1m=== tiny file churn (1000 files) ===[0m
  [32mOK[0m    create 1000 files              computerd  mean=278.4 med=277.7 p95=280.9 ms (n=3)
  [32mOK[0m    create 1000 files              base  mean=8.5 med=8.5 p95=8.5 ms (n=3)
  [32mOK[0m    stat 1000 files                computerd  mean=824.0 med=822.5 p95=831.7 ms (n=3)
  [32mOK[0m    stat 1000 files                base  mean=511.6 med=512.4 p95=516.8 ms (n=3)
  [32mOK[0m    rm 1000 files                  computerd  mean=413.6 med=417.5 p95=424.2 ms (n=3)
  [32mOK[0m    rm 1000 files                  base  mean=10.9 med=11.0 p95=11.2 ms (n=3)

[1m=== directory traversal ===[0m
  [32mOK[0m    mkdir tree (10x10x10)          computerd  mean=734.7 med=713.1 p95=788.3 ms (n=3)
  [32mOK[0m    mkdir tree (10x10x10)          base  mean=449.2 med=449.8 p95=466.8 ms (n=3)
  [32mOK[0m    find tree                      computerd  mean=756.8 med=760.3 p95=774.8 ms (n=3)
  [32mOK[0m    find tree                      base  mean=431.1 med=437.8 p95=439.1 ms (n=3)

[1m=== large file I/O ===[0m
  [32mOK[0m    write 64 MiB                   computerd  mean=34.7 med=34.8 p95=35.7 ms (n=3)
  [32mOK[0m    write 64 MiB                   base  mean=22.0 med=22.4 p95=22.7 ms (n=3)
  [32mOK[0m    copy 64 MiB                    computerd  mean=118.6 med=120.7 p95=121.8 ms (n=3)
  [32mOK[0m    copy 64 MiB                    base  mean=33.2 med=33.9 p95=34.3 ms (n=3)
  [32mOK[0m    read 64 MiB                    computerd  mean=41.3 med=41.2 p95=45.0 ms (n=3)
  [32mOK[0m    read 64 MiB                    base  mean=29.4 med=29.4 p95=29.9 ms (n=3)
  [32mOK[0m    pure read 64 MiB               computerd  mean=8.5 med=8.7 p95=8.8 ms (n=3)
  [32mOK[0m    pure read 64 MiB               base  mean=9.0 med=9.1 p95=9.3 ms (n=3)
  [32mOK[0m    pure copy 64 MiB               computerd  mean=85.2 med=84.5 p95=97.5 ms (n=3)
  [32mOK[0m    pure copy 64 MiB               base  mean=12.4 med=12.6 p95=13.1 ms (n=3)
  [32mOK[0m    overwrite 64 MiB               computerd  mean=24.1 med=24.0 p95=25.1 ms (n=3)
  [32mOK[0m    overwrite 64 MiB               base  mean=17.8 med=17.8 p95=19.5 ms (n=3)

[1m=== git ===[0m
  [32mOK[0m    git init + commit 100 files    computerd  mean=140.4 med=139.2 p95=143.4 ms (n=3)
  [32mOK[0m    git init + commit 100 files    base  mean=8.7 med=8.7 p95=8.9 ms (n=3)
  SKIP  npm scenarios (npm not installed)
  SKIP  go scenarios (go not installed)

[1m=== summary ===[0m
  scenario                       computerd mean computerd p95    base mean     base p95      ratio
  copy 64 MiB                        118.6 ms     121.8 ms      33.2 ms      34.3 ms      3.58x
  create 1000 files                  278.4 ms     280.9 ms       8.5 ms       8.5 ms     32.72x
  find tree                          756.8 ms     774.8 ms     431.1 ms     439.1 ms      1.76x
  git init + commit 100 files        140.4 ms     143.4 ms       8.7 ms       8.9 ms     16.08x
  mkdir tree (10x10x10)              734.7 ms     788.3 ms     449.2 ms     466.8 ms      1.64x
  overwrite 64 MiB                    24.1 ms      25.1 ms      17.8 ms      19.5 ms      1.36x
  pure copy 64 MiB                    85.2 ms      97.5 ms      12.4 ms      13.1 ms      6.86x
  pure read 64 MiB                     8.5 ms       8.8 ms       9.0 ms       9.3 ms      0.95x
  read 64 MiB                         41.3 ms      45.0 ms      29.4 ms      29.9 ms      1.41x
  rm 1000 files                      413.6 ms     424.2 ms      10.9 ms      11.2 ms     37.96x
  stat 1000 files                    824.0 ms     831.7 ms     511.6 ms     516.8 ms      1.61x
  write 64 MiB                        34.7 ms      35.7 ms      22.0 ms      22.7 ms      1.58x
wrote JSON summary to /var/tmp/stacked-tmpfs.json
