DAEMON_STATUS
Name:	layerfs-daemon
Umask:	0077
State:	S (sleeping)
Tgid:	1
Ngid:	0
Pid:	1
PPid:	0
TracerPid:	0
Uid:	0	0	0	0
Gid:	0	0	0	0
FDSize:	64
Groups:	0 
NStgid:	1
NSpid:	1
NSpgid:	1
NSsid:	1
Kthread:	0
VmPeak:	  620936 kB
VmSize:	  620876 kB
VmLck:	       0 kB
VmPin:	       0 kB
VmHWM:	   34248 kB
VmRSS:	   34248 kB
RssAnon:	   27276 kB
RssFile:	    6972 kB
RssShmem:	       0 kB
VmData:	   62124 kB
VmStk:	     132 kB
VmExe:	    6704 kB
VmLib:	    2320 kB
VmPTE:	     176 kB
VmSwap:	       0 kB
HugetlbPages:	       0 kB
CoreDumping:	0
THP_enabled:	1
untag_mask:	0xffffffffffffff
Threads:	7
SigQ:	0/15665
SigPnd:	0000000000000000
ShdPnd:	0000000000000000
SigBlk:	0000000000000000
SigIgn:	0000000000001000
SigCgt:	0000000100000440
CapInh:	0000000000000000
CapPrm:	00000000a82425fb
CapEff:	00000000a82425fb
CapBnd:	00000000a82425fb
CapAmb:	0000000000000000
NoNewPrivs:	1
Seccomp:	2
Seccomp_filters:	1
Speculation_Store_Bypass:	vulnerable
SpeculationIndirectBranch:	unknown
Cpus_allowed:	ff
Cpus_allowed_list:	0-7
Mems_allowed:	1
Mems_allowed_list:	0
voluntary_ctxt_switches:	22
nonvoluntary_ctxt_switches:	3
BACKING_BYTES
/layerfs-store/global/store.sqlite 172032 336 512
/layerfs-store/global/store.sqlite-wal 8272 24 512
/layerfs-store/global/store.sqlite-shm 32768 64 512
/layerfs-store/global/store.sqlite-journal ABSENT
/layerfs-local/overlay/overlay.sqlite 76685312 674064 512
/layerfs-local/overlay/overlay.sqlite-wal ABSENT
/layerfs-local/overlay/overlay.sqlite-shm ABSENT
/layerfs-local/overlay/overlay.sqlite-journal ABSENT
OWN_CONTAINER_CGROUP
/sys/fs/cgroup/memory.stat
anon 28323840
file 76750848
kernel 4247552
kernel_stack 131072
pagetables 270336
sec_pagetables 0
percpu 22640
sock 0
vmalloc 24576
shmem 0
zswap 0
zswapped 0
file_mapped 32768
file_dirty 76742656
file_writeback 0
swapcached 0
anon_thp 2097152
file_thp 0
shmem_thp 0
inactive_anon 0
active_anon 28303360
inactive_file 76750848
active_file 0
unevictable 0
slab_reclaimable 2622672
slab_unreclaimable 484064
slab 3106736
workingset_refault_anon 0
workingset_refault_file 0
workingset_activate_anon 0
workingset_activate_file 0
workingset_restore_anon 0
workingset_restore_file 0
workingset_nodereclaim 0
pgdemote_kswapd 0
pgdemote_direct 0
pgdemote_khugepaged 0
pgscan 0
pgsteal 0
pgscan_kswapd 0
pgscan_direct 0
pgscan_khugepaged 0
pgsteal_kswapd 0
pgsteal_direct 0
pgsteal_khugepaged 0
pgfault 52388
pgmajfault 0
pgrefill 0
pgactivate 0
pgdeactivate 0
pglazyfree 0
pglazyfreed 0
swpin_zero 0
swpout_zero 0
zswpin 0
zswpout 0
zswpwb 0
thp_fault_alloc 1
thp_collapse_alloc 0
thp_swpout 0
thp_swpout_fallback 0
/sys/fs/cgroup/memory.current
110116864
/sys/fs/cgroup/memory.peak
251080704
DAEMON_THREADS
THREAD	1	layerfs-daemon	15626874 492167 25	22 3 	1951 1 0 2
THREAD	10	layerfs-fuse-2	12188625 166293 266	266 0 	528 0 0 1
THREAD	11	layerfs-fuse-3	12549381 186333 265	265 0 	533 0 1 4
THREAD	12	layerfs-control	59941620 122708 96	94 2 	581 1 4 7
THREAD	7	layerfs-overlay	312389039 13208 11	10 1 	317 23 7 5
THREAD	8	layerfs-fuse-0	11410706 0 264	264 0 	58 0 0 0
THREAD	9	layerfs-fuse-1	11613835 669000 264	264 0 	58 0 0 3
CGROUP_CPU
usage_usec 1429730
user_usec 908900
system_usec 520830
nice_usec 0
nr_periods 0
nr_throttled 0
throttled_usec 0
nr_bursts 0
burst_usec 0
KERNEL	6.12.76-linuxkit	8
