== cgroup.cpu.stat
usage_usec 422661
user_usec 198258
system_usec 224402
nice_usec 0
nr_periods 0
nr_throttled 0
throttled_usec 0
nr_bursts 0
burst_usec 0
== clock 1791537293.807137
== passthrough_pid 60
== task 60
comm r7-floor-pt
schedstat 11230208 14500 19
stat 60 (r7-floor-pt) S 0 60 60 0 -1 4194560 1134 0 0 0 0 0 0 0 20 0 3 0 65597746 141692928 503 18446744073709551615 187650126118912 187650126726380 281474750189872 0 0 0 0 4096 1088 1 0 0 17 2 0 0 0 0 0 187650126813208 187650126839941 187650792050688 281474750193082 281474750193148 281474750193148 281474750193629 0
voluntary_ctxt_switches:	19
nonvoluntary_ctxt_switches:	0
io rchar: 44752
io wchar: 7315
io syscr: 34
io syscw: 6
io read_bytes: 0
io write_bytes: 0
io cancelled_write_bytes: 0
== task 66
comm r7-passthrough-
schedstat 207125 0 2
stat 66 (r7-passthrough-) S 0 60 60 0 -1 4194368 6 0 0 0 0 0 0 0 20 0 3 0 65597750 141692928 503 18446744073709551615 187650126118912 187650126726380 281474750189872 0 0 0 0 4096 1088 1 0 0 -1 6 0 0 0 0 0 187650126813208 187650126839941 187650792050688 281474750193082 281474750193148 281474750193148 281474750193629 0
voluntary_ctxt_switches:	2
nonvoluntary_ctxt_switches:	0
io rchar: 0
io wchar: 0
io syscr: 0
io syscw: 0
io read_bytes: 0
io write_bytes: 0
io cancelled_write_bytes: 0
== task 67
comm fuser-0
schedstat 50794113 69876 2971
stat 67 (fuser-0) S 0 60 60 0 -1 4194624 55 0 0 0 0 4 0 0 20 0 3 0 65597750 141692928 503 18446744073709551615 187650126118912 187650126726380 281474750189872 0 0 0 0 4096 1088 1 0 0 -1 2 0 0 0 0 0 187650126813208 187650126839941 187650792050688 281474750193082 281474750193148 281474750193148 281474750193629 0
voluntary_ctxt_switches:	2970
nonvoluntary_ctxt_switches:	1
io rchar: 257661
io wchar: 290220
io syscr: 3545
io syscw: 3662
io read_bytes: 0
io write_bytes: 950272
io cancelled_write_bytes: 12288
== process.io
rchar: 309213
wchar: 297535
syscr: 3586
syscw: 3668
read_bytes: 0
write_bytes: 950272
cancelled_write_bytes: 12288
== process.schedstat 11230208 14500 19
== process.status
VmHWM:	    2208 kB
VmRSS:	    2208 kB
Threads:	3
voluntary_ctxt_switches:	19
nonvoluntary_ctxt_switches:	0
== mountinfo
471 462 254:1 /docker/volumes/layerfs-r7-floor-722-c12-p1e/_data /layerfs-store rw,relatime master:1 - ext4 /dev/vda1 rw,discard
364 462 0:142 / /workspaces/1 rw,nosuid,nodev,noatime - fuse layerfs-r7-passthrough rw,user_id=0,group_id=0,default_permissions,allow_other,max_read=131072
== fusectl
total 0
== uname 6.12.76-linuxkit nproc 8 loadavg 2.07 1.25 1.04 1/410 111
== meminfo
MemFree:         1528136 kB
MemAvailable:    3172372 kB
Cached:          1662636 kB
Dirty:              3156 kB
Writeback:             0 kB
