== passthrough_pid 55
== task 55
comm r7-floor-pt
schedstat 11222456 25875 20
stat 55 (r7-floor-pt) S 0 55 55 0 -1 4194560 1251 0 0 0 1 0 0 0 20 0 3 0 65580050 141692928 502 18446744073709551615 187650922905600 187650923513068 281474930045824 0 0 0 0 4096 1088 1 0 0 17 6 0 0 0 0 0 187650923599896 187650923626629 187651642327040 281474930048446 281474930048512 281474930048512 281474930048989 0
voluntary_ctxt_switches:	19
nonvoluntary_ctxt_switches:	1
io rchar: 44748
io wchar: 7316
io syscr: 34
io syscw: 6
io read_bytes: 0
io write_bytes: 0
io cancelled_write_bytes: 0
== task 61
comm r7-passthrough-
schedstat 102792 0 1
stat 61 (r7-passthrough-) S 0 55 55 0 -1 4194368 6 0 0 0 0 0 0 0 20 0 3 0 65580053 141692928 502 18446744073709551615 187650922905600 187650923513068 281474930045824 0 0 0 0 4096 1088 1 0 0 -1 2 0 0 0 0 0 187650923599896 187650923626629 187651642327040 281474930048446 281474930048512 281474930048512 281474930048989 0
voluntary_ctxt_switches:	1
nonvoluntary_ctxt_switches:	0
io rchar: 0
io wchar: 0
io syscr: 0
io syscw: 0
io read_bytes: 0
io write_bytes: 0
io cancelled_write_bytes: 0
== task 62
comm fuser-0
schedstat 100791 0 1
stat 62 (fuser-0) S 0 55 55 0 -1 4194368 36 0 0 0 0 0 0 0 20 0 3 0 65580053 141692928 502 18446744073709551615 187650922905600 187650923513068 281474930045824 0 0 0 0 4096 1088 1 0 0 -1 3 0 0 0 0 0 187650923599896 187650923626629 187651642327040 281474930048446 281474930048512 281474930048512 281474930048989 0
voluntary_ctxt_switches:	1
nonvoluntary_ctxt_switches:	0
io rchar: 0
io wchar: 0
io syscr: 0
io syscw: 0
io read_bytes: 0
io write_bytes: 0
io cancelled_write_bytes: 0
== process.io
rchar: 51548
wchar: 7316
syscr: 41
syscw: 6
read_bytes: 0
write_bytes: 0
cancelled_write_bytes: 0
== process.schedstat 11222456 25875 20
== process.status
VmHWM:	    2128 kB
VmRSS:	    2128 kB
Threads:	3
voluntary_ctxt_switches:	19
nonvoluntary_ctxt_switches:	1
== mountinfo
471 462 254:1 /docker/volumes/layerfs-r7-floor-710-true-p1/_data /layerfs-store rw,relatime master:1 - ext4 /dev/vda1 rw,discard
364 462 0:142 / /workspaces/1 rw,nosuid,nodev,noatime - fuse layerfs-r7-passthrough rw,user_id=0,group_id=0,default_permissions,allow_other,max_read=131072
== fusectl
total 0
== uname 6.12.76-linuxkit nproc 8 loadavg 0.61 0.75 0.87 1/405 78
== meminfo
MemFree:         1588240 kB
MemAvailable:    3210996 kB
Cached:          1660088 kB
Dirty:              1084 kB
Writeback:             0 kB
== cgroup.cpu.stat
usage_usec 201621
user_usec 144460
system_usec 57160
nice_usec 0
nr_periods 0
nr_throttled 0
throttled_usec 0
nr_bursts 0
burst_usec 0
== clock 1791537116.475295
