HISTORY_ENGINE_WORK {"state":1,"stage":"acquisition","available":true,"values":[0, 0, 0, 0, 0, 0, 0, 0, 0, 0, 0, 0, 0, 0, 0, 0, 0, 0, 0]}
HISTORY_ENGINE_WORK {"state":1,"stage":"construction","available":true,"values":[0, 0, 0, 0, 0, 0, 0, 0, 0, 0, 0, 0, 0, 0, 0, 0, 0, 0, 0]}
HISTORY_PROVIDER_WORK state=1 stage=construction scope=operation-reader-only opens=0 group_decodes=0 pooled=PoolReadCounters { leaf_requests: 0, chain_edges: 0, physical_record_calls: 0, physical_group_decodes: 0, physical_group_decoded_bytes: 0, physical_group_cache_hits: 0, value_group_decodes: 0, pack_fetches: 0, pack_bytes: 0 }
HISTORY_POOLED_WORK state=1 stage=construction scope=operation-reader-only cumulative=PoolReadCounters { leaf_requests: 0, chain_edges: 0, physical_record_calls: 0, physical_group_decodes: 0, physical_group_decoded_bytes: 0, physical_group_cache_hits: 0, value_group_decodes: 0, pack_fetches: 0, pack_bytes: 0 }
HISTORY_ENGINE_WORK {"state":1,"stage":"filesystem","available":true,"values":[0, 0, 0, 0, 0, 0, 0, 0, 0, 0, 0, 0, 0, 0, 0, 0, 0, 0, 0]}
HISTORY_PROVIDER_WORK state=1 stage=filesystem scope=operation-reader-only opens=0 group_decodes=0 pooled=PoolReadCounters { leaf_requests: 0, chain_edges: 0, physical_record_calls: 0, physical_group_decodes: 0, physical_group_decoded_bytes: 0, physical_group_cache_hits: 0, value_group_decodes: 0, pack_fetches: 0, pack_bytes: 0 }
HISTORY_POOLED_WORK state=1 stage=filesystem scope=operation-reader-only cumulative=PoolReadCounters { leaf_requests: 0, chain_edges: 0, physical_record_calls: 0, physical_group_decodes: 0, physical_group_decoded_bytes: 0, physical_group_cache_hits: 0, value_group_decodes: 0, pack_fetches: 0, pack_bytes: 0 }
HISTORY_ENGINE_WORK {"state":1,"stage":"save_custody","available":true,"values":[922, 67134, 5129000, 0, 0, 0, 0, 195, 2620958, 891, 310208, 96546, 856064, 0, 1, 18, 16, 0, 0]}
HISTORY_PROVIDER_WORK state=1 stage=save_custody scope=operation-reader-only opens=0 group_decodes=0 pooled=PoolReadCounters { leaf_requests: 0, chain_edges: 0, physical_record_calls: 0, physical_group_decodes: 0, physical_group_decoded_bytes: 0, physical_group_cache_hits: 0, value_group_decodes: 0, pack_fetches: 0, pack_bytes: 0 }
HISTORY_POOLED_WORK state=1 stage=save_custody scope=operation-reader-only cumulative=PoolReadCounters { leaf_requests: 0, chain_edges: 0, physical_record_calls: 0, physical_group_decodes: 0, physical_group_decoded_bytes: 0, physical_group_cache_hits: 0, value_group_decodes: 0, pack_fetches: 0, pack_bytes: 0 }
HISTORY_STATE_WORK {"state":1,"full157":1,"changed_paths":276,"offered_objects":364,"acquire_ns":41229750,"construct_ns":6872291,"filesystem_ns":1522875,"save_custody_ns":30382500}
DIAGNOSTIC state=1 full157=1 root=ObjectId("ff484f8d92f57413ee83e7201fb04c8512ffd7bed3083471713db4e8e17c70d3")
HISTORY_COLD_BOUNDARY {"before_state":2,"wall_ns":3992083,"attestation":{"files":2,"length_bytes":699392,"total_pages":43,"resident_first":43,"resident_after":0,"invalidated_files":2,"page_size_bytes":16384,"first_pass_ns":275000,"attestation_ns":62000,"opens":6,"fstats":6,"mmap_calls":4,"mincore_calls":6,"munmap_calls":4,"msync_calls":2,"inventory_entries":4,"vector_peak_bytes":41}}
HISTORY_ENGINE_WORK {"state":2,"stage":"acquisition","available":true,"values":[0, 0, 0, 0, 0, 0, 0, 0, 0, 0, 0, 0, 0, 0, 0, 0, 0, 0, 0]}
HISTORY_ENGINE_WORK {"state":2,"stage":"construction","available":true,"values":[0, 0, 0, 0, 0, 0, 0, 0, 0, 0, 0, 0, 0, 0, 0, 0, 0, 0, 0]}
HISTORY_PROVIDER_WORK state=2 stage=construction scope=operation-reader-only opens=0 group_decodes=0 pooled=PoolReadCounters { leaf_requests: 0, chain_edges: 0, physical_record_calls: 0, physical_group_decodes: 0, physical_group_decoded_bytes: 0, physical_group_cache_hits: 0, value_group_decodes: 0, pack_fetches: 0, pack_bytes: 0 }
HISTORY_POOLED_WORK state=2 stage=construction scope=operation-reader-only cumulative=PoolReadCounters { leaf_requests: 0, chain_edges: 0, physical_record_calls: 0, physical_group_decodes: 0, physical_group_decoded_bytes: 0, physical_group_cache_hits: 0, value_group_decodes: 0, pack_fetches: 0, pack_bytes: 0 }
HISTORY_ENGINE_WORK {"state":2,"stage":"filesystem","available":true,"values":[1380, 35878, 8525000, 0, 0, 0, 0, 952, 3155032, 1375, 2184488, 1187118, 0, 0, 0, 188, 1, 0, 0]}
HISTORY_PROVIDER_WORK state=2 stage=filesystem scope=operation-reader-only opens=1 group_decodes=1 pooled=PoolReadCounters { leaf_requests: 112, chain_edges: 0, physical_record_calls: 224, physical_group_decodes: 0, physical_group_decoded_bytes: 0, physical_group_cache_hits: 224, value_group_decodes: 7, pack_fetches: 2, pack_bytes: 24073 }
HISTORY_POOLED_WORK state=2 stage=filesystem scope=operation-reader-only cumulative=PoolReadCounters { leaf_requests: 112, chain_edges: 0, physical_record_calls: 224, physical_group_decodes: 0, physical_group_decoded_bytes: 0, physical_group_cache_hits: 224, value_group_decodes: 7, pack_fetches: 2, pack_bytes: 24073 }
HISTORY_ENGINE_WORK {"state":2,"stage":"save_custody","available":true,"values":[2980, 210688, 15797000, 0, 0, 0, 0, 387, 5203620, 2937, 633010, 632577, 2412544, 0, 1, 55, 32, 0, 0]}
HISTORY_PROVIDER_WORK state=2 stage=save_custody scope=operation-reader-only opens=1 group_decodes=1 pooled=PoolReadCounters { leaf_requests: 112, chain_edges: 0, physical_record_calls: 224, physical_group_decodes: 0, physical_group_decoded_bytes: 0, physical_group_cache_hits: 224, value_group_decodes: 7, pack_fetches: 2, pack_bytes: 24073 }
HISTORY_POOLED_WORK state=2 stage=save_custody scope=operation-reader-only cumulative=PoolReadCounters { leaf_requests: 112, chain_edges: 0, physical_record_calls: 224, physical_group_decodes: 0, physical_group_decoded_bytes: 0, physical_group_cache_hits: 224, value_group_decodes: 7, pack_fetches: 2, pack_bytes: 24073 }
HISTORY_STATE_WORK {"state":2,"full157":11,"changed_paths":985,"offered_objects":1086,"acquire_ns":177293500,"construct_ns":27037667,"filesystem_ns":23331166,"save_custody_ns":105339042}
DIAGNOSTIC state=2 full157=11 root=ObjectId("2906f3669420afb3ec336bc5d87856328371db4e9ad644ced4224cc8d3cd75ab")
HISTORY_COLD_BOUNDARY {"before_state":3,"wall_ns":3543292,"attestation":{"files":2,"length_bytes":2553856,"total_pages":156,"resident_first":154,"resident_after":0,"invalidated_files":2,"page_size_bytes":16384,"first_pass_ns":312000,"attestation_ns":124000,"opens":6,"fstats":6,"mmap_calls":4,"mincore_calls":6,"munmap_calls":4,"msync_calls":2,"inventory_entries":4,"vector_peak_bytes":154}}
HISTORY_ENGINE_WORK {"state":3,"stage":"acquisition","available":true,"values":[0, 0, 0, 0, 0, 0, 0, 0, 0, 0, 0, 0, 0, 0, 0, 0, 0, 0, 0]}
HISTORY_ENGINE_WORK {"state":3,"stage":"construction","available":true,"values":[24, 458, 1699000, 0, 0, 0, 0, 21, 577583, 19, 71579, 94014, 0, 0, 0, 4, 1, 0, 0]}
HISTORY_PROVIDER_WORK state=3 stage=construction scope=operation-reader-only opens=1 group_decodes=1 pooled=PoolReadCounters { leaf_requests: 0, chain_edges: 0, physical_record_calls: 0, physical_group_decodes: 0, physical_group_decoded_bytes: 0, physical_group_cache_hits: 0, value_group_decodes: 0, pack_fetches: 0, pack_bytes: 0 }
HISTORY_POOLED_WORK state=3 stage=construction scope=operation-reader-only cumulative=PoolReadCounters { leaf_requests: 0, chain_edges: 0, physical_record_calls: 0, physical_group_decodes: 0, physical_group_decoded_bytes: 0, physical_group_cache_hits: 0, value_group_decodes: 0, pack_fetches: 0, pack_bytes: 0 }
HISTORY_ENGINE_WORK {"state":3,"stage":"filesystem","available":true,"values":[2026, 54042, 14882000, 0, 0, 0, 0, 1394, 4323628, 2026, 3293926, 3239718, 0, 0, 0, 302, 1, 0, 0]}
HISTORY_PROVIDER_WORK state=3 stage=filesystem scope=operation-reader-only opens=1 group_decodes=3 pooled=PoolReadCounters { leaf_requests: 158, chain_edges: 0, physical_record_calls: 316, physical_group_decodes: 0, physical_group_decoded_bytes: 0, physical_group_cache_hits: 316, value_group_decodes: 29, pack_fetches: 4, pack_bytes: 80963 }
HISTORY_POOLED_WORK state=3 stage=filesystem scope=operation-reader-only cumulative=PoolReadCounters { leaf_requests: 158, chain_edges: 0, physical_record_calls: 316, physical_group_decodes: 0, physical_group_decoded_bytes: 0, physical_group_cache_hits: 316, value_group_decodes: 29, pack_fetches: 4, pack_bytes: 80963 }
HISTORY_ENGINE_WORK {"state":3,"stage":"save_custody","available":true,"values":[4405, 276700, 28047000, 0, 0, 0, 0, 442, 5851756, 4360, 1275103, 2419442, 2383872, 0, 1, 101, 19, 0, 0]}
HISTORY_PROVIDER_WORK state=3 stage=save_custody scope=operation-reader-only opens=1 group_decodes=3 pooled=PoolReadCounters { leaf_requests: 158, chain_edges: 0, physical_record_calls: 316, physical_group_decodes: 0, physical_group_decoded_bytes: 0, physical_group_cache_hits: 316, value_group_decodes: 29, pack_fetches: 4, pack_bytes: 80963 }
HISTORY_POOLED_WORK state=3 stage=save_custody scope=operation-reader-only cumulative=PoolReadCounters { leaf_requests: 158, chain_edges: 0, physical_record_calls: 316, physical_group_decodes: 0, physical_group_decoded_bytes: 0, physical_group_cache_hits: 316, value_group_decodes: 29, pack_fetches: 4, pack_bytes: 80963 }
HISTORY_STATE_WORK {"state":3,"full157":21,"changed_paths":1000,"offered_objects":1202,"acquire_ns":213172875,"construct_ns":39537917,"filesystem_ns":34108542,"save_custody_ns":162870250}
DIAGNOSTIC state=3 full157=21 root=ObjectId("1282ed4c917126c0ee219ba221243405bf0223092021c860b48163b741068bde")
HISTORY_COLD_BOUNDARY {"before_state":4,"wall_ns":3725083,"attestation":{"files":2,"length_bytes":4120576,"total_pages":252,"resident_first":250,"resident_after":0,"invalidated_files":2,"page_size_bytes":16384,"first_pass_ns":426000,"attestation_ns":136000,"opens":6,"fstats":6,"mmap_calls":4,"mincore_calls":6,"munmap_calls":4,"msync_calls":2,"inventory_entries":4,"vector_peak_bytes":250}}
HISTORY_ENGINE_WORK {"state":4,"stage":"acquisition","available":true,"values":[0, 0, 0, 0, 0, 0, 0, 0, 0, 0, 0, 0, 0, 0, 0, 0, 0, 0, 0]}
HISTORY_ENGINE_WORK {"state":4,"stage":"construction","available":true,"values":[27, 495, 1177000, 0, 0, 0, 0, 24, 686832, 22, 254459, 96612, 0, 0, 0, 4, 1, 0, 0]}
HISTORY_PROVIDER_WORK state=4 stage=construction scope=operation-reader-only opens=1 group_decodes=1 pooled=PoolReadCounters { leaf_requests: 0, chain_edges: 0, physical_record_calls: 0, physical_group_decodes: 0, physical_group_decoded_bytes: 0, physical_group_cache_hits: 0, value_group_decodes: 0, pack_fetches: 0, pack_bytes: 0 }
HISTORY_POOLED_WORK state=4 stage=construction scope=operation-reader-only cumulative=PoolReadCounters { leaf_requests: 0, chain_edges: 0, physical_record_calls: 0, physical_group_decodes: 0, physical_group_decoded_bytes: 0, physical_group_cache_hits: 0, value_group_decodes: 0, pack_fetches: 0, pack_bytes: 0 }
HISTORY_ENGINE_WORK {"state":4,"stage":"filesystem","available":true,"values":[3144, 90769, 24535000, 0, 0, 0, 0, 1934, 6492923, 3144, 5613578, 4878874, 0, 0, 0, 417, 1, 0, 0]}
HISTORY_PROVIDER_WORK state=4 stage=filesystem scope=operation-reader-only opens=1 group_decodes=3 pooled=PoolReadCounters { leaf_requests: 245, chain_edges: 117, physical_record_calls: 724, physical_group_decodes: 2, physical_group_decoded_bytes: 54974, physical_group_cache_hits: 722, value_group_decodes: 59, pack_fetches: 7, pack_bytes: 151742 }
HISTORY_POOLED_WORK state=4 stage=filesystem scope=operation-reader-only cumulative=PoolReadCounters { leaf_requests: 245, chain_edges: 117, physical_record_calls: 724, physical_group_decodes: 2, physical_group_decoded_bytes: 54974, physical_group_cache_hits: 722, value_group_decodes: 59, pack_fetches: 7, pack_bytes: 151742 }
HISTORY_ENGINE_WORK {"state":4,"stage":"save_custody","available":true,"values":[5745, 335546, 47559000, 0, 0, 0, 0, 514, 7549334, 5700, 2186486, 4236619, 2328576, 0, 1, 152, 23, 0, 0]}
HISTORY_PROVIDER_WORK state=4 stage=save_custody scope=operation-reader-only opens=1 group_decodes=3 pooled=PoolReadCounters { leaf_requests: 245, chain_edges: 117, physical_record_calls: 724, physical_group_decodes: 2, physical_group_decoded_bytes: 54974, physical_group_cache_hits: 722, value_group_decodes: 59, pack_fetches: 7, pack_bytes: 151742 }
HISTORY_POOLED_WORK state=4 stage=save_custody scope=operation-reader-only cumulative=PoolReadCounters { leaf_requests: 245, chain_edges: 117, physical_record_calls: 724, physical_group_decodes: 2, physical_group_decoded_bytes: 54974, physical_group_cache_hits: 722, value_group_decodes: 59, pack_fetches: 7, pack_bytes: 151742 }
HISTORY_STATE_WORK {"state":4,"full157":31,"changed_paths":1103,"offered_objects":1260,"acquire_ns":239259792,"construct_ns":43187791,"filesystem_ns":54370958,"save_custody_ns":210038959}
DIAGNOSTIC state=4 full157=31 root=ObjectId("92f98e576ec1811361095b29bea2cc5137d2eca8c9b3fce96d75cfb4c30a7fa9")
HISTORY_COLD_BOUNDARY {"before_state":5,"wall_ns":3865292,"attestation":{"files":2,"length_bytes":5322752,"total_pages":325,"resident_first":323,"resident_after":0,"invalidated_files":2,"page_size_bytes":16384,"first_pass_ns":524000,"attestation_ns":178000,"opens":6,"fstats":6,"mmap_calls":4,"mincore_calls":6,"munmap_calls":4,"msync_calls":2,"inventory_entries":4,"vector_peak_bytes":323}}
HISTORY_ENGINE_WORK {"state":5,"stage":"acquisition","available":true,"values":[0, 0, 0, 0, 0, 0, 0, 0, 0, 0, 0, 0, 0, 0, 0, 0, 0, 0, 0]}
HISTORY_ENGINE_WORK {"state":5,"stage":"construction","available":true,"values":[29, 565, 8527000, 0, 0, 0, 0, 25, 1008625, 24, 113461, 330116, 0, 0, 0, 5, 1, 0, 0]}
HISTORY_PROVIDER_WORK state=5 stage=construction scope=operation-reader-only opens=1 group_decodes=1 pooled=PoolReadCounters { leaf_requests: 0, chain_edges: 0, physical_record_calls: 0, physical_group_decodes: 0, physical_group_decoded_bytes: 0, physical_group_cache_hits: 0, value_group_decodes: 0, pack_fetches: 0, pack_bytes: 0 }
HISTORY_POOLED_WORK state=5 stage=construction scope=operation-reader-only cumulative=PoolReadCounters { leaf_requests: 0, chain_edges: 0, physical_record_calls: 0, physical_group_decodes: 0, physical_group_decoded_bytes: 0, physical_group_cache_hits: 0, value_group_decodes: 0, pack_fetches: 0, pack_bytes: 0 }
HISTORY_ENGINE_WORK {"state":5,"stage":"filesystem","available":true,"values":[5475, 161243, 48461000, 0, 0, 0, 0, 3193, 10304204, 5475, 10034317, 7928652, 0, 0, 0, 677, 1, 0, 0]}
HISTORY_PROVIDER_WORK state=5 stage=filesystem scope=operation-reader-only opens=1 group_decodes=3 pooled=PoolReadCounters { leaf_requests: 362, chain_edges: 165, physical_record_calls: 1054, physical_group_decodes: 4, physical_group_decoded_bytes: 109549, physical_group_cache_hits: 1050, value_group_decodes: 92, pack_fetches: 10, pack_bytes: 226796 }
HISTORY_POOLED_WORK state=5 stage=filesystem scope=operation-reader-only cumulative=PoolReadCounters { leaf_requests: 362, chain_edges: 165, physical_record_calls: 1054, physical_group_decodes: 4, physical_group_decoded_bytes: 109549, physical_group_cache_hits: 1050, value_group_decodes: 92, pack_fetches: 10, pack_bytes: 226796 }
HISTORY_ENGINE_WORK {"state":5,"stage":"save_custody","available":true,"values":[11118, 687140, 73234000, 0, 0, 0, 0, 864, 13108180, 11065, 3120548, 8305168, 5515264, 0, 1, 284, 54, 0, 0]}
HISTORY_PROVIDER_WORK state=5 stage=save_custody scope=operation-reader-only opens=1 group_decodes=3 pooled=PoolReadCounters { leaf_requests: 362, chain_edges: 165, physical_record_calls: 1054, physical_group_decodes: 4, physical_group_decoded_bytes: 109549, physical_group_cache_hits: 1050, value_group_decodes: 92, pack_fetches: 10, pack_bytes: 226796 }
HISTORY_POOLED_WORK state=5 stage=save_custody scope=operation-reader-only cumulative=PoolReadCounters { leaf_requests: 362, chain_edges: 165, physical_record_calls: 1054, physical_group_decodes: 4, physical_group_decoded_bytes: 109549, physical_group_cache_hits: 1050, value_group_decodes: 92, pack_fetches: 10, pack_bytes: 226796 }
HISTORY_STATE_WORK {"state":5,"full157":41,"changed_paths":2716,"offered_objects":2846,"acquire_ns":547496542,"construct_ns":83248292,"filesystem_ns":100131083,"save_custody_ns":360015916}
DIAGNOSTIC state=5 full157=41 root=ObjectId("208d34b9ee9c867cf7e8988dd53d342d5acb4ca9ddc2420d2eb020c39d0b580f")
HISTORY_COLD_BOUNDARY {"before_state":6,"wall_ns":5067750,"attestation":{"files":2,"length_bytes":8488960,"total_pages":519,"resident_first":516,"resident_after":0,"invalidated_files":2,"page_size_bytes":16384,"first_pass_ns":752000,"attestation_ns":284000,"opens":6,"fstats":6,"mmap_calls":4,"mincore_calls":6,"munmap_calls":4,"msync_calls":2,"inventory_entries":4,"vector_peak_bytes":517}}
HISTORY_ENGINE_WORK {"state":6,"stage":"acquisition","available":true,"values":[0, 0, 0, 0, 0, 0, 0, 0, 0, 0, 0, 0, 0, 0, 0, 0, 0, 0, 0]}
HISTORY_ENGINE_WORK {"state":6,"stage":"construction","available":true,"values":[47, 923, 3527000, 0, 0, 0, 0, 40, 717874, 42, 132792, 381540, 0, 0, 0, 8, 2, 0, 0]}
HISTORY_PROVIDER_WORK state=6 stage=construction scope=operation-reader-only opens=1 group_decodes=1 pooled=PoolReadCounters { leaf_requests: 0, chain_edges: 0, physical_record_calls: 0, physical_group_decodes: 0, physical_group_decoded_bytes: 0, physical_group_cache_hits: 0, value_group_decodes: 0, pack_fetches: 0, pack_bytes: 0 }
HISTORY_POOLED_WORK state=6 stage=construction scope=operation-reader-only cumulative=PoolReadCounters { leaf_requests: 0, chain_edges: 0, physical_record_calls: 0, physical_group_decodes: 0, physical_group_decoded_bytes: 0, physical_group_cache_hits: 0, value_group_decodes: 0, pack_fetches: 0, pack_bytes: 0 }
HISTORY_ENGINE_WORK {"state":6,"stage":"filesystem","available":true,"values":[5051, 155774, 55901000, 0, 0, 0, 0, 2889, 9634966, 5051, 10205236, 13707027, 0, 0, 0, 614, 1, 0, 0]}
HISTORY_PROVIDER_WORK state=6 stage=filesystem scope=operation-reader-only opens=1 group_decodes=6 pooled=PoolReadCounters { leaf_requests: 452, chain_edges: 82, physical_record_calls: 1068, physical_group_decodes: 3, physical_group_decoded_bytes: 63022, physical_group_cache_hits: 1065, value_group_decodes: 136, pack_fetches: 10, pack_bytes: 327042 }
HISTORY_POOLED_WORK state=6 stage=filesystem scope=operation-reader-only cumulative=PoolReadCounters { leaf_requests: 452, chain_edges: 82, physical_record_calls: 1068, physical_group_decodes: 3, physical_group_decoded_bytes: 63022, physical_group_cache_hits: 1065, value_group_decodes: 136, pack_fetches: 10, pack_bytes: 327042 }
HISTORY_ENGINE_WORK {"state":6,"stage":"save_custody","available":true,"values":[10558, 611882, 95028000, 0, 0, 0, 0, 917, 12577404, 10505, 5282412, 13061836, 5564416, 0, 1, 378, 23, 0, 0]}
HISTORY_PROVIDER_WORK state=6 stage=save_custody scope=operation-reader-only opens=1 group_decodes=6 pooled=PoolReadCounters { leaf_requests: 452, chain_edges: 82, physical_record_calls: 1068, physical_group_decodes: 3, physical_group_decoded_bytes: 63022, physical_group_cache_hits: 1065, value_group_decodes: 136, pack_fetches: 10, pack_bytes: 327042 }
HISTORY_POOLED_WORK state=6 stage=save_custody scope=operation-reader-only cumulative=PoolReadCounters { leaf_requests: 452, chain_edges: 82, physical_record_calls: 1068, physical_group_decodes: 3, physical_group_decoded_bytes: 63022, physical_group_cache_hits: 1065, value_group_decodes: 136, pack_fetches: 10, pack_bytes: 327042 }
HISTORY_STATE_WORK {"state":6,"full157":51,"changed_paths":2073,"offered_objects":2233,"acquire_ns":560924792,"construct_ns":73153083,"filesystem_ns":106343250,"save_custody_ns":384423208}
DIAGNOSTIC state=6 full157=51 root=ObjectId("0bba4b43e94f8d20551a062b35379db0897e89f8de62b425b7d47abd4f79e698")
HISTORY_COLD_BOUNDARY {"before_state":7,"wall_ns":4058667,"attestation":{"files":2,"length_bytes":11257856,"total_pages":688,"resident_first":683,"resident_after":0,"invalidated_files":2,"page_size_bytes":16384,"first_pass_ns":824000,"attestation_ns":307000,"opens":6,"fstats":6,"mmap_calls":4,"mincore_calls":6,"munmap_calls":4,"msync_calls":2,"inventory_entries":4,"vector_peak_bytes":686}}
HISTORY_ENGINE_WORK {"state":7,"stage":"acquisition","available":true,"values":[0, 0, 0, 0, 0, 0, 0, 0, 0, 0, 0, 0, 0, 0, 0, 0, 0, 0, 0]}
HISTORY_ENGINE_WORK {"state":7,"stage":"construction","available":true,"values":[47, 923, 2411000, 0, 0, 0, 0, 40, 729123, 42, 109794, 292324, 0, 0, 0, 8, 1, 0, 0]}
HISTORY_PROVIDER_WORK state=7 stage=construction scope=operation-reader-only opens=1 group_decodes=1 pooled=PoolReadCounters { leaf_requests: 0, chain_edges: 0, physical_record_calls: 0, physical_group_decodes: 0, physical_group_decoded_bytes: 0, physical_group_cache_hits: 0, value_group_decodes: 0, pack_fetches: 0, pack_bytes: 0 }
HISTORY_POOLED_WORK state=7 stage=construction scope=operation-reader-only cumulative=PoolReadCounters { leaf_requests: 0, chain_edges: 0, physical_record_calls: 0, physical_group_decodes: 0, physical_group_decoded_bytes: 0, physical_group_cache_hits: 0, value_group_decodes: 0, pack_fetches: 0, pack_bytes: 0 }
HISTORY_ENGINE_WORK {"state":7,"stage":"filesystem","available":true,"values":[6699, 214123, 68511000, 0, 0, 0, 0, 3535, 11295559, 6699, 13581202, 16771856, 0, 0, 0, 759, 2, 0, 0]}
HISTORY_PROVIDER_WORK state=7 stage=filesystem scope=operation-reader-only opens=1 group_decodes=7 pooled=PoolReadCounters { leaf_requests: 532, chain_edges: 248, physical_record_calls: 1560, physical_group_decodes: 5, physical_group_decoded_bytes: 157577, physical_group_cache_hits: 1555, value_group_decodes: 832, pack_fetches: 14, pack_bytes: 466157 }
HISTORY_POOLED_WORK state=7 stage=filesystem scope=operation-reader-only cumulative=PoolReadCounters { leaf_requests: 532, chain_edges: 248, physical_record_calls: 1560, physical_group_decodes: 5, physical_group_decoded_bytes: 157577, physical_group_cache_hits: 1555, value_group_decodes: 832, pack_fetches: 14, pack_bytes: 466157 }
HISTORY_ENGINE_WORK {"state":7,"stage":"save_custody","available":true,"values":[15017, 867654, 139630000, 0, 0, 0, 0, 1206, 17357957, 14958, 7413512, 19215449, 7225344, 0, 1, 529, 37, 0, 0]}
HISTORY_PROVIDER_WORK state=7 stage=save_custody scope=operation-reader-only opens=1 group_decodes=7 pooled=PoolReadCounters { leaf_requests: 532, chain_edges: 248, physical_record_calls: 1560, physical_group_decodes: 5, physical_group_decoded_bytes: 157577, physical_group_cache_hits: 1555, value_group_decodes: 832, pack_fetches: 14, pack_bytes: 466157 }
HISTORY_POOLED_WORK state=7 stage=save_custody scope=operation-reader-only cumulative=PoolReadCounters { leaf_requests: 532, chain_edges: 248, physical_record_calls: 1560, physical_group_decodes: 5, physical_group_decoded_bytes: 157577, physical_group_cache_hits: 1555, value_group_decodes: 832, pack_fetches: 14, pack_bytes: 466157 }
HISTORY_STATE_WORK {"state":7,"full157":61,"changed_paths":2895,"offered_objects":3130,"acquire_ns":804899708,"construct_ns":81324708,"filesystem_ns":139944416,"save_custody_ns":532335916}
DIAGNOSTIC state=7 full157=61 root=ObjectId("83c507e708c9a53e0d205d666c84d2c08ff2c8f60d63604df4b719417577cbdc")
HISTORY_COLD_BOUNDARY {"before_state":8,"wall_ns":4677334,"attestation":{"files":2,"length_bytes":14353408,"total_pages":877,"resident_first":874,"resident_after":0,"invalidated_files":2,"page_size_bytes":16384,"first_pass_ns":1226000,"attestation_ns":363000,"opens":6,"fstats":6,"mmap_calls":4,"mincore_calls":6,"munmap_calls":4,"msync_calls":2,"inventory_entries":4,"vector_peak_bytes":875}}
HISTORY_ENGINE_WORK {"state":8,"stage":"acquisition","available":true,"values":[0, 0, 0, 0, 0, 0, 0, 0, 0, 0, 0, 0, 0, 0, 0, 0, 0, 0, 0]}
HISTORY_ENGINE_WORK {"state":8,"stage":"construction","available":true,"values":[47, 923, 2453000, 0, 0, 0, 0, 40, 710830, 42, 101331, 244324, 0, 0, 0, 8, 1, 0, 0]}
HISTORY_PROVIDER_WORK state=8 stage=construction scope=operation-reader-only opens=1 group_decodes=1 pooled=PoolReadCounters { leaf_requests: 0, chain_edges: 0, physical_record_calls: 0, physical_group_decodes: 0, physical_group_decoded_bytes: 0, physical_group_cache_hits: 0, value_group_decodes: 0, pack_fetches: 0, pack_bytes: 0 }
HISTORY_POOLED_WORK state=8 stage=construction scope=operation-reader-only cumulative=PoolReadCounters { leaf_requests: 0, chain_edges: 0, physical_record_calls: 0, physical_group_decodes: 0, physical_group_decoded_bytes: 0, physical_group_cache_hits: 0, value_group_decodes: 0, pack_fetches: 0, pack_bytes: 0 }
HISTORY_ENGINE_WORK {"state":8,"stage":"filesystem","available":true,"values":[6889, 230558, 76967000, 0, 0, 0, 0, 3330, 10681224, 6889, 14713431, 15602234, 0, 0, 0, 718, 3, 0, 0]}
HISTORY_PROVIDER_WORK state=8 stage=filesystem scope=operation-reader-only opens=1 group_decodes=20 pooled=PoolReadCounters { leaf_requests: 554, chain_edges: 340, physical_record_calls: 1788, physical_group_decodes: 16, physical_group_decoded_bytes: 666199, physical_group_cache_hits: 1772, value_group_decodes: 1189, pack_fetches: 17, pack_bytes: 627619 }
HISTORY_POOLED_WORK state=8 stage=filesystem scope=operation-reader-only cumulative=PoolReadCounters { leaf_requests: 554, chain_edges: 340, physical_record_calls: 1788, physical_group_decodes: 16, physical_group_decoded_bytes: 666199, physical_group_cache_hits: 1772, value_group_decodes: 1189, pack_fetches: 17, pack_bytes: 627619 }
HISTORY_ENGINE_WORK {"state":8,"stage":"save_custody","available":true,"values":[11632, 617098, 122067000, 0, 0, 0, 0, 1169, 12823288, 11581, 6827126, 19966989, 4362240, 0, 1, 624, 22, 0, 0]}
HISTORY_PROVIDER_WORK state=8 stage=save_custody scope=operation-reader-only opens=1 group_decodes=20 pooled=PoolReadCounters { leaf_requests: 554, chain_edges: 340, physical_record_calls: 1788, physical_group_decodes: 16, physical_group_decoded_bytes: 666199, physical_group_cache_hits: 1772, value_group_decodes: 1189, pack_fetches: 17, pack_bytes: 627619 }
HISTORY_POOLED_WORK state=8 stage=save_custody scope=operation-reader-only cumulative=PoolReadCounters { leaf_requests: 554, chain_edges: 340, physical_record_calls: 1788, physical_group_decodes: 16, physical_group_decoded_bytes: 666199, physical_group_cache_hits: 1772, value_group_decodes: 1189, pack_fetches: 17, pack_bytes: 627619 }
HISTORY_STATE_WORK {"state":8,"full157":71,"changed_paths":1638,"offered_objects":1824,"acquire_ns":612105417,"construct_ns":58516208,"filesystem_ns":150389750,"save_custody_ns":417172084}
DIAGNOSTIC state=8 full157=71 root=ObjectId("ca4ac6eb28a22995b580b57435f904b48594f3eb14d0405bf1fcbc1fd5ef9d0e")
HISTORY_COLD_BOUNDARY {"before_state":9,"wall_ns":5227292,"attestation":{"files":2,"length_bytes":15681536,"total_pages":958,"resident_first":949,"resident_after":0,"invalidated_files":2,"page_size_bytes":16384,"first_pass_ns":1150000,"attestation_ns":515000,"opens":6,"fstats":6,"mmap_calls":4,"mincore_calls":6,"munmap_calls":4,"msync_calls":2,"inventory_entries":4,"vector_peak_bytes":956}}
HISTORY_ENGINE_WORK {"state":9,"stage":"acquisition","available":true,"values":[0, 0, 0, 0, 0, 0, 0, 0, 0, 0, 0, 0, 0, 0, 0, 0, 0, 0, 0]}
HISTORY_ENGINE_WORK {"state":9,"stage":"construction","available":true,"values":[64, 1450, 9145000, 0, 0, 0, 0, 50, 989045, 59, 254163, 1194851, 0, 0, 0, 15, 2, 0, 0]}
HISTORY_PROVIDER_WORK state=9 stage=construction scope=operation-reader-only opens=1 group_decodes=1 pooled=PoolReadCounters { leaf_requests: 0, chain_edges: 0, physical_record_calls: 0, physical_group_decodes: 0, physical_group_decoded_bytes: 0, physical_group_cache_hits: 0, value_group_decodes: 0, pack_fetches: 0, pack_bytes: 0 }
HISTORY_POOLED_WORK state=9 stage=construction scope=operation-reader-only cumulative=PoolReadCounters { leaf_requests: 0, chain_edges: 0, physical_record_calls: 0, physical_group_decodes: 0, physical_group_decoded_bytes: 0, physical_group_cache_hits: 0, value_group_decodes: 0, pack_fetches: 0, pack_bytes: 0 }
HISTORY_ENGINE_WORK {"state":9,"stage":"filesystem","available":true,"values":[7355, 260572, 89314000, 0, 0, 0, 0, 3071, 11312824, 7355, 16883012, 14839145, 0, 0, 0, 669, 2, 0, 0]}
HISTORY_PROVIDER_WORK state=9 stage=filesystem scope=operation-reader-only opens=1 group_decodes=30 pooled=PoolReadCounters { leaf_requests: 551, chain_edges: 615, physical_record_calls: 2332, physical_group_decodes: 30, physical_group_decoded_bytes: 1250877, physical_group_cache_hits: 2302, value_group_decodes: 1576, pack_fetches: 20, pack_bytes: 741070 }
HISTORY_POOLED_WORK state=9 stage=filesystem scope=operation-reader-only cumulative=PoolReadCounters { leaf_requests: 551, chain_edges: 615, physical_record_calls: 2332, physical_group_decodes: 30, physical_group_decoded_bytes: 1250877, physical_group_cache_hits: 2302, value_group_decodes: 1576, pack_fetches: 20, pack_bytes: 741070 }
HISTORY_ENGINE_WORK {"state":9,"stage":"save_custody","available":true,"values":[15658, 831563, 145636000, 0, 0, 0, 0, 1567, 20344211, 15599, 7808799, 24975219, 7507968, 0, 1, 858, 36, 0, 0]}
HISTORY_PROVIDER_WORK state=9 stage=save_custody scope=operation-reader-only opens=1 group_decodes=30 pooled=PoolReadCounters { leaf_requests: 551, chain_edges: 615, physical_record_calls: 2332, physical_group_decodes: 30, physical_group_decoded_bytes: 1250877, physical_group_cache_hits: 2302, value_group_decodes: 1576, pack_fetches: 20, pack_bytes: 741070 }
HISTORY_POOLED_WORK state=9 stage=save_custody scope=operation-reader-only cumulative=PoolReadCounters { leaf_requests: 551, chain_edges: 615, physical_record_calls: 2332, physical_group_decodes: 30, physical_group_decoded_bytes: 1250877, physical_group_cache_hits: 2302, value_group_decodes: 1576, pack_fetches: 20, pack_bytes: 741070 }
HISTORY_STATE_WORK {"state":9,"full157":81,"changed_paths":2029,"offered_objects":2432,"acquire_ns":835986084,"construct_ns":92938041,"filesystem_ns":177627416,"save_custody_ns":563822458}
DIAGNOSTIC state=9 full157=81 root=ObjectId("5532bc3c204f92a48122bad3aa684b150614d1266972ed1724412e1affa55517")
HISTORY_COLD_BOUNDARY {"before_state":10,"wall_ns":5150334,"attestation":{"files":2,"length_bytes":18759680,"total_pages":1145,"resident_first":1137,"resident_after":0,"invalidated_files":2,"page_size_bytes":16384,"first_pass_ns":1582000,"attestation_ns":496000,"opens":6,"fstats":6,"mmap_calls":4,"mincore_calls":6,"munmap_calls":4,"msync_calls":2,"inventory_entries":4,"vector_peak_bytes":1143}}
HISTORY_ENGINE_WORK {"state":10,"stage":"acquisition","available":true,"values":[0, 0, 0, 0, 0, 0, 0, 0, 0, 0, 0, 0, 0, 0, 0, 0, 0, 0, 0]}
HISTORY_ENGINE_WORK {"state":10,"stage":"construction","available":true,"values":[57, 1137, 3668000, 0, 0, 0, 0, 48, 1058373, 52, 173670, 361188, 0, 0, 0, 10, 1, 0, 0]}
HISTORY_PROVIDER_WORK state=10 stage=construction scope=operation-reader-only opens=1 group_decodes=1 pooled=PoolReadCounters { leaf_requests: 0, chain_edges: 0, physical_record_calls: 0, physical_group_decodes: 0, physical_group_decoded_bytes: 0, physical_group_cache_hits: 0, value_group_decodes: 0, pack_fetches: 0, pack_bytes: 0 }
HISTORY_POOLED_WORK state=10 stage=construction scope=operation-reader-only cumulative=PoolReadCounters { leaf_requests: 0, chain_edges: 0, physical_record_calls: 0, physical_group_decodes: 0, physical_group_decoded_bytes: 0, physical_group_cache_hits: 0, value_group_decodes: 0, pack_fetches: 0, pack_bytes: 0 }
HISTORY_ENGINE_WORK {"state":10,"stage":"filesystem","available":true,"values":[7936, 295583, 121006000, 0, 0, 0, 0, 2827, 13188474, 7936, 20770537, 17245528, 0, 0, 0, 613, 1, 0, 0]}
HISTORY_PROVIDER_WORK state=10 stage=filesystem scope=operation-reader-only opens=1 group_decodes=60 pooled=PoolReadCounters { leaf_requests: 596, chain_edges: 1019, physical_record_calls: 3230, physical_group_decodes: 64, physical_group_decoded_bytes: 2824044, physical_group_cache_hits: 3166, value_group_decodes: 1904, pack_fetches: 23, pack_bytes: 863595 }
HISTORY_POOLED_WORK state=10 stage=filesystem scope=operation-reader-only cumulative=PoolReadCounters { leaf_requests: 596, chain_edges: 1019, physical_record_calls: 3230, physical_group_decodes: 64, physical_group_decoded_bytes: 2824044, physical_group_cache_hits: 3166, value_group_decodes: 1904, pack_fetches: 23, pack_bytes: 863595 }
HISTORY_ENGINE_WORK {"state":10,"stage":"save_custody","available":true,"values":[16486, 833774, 236518000, 0, 0, 0, 0, 1719, 41175991, 16433, 17637044, 31000540, 6178816, 0, 1, 1052, 20, 0, 0]}
HISTORY_PROVIDER_WORK state=10 stage=save_custody scope=operation-reader-only opens=1 group_decodes=60 pooled=PoolReadCounters { leaf_requests: 596, chain_edges: 1019, physical_record_calls: 3230, physical_group_decodes: 64, physical_group_decoded_bytes: 2824044, physical_group_cache_hits: 3166, value_group_decodes: 1904, pack_fetches: 23, pack_bytes: 863595 }
HISTORY_POOLED_WORK state=10 stage=save_custody scope=operation-reader-only cumulative=PoolReadCounters { leaf_requests: 596, chain_edges: 1019, physical_record_calls: 3230, physical_group_decodes: 64, physical_group_decoded_bytes: 2824044, physical_group_cache_hits: 3166, value_group_decodes: 1904, pack_fetches: 23, pack_bytes: 863595 }
HISTORY_STATE_WORK {"state":10,"full157":91,"changed_paths":1815,"offered_objects":2079,"acquire_ns":768699459,"construct_ns":78534958,"filesystem_ns":232269417,"save_custody_ns":803519042}
DIAGNOSTIC state=10 full157=91 root=ObjectId("1f8ab5053f1bb25ced3ec59504a196c0c5f3078dc70e8ece55fd12c8bf7412e4")
HISTORY_COLD_BOUNDARY {"before_state":11,"wall_ns":5233875,"attestation":{"files":2,"length_bytes":20729856,"total_pages":1266,"resident_first":1248,"resident_after":0,"invalidated_files":2,"page_size_bytes":16384,"first_pass_ns":1749000,"attestation_ns":486000,"opens":6,"fstats":6,"mmap_calls":4,"mincore_calls":6,"munmap_calls":4,"msync_calls":2,"inventory_entries":4,"vector_peak_bytes":1263}}
HISTORY_ENGINE_WORK {"state":11,"stage":"acquisition","available":true,"values":[0, 0, 0, 0, 0, 0, 0, 0, 0, 0, 0, 0, 0, 0, 0, 0, 0, 0, 0]}
HISTORY_ENGINE_WORK {"state":11,"stage":"construction","available":true,"values":[57, 1137, 4599000, 0, 0, 0, 0, 48, 1080085, 52, 245293, 350948, 0, 0, 0, 10, 1, 0, 0]}
HISTORY_PROVIDER_WORK state=11 stage=construction scope=operation-reader-only opens=1 group_decodes=2 pooled=PoolReadCounters { leaf_requests: 0, chain_edges: 0, physical_record_calls: 0, physical_group_decodes: 0, physical_group_decoded_bytes: 0, physical_group_cache_hits: 0, value_group_decodes: 0, pack_fetches: 0, pack_bytes: 0 }
HISTORY_POOLED_WORK state=11 stage=construction scope=operation-reader-only cumulative=PoolReadCounters { leaf_requests: 0, chain_edges: 0, physical_record_calls: 0, physical_group_decodes: 0, physical_group_decoded_bytes: 0, physical_group_cache_hits: 0, value_group_decodes: 0, pack_fetches: 0, pack_bytes: 0 }
HISTORY_ENGINE_WORK {"state":11,"stage":"filesystem","available":true,"values":[14204, 500826, 153883000, 0, 0, 0, 0, 5531, 19726244, 14204, 31404125, 29945745, 0, 0, 0, 1152, 2, 0, 0]}
HISTORY_PROVIDER_WORK state=11 stage=filesystem scope=operation-reader-only opens=1 group_decodes=107 pooled=PoolReadCounters { leaf_requests: 863, chain_edges: 2032, physical_record_calls: 5790, physical_group_decodes: 127, physical_group_decoded_bytes: 5668793, physical_group_cache_hits: 5663, value_group_decodes: 2607, pack_fetches: 27, pack_bytes: 1002215 }
HISTORY_POOLED_WORK state=11 stage=filesystem scope=operation-reader-only cumulative=PoolReadCounters { leaf_requests: 863, chain_edges: 2032, physical_record_calls: 5790, physical_group_decodes: 127, physical_group_decoded_bytes: 5668793, physical_group_cache_hits: 5663, value_group_decodes: 2607, pack_fetches: 27, pack_bytes: 1002215 }
HISTORY_ENGINE_WORK {"state":11,"stage":"save_custody","available":true,"values":[28772, 1507647, 280911000, 0, 0, 0, 0, 2085, 29476459, 28705, 17981721, 48443506, 11778048, 0, 1, 1260, 44, 0, 0]}
HISTORY_PROVIDER_WORK state=11 stage=save_custody scope=operation-reader-only opens=1 group_decodes=107 pooled=PoolReadCounters { leaf_requests: 863, chain_edges: 2032, physical_record_calls: 5790, physical_group_decodes: 127, physical_group_decoded_bytes: 5668793, physical_group_cache_hits: 5663, value_group_decodes: 2607, pack_fetches: 27, pack_bytes: 1002215 }
HISTORY_POOLED_WORK state=11 stage=save_custody scope=operation-reader-only cumulative=PoolReadCounters { leaf_requests: 863, chain_edges: 2032, physical_record_calls: 5790, physical_group_decodes: 127, physical_group_decoded_bytes: 5668793, physical_group_cache_hits: 5663, value_group_decodes: 2607, pack_fetches: 27, pack_bytes: 1002215 }
HISTORY_STATE_WORK {"state":11,"full157":101,"changed_paths":4122,"offered_objects":4174,"acquire_ns":1352969000,"construct_ns":132131291,"filesystem_ns":365430166,"save_custody_ns":952729625}
DIAGNOSTIC state=11 full157=101 root=ObjectId("ac623f883e77b3e5150a4188d62bfdb4fc9bee9ecc74168e15fe516e590ed7e0")
HISTORY_COLD_BOUNDARY {"before_state":12,"wall_ns":6122792,"attestation":{"files":2,"length_bytes":24752128,"total_pages":1512,"resident_first":1491,"resident_after":0,"invalidated_files":2,"page_size_bytes":16384,"first_pass_ns":1924000,"attestation_ns":649000,"opens":6,"fstats":6,"mmap_calls":4,"mincore_calls":6,"munmap_calls":4,"msync_calls":2,"inventory_entries":4,"vector_peak_bytes":1509}}
HISTORY_ENGINE_WORK {"state":12,"stage":"acquisition","available":true,"values":[0, 0, 0, 0, 0, 0, 0, 0, 0, 0, 0, 0, 0, 0, 0, 0, 0, 0, 0]}
HISTORY_ENGINE_WORK {"state":12,"stage":"construction","available":true,"values":[63, 1483, 14239000, 0, 0, 0, 0, 48, 1178498, 58, 344045, 1467070, 0, 0, 0, 16, 3, 0, 0]}
HISTORY_PROVIDER_WORK state=12 stage=construction scope=operation-reader-only opens=1 group_decodes=1 pooled=PoolReadCounters { leaf_requests: 0, chain_edges: 0, physical_record_calls: 0, physical_group_decodes: 0, physical_group_decoded_bytes: 0, physical_group_cache_hits: 0, value_group_decodes: 0, pack_fetches: 0, pack_bytes: 0 }
HISTORY_POOLED_WORK state=12 stage=construction scope=operation-reader-only cumulative=PoolReadCounters { leaf_requests: 0, chain_edges: 0, physical_record_calls: 0, physical_group_decodes: 0, physical_group_decoded_bytes: 0, physical_group_cache_hits: 0, value_group_decodes: 0, pack_fetches: 0, pack_bytes: 0 }
HISTORY_ENGINE_WORK {"state":12,"stage":"filesystem","available":true,"values":[16528, 607999, 195499000, 0, 0, 0, 0, 5710, 21418496, 16528, 37270284, 28987601, 0, 0, 0, 1164, 5, 0, 0]}
HISTORY_PROVIDER_WORK state=12 stage=filesystem scope=operation-reader-only opens=1 group_decodes=193 pooled=PoolReadCounters { leaf_requests: 1043, chain_edges: 2448, physical_record_calls: 6982, physical_group_decodes: 509, physical_group_decoded_bytes: 22847413, physical_group_cache_hits: 6473, value_group_decodes: 3127, pack_fetches: 32, pack_bytes: 1226415 }
HISTORY_POOLED_WORK state=12 stage=filesystem scope=operation-reader-only cumulative=PoolReadCounters { leaf_requests: 1043, chain_edges: 2448, physical_record_calls: 6982, physical_group_decodes: 509, physical_group_decoded_bytes: 22847413, physical_group_cache_hits: 6473, value_group_decodes: 3127, pack_fetches: 32, pack_bytes: 1226415 }
HISTORY_ENGINE_WORK {"state":12,"stage":"save_custody","available":true,"values":[29403, 1524790, 330412000, 0, 0, 0, 0, 2205, 29909872, 29338, 22797274, 60140927, 11563008, 0, 1, 1382, 40, 0, 0]}
HISTORY_PROVIDER_WORK state=12 stage=save_custody scope=operation-reader-only opens=1 group_decodes=193 pooled=PoolReadCounters { leaf_requests: 1043, chain_edges: 2448, physical_record_calls: 6982, physical_group_decodes: 509, physical_group_decoded_bytes: 22847413, physical_group_cache_hits: 6473, value_group_decodes: 3127, pack_fetches: 32, pack_bytes: 1226415 }
HISTORY_POOLED_WORK state=12 stage=save_custody scope=operation-reader-only cumulative=PoolReadCounters { leaf_requests: 1043, chain_edges: 2448, physical_record_calls: 6982, physical_group_decodes: 509, physical_group_decoded_bytes: 22847413, physical_group_cache_hits: 6473, value_group_decodes: 3127, pack_fetches: 32, pack_bytes: 1226415 }
HISTORY_STATE_WORK {"state":12,"full157":111,"changed_paths":4310,"offered_objects":4228,"acquire_ns":1510315541,"construct_ns":144523958,"filesystem_ns":453556500,"save_custody_ns":1036606458}
DIAGNOSTIC state=12 full157=111 root=ObjectId("23a46c5765b9b64f428be8455b539f009c3e5f35a77e445bcea4076770240984")
HISTORY_COLD_BOUNDARY {"before_state":13,"wall_ns":6356833,"attestation":{"files":2,"length_bytes":28039168,"total_pages":1713,"resident_first":1654,"resident_after":0,"invalidated_files":2,"page_size_bytes":16384,"first_pass_ns":2383000,"attestation_ns":773000,"opens":6,"fstats":6,"mmap_calls":4,"mincore_calls":6,"munmap_calls":4,"msync_calls":2,"inventory_entries":4,"vector_peak_bytes":1710}}
HISTORY_ENGINE_WORK {"state":13,"stage":"acquisition","available":true,"values":[0, 0, 0, 0, 0, 0, 0, 0, 0, 0, 0, 0, 0, 0, 0, 0, 0, 0, 0]}
HISTORY_ENGINE_WORK {"state":13,"stage":"construction","available":true,"values":[77, 1565, 6088000, 0, 0, 0, 0, 64, 1326708, 72, 271956, 910184, 0, 0, 0, 14, 1, 0, 0]}
HISTORY_PROVIDER_WORK state=13 stage=construction scope=operation-reader-only opens=1 group_decodes=2 pooled=PoolReadCounters { leaf_requests: 0, chain_edges: 0, physical_record_calls: 0, physical_group_decodes: 0, physical_group_decoded_bytes: 0, physical_group_cache_hits: 0, value_group_decodes: 0, pack_fetches: 0, pack_bytes: 0 }
HISTORY_POOLED_WORK state=13 stage=construction scope=operation-reader-only cumulative=PoolReadCounters { leaf_requests: 0, chain_edges: 0, physical_record_calls: 0, physical_group_decodes: 0, physical_group_decoded_bytes: 0, physical_group_cache_hits: 0, value_group_decodes: 0, pack_fetches: 0, pack_bytes: 0 }
HISTORY_ENGINE_WORK {"state":13,"stage":"filesystem","available":true,"values":[16364, 586169, 192269000, 0, 0, 0, 0, 6311, 22027106, 16364, 39375595, 38747183, 0, 0, 0, 1323, 4, 0, 0]}
HISTORY_PROVIDER_WORK state=13 stage=filesystem scope=operation-reader-only opens=1 group_decodes=139 pooled=PoolReadCounters { leaf_requests: 976, chain_edges: 1310, physical_record_calls: 4572, physical_group_decodes: 254, physical_group_decoded_bytes: 11534339, physical_group_cache_hits: 4318, value_group_decodes: 3356, pack_fetches: 36, pack_bytes: 1462587 }
HISTORY_POOLED_WORK state=13 stage=filesystem scope=operation-reader-only cumulative=PoolReadCounters { leaf_requests: 976, chain_edges: 1310, physical_record_calls: 4572, physical_group_decodes: 254, physical_group_decoded_bytes: 11534339, physical_group_cache_hits: 4318, value_group_decodes: 3356, pack_fetches: 36, pack_bytes: 1462587 }
HISTORY_ENGINE_WORK {"state":13,"stage":"save_custody","available":true,"values":[30010, 1533423, 308250000, 0, 0, 0, 0, 2361, 27987409, 29945, 20680097, 72302653, 11400192, 0, 1, 1549, 38, 0, 0]}
HISTORY_PROVIDER_WORK state=13 stage=save_custody scope=operation-reader-only opens=1 group_decodes=139 pooled=PoolReadCounters { leaf_requests: 976, chain_edges: 1310, physical_record_calls: 4572, physical_group_decodes: 254, physical_group_decoded_bytes: 11534339, physical_group_cache_hits: 4318, value_group_decodes: 3356, pack_fetches: 36, pack_bytes: 1462587 }
HISTORY_POOLED_WORK state=13 stage=save_custody scope=operation-reader-only cumulative=PoolReadCounters { leaf_requests: 976, chain_edges: 1310, physical_record_calls: 4572, physical_group_decodes: 254, physical_group_decoded_bytes: 11534339, physical_group_cache_hits: 4318, value_group_decodes: 3356, pack_fetches: 36, pack_bytes: 1462587 }
HISTORY_STATE_WORK {"state":13,"full157":121,"changed_paths":4086,"offered_objects":3985,"acquire_ns":1545077916,"construct_ns":137358042,"filesystem_ns":425882708,"save_custody_ns":994140125}
DIAGNOSTIC state=13 full157=121 root=ObjectId("f47315de1d996263ecfc900244742c43862765e90e781a1c84619785e18b2928")
HISTORY_COLD_BOUNDARY {"before_state":14,"wall_ns":6669083,"attestation":{"files":2,"length_bytes":30896128,"total_pages":1887,"resident_first":1821,"resident_after":0,"invalidated_files":2,"page_size_bytes":16384,"first_pass_ns":2508000,"attestation_ns":758000,"opens":6,"fstats":6,"mmap_calls":4,"mincore_calls":6,"munmap_calls":4,"msync_calls":2,"inventory_entries":4,"vector_peak_bytes":1884}}
HISTORY_ENGINE_WORK {"state":14,"stage":"acquisition","available":true,"values":[0, 0, 0, 0, 0, 0, 0, 0, 0, 0, 0, 0, 0, 0, 0, 0, 0, 0, 0]}
HISTORY_ENGINE_WORK {"state":14,"stage":"construction","available":true,"values":[68, 1454, 8612000, 0, 0, 0, 0, 55, 1363498, 63, 270669, 730692, 0, 0, 0, 14, 3, 0, 0]}
HISTORY_PROVIDER_WORK state=14 stage=construction scope=operation-reader-only opens=1 group_decodes=1 pooled=PoolReadCounters { leaf_requests: 0, chain_edges: 0, physical_record_calls: 0, physical_group_decodes: 0, physical_group_decoded_bytes: 0, physical_group_cache_hits: 0, value_group_decodes: 0, pack_fetches: 0, pack_bytes: 0 }
HISTORY_POOLED_WORK state=14 stage=construction scope=operation-reader-only cumulative=PoolReadCounters { leaf_requests: 0, chain_edges: 0, physical_record_calls: 0, physical_group_decodes: 0, physical_group_decoded_bytes: 0, physical_group_cache_hits: 0, value_group_decodes: 0, pack_fetches: 0, pack_bytes: 0 }
HISTORY_ENGINE_WORK {"state":14,"stage":"filesystem","available":true,"values":[26325, 925714, 259461000, 0, 0, 0, 0, 10553, 36064631, 26325, 60078407, 55007396, 0, 0, 0, 2223, 3, 0, 0]}
HISTORY_PROVIDER_WORK state=14 stage=filesystem scope=operation-reader-only opens=1 group_decodes=261 pooled=PoolReadCounters { leaf_requests: 1414, chain_edges: 2053, physical_record_calls: 6934, physical_group_decodes: 659, physical_group_decoded_bytes: 30035950, physical_group_cache_hits: 6275, value_group_decodes: 4510, pack_fetches: 40, pack_bytes: 1657918 }
HISTORY_POOLED_WORK state=14 stage=filesystem scope=operation-reader-only cumulative=PoolReadCounters { leaf_requests: 1414, chain_edges: 2053, physical_record_calls: 6934, physical_group_decodes: 659, physical_group_decoded_bytes: 30035950, physical_group_cache_hits: 6275, value_group_decodes: 4510, pack_fetches: 40, pack_bytes: 1657918 }
HISTORY_ENGINE_WORK {"state":14,"stage":"save_custody","available":true,"values":[41921, 2180694, 464736000, 0, 0, 0, 0, 2891, 40080501, 41846, 28620959, 102571303, 17496064, 0, 1, 1870, 49, 0, 0]}
HISTORY_PROVIDER_WORK state=14 stage=save_custody scope=operation-reader-only opens=1 group_decodes=261 pooled=PoolReadCounters { leaf_requests: 1414, chain_edges: 2053, physical_record_calls: 6934, physical_group_decodes: 659, physical_group_decoded_bytes: 30035950, physical_group_cache_hits: 6275, value_group_decodes: 4510, pack_fetches: 40, pack_bytes: 1657918 }
HISTORY_POOLED_WORK state=14 stage=save_custody scope=operation-reader-only cumulative=PoolReadCounters { leaf_requests: 1414, chain_edges: 2053, physical_record_calls: 6934, physical_group_decodes: 659, physical_group_decoded_bytes: 30035950, physical_group_cache_hits: 6275, value_group_decodes: 4510, pack_fetches: 40, pack_bytes: 1657918 }
HISTORY_STATE_WORK {"state":14,"full157":131,"changed_paths":6320,"offered_objects":5983,"acquire_ns":1977908917,"construct_ns":181368500,"filesystem_ns":675403667,"save_custody_ns":1402281834}
DIAGNOSTIC state=14 full157=131 root=ObjectId("9619cad6e350b6c872b95ed5ec8468a07e24453df60032ff8f826e581ab57878")
HISTORY_COLD_BOUNDARY {"before_state":15,"wall_ns":6457959,"attestation":{"files":2,"length_bytes":35759104,"total_pages":2183,"resident_first":2105,"resident_after":0,"invalidated_files":2,"page_size_bytes":16384,"first_pass_ns":2401000,"attestation_ns":819000,"opens":6,"fstats":6,"mmap_calls":4,"mincore_calls":6,"munmap_calls":4,"msync_calls":2,"inventory_entries":4,"vector_peak_bytes":2180}}
HISTORY_ENGINE_WORK {"state":15,"stage":"acquisition","available":true,"values":[0, 0, 0, 0, 0, 0, 0, 0, 0, 0, 0, 0, 0, 0, 0, 0, 0, 0, 0]}
HISTORY_ENGINE_WORK {"state":15,"stage":"construction","available":true,"values":[93, 1989, 11403000, 0, 0, 0, 0, 75, 1462000, 88, 376705, 973792, 0, 0, 0, 19, 1, 0, 0]}
HISTORY_PROVIDER_WORK state=15 stage=construction scope=operation-reader-only opens=1 group_decodes=1 pooled=PoolReadCounters { leaf_requests: 0, chain_edges: 0, physical_record_calls: 0, physical_group_decodes: 0, physical_group_decoded_bytes: 0, physical_group_cache_hits: 0, value_group_decodes: 0, pack_fetches: 0, pack_bytes: 0 }
HISTORY_POOLED_WORK state=15 stage=construction scope=operation-reader-only cumulative=PoolReadCounters { leaf_requests: 0, chain_edges: 0, physical_record_calls: 0, physical_group_decodes: 0, physical_group_decoded_bytes: 0, physical_group_cache_hits: 0, value_group_decodes: 0, pack_fetches: 0, pack_bytes: 0 }
HISTORY_ENGINE_WORK {"state":15,"stage":"filesystem","available":true,"values":[27839, 969364, 302083000, 0, 0, 0, 0, 11733, 40753197, 27839, 65751825, 50118577, 0, 0, 0, 2478, 3, 0, 0]}
HISTORY_PROVIDER_WORK state=15 stage=filesystem scope=operation-reader-only opens=1 group_decodes=284 pooled=PoolReadCounters { leaf_requests: 1617, chain_edges: 1319, physical_record_calls: 5872, physical_group_decodes: 496, physical_group_decoded_bytes: 23278963, physical_group_cache_hits: 5376, value_group_decodes: 4832, pack_fetches: 43, pack_bytes: 1923545 }
HISTORY_POOLED_WORK state=15 stage=filesystem scope=operation-reader-only cumulative=PoolReadCounters { leaf_requests: 1617, chain_edges: 1319, physical_record_calls: 5872, physical_group_decodes: 496, physical_group_decoded_bytes: 23278963, physical_group_cache_hits: 5376, value_group_decodes: 4832, pack_fetches: 43, pack_bytes: 1923545 }
HISTORY_ENGINE_WORK {"state":15,"stage":"save_custody","available":true,"values":[39645, 2091929, 468881000, 0, 0, 0, 0, 3234, 40663623, 39566, 29579409, 128962616, 20019200, 0, 1, 2076, 76, 0, 0]}
HISTORY_PROVIDER_WORK state=15 stage=save_custody scope=operation-reader-only opens=1 group_decodes=284 pooled=PoolReadCounters { leaf_requests: 1617, chain_edges: 1319, physical_record_calls: 5872, physical_group_decodes: 496, physical_group_decoded_bytes: 23278963, physical_group_cache_hits: 5376, value_group_decodes: 4832, pack_fetches: 43, pack_bytes: 1923545 }
HISTORY_POOLED_WORK state=15 stage=save_custody scope=operation-reader-only cumulative=PoolReadCounters { leaf_requests: 1617, chain_edges: 1319, physical_record_calls: 5872, physical_group_decodes: 496, physical_group_decoded_bytes: 23278963, physical_group_cache_hits: 5376, value_group_decodes: 4832, pack_fetches: 43, pack_bytes: 1923545 }
HISTORY_STATE_WORK {"state":15,"full157":141,"changed_paths":6408,"offered_objects":6093,"acquire_ns":2117904375,"construct_ns":190781459,"filesystem_ns":728244792,"save_custody_ns":1408572584}
DIAGNOSTIC state=15 full157=141 root=ObjectId("3728f7dbc9b8276322b1c92d3db550bf95d46b27e74e14a9bc13ca740110689f")
HISTORY_COLD_BOUNDARY {"before_state":16,"wall_ns":7684125,"attestation":{"files":2,"length_bytes":42068992,"total_pages":2569,"resident_first":2482,"resident_after":0,"invalidated_files":2,"page_size_bytes":16384,"first_pass_ns":3095000,"attestation_ns":927000,"opens":6,"fstats":6,"mmap_calls":4,"mincore_calls":6,"munmap_calls":4,"msync_calls":2,"inventory_entries":4,"vector_peak_bytes":2566}}
HISTORY_ENGINE_WORK {"state":16,"stage":"acquisition","available":true,"values":[0, 0, 0, 0, 0, 0, 0, 0, 0, 0, 0, 0, 0, 0, 0, 0, 0, 0, 0]}
HISTORY_ENGINE_WORK {"state":16,"stage":"construction","available":true,"values":[82, 1672, 6923000, 0, 0, 0, 0, 68, 1142048, 77, 256619, 1018916, 0, 0, 0, 15, 2, 0, 0]}
HISTORY_PROVIDER_WORK state=16 stage=construction scope=operation-reader-only opens=1 group_decodes=1 pooled=PoolReadCounters { leaf_requests: 0, chain_edges: 0, physical_record_calls: 0, physical_group_decodes: 0, physical_group_decoded_bytes: 0, physical_group_cache_hits: 0, value_group_decodes: 0, pack_fetches: 0, pack_bytes: 0 }
HISTORY_POOLED_WORK state=16 stage=construction scope=operation-reader-only cumulative=PoolReadCounters { leaf_requests: 0, chain_edges: 0, physical_record_calls: 0, physical_group_decodes: 0, physical_group_decoded_bytes: 0, physical_group_cache_hits: 0, value_group_decodes: 0, pack_fetches: 0, pack_bytes: 0 }
HISTORY_ENGINE_WORK {"state":16,"stage":"filesystem","available":true,"values":[19824, 692033, 244880000, 0, 0, 0, 0, 8534, 28314153, 19824, 47861868, 51524964, 0, 0, 0, 1864, 4, 0, 0]}
HISTORY_PROVIDER_WORK state=16 stage=filesystem scope=operation-reader-only opens=1 group_decodes=133 pooled=PoolReadCounters { leaf_requests: 1267, chain_edges: 797, physical_record_calls: 4128, physical_group_decodes: 232, physical_group_decoded_bytes: 10557375, physical_group_cache_hits: 3896, value_group_decodes: 4777, pack_fetches: 47, pack_bytes: 2161382 }
HISTORY_POOLED_WORK state=16 stage=filesystem scope=operation-reader-only cumulative=PoolReadCounters { leaf_requests: 1267, chain_edges: 797, physical_record_calls: 4128, physical_group_decodes: 232, physical_group_decoded_bytes: 10557375, physical_group_cache_hits: 3896, value_group_decodes: 4777, pack_fetches: 47, pack_bytes: 2161382 }
HISTORY_ENGINE_WORK {"state":16,"stage":"save_custody","available":true,"values":[37952, 1932247, 490398000, 0, 0, 0, 0, 3234, 33865861, 37879, 27652217, 137226264, 15388672, 0, 1, 2178, 47, 0, 0]}
HISTORY_PROVIDER_WORK state=16 stage=save_custody scope=operation-reader-only opens=1 group_decodes=133 pooled=PoolReadCounters { leaf_requests: 1267, chain_edges: 797, physical_record_calls: 4128, physical_group_decodes: 232, physical_group_decoded_bytes: 10557375, physical_group_cache_hits: 3896, value_group_decodes: 4777, pack_fetches: 47, pack_bytes: 2161382 }
HISTORY_POOLED_WORK state=16 stage=save_custody scope=operation-reader-only cumulative=PoolReadCounters { leaf_requests: 1267, chain_edges: 797, physical_record_calls: 4128, physical_group_decodes: 232, physical_group_decoded_bytes: 10557375, physical_group_cache_hits: 3896, value_group_decodes: 4777, pack_fetches: 47, pack_bytes: 2161382 }
HISTORY_STATE_WORK {"state":16,"full157":151,"changed_paths":4727,"offered_objects":4899,"acquire_ns":1965031917,"construct_ns":170239917,"filesystem_ns":538705167,"save_custody_ns":1340855208}
DIAGNOSTIC state=16 full157=151 root=ObjectId("fe6aa65d2f28b1f3a6fd946a400e85549bf2b6c82a0fd8b440dd6db0ece83241")
HISTORY_COLD_BOUNDARY {"before_state":17,"wall_ns":7678084,"attestation":{"files":2,"length_bytes":45806592,"total_pages":2797,"resident_first":2699,"resident_after":0,"invalidated_files":2,"page_size_bytes":16384,"first_pass_ns":3390000,"attestation_ns":1033000,"opens":6,"fstats":6,"mmap_calls":4,"mincore_calls":6,"munmap_calls":4,"msync_calls":2,"inventory_entries":4,"vector_peak_bytes":2794}}
HISTORY_ENGINE_WORK {"state":17,"stage":"acquisition","available":true,"values":[0, 0, 0, 0, 0, 0, 0, 0, 0, 0, 0, 0, 0, 0, 0, 0, 0, 0, 0]}
HISTORY_ENGINE_WORK {"state":17,"stage":"construction","available":true,"values":[96, 2162, 17327000, 0, 0, 0, 0, 75, 1737457, 91, 416880, 2280580, 0, 0, 0, 22, 1, 0, 0]}
HISTORY_PROVIDER_WORK state=17 stage=construction scope=operation-reader-only opens=1 group_decodes=1 pooled=PoolReadCounters { leaf_requests: 0, chain_edges: 0, physical_record_calls: 0, physical_group_decodes: 0, physical_group_decoded_bytes: 0, physical_group_cache_hits: 0, value_group_decodes: 0, pack_fetches: 0, pack_bytes: 0 }
HISTORY_POOLED_WORK state=17 stage=construction scope=operation-reader-only cumulative=PoolReadCounters { leaf_requests: 0, chain_edges: 0, physical_record_calls: 0, physical_group_decodes: 0, physical_group_decoded_bytes: 0, physical_group_cache_hits: 0, value_group_decodes: 0, pack_fetches: 0, pack_bytes: 0 }
HISTORY_ENGINE_WORK {"state":17,"stage":"filesystem","available":true,"values":[19256, 679903, 224793000, 0, 0, 0, 0, 7996, 27354172, 19256, 47056812, 50935948, 0, 0, 0, 1742, 3, 0, 0]}
HISTORY_PROVIDER_WORK state=17 stage=filesystem scope=operation-reader-only opens=1 group_decodes=116 pooled=PoolReadCounters { leaf_requests: 1184, chain_edges: 828, physical_record_calls: 4024, physical_group_decodes: 232, physical_group_decoded_bytes: 10456791, physical_group_cache_hits: 3792, value_group_decodes: 4801, pack_fetches: 52, pack_bytes: 2422410 }
HISTORY_POOLED_WORK state=17 stage=filesystem scope=operation-reader-only cumulative=PoolReadCounters { leaf_requests: 1184, chain_edges: 828, physical_record_calls: 4024, physical_group_decodes: 232, physical_group_decoded_bytes: 10456791, physical_group_cache_hits: 3792, value_group_decodes: 4801, pack_fetches: 52, pack_bytes: 2422410 }
HISTORY_ENGINE_WORK {"state":17,"stage":"save_custody","available":true,"values":[35220, 1828688, 481752000, 0, 0, 0, 0, 3204, 34357589, 35147, 31035605, 138607281, 16514048, 0, 1, 2118, 43, 0, 0]}
HISTORY_PROVIDER_WORK state=17 stage=save_custody scope=operation-reader-only opens=1 group_decodes=116 pooled=PoolReadCounters { leaf_requests: 1184, chain_edges: 828, physical_record_calls: 4024, physical_group_decodes: 232, physical_group_decoded_bytes: 10456791, physical_group_cache_hits: 3792, value_group_decodes: 4801, pack_fetches: 52, pack_bytes: 2422410 }
HISTORY_POOLED_WORK state=17 stage=save_custody scope=operation-reader-only cumulative=PoolReadCounters { leaf_requests: 1184, chain_edges: 828, physical_record_calls: 4024, physical_group_decodes: 232, physical_group_decoded_bytes: 10456791, physical_group_cache_hits: 3792, value_group_decodes: 4801, pack_fetches: 52, pack_bytes: 2422410 }
HISTORY_STATE_WORK {"state":17,"full157":157,"changed_paths":5914,"offered_objects":4976,"acquire_ns":1697018750,"construct_ns":181517917,"filesystem_ns":544729167,"save_custody_ns":1333996333}
DIAGNOSTIC state=17 full157=157 root=ObjectId("b9a4eeac902c5b6d10acc1d26fd69f9c1f809e1b0d68316eb98a873e9eea5d03")
HISTORY_COLD_BOUNDARY {"before_state":18,"wall_ns":8242208,"attestation":{"files":2,"length_bytes":49615872,"total_pages":3029,"resident_first":2909,"resident_after":0,"invalidated_files":2,"page_size_bytes":16384,"first_pass_ns":3781000,"attestation_ns":1086000,"opens":6,"fstats":6,"mmap_calls":4,"mincore_calls":6,"munmap_calls":4,"msync_calls":2,"inventory_entries":4,"vector_peak_bytes":3026}}
HISTORY_COLD_TOTAL {"checks":17,"wall_ns":93752086}
