   Compiling layerfs-overlay v0.1.6 (/Users/yifanxu/Ephemeral-AI-Lab/layerfs/core/crates/layerfs-overlay)
   Compiling layerfs-workspace v0.1.6 (/Users/yifanxu/Ephemeral-AI-Lab/layerfs/core/crates/layerfs-workspace)
   Compiling layerfs-daemon v0.1.6 (/Users/yifanxu/Ephemeral-AI-Lab/layerfs/core/crates/layerfs-daemon)
    Finished `test` profile [optimized + debuginfo] target(s) in 1.63s
  Executable unittests src/lib.rs (core/target/debug/deps/layerfs_daemon-4f522c7d11558724)
  Executable tests/owner.rs (core/target/debug/deps/owner-5ca345c2c5cc75fd)
  Executable unittests src/lib.rs (core/target/debug/deps/layerfs_overlay-40cf50d4caf06f50)
  Executable tests/compound.rs (core/target/debug/deps/compound-cca6e9b42fb4506c)
  Executable tests/engine.rs (core/target/debug/deps/engine-6bce881eeb426b21)
  Executable tests/frontier.rs (core/target/debug/deps/frontier-90b3a0727eeb6c05)
  Executable tests/lifetimes.rs (core/target/debug/deps/lifetimes-214cb2efae5f9cbf)
  Executable tests/orphans.rs (core/target/debug/deps/orphans-491219fdf2762d7e)
  Executable tests/payload.rs (core/target/debug/deps/payload-3ddc560f50e88698)
  Executable tests/payload_fragmentation.rs (core/target/debug/deps/payload_fragmentation-bd51494d2723ab66)
  Executable tests/source.rs (core/target/debug/deps/source-17c5614d44c506ff)
  Executable unittests src/lib.rs (core/target/debug/deps/layerfs_workspace-98052cb4f35bbf38)
  Executable tests/base.rs (core/target/debug/deps/base-5f7971ceb0bcbbda)
  Executable tests/namespace.rs (core/target/debug/deps/namespace-538b80510d7e2be5)
  Executable tests/namespace_daemon.rs (core/target/debug/deps/namespace_daemon-2d9a73b7f39baa9f)
  Executable tests/namespace_profile.rs (core/target/debug/deps/namespace_profile-a5d7d4de57ba6f13)
  Executable tests/namespace_view.rs (core/target/debug/deps/namespace_view-1620f05868b514a1)
  Executable tests/payload.rs (core/target/debug/deps/payload-f35b6fa3415b68e3)
