COMMAND: ['cargo', '+1.85.1', 'test', '--manifest-path', 'core/Cargo.toml', '--locked', '-p', 'layerfs-workspace', '-p', 'layerfs-daemon', '-p', 'layerfs-sdk', '--', '--nocapture']
TIMEOUT: 120s
    Finished `test` profile [optimized + debuginfo] target(s) in 0.05s
     Running unittests src/lib.rs (core/target/debug/deps/layerfs_daemon-c46ececdd993474e)

running 0 tests

test result: ok. 0 passed; 0 failed; 0 ignored; 0 measured; 0 filtered out; finished in 0.00s

     Running tests/owner.rs (core/target/debug/deps/owner-f13e3b52de22f9e9)

running 9 tests
test parked_capture_allows_unrelated_progress_and_includes_earlier_queued_mutation ... ok
test result_credits_and_reserved_lifecycle_capacity_survive_ordinary_saturation ... ok
test stopping_cancels_unattempted_capture_and_fences_future_admission ... ok
test lost_source_completion_retains_backed_owner_and_terminal_release_makes_cleanup_eligible ... ok
test known_install_fences_later_sources_while_existing_reads_mutations_and_other_work_progress ... ok
test lost_internal_completions_keep_exact_backed_custody_and_release_result_credits ... ok
test idle_cleanup_runs_without_an_explicit_reclaim_or_status_job ... ok
S6_OWNER_FAILURE automatic_work=OwnerWork { sql_foreground: DatabaseWork { statements: [StatementWork { attempts: 0, executions: 0, rows_returned: 0, rows_changed: 0, vm_steps: 0, fullscan_steps: 0, sorts: 0, autoindex_rows: 0, reprepares: 0, bound_bytes: 0, elapsed_ns: 0 }, StatementWork { attempts: 520, executions: 520, rows_returned: 0, rows_changed: 0, vm_steps: 2600, fullscan_steps: 0, sorts: 0, autoindex_rows: 0, reprepares: 0, bound_bytes: 0, elapsed_ns: 970717 }, StatementWork { attempts: 520, executions: 520, rows_returned: 0, rows_changed: 0, vm_steps: 1560, fullscan_steps: 0, sorts: 0, autoindex_rows: 0, reprepares: 0, bound_bytes: 0, elapsed_ns: 3533453 }, StatementWork { attempts: 0, executions: 0, rows_returned: 0, rows_changed: 0, vm_steps: 0, fullscan_steps: 0, sorts: 0, autoindex_rows: 0, reprepares: 0, bound_bytes: 0, elapsed_ns: 0 }, StatementWork { attempts: 1561, executions: 1561, rows_returned: 1304, rows_changed: 258, vm_steps: 40872, fullscan_steps: 0, sorts: 0, autoindex_rows: 0, reprepares: 0, bound_bytes: 60408, elapsed_ns: 3548696 }, StatementWork { attempts: 771, executions: 771, rows_returned: 0, rows_changed: 257, vm_steps: 37518, fullscan_steps: 0, sorts: 0, autoindex_rows: 0, reprepares: 0, bound_bytes: 43176, elapsed_ns: 3823902 }, StatementWork { attempts: 0, executions: 0, rows_returned: 0, rows_changed: 0, vm_steps: 0, fullscan_steps: 0, sorts: 0, autoindex_rows: 0, reprepares: 0, bound_bytes: 0, elapsed_ns: 0 }, StatementWork { attempts: 0, executions: 0, rows_returned: 0, rows_changed: 0, vm_steps: 0, fullscan_steps: 0, sorts: 0, autoindex_rows: 0, reprepares: 0, bound_bytes: 0, elapsed_ns: 0 }, StatementWork { attempts: 518, executions: 518, rows_returned: 0, rows_changed: 514, vm_steps: 14183, fullscan_steps: 0, sorts: 0, autoindex_rows: 0, reprepares: 0, bound_bytes: 12368, elapsed_ns: 948667 }, StatementWork { attempts: 4, executions: 4, rows_returned: 1, rows_changed: 3, vm_steps: 174, fullscan_steps: 0, sorts: 0, autoindex_rows: 0, reprepares: 0, bound_bytes: 64, elapsed_ns: 69791 }, StatementWork { attempts: 0, executions: 0, rows_returned: 0, rows_changed: 0, vm_steps: 0, fullscan_steps: 0, sorts: 0, autoindex_rows: 0, reprepares: 0, bound_bytes: 0, elapsed_ns: 0 }, StatementWork { attempts: 2, executions: 2, rows_returned: 0, rows_changed: 2, vm_steps: 78, fullscan_steps: 0, sorts: 0, autoindex_rows: 0, reprepares: 0, bound_bytes: 64, elapsed_ns: 28667 }, StatementWork { attempts: 0, executions: 0, rows_returned: 0, rows_changed: 0, vm_steps: 0, fullscan_steps: 0, sorts: 0, autoindex_rows: 0, reprepares: 0, bound_bytes: 0, elapsed_ns: 0 }, StatementWork { attempts: 2, executions: 2, rows_returned: 0, rows_changed: 2, vm_steps: 207, fullscan_steps: 0, sorts: 0, autoindex_rows: 0, reprepares: 0, bound_bytes: 48, elapsed_ns: 68874 }] }, sql_maintenance: DatabaseWork { statements: [StatementWork { attempts: 0, executions: 0, rows_returned: 0, rows_changed: 0, vm_steps: 0, fullscan_steps: 0, sorts: 0, autoindex_rows: 0, reprepares: 0, bound_bytes: 0, elapsed_ns: 0 }, StatementWork { attempts: 260, executions: 260, rows_returned: 0, rows_changed: 0, vm_steps: 1300, fullscan_steps: 0, sorts: 0, autoindex_rows: 0, reprepares: 0, bound_bytes: 0, elapsed_ns: 325628 }, StatementWork { attempts: 260, executions: 260, rows_returned: 0, rows_changed: 0, vm_steps: 780, fullscan_steps: 0, sorts: 0, autoindex_rows: 0, reprepares: 0, bound_bytes: 0, elapsed_ns: 2993626 }, StatementWork { attempts: 0, executions: 0, rows_returned: 0, rows_changed: 0, vm_steps: 0, fullscan_steps: 0, sorts: 0, autoindex_rows: 0, reprepares: 0, bound_bytes: 0, elapsed_ns: 0 }, StatementWork { attempts: 772, executions: 772, rows_returned: 516, rows_changed: 256, vm_steps: 17730, fullscan_steps: 0, sorts: 0, autoindex_rows: 0, reprepares: 0, bound_bytes: 14432, elapsed_ns: 1317007 }, StatementWork { attempts: 1537, executions: 1537, rows_returned: 768, rows_changed: 512, vm_steps: 69905, fullscan_steps: 0, sorts: 0, autoindex_rows: 0, reprepares: 0, bound_bytes: 65560, elapsed_ns: 6763985 }, StatementWork { attempts: 0, executions: 0, rows_returned: 0, rows_changed: 0, vm_steps: 0, fullscan_steps: 0, sorts: 0, autoindex_rows: 0, reprepares: 0, bound_bytes: 0, elapsed_ns: 0 }, StatementWork { attempts: 0, executions: 0, rows_returned: 0, rows_changed: 0, vm_steps: 0, fullscan_steps: 0, sorts: 0, autoindex_rows: 0, reprepares: 0, bound_bytes: 0, elapsed_ns: 0 }, StatementWork { attempts: 0, executions: 0, rows_returned: 0, rows_changed: 0, vm_steps: 0, fullscan_steps: 0, sorts: 0, autoindex_rows: 0, reprepares: 0, bound_bytes: 0, elapsed_ns: 0 }, StatementWork { attempts: 1, executions: 1, rows_returned: 0, rows_changed: 1, vm_steps: 34, fullscan_steps: 0, sorts: 0, autoindex_rows: 0, reprepares: 0, bound_bytes: 8, elapsed_ns: 26000 }, StatementWork { attempts: 0, executions: 0, rows_returned: 0, rows_changed: 0, vm_steps: 0, fullscan_steps: 0, sorts: 0, autoindex_rows: 0, reprepares: 0, bound_bytes: 0, elapsed_ns: 0 }, StatementWork { attempts: 516, executions: 516, rows_returned: 1, rows_changed: 0, vm_steps: 10615, fullscan_steps: 0, sorts: 0, autoindex_rows: 0, reprepares: 0, bound_bytes: 8256, elapsed_ns: 3171786 }, StatementWork { attempts: 0, executions: 0, rows_returned: 0, rows_changed: 0, vm_steps: 0, fullscan_steps: 0, sorts: 0, autoindex_rows: 0, reprepares: 0, bound_bytes: 0, elapsed_ns: 0 }, StatementWork { attempts: 1293, executions: 1293, rows_returned: 260, rows_changed: 517, vm_steps: 48748, fullscan_steps: 0, sorts: 0, autoindex_rows: 0, reprepares: 0, bound_bytes: 45512, elapsed_ns: 1822702 }] }, admitted: 521, completed: [0, 257, 3, 261, 0, 0], queue_wait_ns: [0, 761329, 18791126, 1328455, 0, 0], service_ns: [0, 8367629, 75792, 3374578, 0, 0], credited_bytes: 0, peak_credited_bytes: 5440, outstanding: 0, maintenance_jobs: 260, maintenance_rows: 256, maintenance_data_bytes: 0, maintenance_ns: 16739214 }
test failed_capture_waits_for_readers_while_later_writes_and_idle_composition_progress ... ok
AUTOMATIC_CLOSE unrelated_progress=9 work=OwnerWork { sql_foreground: DatabaseWork { statements: [StatementWork { attempts: 0, executions: 0, rows_returned: 0, rows_changed: 0, vm_steps: 0, fullscan_steps: 0, sorts: 0, autoindex_rows: 0, reprepares: 0, bound_bytes: 0, elapsed_ns: 0 }, StatementWork { attempts: 1029, executions: 1029, rows_returned: 0, rows_changed: 0, vm_steps: 5145, fullscan_steps: 0, sorts: 0, autoindex_rows: 0, reprepares: 0, bound_bytes: 0, elapsed_ns: 2356380 }, StatementWork { attempts: 1029, executions: 1029, rows_returned: 0, rows_changed: 0, vm_steps: 3087, fullscan_steps: 0, sorts: 0, autoindex_rows: 0, reprepares: 0, bound_bytes: 0, elapsed_ns: 7941099 }, StatementWork { attempts: 0, executions: 0, rows_returned: 0, rows_changed: 0, vm_steps: 0, fullscan_steps: 0, sorts: 0, autoindex_rows: 0, reprepares: 0, bound_bytes: 0, elapsed_ns: 0 }, StatementWork { attempts: 2076, executions: 2076, rows_returned: 1562, rows_changed: 515, vm_steps: 57701, fullscan_steps: 0, sorts: 0, autoindex_rows: 0, reprepares: 0, bound_bytes: 78696, elapsed_ns: 4045548 }, StatementWork { attempts: 1536, executions: 1536, rows_returned: 0, rows_changed: 512, vm_steps: 74748, fullscan_steps: 0, sorts: 0, autoindex_rows: 0, reprepares: 0, bound_bytes: 86016, elapsed_ns: 9673168 }, StatementWork { attempts: 0, executions: 0, rows_returned: 0, rows_changed: 0, vm_steps: 0, fullscan_steps: 0, sorts: 0, autoindex_rows: 0, reprepares: 0, bound_bytes: 0, elapsed_ns: 0 }, StatementWork { attempts: 0, executions: 0, rows_returned: 0, rows_changed: 0, vm_steps: 0, fullscan_steps: 0, sorts: 0, autoindex_rows: 0, reprepares: 0, bound_bytes: 0, elapsed_ns: 0 }, StatementWork { attempts: 1024, executions: 1024, rows_returned: 0, rows_changed: 1024, vm_steps: 28160, fullscan_steps: 0, sorts: 0, autoindex_rows: 0, reprepares: 0, bound_bytes: 24576, elapsed_ns: 1930169 }, StatementWork { attempts: 0, executions: 0, rows_returned: 0, rows_changed: 0, vm_steps: 0, fullscan_steps: 0, sorts: 0, autoindex_rows: 0, reprepares: 0, bound_bytes: 0, elapsed_ns: 0 }, StatementWork { attempts: 0, executions: 0, rows_returned: 0, rows_changed: 0, vm_steps: 0, fullscan_steps: 0, sorts: 0, autoindex_rows: 0, reprepares: 0, bound_bytes: 0, elapsed_ns: 0 }, StatementWork { attempts: 2, executions: 2, rows_returned: 0, rows_changed: 2, vm_steps: 78, fullscan_steps: 0, sorts: 0, autoindex_rows: 0, reprepares: 0, bound_bytes: 64, elapsed_ns: 93084 }, StatementWork { attempts: 0, executions: 0, rows_returned: 0, rows_changed: 0, vm_steps: 0, fullscan_steps: 0, sorts: 0, autoindex_rows: 0, reprepares: 0, bound_bytes: 0, elapsed_ns: 0 }, StatementWork { attempts: 4, executions: 4, rows_returned: 2, rows_changed: 1, vm_steps: 139, fullscan_steps: 0, sorts: 0, autoindex_rows: 0, reprepares: 0, bound_bytes: 48, elapsed_ns: 93667 }] }, sql_maintenance: DatabaseWork { statements: [StatementWork { attempts: 0, executions: 0, rows_returned: 0, rows_changed: 0, vm_steps: 0, fullscan_steps: 0, sorts: 0, autoindex_rows: 0, reprepares: 0, bound_bytes: 0, elapsed_ns: 0 }, StatementWork { attempts: 20, executions: 20, rows_returned: 0, rows_changed: 0, vm_steps: 100, fullscan_steps: 0, sorts: 0, autoindex_rows: 0, reprepares: 0, bound_bytes: 0, elapsed_ns: 16584 }, StatementWork { attempts: 20, executions: 20, rows_returned: 0, rows_changed: 0, vm_steps: 60, fullscan_steps: 0, sorts: 0, autoindex_rows: 0, reprepares: 0, bound_bytes: 0, elapsed_ns: 95164 }, StatementWork { attempts: 0, executions: 0, rows_returned: 0, rows_changed: 0, vm_steps: 0, fullscan_steps: 0, sorts: 0, autoindex_rows: 0, reprepares: 0, bound_bytes: 0, elapsed_ns: 0 }, StatementWork { attempts: 0, executions: 0, rows_returned: 0, rows_changed: 0, vm_steps: 0, fullscan_steps: 0, sorts: 0, autoindex_rows: 0, reprepares: 0, bound_bytes: 0, elapsed_ns: 0 }, StatementWork { attempts: 0, executions: 0, rows_returned: 0, rows_changed: 0, vm_steps: 0, fullscan_steps: 0, sorts: 0, autoindex_rows: 0, reprepares: 0, bound_bytes: 0, elapsed_ns: 0 }, StatementWork { attempts: 0, executions: 0, rows_returned: 0, rows_changed: 0, vm_steps: 0, fullscan_steps: 0, sorts: 0, autoindex_rows: 0, reprepares: 0, bound_bytes: 0, elapsed_ns: 0 }, StatementWork { attempts: 0, executions: 0, rows_returned: 0, rows_changed: 0, vm_steps: 0, fullscan_steps: 0, sorts: 0, autoindex_rows: 0, reprepares: 0, bound_bytes: 0, elapsed_ns: 0 }, StatementWork { attempts: 0, executions: 0, rows_returned: 0, rows_changed: 0, vm_steps: 0, fullscan_steps: 0, sorts: 0, autoindex_rows: 0, reprepares: 0, bound_bytes: 0, elapsed_ns: 0 }, StatementWork { attempts: 0, executions: 0, rows_returned: 0, rows_changed: 0, vm_steps: 0, fullscan_steps: 0, sorts: 0, autoindex_rows: 0, reprepares: 0, bound_bytes: 0, elapsed_ns: 0 }, StatementWork { attempts: 0, executions: 0, rows_returned: 0, rows_changed: 0, vm_steps: 0, fullscan_steps: 0, sorts: 0, autoindex_rows: 0, reprepares: 0, bound_bytes: 0, elapsed_ns: 0 }, StatementWork { attempts: 0, executions: 0, rows_returned: 0, rows_changed: 0, vm_steps: 0, fullscan_steps: 0, sorts: 0, autoindex_rows: 0, reprepares: 0, bound_bytes: 0, elapsed_ns: 0 }, StatementWork { attempts: 0, executions: 0, rows_returned: 0, rows_changed: 0, vm_steps: 0, fullscan_steps: 0, sorts: 0, autoindex_rows: 0, reprepares: 0, bound_bytes: 0, elapsed_ns: 0 }, StatementWork { attempts: 581, executions: 581, rows_returned: 531, rows_changed: 524, vm_steps: 18827, fullscan_steps: 0, sorts: 0, autoindex_rows: 0, reprepares: 0, bound_bytes: 13248, elapsed_ns: 871619 }] }, admitted: 1049, completed: [0, 512, 0, 537, 0, 0], queue_wait_ns: [0, 1457921, 0, 2461241, 0, 0], service_ns: [0, 19832633, 0, 7250414, 0, 0], credited_bytes: 0, peak_credited_bytes: 1088, outstanding: 0, maintenance_jobs: 19, maintenance_rows: 514, maintenance_data_bytes: 0, maintenance_ns: 1009792 }
test last_release_starts_automatic_cleanup_during_idle_and_unrelated_live_work ... ok

test result: ok. 9 passed; 0 failed; 0 ignored; 0 measured; 0 filtered out; finished in 0.05s

     Running unittests src/lib.rs (core/target/debug/deps/layerfs_sdk-33c8c90f8f9d6263)

running 0 tests

test result: ok. 0 passed; 0 failed; 0 ignored; 0 measured; 0 filtered out; finished in 0.00s

     Running tests/runtime.rs (core/target/debug/deps/runtime-e75646e62b883e6e)

running 6 tests
S4_OWNING_SERIALS first=1 refill=1024 next=1031 scope_allocator=history_catalog
test workspace_serials_come_from_the_owning_scope_allocator_under_authority ... ok
test refused_admission_retains_the_exact_phase_without_replay ... ok
test missing_dependency_finish_is_retained_as_the_original_storage_error ... ok
S3_OWNING_STAT logical=131071 namespace_refs=2 owning_payload_bytes=0 owning_pack_bytes=0 locate=1
test workspace_stat_uses_authenticated_scoped_owning_lengths_without_payload_or_fallback ... ok
test capability_scope_authority_and_read_window_are_checked_before_service ... ok
test independent_saves_pending_reads_retained_finish_and_slot_reuse ... ok

test result: ok. 6 passed; 0 failed; 0 ignored; 0 measured; 0 filtered out; finished in 0.02s

     Running unittests src/lib.rs (core/target/debug/deps/layerfs_workspace-7ff1834dd6cc1e68)

running 0 tests

test result: ok. 0 passed; 0 failed; 0 ignored; 0 measured; 0 filtered out; finished in 0.00s

     Running tests/base.rs (core/target/debug/deps/base-4d6c73eff9140030)

running 7 tests
test retained_old_plan_and_new_root_use_exact_immutable_cache_identities ... ok
test full_root_binding_aliases_metadata_symlinks_and_eof_use_content_apis ... ok
test logical_workspace_open_binds_real_root_without_schema_or_namespace_import ... ok
test source_errors_and_unattempted_actor_install_preserve_exact_custody ... ok
test known_install_advances_selected_base_and_preserves_retained_plans_and_later_rows ... ok
test actual_provider_wait_allows_shared_progress_and_actor_install_pairs_the_selected_base ... ok
S3_MERGE visited=507 visible=377 empty_progress_pages=1
test effective_alias_metadata_whiteouts_and_three_way_pages_advance_with_bounded_hidden_work ... ok

test result: ok. 7 passed; 0 failed; 0 ignored; 0 measured; 0 filtered out; finished in 0.02s

     Running tests/namespace.rs (core/target/debug/deps/namespace-29e92abb9cfd73a9)

running 5 tests
test unrepresentable_names_targets_and_reservations_are_refused_before_any_job ... ok
test chmod_and_utimens_follow_the_portable_grammar_and_keep_one_mtime ... ok
test create_mkdir_symlink_and_link_publish_parent_and_reference_effects_atomically ... ok
test unlink_and_rmdir_remove_one_reference_and_keep_directory_counts_exact ... ok
test rename_moves_replaces_and_refuses_cycles_without_descendant_rows ... ok

test result: ok. 5 passed; 0 failed; 0 ignored; 0 measured; 0 filtered out; finished in 0.01s

     Running tests/namespace_daemon.rs (core/target/debug/deps/namespace_daemon-56ce90ae03237edc)

running 7 tests
S6_CUSTODY_PLANS ["orphan: SEARCH orphan USING PRIMARY KEY (ns=? AND serial=?)", "file-owners: SEARCH file_custody USING PRIMARY KEY (ns=? AND serial=?)", "operation: SEARCH operation_owner USING PRIMARY KEY (ns=? AND owner=?)", "generation-held: SEARCH lease USING COVERING INDEX lease_resource (ns=? AND kind=? AND resource=?)"]
test closed_and_stopped_services_return_exact_outcomes_without_effect ... ok
S5_OWNER_PLANS ["layers: SEARCH inode USING PRIMARY KEY (ns=? AND serial=? AND gen>? AND gen<?)", "active-layer: SEARCH inode USING PRIMARY KEY (ns=? AND serial=? AND gen=?)", "lower-layer: SEARCH inode USING PRIMARY KEY (ns=? AND serial=? AND gen>? AND gen<?)", "cell: SEARCH payload USING INDEX sqlite_autoindex_payload_1 (ns=? AND serial=? AND gen=? AND cell_offset=?)", "cell-window: SEARCH payload USING INDEX payload_generation (ns=? AND gen=? AND serial=? AND cell_offset>? AND cell_offset<?)", "drop-cell: SEARCH payload USING INDEX sqlite_autoindex_payload_1 (ns=? AND serial=? AND gen=? AND cell_offset=?)", "step: SEARCH shrink USING PRIMARY KEY (ns=? AND serial=? AND gen=? AND depth=?)"]
test a_blocked_base_fact_leaves_the_owner_free_and_publishes_after_a_capture ... ok
S6_ORPHAN_OWNER captures=24 success=12 failed=12 inherited_bytes=10 orphan_bytes=9180 truncate_regrow=true last_read_outlives_close=true idle_cleanup=true
test orphans::inherited_open_unlinked_log_keeps_bytes_through_owner_installs_failures_and_idle_cleanup ... ok
S6_OWNER_OPERATION unrelated=128 operation=overwrite-128k foreground_statements=61 vm=3184 changed=40 bound_bytes=133056 fullscan=0 sorts=0 autoindex=0 reprepare=0 maintenance_accounted_separately=true
S6_OWNER_OPERATION unrelated=128 operation=shrink foreground_statements=34 vm=1087 changed=12 bound_bytes=907 fullscan=0 sorts=0 autoindex=0 reprepare=0 maintenance_accounted_separately=true
S6_OWNER_OPERATION unrelated=128 operation=regrow foreground_statements=29 vm=720 changed=8 bound_bytes=704 fullscan=0 sorts=0 autoindex=0 reprepare=0 maintenance_accounted_separately=true
S6_OWNER_OPERATION unrelated=128 operation=read-128k foreground_statements=33 vm=791 changed=4 bound_bytes=920 fullscan=0 sorts=0 autoindex=0 reprepare=0 maintenance_accounted_separately=true
S6_OWNER_OPERATION unrelated=128 operation=append foreground_statements=31 vm=809 changed=9 bound_bytes=780 fullscan=0 sorts=0 autoindex=0 reprepare=0 maintenance_accounted_separately=true
test opposing_directory_moves_from_real_threads_never_form_a_cycle ... ok
test concurrent_appenders_and_a_tail_reader_see_whole_records_through_real_owner_jobs ... ok
test concurrent_operations_through_real_owner_jobs_keep_counts_and_references_exact ... ok
S6_OWNER_OPERATION unrelated=1024 operation=overwrite-128k foreground_statements=61 vm=3184 changed=40 bound_bytes=133056 fullscan=0 sorts=0 autoindex=0 reprepare=0 maintenance_accounted_separately=true
S6_OWNER_OPERATION unrelated=1024 operation=shrink foreground_statements=34 vm=1087 changed=12 bound_bytes=907 fullscan=0 sorts=0 autoindex=0 reprepare=0 maintenance_accounted_separately=true
S6_OWNER_OPERATION unrelated=1024 operation=regrow foreground_statements=29 vm=720 changed=8 bound_bytes=704 fullscan=0 sorts=0 autoindex=0 reprepare=0 maintenance_accounted_separately=true
S6_OWNER_OPERATION unrelated=1024 operation=read-128k foreground_statements=33 vm=791 changed=4 bound_bytes=920 fullscan=0 sorts=0 autoindex=0 reprepare=0 maintenance_accounted_separately=true
S6_OWNER_OPERATION unrelated=1024 operation=append foreground_statements=31 vm=809 changed=9 bound_bytes=780 fullscan=0 sorts=0 autoindex=0 reprepare=0 maintenance_accounted_separately=true
S6_OWNER_OPERATION unrelated=4096 operation=overwrite-128k foreground_statements=61 vm=3184 changed=40 bound_bytes=133056 fullscan=0 sorts=0 autoindex=0 reprepare=0 maintenance_accounted_separately=true
S6_OWNER_OPERATION unrelated=4096 operation=shrink foreground_statements=34 vm=1087 changed=12 bound_bytes=907 fullscan=0 sorts=0 autoindex=0 reprepare=0 maintenance_accounted_separately=true
S6_OWNER_OPERATION unrelated=4096 operation=regrow foreground_statements=29 vm=720 changed=8 bound_bytes=704 fullscan=0 sorts=0 autoindex=0 reprepare=0 maintenance_accounted_separately=true
S6_OWNER_OPERATION unrelated=4096 operation=read-128k foreground_statements=33 vm=791 changed=4 bound_bytes=920 fullscan=0 sorts=0 autoindex=0 reprepare=0 maintenance_accounted_separately=true
S6_OWNER_OPERATION unrelated=4096 operation=append foreground_statements=31 vm=809 changed=9 bound_bytes=780 fullscan=0 sorts=0 autoindex=0 reprepare=0 maintenance_accounted_separately=true
S6_OWNER_MAINTENANCE statements=180 changed=57 vm=5523
test payload_complete_operations_have_indexed_work_through_the_real_owner ... ok

test result: ok. 7 passed; 0 failed; 0 ignored; 0 measured; 0 filtered out; finished in 0.87s

     Running tests/namespace_profile.rs (core/target/debug/deps/namespace_profile-fc20aef9ac4614db)

running 1 test
S4_PLANS ["lower-name: SEARCH dentry USING PRIMARY KEY (ns=? AND parent=? AND name=? AND gen>? AND gen<?)", "active-name: SEARCH dentry USING PRIMARY KEY (ns=? AND parent=? AND name=? AND gen=?)", "drop-name: SEARCH dentry USING PRIMARY KEY (ns=? AND parent=? AND name=? AND gen=?)", "active-inode: SEARCH inode USING PRIMARY KEY (ns=? AND serial=? AND gen=?)", "put-name: vm-program opcodes=79 btree-cursors=3 btree-scan-opcodes=0", "put-inode: vm-program opcodes=234 btree-cursors=3 btree-scan-opcodes=0"]
S4_OPERATION siblings=128 operation=create-inherited-parent owner_rounds=2 statements=42 vm_steps=1094 rows_changed=10 base_demand=3 fullscan=0 sorts=0 autoindex=0 reprepare=0
S4_OPERATION siblings=128 operation=create-local-parent owner_rounds=1 statements=36 vm_steps=972 rows_changed=10 base_demand=0 fullscan=0 sorts=0 autoindex=0 reprepare=0
S4_OPERATION siblings=128 operation=link-file owner_rounds=1 statements=37 vm_steps=1068 rows_changed=10 base_demand=0 fullscan=0 sorts=0 autoindex=0 reprepare=0
S4_OPERATION siblings=128 operation=rename-replace owner_rounds=2 statements=58 vm_steps=1600 rows_changed=12 base_demand=3 fullscan=0 sorts=0 autoindex=0 reprepare=0
S4_OPERATION siblings=128 operation=unlink owner_rounds=2 statements=48 vm_steps=1355 rows_changed=11 base_demand=3 fullscan=0 sorts=0 autoindex=0 reprepare=0
S4_OPERATION siblings=128 operation=mkdir owner_rounds=2 statements=42 vm_steps=1094 rows_changed=10 base_demand=3 fullscan=0 sorts=0 autoindex=0 reprepare=0
S4_OPERATION siblings=128 operation=rename-directory-across-parents owner_rounds=2 statements=71 vm_steps=1791 rows_changed=11 base_demand=3 fullscan=0 sorts=0 autoindex=0 reprepare=0
S4_OPERATION siblings=128 operation=rmdir owner_rounds=1 statements=37 vm_steps=1056 rows_changed=10 base_demand=0 fullscan=0 sorts=0 autoindex=0 reprepare=0
S4_OPERATION siblings=128 operation=chmod-utimens owner_rounds=1 statements=29 vm_steps=720 rows_changed=8 base_demand=0 fullscan=0 sorts=0 autoindex=0 reprepare=0
S4_OPERATION siblings=128 operation=lookup-local owner_rounds=0 statements=23 vm_steps=473 rows_changed=4 base_demand=0 fullscan=0 sorts=0 autoindex=0 reprepare=0
S4_OPERATION siblings=128 operation=lookup-inherited owner_rounds=0 statements=30 vm_steps=583 rows_changed=4 base_demand=14 fullscan=0 sorts=0 autoindex=0 reprepare=0
S4_OPERATION siblings=128 operation=list-window owner_rounds=0 statements=19 vm_steps=1150 rows_changed=4 base_demand=0 fullscan=0 sorts=0 autoindex=0 reprepare=0
S4_OPERATION siblings=1024 operation=create-inherited-parent owner_rounds=2 statements=42 vm_steps=1094 rows_changed=10 base_demand=3 fullscan=0 sorts=0 autoindex=0 reprepare=0
S4_OPERATION siblings=1024 operation=create-local-parent owner_rounds=1 statements=36 vm_steps=972 rows_changed=10 base_demand=0 fullscan=0 sorts=0 autoindex=0 reprepare=0
S4_OPERATION siblings=1024 operation=link-file owner_rounds=1 statements=37 vm_steps=1068 rows_changed=10 base_demand=0 fullscan=0 sorts=0 autoindex=0 reprepare=0
S4_OPERATION siblings=1024 operation=rename-replace owner_rounds=2 statements=58 vm_steps=1600 rows_changed=12 base_demand=3 fullscan=0 sorts=0 autoindex=0 reprepare=0
S4_OPERATION siblings=1024 operation=unlink owner_rounds=2 statements=48 vm_steps=1355 rows_changed=11 base_demand=3 fullscan=0 sorts=0 autoindex=0 reprepare=0
S4_OPERATION siblings=1024 operation=mkdir owner_rounds=2 statements=42 vm_steps=1094 rows_changed=10 base_demand=3 fullscan=0 sorts=0 autoindex=0 reprepare=0
S4_OPERATION siblings=1024 operation=rename-directory-across-parents owner_rounds=2 statements=71 vm_steps=1791 rows_changed=11 base_demand=3 fullscan=0 sorts=0 autoindex=0 reprepare=0
S4_OPERATION siblings=1024 operation=rmdir owner_rounds=1 statements=37 vm_steps=1056 rows_changed=10 base_demand=0 fullscan=0 sorts=0 autoindex=0 reprepare=0
S4_OPERATION siblings=1024 operation=chmod-utimens owner_rounds=1 statements=29 vm_steps=720 rows_changed=8 base_demand=0 fullscan=0 sorts=0 autoindex=0 reprepare=0
S4_OPERATION siblings=1024 operation=lookup-local owner_rounds=0 statements=23 vm_steps=473 rows_changed=4 base_demand=0 fullscan=0 sorts=0 autoindex=0 reprepare=0
S4_OPERATION siblings=1024 operation=lookup-inherited owner_rounds=0 statements=30 vm_steps=583 rows_changed=4 base_demand=14 fullscan=0 sorts=0 autoindex=0 reprepare=0
S4_OPERATION siblings=1024 operation=list-window owner_rounds=0 statements=19 vm_steps=1150 rows_changed=4 base_demand=0 fullscan=0 sorts=0 autoindex=0 reprepare=0
S4_OPERATION siblings=4096 operation=create-inherited-parent owner_rounds=2 statements=42 vm_steps=1094 rows_changed=10 base_demand=3 fullscan=0 sorts=0 autoindex=0 reprepare=0
S4_OPERATION siblings=4096 operation=create-local-parent owner_rounds=1 statements=36 vm_steps=972 rows_changed=10 base_demand=0 fullscan=0 sorts=0 autoindex=0 reprepare=0
S4_OPERATION siblings=4096 operation=link-file owner_rounds=1 statements=37 vm_steps=1068 rows_changed=10 base_demand=0 fullscan=0 sorts=0 autoindex=0 reprepare=0
S4_OPERATION siblings=4096 operation=rename-replace owner_rounds=2 statements=58 vm_steps=1600 rows_changed=12 base_demand=3 fullscan=0 sorts=0 autoindex=0 reprepare=0
S4_OPERATION siblings=4096 operation=unlink owner_rounds=2 statements=48 vm_steps=1355 rows_changed=11 base_demand=3 fullscan=0 sorts=0 autoindex=0 reprepare=0
S4_OPERATION siblings=4096 operation=mkdir owner_rounds=2 statements=42 vm_steps=1094 rows_changed=10 base_demand=3 fullscan=0 sorts=0 autoindex=0 reprepare=0
S4_OPERATION siblings=4096 operation=rename-directory-across-parents owner_rounds=2 statements=71 vm_steps=1791 rows_changed=11 base_demand=3 fullscan=0 sorts=0 autoindex=0 reprepare=0
S4_OPERATION siblings=4096 operation=rmdir owner_rounds=1 statements=37 vm_steps=1056 rows_changed=10 base_demand=0 fullscan=0 sorts=0 autoindex=0 reprepare=0
S4_OPERATION siblings=4096 operation=chmod-utimens owner_rounds=1 statements=29 vm_steps=720 rows_changed=8 base_demand=0 fullscan=0 sorts=0 autoindex=0 reprepare=0
S4_OPERATION siblings=4096 operation=lookup-local owner_rounds=0 statements=23 vm_steps=473 rows_changed=4 base_demand=0 fullscan=0 sorts=0 autoindex=0 reprepare=0
S4_OPERATION siblings=4096 operation=lookup-inherited owner_rounds=0 statements=30 vm_steps=583 rows_changed=4 base_demand=14 fullscan=0 sorts=0 autoindex=0 reprepare=0
S4_OPERATION siblings=4096 operation=list-window owner_rounds=0 statements=19 vm_steps=1150 rows_changed=4 base_demand=0 fullscan=0 sorts=0 autoindex=0 reprepare=0
test complete_operations_keep_point_work_as_names_and_inodes_grow ... ok

test result: ok. 1 passed; 0 failed; 0 ignored; 0 measured; 0 filtered out; finished in 0.83s

     Running tests/namespace_view.rs (core/target/debug/deps/namespace_view-54780618de446b5c)

running 5 tests
test a_rebound_name_between_owner_rounds_is_resolved_before_the_one_attempt ... ok
test opposing_directory_moves_cannot_form_a_cycle_between_owner_rounds ... ok
test known_install_folds_a_capture_and_keeps_later_namespace_changes ... ok
test enumeration_returns_every_persistent_name_once_across_mutation_and_resume ... ok
test name_and_inode_counts_have_no_cap_and_every_window_stays_bounded ... ok

test result: ok. 5 passed; 0 failed; 0 ignored; 0 measured; 0 filtered out; finished in 0.64s

     Running tests/payload.rs (core/target/debug/deps/payload-a57db2727daf00ef)

running 3 tests
test truncate_and_regrow_never_resurrect_bytes_across_capture_and_known_install ... ok
S5_WRITE_DEMAND inherited_file_bytes=400000 first_write_upstream_bytes=2094 attribute_facts_upstream_bytes=2094 later_write_upstream_bytes=0 base_read_128k_upstream_bytes=33640
test writes_change_only_their_window_and_never_read_the_inherited_payload ... ok
S5_READ_GAPS inherited_gaps=2048 objects=5 upstream_bytes=33640 same_as_unfragmented_range=true overwritten_window_objects=0
test fragmented_inherited_bytes_are_read_as_one_base_range ... ok

test result: ok. 3 passed; 0 failed; 0 ignored; 0 measured; 0 filtered out; finished in 0.19s

   Doc-tests layerfs_daemon

running 0 tests

test result: ok. 0 passed; 0 failed; 0 ignored; 0 measured; 0 filtered out; finished in 0.00s

   Doc-tests layerfs_sdk

running 0 tests

test result: ok. 0 passed; 0 failed; 0 ignored; 0 measured; 0 filtered out; finished in 0.00s

   Doc-tests layerfs_workspace

running 0 tests

test result: ok. 0 passed; 0 failed; 0 ignored; 0 measured; 0 filtered out; finished in 0.00s


EXIT: 0; WALL: 12.623s
