$ /Users/yifanxu/Ephemeral-AI-Lab/layerfs/core/target/release/examples/measure_edits --mode pipeline --case batch --threshold-bytes 131072 --output /Users/yifanxu/Ephemeral-AI-Lab/layerfs/docs/roadmap/0.1/0.1.7/evidence/phase1-execution-20260918T090000Z/rounds/p1-4/after/output/D24/edits-pipeline-batch
cwd /Users/yifanxu/Ephemeral-AI-Lab/layerfs
exit_code 0
wall_s 0.011
--- stdout ---
mode: pipeline
case: batch
threshold-bytes: 131072
timing: on
fixture: base 196608 bytes, 3 edit(s), 1000 replacement bytes
stream: 3 edit(s), base 196608 -> final 194308 bytes
base preparation (untimed): root 9b67d5821a39fe14ddec724ab82b05dbb76c8bc99b9849dd5314ded1410c75b4 stored as 14 object(s), 2 pack(s)
edited root: c887efb266fb423889ab26851d61652e52d017135fb4e6367530691c10383d84
edited length: 194308
save: inserted 4 reused 0 packs 2 prefix records 1 full records 3
readback bytes: 194308
readback connection opens: 1
readback: verified byte-for-byte against the independent model
scope: edit-to-save acknowledgement is edit.save; verification and readback are timed separately
--- timing tree (inclusive; overlapping spans add to nothing) ---
edit.save  1.132ms
  storage.begin  244.958us
  file.edit  389.708us
    edit.base  308.791us
      edit.base_read  307.875us
    edit.compare  292ns
    edit.split  51.959us
    edit.split  41ns
    edit.split  375ns
    content.chunk  9.167us
    edit.split  1.334us
    edit.split  792ns
    edit.split  125ns
    content.chunk  2.083us
    edit.split  917ns
    edit.split  541ns
    edit.split  166ns
    edit.finish  2.959us
  storage.finish  422.625us
--- timing tree (inclusive; overlapping spans add to nothing) ---
verify.readback  939.834us
  content.read  939.208us
    content.acquire  297.417us
    content.traverse  641.250us
      mapping.navigate  44.375us
        storage.read  44.166us
      mapping.payload  581.875us
        storage.read  581.625us
timings: 19 nodes at 4 levels -> /Users/yifanxu/Ephemeral-AI-Lab/layerfs/docs/roadmap/0.1/0.1.7/evidence/phase1-execution-20260918T090000Z/rounds/p1-4/after/output/D24/edits-pipeline-batch/pipeline-edit-save.json
timings: 8 nodes at 5 levels -> /Users/yifanxu/Ephemeral-AI-Lab/layerfs/docs/roadmap/0.1/0.1.7/evidence/phase1-execution-20260918T090000Z/rounds/p1-4/after/output/D24/edits-pipeline-batch/pipeline-readback.json
wall_seconds: 0.007390
--- stderr ---
