path                                                                           scope        prod  physical
core/crates/layerfs-content/src/error.rs                                       core          159       234
core/crates/layerfs-content/src/file/cdc/gear.rs                               core          494       538
core/crates/layerfs-content/src/file/cdc/mod.rs                                core            5        10
core/crates/layerfs-content/src/file/content.rs                                core          242       323
core/crates/layerfs-content/src/file/edit/apply.rs                             core          420       506
core/crates/layerfs-content/src/file/edit/compare.rs                           core           94       121
core/crates/layerfs-content/src/file/edit/concat.rs                            core           19        29
core/crates/layerfs-content/src/file/edit/finish.rs                            core           38        54
core/crates/layerfs-content/src/file/edit/input.rs                             core          286       390
core/crates/layerfs-content/src/file/edit/mod.rs                               core           15        20
core/crates/layerfs-content/src/file/edit/split.rs                             core           23        32
core/crates/layerfs-content/src/file/edit/tree.rs                              core          750       978
core/crates/layerfs-content/src/file/mapping/build.rs                          core          313       397
core/crates/layerfs-content/src/file/mapping/codec.rs                          core          304       345
core/crates/layerfs-content/src/file/mapping/mod.rs                            core           18        23
core/crates/layerfs-content/src/file/mapping/read.rs                           core          419       561
core/crates/layerfs-content/src/file/mapping/types.rs                          core          190       266
core/crates/layerfs-content/src/file/mod.rs                                    core           17        23
core/crates/layerfs-content/src/file/read.rs                                   core          111       127
core/crates/layerfs-content/src/file/view.rs                                   core           87       117
core/crates/layerfs-content/src/filesystem/attributes/build.rs                 core          386       433
core/crates/layerfs-content/src/filesystem/attributes/codec.rs                 core          322       375
core/crates/layerfs-content/src/filesystem/attributes/keys.rs                  core           77       107
core/crates/layerfs-content/src/filesystem/attributes/mod.rs                   core           16        19
core/crates/layerfs-content/src/filesystem/attributes/patch.rs                 core          189       234
core/crates/layerfs-content/src/filesystem/attributes/portable.rs              core           70        95
core/crates/layerfs-content/src/filesystem/attributes/read.rs                  core          167       196
core/crates/layerfs-content/src/filesystem/attributes/value.rs                 core           73        91
core/crates/layerfs-content/src/filesystem/directory/codec.rs                  core          156       190
core/crates/layerfs-content/src/filesystem/directory/mod.rs                    core            6         9
core/crates/layerfs-content/src/filesystem/directory/read.rs                   core          272       315
core/crates/layerfs-content/src/filesystem/directory/update.rs                 core           39        52
core/crates/layerfs-content/src/filesystem/identity.rs                         core           32        63
core/crates/layerfs-content/src/filesystem/inode/codec.rs                      core          145       178
core/crates/layerfs-content/src/filesystem/inode/mod.rs                        core            6         9
core/crates/layerfs-content/src/filesystem/inode/read.rs                       core          186       211
core/crates/layerfs-content/src/filesystem/inode/update.rs                     core           72        97
core/crates/layerfs-content/src/filesystem/input.rs                            core          158       233
core/crates/layerfs-content/src/filesystem/limits.rs                           core           24       113
core/crates/layerfs-content/src/filesystem/mod.rs                              core           28        33
core/crates/layerfs-content/src/filesystem/objects.rs                          core          101       166
core/crates/layerfs-content/src/filesystem/path.rs                             core          147       197
core/crates/layerfs-content/src/filesystem/read.rs                             core          212       275
core/crates/layerfs-content/src/filesystem/references/backing.rs               core          246       360
core/crates/layerfs-content/src/filesystem/references/merge.rs                 core          173       260
core/crates/layerfs-content/src/filesystem/references/mod.rs                   core           15        18
core/crates/layerfs-content/src/filesystem/references/record.rs                core          120       166
core/crates/layerfs-content/src/filesystem/references/reduce.rs                core          472       594
core/crates/layerfs-content/src/filesystem/references/release.rs               core          167       205
core/crates/layerfs-content/src/filesystem/references/runs.rs                  core          416       611
core/crates/layerfs-content/src/filesystem/root.rs                             core          119       160
core/crates/layerfs-content/src/filesystem/sorted/budget.rs                    core           83       111
core/crates/layerfs-content/src/filesystem/sorted/finish.rs                    core          156       180
core/crates/layerfs-content/src/filesystem/sorted/format.rs                    core          592       744
core/crates/layerfs-content/src/filesystem/sorted/merge.rs                     core          278       312
core/crates/layerfs-content/src/filesystem/sorted/mod.rs                       core            9        12
core/crates/layerfs-content/src/filesystem/sorted/page.rs                      core          481       614
core/crates/layerfs-content/src/filesystem/symlink.rs                          core           70        94
core/crates/layerfs-content/src/filesystem/update.rs                           core          405       500
core/crates/layerfs-content/src/filesystem/validate.rs                         core          653       824
core/crates/layerfs-content/src/lib.rs                                         core           31        48
core/crates/layerfs-content/src/object/access.rs                               core           44        86
core/crates/layerfs-content/src/object/codec.rs                                core          107       139
core/crates/layerfs-content/src/object/id.rs                                   core           70        96
core/crates/layerfs-content/src/object/inode_leaf.rs                           core          345       467
core/crates/layerfs-content/src/object/mod.rs                                  core           23        29
core/crates/layerfs-content/src/object/output.rs                               core          156       242
core/crates/layerfs-content/src/object/predecessor.rs                          core           64       102
core/crates/layerfs-content/src/policy.rs                                      core          137       237
core/crates/layerfs-storage/sql/schema.sql                                     core           48        72
core/crates/layerfs-storage/src/cas/batch.rs                                   core           58        87
core/crates/layerfs-storage/src/cas/dependencies.rs                            core           60        86
core/crates/layerfs-storage/src/cas/finish.rs                                  core           16        25
core/crates/layerfs-storage/src/cas/lifecycle.rs                               core          174       232
core/crates/layerfs-storage/src/cas/membership.rs                              core           32        47
core/crates/layerfs-storage/src/cas/mod.rs                                     core           18        23
core/crates/layerfs-storage/src/cas/owner.rs                                   core           88       148
core/crates/layerfs-storage/src/cas/placement.rs                               core          134       180
core/crates/layerfs-storage/src/cas/pool_lane.rs                               core          273       365
core/crates/layerfs-storage/src/cas/provider.rs                                core          109       175
core/crates/layerfs-storage/src/cas/read.rs                                    core          115       170
core/crates/layerfs-storage/src/cas/save.rs                                    core           52        76
core/crates/layerfs-storage/src/cas/selection.rs                               core          107       137
core/crates/layerfs-storage/src/cas/store.rs                                   core          399       605
core/crates/layerfs-storage/src/encoding/codec.rs                              core          515       663
core/crates/layerfs-storage/src/encoding/decode.rs                             core          172       202
core/crates/layerfs-storage/src/encoding/delta/candidates.rs                   core          126       166
core/crates/layerfs-storage/src/encoding/delta/mod.rs                          core            4         8
core/crates/layerfs-storage/src/encoding/delta/read.rs                         core          233       313
core/crates/layerfs-storage/src/encoding/delta/record.rs                       core          201       240
core/crates/layerfs-storage/src/encoding/delta/select.rs                       core          277       390
core/crates/layerfs-storage/src/encoding/full.rs                               core          185       225
core/crates/layerfs-storage/src/encoding/mod.rs                                core           12        25
core/crates/layerfs-storage/src/encoding/pool/delta.rs                         core          261       287
core/crates/layerfs-storage/src/encoding/pool/index.rs                         core          199       261
core/crates/layerfs-storage/src/encoding/pool/leaf.rs                          core          103       145
core/crates/layerfs-storage/src/encoding/pool/mod.rs                           core            9        14
core/crates/layerfs-storage/src/encoding/pool/read.rs                          core          309       366
core/crates/layerfs-storage/src/encoding/pool/value_group.rs                   core           77       103
core/crates/layerfs-storage/src/error.rs                                       core          105       154
core/crates/layerfs-storage/src/lib.rs                                         core           12        39
core/crates/layerfs-storage/src/pack/assemble.rs                               core          261       319
core/crates/layerfs-storage/src/pack/layout.rs                                 core          397       488
core/crates/layerfs-storage/src/pack/mod.rs                                    core           14        19
core/crates/layerfs-storage/src/pack/placement.rs                              core          119       162
core/crates/layerfs-storage/src/policy.rs                                      core          191       344
core/crates/layerfs-storage/src/sqlite/cleanup.rs                              core          113       150
core/crates/layerfs-storage/src/sqlite/connection.rs                           core           94       142
core/crates/layerfs-storage/src/sqlite/lookup.rs                               core          138       172
core/crates/layerfs-storage/src/sqlite/mod.rs                                  core           10        15
core/crates/layerfs-storage/src/sqlite/pool.rs                                 core          122       177
core/crates/layerfs-storage/src/sqlite/schema.rs                               core          253       296
core/crates/layerfs-storage/src/sqlite/write.rs                                core           83       128
core/crates/layerfs-telemetry/src/lib.rs                                       core            3        16
core/crates/layerfs-telemetry/src/timer/format.rs                              core           71        84
core/crates/layerfs-telemetry/src/timer/json.rs                                core          115       136
core/crates/layerfs-telemetry/src/timer/mod.rs                                 core            8        25
core/crates/layerfs-telemetry/src/timer/recording.rs                           core          237       300
core/crates/layerfs-telemetry/src/timer/report.rs                              core          194       308
core/crates/layerfs-telemetry/src/timer/scope.rs                               core          135       206
crates/layerfs-cli/src/bin/layerfs.rs                                          reference      43        43
crates/layerfs-cli/src/lib.rs                                                  reference     791       834
crates/layerfs-cli/src/runtime.rs                                              reference     308       342
crates/layerfs-content/src/error.rs                                            reference     160       165
crates/layerfs-content/src/file/cdc/gear.rs                                    reference     494       519
crates/layerfs-content/src/file/cdc/mod.rs                                     reference       5       133
crates/layerfs-content/src/file/content.rs                                     reference     277       300
crates/layerfs-content/src/file/extent.rs                                      reference     153       161
crates/layerfs-content/src/file/extent_codec.rs                                reference     235       267
crates/layerfs-content/src/file/mod.rs                                         reference       5         5
crates/layerfs-content/src/file/rope/build.rs                                  reference     300       367
crates/layerfs-content/src/file/rope/diff.rs                                   reference     386       403
crates/layerfs-content/src/file/rope/edit.rs                                   reference     749       904
crates/layerfs-content/src/file/rope/mod.rs                                    reference      15        16
crates/layerfs-content/src/file/rope/read.rs                                   reference     493       515
crates/layerfs-content/src/file/rope/state.rs                                  reference     225       245
crates/layerfs-content/src/file/rope/validate.rs                               reference     127       132
crates/layerfs-content/src/filesystem/apply.rs                                 reference     870      1411
crates/layerfs-content/src/filesystem/change.rs                                reference     409       571
crates/layerfs-content/src/filesystem/diff.rs                                  reference     433       452
crates/layerfs-content/src/filesystem/mod.rs                                   reference      27        28
crates/layerfs-content/src/filesystem/read.rs                                  reference     121       129
crates/layerfs-content/src/filesystem/reconcile.rs                             reference     911       962
crates/layerfs-content/src/filesystem/resolve.rs                               reference      82        88
crates/layerfs-content/src/filesystem/root.rs                                  reference      46        47
crates/layerfs-content/src/lib.rs                                              reference      17        22
crates/layerfs-content/src/limits.rs                                           reference       8         8
crates/layerfs-content/src/object/access.rs                                    reference     139       167
crates/layerfs-content/src/object/canonical.rs                                 reference      81        97
crates/layerfs-content/src/object/codec.rs                                     reference     428       779
crates/layerfs-content/src/object/digest.rs                                    reference      87       162
crates/layerfs-content/src/object/id.rs                                        reference      66       106
crates/layerfs-content/src/object/mod.rs                                       reference      17        19
crates/layerfs-content/src/object/references.rs                                reference      93       173
crates/layerfs-content/src/tree/batch.rs                                       reference    1387      2863
crates/layerfs-content/src/tree/compact.rs                                     reference     477       612
crates/layerfs-content/src/tree/directory/codec.rs                             reference     495       519
crates/layerfs-content/src/tree/directory/diff.rs                              reference     345       358
crates/layerfs-content/src/tree/directory/edit.rs                              reference     759       791
crates/layerfs-content/src/tree/directory/mod.rs                               reference      19        22
crates/layerfs-content/src/tree/directory/node.rs                              reference      47        55
crates/layerfs-content/src/tree/directory/read.rs                              reference     771       891
crates/layerfs-content/src/tree/directory/validate.rs                          reference     211       343
crates/layerfs-content/src/tree/inode/codec.rs                                 reference     121       126
crates/layerfs-content/src/tree/inode/cursor.rs                                reference     310       325
crates/layerfs-content/src/tree/inode/mod.rs                                   reference       6         7
crates/layerfs-content/src/tree/inode/record.rs                                reference      87       102
crates/layerfs-content/src/tree/inode/table.rs                                 reference    1886      2015
crates/layerfs-content/src/tree/metadata/apple_acl.rs                          reference      83        88
crates/layerfs-content/src/tree/metadata/codec.rs                              reference     158       162
crates/layerfs-content/src/tree/metadata/mod.rs                                reference       8         9
crates/layerfs-content/src/tree/metadata/portable.rs                           reference      77        85
crates/layerfs-content/src/tree/metadata/tree.rs                               reference     788       822
crates/layerfs-content/src/tree/mod.rs                                         reference       9        10
crates/layerfs-content/src/tree/path.rs                                        reference     189       314
crates/layerfs-content/src/tree/root.rs                                        reference       9        11
crates/layerfs-daemon/src/lib.rs                                               reference     597       799
crates/layerfs-daemon/src/main.rs                                              reference    1809      2253
crates/layerfs-daemon/src/protocol.rs                                          reference     827      1127
crates/layerfs-fuse/src/adapter.rs                                             reference     148       162
crates/layerfs-fuse/src/bin/layerfs-fuse.rs                                    reference     161       174
crates/layerfs-fuse/src/filesystem.rs                                          reference    1366      1438
crates/layerfs-fuse/src/handles.rs                                             reference      37        43
crates/layerfs-fuse/src/host_mount.rs                                          reference     103       112
crates/layerfs-fuse/src/immutable_read_cache.rs                                reference     194       322
crates/layerfs-fuse/src/inode_table.rs                                         reference      15        18
crates/layerfs-fuse/src/lib.rs                                                 reference      47        58
crates/layerfs-fuse/src/live_owner.rs                                          reference    2939      4279
crates/layerfs-fuse/src/live_runtime.rs                                        reference     316       529
crates/layerfs-fuse/src/live_transport.rs                                      reference     672       870
crates/layerfs-fuse/src/live_wire.rs                                           reference     653       896
crates/layerfs-fuse/src/local_spool.rs                                         reference     268       509
crates/layerfs-fuse/src/port.rs                                                reference     455       482
crates/layerfs-fuse/src/protocol.rs                                            reference     986      1357
crates/layerfs-fuse/src/proxy_client.rs                                        reference    1457      2118
crates/layerfs-fuse/src/proxy_host.rs                                          reference     403       433
crates/layerfs-fuse/src/write_metrics.rs                                       reference     766       869
crates/layerfs-layerstack-store/sql/branch/contains_commit.sql                 reference      10        14
crates/layerfs-layerstack-store/sql/branch/get.sql                             reference       3         7
crates/layerfs-layerstack-store/sql/branch/get_by_name.sql                     reference       3         7
crates/layerfs-layerstack-store/sql/branch/get_commit.sql                      reference       3         7
crates/layerfs-layerstack-store/sql/branch/history_page.sql                    reference      11        15
crates/layerfs-layerstack-store/sql/branch/insert.sql                          reference       2         6
crates/layerfs-layerstack-store/sql/branch/list.sql                            reference       9        13
crates/layerfs-layerstack-store/sql/branch/list_commits.sql                    reference       5         9
crates/layerfs-layerstack-store/sql/layerstack/advance_head.sql                reference       3         7
crates/layerfs-layerstack-store/sql/layerstack/current_head.sql                reference       1         5
crates/layerfs-layerstack-store/sql/layerstack/find_layer_by_source.sql        reference       3         7
crates/layerfs-layerstack-store/sql/layerstack/get.sql                         reference       3         7
crates/layerfs-layerstack-store/sql/layerstack/get_by_name.sql                 reference       3         7
crates/layerfs-layerstack-store/sql/layerstack/get_layer.sql                   reference       3         7
crates/layerfs-layerstack-store/sql/layerstack/history_page.sql                reference      11        15
crates/layerfs-layerstack-store/sql/layerstack/insert.sql                      reference       2         6
crates/layerfs-layerstack-store/sql/layerstack/insert_layer.sql                reference       2         6
crates/layerfs-layerstack-store/sql/layerstack/list.sql                        reference       5         9
crates/layerfs-layerstack-store/sql/layerstack/list_layers.sql                 reference       9        13
crates/layerfs-layerstack-store/sql/layerstack/load_add_snapshot.sql           reference       9        13
crates/layerfs-layerstack-store/sql/objects/get.sql                            reference       1         5
crates/layerfs-layerstack-store/sql/objects/get_many_128.sql                   reference      13        17
crates/layerfs-layerstack-store/sql/objects/insert.sql                         reference       2         6
crates/layerfs-layerstack-store/sql/objects/membership_128.sql                 reference      13        17
crates/layerfs-layerstack-store/sql/objects/page.sql                           reference       5         9
crates/layerfs-layerstack-store/sql/query/branch_roots_page.sql                reference       7        11
crates/layerfs-layerstack-store/sql/query/canonical_storage.sql                reference       1         5
crates/layerfs-layerstack-store/sql/query/commit_roots_page.sql                reference       5         9
crates/layerfs-layerstack-store/sql/query/layer_roots_page.sql                 reference       5         9
crates/layerfs-layerstack-store/sql/query/store_counts.sql                     reference       6        10
crates/layerfs-layerstack-store/sql/schema/foreign_key_check.sql               reference       2         6
crates/layerfs-layerstack-store/sql/schema/migrate_to_v9.sql                   reference       1         1
crates/layerfs-layerstack-store/sql/schema/migrate_v4_to_v5.sql                reference       8         9
crates/layerfs-layerstack-store/sql/schema/migrate_v7_to_v8.sql                reference       1         1
crates/layerfs-layerstack-store/sql/schema/reserve_inode_serials.sql           reference       4         7
crates/layerfs-layerstack-store/sql/schema/schema_objects.sql                  reference       4         8
crates/layerfs-layerstack-store/sql/schema/table_columns.sql                   reference       3         7
crates/layerfs-layerstack-store/sql/schema/v10.sql                             reference     151       167
crates/layerfs-layerstack-store/sql/schema/v4.sql                              reference     124       136
crates/layerfs-layerstack-store/sql/schema/v5.sql                              reference     131       144
crates/layerfs-layerstack-store/sql/schema/v6.sql                              reference     138       152
crates/layerfs-layerstack-store/sql/schema/v7.sql                              reference     138       152
crates/layerfs-layerstack-store/sql/schema/v8.sql                              reference     138       152
crates/layerfs-layerstack-store/sql/schema/v9.sql                              reference     138       152
crates/layerfs-layerstack-store/sql/workspace/advance_branch.sql               reference       5         9
crates/layerfs-layerstack-store/sql/workspace/current_branch.sql               reference       3         7
crates/layerfs-layerstack-store/sql/workspace/delete_stage.sql                 reference       4         8
crates/layerfs-layerstack-store/sql/workspace/get_stage.sql                    reference       3         7
crates/layerfs-layerstack-store/sql/workspace/insert_commit.sql                reference       3         7
crates/layerfs-layerstack-store/sql/workspace/insert_stage.sql                 reference       3         7
crates/layerfs-layerstack-store/sql/workspace/load_snapshot.sql                reference       8        12
crates/layerfs-layerstack-store/src/branch.rs                                  reference      97       100
crates/layerfs-layerstack-store/src/error.rs                                   reference      84        93
crates/layerfs-layerstack-store/src/ids.rs                                     reference     182       225
crates/layerfs-layerstack-store/src/layerstack.rs                              reference    2059      4284
crates/layerfs-layerstack-store/src/lib.rs                                     reference      60        65
crates/layerfs-layerstack-store/src/objects/admission/metadata_values.rs       reference     131       143
crates/layerfs-layerstack-store/src/objects/admission.rs                       reference    1742      1940
crates/layerfs-layerstack-store/src/objects/delta.rs                           reference     110       116
crates/layerfs-layerstack-store/src/objects/diagnostic.rs                      reference     311       662
crates/layerfs-layerstack-store/src/objects/metadata.rs                        reference     374       548
crates/layerfs-layerstack-store/src/objects/pack.rs                            reference    1399      1953
crates/layerfs-layerstack-store/src/objects/read.rs                            reference    1958      2078
crates/layerfs-layerstack-store/src/objects/small_candidates.rs                reference     112       125
crates/layerfs-layerstack-store/src/objects/spill.rs                           reference     783       935
crates/layerfs-layerstack-store/src/objects/whole.rs                           reference     338       424
crates/layerfs-layerstack-store/src/objects.rs                                 reference    3819      7099
crates/layerfs-layerstack-store/src/query.rs                                   reference     477       506
crates/layerfs-layerstack-store/src/records.rs                                 reference     383       422
crates/layerfs-layerstack-store/src/schema.rs                                  reference     685      1021
crates/layerfs-layerstack-store/src/staging.rs                                 reference      79        84
crates/layerfs-layerstack-store/src/statements.rs                              reference     126       384
crates/layerfs-layerstack-store/src/store.rs                                   reference      55        67
crates/layerfs-layerstack-store/src/telemetry.rs                               reference     906      1049
crates/layerfs-layerstack-store/src/workspace.rs                               reference     938      1206
crates/layerfs-materialization/src/capture.rs                                  reference      84        87
crates/layerfs-materialization/src/lib.rs                                      reference       9        11
crates/layerfs-materialization/src/materialize.rs                              reference     186       197
crates/layerfs-materialization/src/port.rs                                     reference      79        91
crates/layerfs-monitor/src/collector.rs                                        reference      75        81
crates/layerfs-monitor/src/dedup.rs                                            reference     116       120
crates/layerfs-monitor/src/lib.rs                                              reference      13        15
crates/layerfs-monitor/src/operation.rs                                        reference     164       179
crates/layerfs-monitor/src/snapshot.rs                                         reference      46        55
crates/layerfs-sdk/src/client.rs                                               reference     565       617
crates/layerfs-sdk/src/lib.rs                                                  reference      37        40
crates/layerfs-sdk/src/query.rs                                                reference      75        89
crates/layerfs-sdk/src/request.rs                                              reference     268       287
crates/layerfs-sdk/src/result.rs                                               reference      34        41
crates/layerfs-workspace/src/capture.rs                                        reference     202       214
crates/layerfs-workspace/src/changes.rs                                        reference    3002      5890
crates/layerfs-workspace/src/container.rs                                      reference     354       410
crates/layerfs-workspace/src/cow_tree.rs                                       reference     558      1027
crates/layerfs-workspace/src/daemon.rs                                         reference     236       294
crates/layerfs-workspace/src/docker.rs                                         reference     594       624
crates/layerfs-workspace/src/docker_engine.rs                                  reference     280       300
crates/layerfs-workspace/src/execution.rs                                      reference     812       877
crates/layerfs-workspace/src/file_io.rs                                        reference     712      1859
crates/layerfs-workspace/src/lib.rs                                            reference      75        82
crates/layerfs-workspace/src/lifecycle.rs                                      reference    1273      1980
crates/layerfs-workspace/src/live_backing.rs                                   reference     509      1225
crates/layerfs-workspace/src/output.rs                                         reference     221       271
crates/layerfs-workspace/src/projection.rs                                     reference     965      1149
crates/layerfs-workspace/src/reconcile.rs                                      reference     381       443
crates/layerfs-workspace/src/registry.rs                                       reference     295       368
crates/layerfs-workspace/src/remote_commit.rs                                  reference     472       730
crates/layerfs-workspace/src/session.rs                                        reference     357       406
crates/layerfs-workspace/src/snapshot_input.rs                                 reference     320       395
crates/layerfs-workspace/src/worker.rs                                         reference     158       218
crates/layerfs-workspace-core/src/backing.rs                                   reference      41       113
crates/layerfs-workspace-core/src/checkpoint.rs                                reference      97       102
crates/layerfs-workspace-core/src/file_edit.rs                                 reference    1210      1810
crates/layerfs-workspace-core/src/frozen.rs                                    reference     173       462
crates/layerfs-workspace-core/src/lib.rs                                       reference     271       538
crates/layerfs-workspace-core/src/limits.rs                                    reference      30        52
crates/layerfs-workspace-core/src/namespace.rs                                 reference     630       809
