== cgroup.cpu.stat
usage_usec 1245613
user_usec 426020
system_usec 819592
nice_usec 0
nr_periods 0
nr_throttled 0
throttled_usec 0
nr_bursts 0
burst_usec 0
== clock 1791537191.930946
== passthrough_pid NONE
== mountinfo
471 462 254:1 /docker/volumes/layerfs-r7-floor-712-c02-n/_data /layerfs-store rw,relatime master:1 - ext4 /dev/vda1 rw,discard
== fusectl
total 0
== uname 6.12.76-linuxkit nproc 8 loadavg 0.90 0.83 0.90 1/404 2073
== meminfo
MemFree:         1544104 kB
MemAvailable:    3178328 kB
Cached:          1667492 kB
Dirty:              8196 kB
Writeback:            12 kB
