warning: Patch `fuser v0.18.0 (/work/core/vendor/fuser-0.18.0)` was not used in the crate graph.
Check that the patched package version and available features are compatible
with the dependency requirements. If the patch has a different version from
what is locked in the Cargo.lock file, run `cargo update` to use the new
version. This may also occur with an optional dependency that is not enabled.
   Compiling layerfs-content v0.1.6 (/work/core/crates/layerfs-content)
   Compiling layerfs-storage v0.1.6 (/work/core/crates/layerfs-storage)
   Compiling layerfs-history v0.1.6 (/work/core/crates/layerfs-history)
   Compiling layerfs-workspace v0.1.6 (/work/core/crates/layerfs-workspace)
   Compiling layerfs-persistence v0.1.6 (/work/core/crates/layerfs-persistence)
   Compiling layerfs-sdk v0.1.6 (/work/core/crates/layerfs-api/sdk)
    Finished `test` profile [optimized + debuginfo] target(s) in 27.72s
  Executable unittests src/lib.rs (core/target/cluster2-linux/debug/deps/layerfs_content-7b64712468e45157)
  Executable tests/backing_custody.rs (core/target/cluster2-linux/debug/deps/backing_custody-b2c2135c0e49c613)
  Executable tests/chunk_predecessor.rs (core/target/cluster2-linux/debug/deps/chunk_predecessor-6fb302648620ed9e)
  Executable tests/edit_batch.rs (core/target/cluster2-linux/debug/deps/edit_batch-536a34ff39098973)
  Executable tests/edit_bounds.rs (core/target/cluster2-linux/debug/deps/edit_bounds-9ad89045591139cb)
  Executable tests/edit_localized.rs (core/target/cluster2-linux/debug/deps/edit_localized-48b1591e2cbf7425)
  Executable tests/edit_model.rs (core/target/cluster2-linux/debug/deps/edit_model-6b58f3ab4a9d1c1e)
  Executable tests/edit_noop.rs (core/target/cluster2-linux/debug/deps/edit_noop-d3171d1779de2d1e)
  Executable tests/edit_reference.rs (core/target/cluster2-linux/debug/deps/edit_reference-a58ced9e97499905)
  Executable tests/edit_single.rs (core/target/cluster2-linux/debug/deps/edit_single-599770d52afd8a0d)
  Executable tests/edit_timing.rs (core/target/cluster2-linux/debug/deps/edit_timing-f8cccd5ee744fbae)
  Executable tests/edit_transitions.rs (core/target/cluster2-linux/debug/deps/edit_transitions-6a52631abe973526)
  Executable tests/file_complete.rs (core/target/cluster2-linux/debug/deps/file_complete-718e76471eb7ab2e)
  Executable tests/file_read.rs (core/target/cluster2-linux/debug/deps/file_read-ddd0078df479d049)
  Executable tests/filesystem_attributes.rs (core/target/cluster2-linux/debug/deps/filesystem_attributes-4cd072a49b44cedd)
  Executable tests/filesystem_bounds.rs (core/target/cluster2-linux/debug/deps/filesystem_bounds-3fd623288663ccd0)
  Executable tests/filesystem_codec.rs (core/target/cluster2-linux/debug/deps/filesystem_codec-424db23d658ad887)
  Executable tests/filesystem_failure.rs (core/target/cluster2-linux/debug/deps/filesystem_failure-26d8c3d17d15370c)
  Executable tests/filesystem_hardlinks.rs (core/target/cluster2-linux/debug/deps/filesystem_hardlinks-bfc13f15659e5115)
  Executable tests/filesystem_limits.rs (core/target/cluster2-linux/debug/deps/filesystem_limits-15b384b5f6b283de)
  Executable tests/filesystem_ordering.rs (core/target/cluster2-linux/debug/deps/filesystem_ordering-55529eb2332b4338)
  Executable tests/filesystem_ordering_consolidate.rs (core/target/cluster2-linux/debug/deps/filesystem_ordering_consolidate-873b06d0a71f290b)
  Executable tests/filesystem_ordering_scan.rs (core/target/cluster2-linux/debug/deps/filesystem_ordering_scan-671b0ba04970f3bc)
  Executable tests/filesystem_parent_lookup.rs (core/target/cluster2-linux/debug/deps/filesystem_parent_lookup-de5175b7fbeaab6b)
  Executable tests/filesystem_profile.rs (core/target/cluster2-linux/debug/deps/filesystem_profile-7c9cd65b9364042b)
  Executable tests/filesystem_read.rs (core/target/cluster2-linux/debug/deps/filesystem_read-de2eb917cdaa3717)
  Executable tests/filesystem_reference.rs (core/target/cluster2-linux/debug/deps/filesystem_reference-0e84d9cc893cec15)
  Executable tests/filesystem_rows.rs (core/target/cluster2-linux/debug/deps/filesystem_rows-41c56c54709eb9f2)
  Executable tests/filesystem_sorted.rs (core/target/cluster2-linux/debug/deps/filesystem_sorted-61118c36bdba18b5)
  Executable tests/filesystem_timing.rs (core/target/cluster2-linux/debug/deps/filesystem_timing-cee76f233fc95b31)
  Executable tests/filesystem_topology.rs (core/target/cluster2-linux/debug/deps/filesystem_topology-7dc2dd70d454b0d5)
  Executable tests/filesystem_updates.rs (core/target/cluster2-linux/debug/deps/filesystem_updates-522b4c0e530c4fe9)
  Executable tests/fixture_seal.rs (core/target/cluster2-linux/debug/deps/fixture_seal-a30abbd27e4df1a6)
  Executable tests/inode_leaf.rs (core/target/cluster2-linux/debug/deps/inode_leaf-aa9ccc6f22dd96ea)
  Executable tests/object_admission.rs (core/target/cluster2-linux/debug/deps/object_admission-7b406353e081913b)
  Executable tests/object_context.rs (core/target/cluster2-linux/debug/deps/object_context-bb421c3fc1f5616a)
  Executable tests/object_identity.rs (core/target/cluster2-linux/debug/deps/object_identity-3932414aea0f9e22)
  Executable tests/runs.rs (core/target/cluster2-linux/debug/deps/runs-6a1ca5ddccc03558)
  Executable tests/streaming.rs (core/target/cluster2-linux/debug/deps/streaming-29f105409b035385)
  Executable tests/timing.rs (core/target/cluster2-linux/debug/deps/timing-ef3e115cd3061739)
  Executable tests/zero_cdc.rs (core/target/cluster2-linux/debug/deps/zero_cdc-c68a806a10f1b0fc)
  Executable unittests examples/edit_memory_probe.rs (core/target/cluster2-linux/debug/examples/edit_memory_probe-933eab9fa2fe9a35)
  Executable unittests examples/edit_timing_c1.rs (core/target/cluster2-linux/debug/examples/edit_timing_c1-1533e75ea50460ca)
  Executable unittests examples/filesystem_primitives_candidate.rs (core/target/cluster2-linux/debug/examples/filesystem_primitives_candidate-c90b8d3d0ecfb9ea)
  Executable unittests examples/filesystem_timing_c1.rs (core/target/cluster2-linux/debug/examples/filesystem_timing_c1-e4b73ad4e2ff9ce8)
  Executable unittests examples/fingerprint_collision_search.rs (core/target/cluster2-linux/debug/examples/fingerprint_collision_search-15e7f1b03de59389)
  Executable unittests src/lib.rs (core/target/cluster2-linux/debug/deps/layerfs_sdk-04569cca95583b09)
  Executable tests/attachment.rs (core/target/cluster2-linux/debug/deps/attachment-6150b4ce9ebbee40)
  Executable tests/custody.rs (core/target/cluster2-linux/debug/deps/custody-5158bf958b0131ac)
  Executable tests/runtime.rs (core/target/cluster2-linux/debug/deps/runtime-2ea06079303783d8)
  Executable tests/runtime_binding.rs (core/target/cluster2-linux/debug/deps/runtime_binding-dd90b3e5650076e0)
  Executable tests/supervisor.rs (core/target/cluster2-linux/debug/deps/supervisor-f3ab80dd5ed8afd7)
  Executable tests/wire.rs (core/target/cluster2-linux/debug/deps/wire-9d2d1e92d334f131)
