$ /Users/yifanxu/Ephemeral-AI-Lab/layerfs/core/target/release/examples/measure_edits --mode pipeline --case batch --threshold-bytes 131072 --output /Users/yifanxu/Ephemeral-AI-Lab/layerfs/docs/roadmap/0.1/0.1.7/evidence/phase1-execution-20260918T090000Z/rounds/p1-8/after/output/D24/edits-pipeline-batch
cwd /Users/yifanxu/Ephemeral-AI-Lab/layerfs
exit_code 0
wall_s 0.015
--- stdout ---
mode: pipeline
case: batch
threshold-bytes: 131072
timing: on
fixture: base 196608 bytes, 3 edit(s), 1000 replacement bytes
stream: 3 edit(s), base 196608 -> final 194308 bytes
base preparation (untimed): root 9b67d5821a39fe14ddec724ab82b05dbb76c8bc99b9849dd5314ded1410c75b4 stored as 14 object(s), 2 pack(s)
edited root: c887efb266fb423889ab26851d61652e52d017135fb4e6367530691c10383d84
edited length: 194308
save: inserted 4 reused 0 packs 2 prefix records 1 full records 3
readback bytes: 194308
readback connection opens: 1
readback: verified byte-for-byte against the independent model
scope: edit-to-save acknowledgement is edit.save; verification and readback are timed separately
--- timing tree (inclusive; overlapping spans add to nothing) ---
edit.save  1.172ms
  storage.begin  268.500us
  file.edit  344.208us
    edit.base  273.875us
      edit.base_read  272.708us
    edit.compare  625ns
    edit.split  38.209us
    edit.split  41ns
    edit.split  500ns
    content.chunk  9.041us
    edit.split  1.250us
    edit.split  750ns
    edit.split  125ns
    content.chunk  2.000us
    edit.split  959ns
    edit.split  542ns
    edit.finish  3.417us
  storage.finish  480.833us
--- timing tree (inclusive; overlapping spans add to nothing) ---
verify.readback  864.792us
  content.read  863.666us
    content.acquire  206.500us
    content.traverse  656.375us
      mapping.navigate  34.458us
        storage.read  34.291us
      mapping.payload  600.708us
        storage.read  600.500us
timings: 18 nodes at 4 levels -> /Users/yifanxu/Ephemeral-AI-Lab/layerfs/docs/roadmap/0.1/0.1.7/evidence/phase1-execution-20260918T090000Z/rounds/p1-8/after/output/D24/edits-pipeline-batch/pipeline-edit-save.json
timings: 8 nodes at 5 levels -> /Users/yifanxu/Ephemeral-AI-Lab/layerfs/docs/roadmap/0.1/0.1.7/evidence/phase1-execution-20260918T090000Z/rounds/p1-8/after/output/D24/edits-pipeline-batch/pipeline-readback.json
wall_seconds: 0.009333
--- stderr ---
