config: REPS=3 WARMUP=1 RANDOMIZE_TARGETS=1 targets=/workspace /var/tmp

[1m=== tiny file churn (1000 files) ===[0m
  [32mOK[0m    create 1000 files              computerd  mean=180.1 med=181.2 p95=188.5 ms (n=3)
  [32mOK[0m    create 1000 files              base  mean=18.6 med=18.3 p95=19.3 ms (n=3)
  [32mOK[0m    stat 1000 files                computerd  mean=729.9 med=724.5 p95=751.5 ms (n=3)
  [32mOK[0m    stat 1000 files                base  mean=536.6 med=533.7 p95=554.9 ms (n=3)
  [32mOK[0m    rm 1000 files                  computerd  mean=300.5 med=302.4 p95=308.3 ms (n=3)
  [32mOK[0m    rm 1000 files                  base  mean=25.3 med=25.0 p95=26.5 ms (n=3)

[1m=== directory traversal ===[0m
  [32mOK[0m    mkdir tree (10x10x10)          computerd  mean=817.5 med=812.3 p95=836.7 ms (n=3)
  [32mOK[0m    mkdir tree (10x10x10)          base  mean=443.1 med=431.1 p95=468.8 ms (n=3)
  [32mOK[0m    find tree                      computerd  mean=960.3 med=971.9 p95=976.0 ms (n=3)
  [32mOK[0m    find tree                      base  mean=455.0 med=464.1 p95=466.2 ms (n=3)

[1m=== large file I/O ===[0m
  [32mOK[0m    write 64 MiB                   computerd  mean=25.8 med=27.1 p95=27.1 ms (n=3)
  [32mOK[0m    write 64 MiB                   base  mean=19.0 med=18.8 p95=19.6 ms (n=3)
  [32mOK[0m    copy 64 MiB                    computerd  mean=87.7 med=85.7 p95=93.1 ms (n=3)
  [32mOK[0m    copy 64 MiB                    base  mean=33.0 med=32.1 p95=35.6 ms (n=3)
  [32mOK[0m    read 64 MiB                    computerd  mean=36.2 med=34.8 p95=42.7 ms (n=3)
  [32mOK[0m    read 64 MiB                    base  mean=23.6 med=22.0 p95=27.7 ms (n=3)
  [32mOK[0m    pure read 64 MiB               computerd  mean=9.5 med=10.0 p95=10.4 ms (n=3)
  [32mOK[0m    pure read 64 MiB               base  mean=9.9 med=9.7 p95=10.8 ms (n=3)
  [32mOK[0m    pure copy 64 MiB               computerd  mean=63.8 med=63.5 p95=64.9 ms (n=3)
  [32mOK[0m    pure copy 64 MiB               base  mean=16.7 med=16.6 p95=17.1 ms (n=3)
  [32mOK[0m    overwrite 64 MiB               computerd  mean=28.2 med=27.9 p95=29.9 ms (n=3)
  [32mOK[0m    overwrite 64 MiB               base  mean=13.1 med=12.3 p95=15.2 ms (n=3)

[1m=== git ===[0m
  [32mOK[0m    git init + commit 100 files    computerd  mean=248.0 med=230.5 p95=291.7 ms (n=3)
  [32mOK[0m    git init + commit 100 files    base  mean=15.0 med=14.8 p95=16.2 ms (n=3)
  SKIP  npm scenarios (npm not installed)
  SKIP  go scenarios (go not installed)

[1m=== summary ===[0m
  scenario                       computerd mean computerd p95    base mean     base p95      ratio
  copy 64 MiB                         87.7 ms      93.1 ms      33.0 ms      35.6 ms      2.66x
  create 1000 files                  180.1 ms     188.5 ms      18.6 ms      19.3 ms      9.69x
  find tree                          960.3 ms     976.0 ms     455.0 ms     466.2 ms      2.11x
  git init + commit 100 files        248.0 ms     291.7 ms      15.0 ms      16.2 ms     16.55x
  mkdir tree (10x10x10)              817.5 ms     836.7 ms     443.1 ms     468.8 ms      1.84x
  overwrite 64 MiB                    28.2 ms      29.9 ms      13.1 ms      15.2 ms      2.16x
  pure copy 64 MiB                    63.8 ms      64.9 ms      16.7 ms      17.1 ms      3.82x
  pure read 64 MiB                     9.5 ms      10.4 ms       9.9 ms      10.8 ms      0.96x
  read 64 MiB                         36.2 ms      42.7 ms      23.6 ms      27.7 ms      1.53x
  rm 1000 files                      300.5 ms     308.3 ms      25.3 ms      26.5 ms     11.89x
  stat 1000 files                    729.9 ms     751.5 ms     536.6 ms     554.9 ms      1.36x
  write 64 MiB                        25.8 ms      27.1 ms      19.0 ms      19.6 ms      1.36x
wrote JSON summary to /tmp/replica.json
