   Compiling arrayref v0.3.9
   Compiling constant_time_eq v0.4.2
   Compiling arrayvec v0.7.8
   Compiling foldhash v0.2.0
   Compiling libsqlite3-sys v0.38.2
   Compiling fallible-iterator v0.3.0
   Compiling fallible-streaming-iterator v0.1.9
   Compiling zstd-sys v2.0.16+zstd.1.5.7
   Compiling layerfs-workspace v0.1.6 (/work/core/crates/layerfs-workspace)
   Compiling hashbrown v0.17.1
   Compiling layerfs-bridge v0.1.6 (/work/core/crates/layerfs-bridge)
   Compiling blake3 v1.8.5
   Compiling layerfs-telemetry v0.1.6 (/work/core/crates/layerfs-telemetry)
   Compiling layerfs-content v0.1.6 (/work/core/crates/layerfs-content)
   Compiling hashlink v0.12.2
   Compiling rusqlite v0.40.2
   Compiling layerfs-fuse v0.1.6 (/work/core/crates/layerfs-fuse)
   Compiling layerfs-daemon v0.1.6 (/work/core/crates/layerfs-daemon)
   Compiling layerfs-storage v0.1.6 (/work/core/crates/layerfs-storage)
   Compiling layerfs-history v0.1.6 (/work/core/crates/layerfs-history)
   Compiling layerfs-service v0.1.6 (/work/core/crates/layerfs-service)
    Finished `dev` profile [unoptimized + debuginfo] target(s) in 15.57s
