DAEMON_STATUS
Name:	layerfs-daemon
Umask:	0077
State:	S (sleeping)
Tgid:	1
Ngid:	0
Pid:	1
PPid:	0
TracerPid:	0
Uid:	0	0	0	0
Gid:	0	0	0	0
FDSize:	64
Groups:	0 
NStgid:	1
NSpid:	1
NSpgid:	1
NSsid:	1
Kthread:	0
VmPeak:	  686312 kB
VmSize:	  621312 kB
VmLck:	       0 kB
VmPin:	       0 kB
VmHWM:	   42144 kB
VmRSS:	   42144 kB
RssAnon:	   35108 kB
RssFile:	    7036 kB
RssShmem:	       0 kB
VmData:	   70688 kB
VmStk:	     132 kB
VmExe:	    6568 kB
VmLib:	    2320 kB
VmPTE:	     184 kB
VmSwap:	       0 kB
HugetlbPages:	       0 kB
CoreDumping:	0
THP_enabled:	1
untag_mask:	0xffffffffffffff
Threads:	10
SigQ:	0/15665
SigPnd:	0000000000000000
ShdPnd:	0000000000000000
SigBlk:	0000000000000000
SigIgn:	0000000000001000
SigCgt:	0000000100000440
CapInh:	0000000000000000
CapPrm:	00000000a82425fb
CapEff:	00000000a82425fb
CapBnd:	00000000a82425fb
CapAmb:	0000000000000000
NoNewPrivs:	1
Seccomp:	2
Seccomp_filters:	1
Speculation_Store_Bypass:	vulnerable
SpeculationIndirectBranch:	unknown
Cpus_allowed:	ff
Cpus_allowed_list:	0-7
Mems_allowed:	1
Mems_allowed_list:	0
voluntary_ctxt_switches:	22
nonvoluntary_ctxt_switches:	3
BACKING_BYTES
/layerfs-store/global/store.sqlite 1417285632 2768144 512
/layerfs-store/global/store.sqlite-wal 988832 1936 512
/layerfs-store/global/store.sqlite-shm 32768 64 512
/layerfs-store/global/store.sqlite-journal ABSENT
/layerfs-local/overlay/overlay.sqlite 290816 524856 512
/layerfs-local/overlay/overlay.sqlite-wal ABSENT
/layerfs-local/overlay/overlay.sqlite-shm ABSENT
/layerfs-local/overlay/overlay.sqlite-journal ABSENT
OWN_CONTAINER_CGROUP
/sys/fs/cgroup/memory.stat
anon 36339712
file 17227776
kernel 2097152
kernel_stack 180224
pagetables 286720
sec_pagetables 0
percpu 22480
sock 0
vmalloc 24576
shmem 0
zswap 0
zswapped 0
file_mapped 28672
file_dirty 1310720
file_writeback 0
swapcached 0
anon_thp 0
file_thp 0
shmem_thp 0
inactive_anon 0
active_anon 36270080
inactive_file 15613952
active_file 1613824
unevictable 0
slab_reclaimable 402344
slab_unreclaimable 500168
slab 902512
workingset_refault_anon 0
workingset_refault_file 0
workingset_activate_anon 0
workingset_activate_file 0
workingset_restore_anon 0
workingset_restore_file 0
workingset_nodereclaim 0
pgdemote_kswapd 0
pgdemote_direct 0
pgdemote_khugepaged 0
pgscan 0
pgsteal 0
pgscan_kswapd 0
pgscan_direct 0
pgscan_khugepaged 0
pgsteal_kswapd 0
pgsteal_direct 0
pgsteal_khugepaged 0
pgfault 42314
pgmajfault 9
pgrefill 0
pgactivate 0
pgdeactivate 0
pglazyfree 0
pglazyfreed 0
swpin_zero 0
swpout_zero 0
zswpin 0
zswpout 0
zswpwb 0
thp_fault_alloc 1
thp_collapse_alloc 0
thp_swpout 0
thp_swpout_fallback 0
/sys/fs/cgroup/memory.current
56619008
/sys/fs/cgroup/memory.peak
57008128
DAEMON_THREADS
THREAD	1	layerfs-daemon	14859751 154874 25	22 3 	1573 0 0 4
THREAD	10	layerfs-fuse-2	72833 0 1	1 0 	2 0 0 0
THREAD	101	layerfs-mount-1	124625 0 1	1 0 	5 0 0 7
THREAD	102	layerfs-fence-1	69251 0 3	3 0 	2 0 0 2
THREAD	103	fuser-0	10162287 5108503 260	46 214 	155 0 0 6
THREAD	11	layerfs-fuse-3	35541 1625 3	3 0 	2 0 0 2
THREAD	12	layerfs-control	174311951 73001 2867	2866 1 	7766 13 3 0
THREAD	7	layerfs-overlay	5283751 0 9	9 0 	248 0 0 5
THREAD	8	layerfs-fuse-0	1052042 25041 2	2 0 	316 0 0 6
THREAD	9	layerfs-fuse-1	41584 85583 1	1 0 	2 0 0 3
CGROUP_CPU
usage_usec 447036
user_usec 251709
system_usec 195326
nice_usec 0
nr_periods 0
nr_throttled 0
throttled_usec 0
nr_bursts 0
burst_usec 0
KERNEL	6.12.76-linuxkit	8
