HISTORY_ENGINE_WORK {"state":1,"stage":"acquisition","available":true,"values":[0, 0, 0, 0, 0, 0, 0, 0, 0, 0, 0, 0, 0, 0, 0, 0, 0, 0, 0]}
HISTORY_ENGINE_WORK {"state":1,"stage":"construction","available":true,"values":[0, 0, 0, 0, 0, 0, 0, 0, 0, 0, 0, 0, 0, 0, 0, 0, 0, 0, 0]}
HISTORY_PROVIDER_WORK state=1 stage=construction scope=operation-reader-only opens=0 group_decodes=0 pooled=PoolReadCounters { leaf_requests: 0, chain_edges: 0, physical_record_calls: 0, physical_group_decodes: 0, physical_group_decoded_bytes: 0, physical_group_cache_hits: 0, value_group_decodes: 0, pack_fetches: 0, pack_bytes: 0 }
HISTORY_POOLED_WORK state=1 stage=construction scope=operation-reader-only cumulative=PoolReadCounters { leaf_requests: 0, chain_edges: 0, physical_record_calls: 0, physical_group_decodes: 0, physical_group_decoded_bytes: 0, physical_group_cache_hits: 0, value_group_decodes: 0, pack_fetches: 0, pack_bytes: 0 }
HISTORY_ENGINE_WORK {"state":1,"stage":"filesystem","available":true,"values":[0, 0, 0, 0, 0, 0, 0, 0, 0, 0, 0, 0, 0, 0, 0, 0, 0, 0, 0]}
HISTORY_PROVIDER_WORK state=1 stage=filesystem scope=operation-reader-only opens=0 group_decodes=0 pooled=PoolReadCounters { leaf_requests: 0, chain_edges: 0, physical_record_calls: 0, physical_group_decodes: 0, physical_group_decoded_bytes: 0, physical_group_cache_hits: 0, value_group_decodes: 0, pack_fetches: 0, pack_bytes: 0 }
HISTORY_POOLED_WORK state=1 stage=filesystem scope=operation-reader-only cumulative=PoolReadCounters { leaf_requests: 0, chain_edges: 0, physical_record_calls: 0, physical_group_decodes: 0, physical_group_decoded_bytes: 0, physical_group_cache_hits: 0, value_group_decodes: 0, pack_fetches: 0, pack_bytes: 0 }
HISTORY_ENGINE_WORK {"state":1,"stage":"save_custody","available":true,"values":[922, 67134, 4806000, 0, 0, 0, 0, 195, 2349749, 891, 289193, 96546, 856064, 0, 1, 18, 16, 0, 0]}
HISTORY_PROVIDER_WORK state=1 stage=save_custody scope=operation-reader-only opens=0 group_decodes=0 pooled=PoolReadCounters { leaf_requests: 0, chain_edges: 0, physical_record_calls: 0, physical_group_decodes: 0, physical_group_decoded_bytes: 0, physical_group_cache_hits: 0, value_group_decodes: 0, pack_fetches: 0, pack_bytes: 0 }
HISTORY_POOLED_WORK state=1 stage=save_custody scope=operation-reader-only cumulative=PoolReadCounters { leaf_requests: 0, chain_edges: 0, physical_record_calls: 0, physical_group_decodes: 0, physical_group_decoded_bytes: 0, physical_group_cache_hits: 0, value_group_decodes: 0, pack_fetches: 0, pack_bytes: 0 }
HISTORY_STATE_WORK {"state":1,"full157":1,"changed_paths":276,"offered_objects":364,"acquire_ns":38969250,"construct_ns":6546125,"filesystem_ns":1348792,"save_custody_ns":28940250}
DIAGNOSTIC state=1 full157=1 root=ObjectId("ff484f8d92f57413ee83e7201fb04c8512ffd7bed3083471713db4e8e17c70d3")
HISTORY_COLD_BOUNDARY {"before_state":2,"wall_ns":3751875,"attestation":{"files":2,"length_bytes":699392,"total_pages":43,"resident_first":43,"resident_after":0,"invalidated_files":2,"page_size_bytes":16384,"first_pass_ns":302000,"attestation_ns":89000,"opens":6,"fstats":6,"mmap_calls":4,"mincore_calls":6,"munmap_calls":4,"msync_calls":2,"inventory_entries":4,"vector_peak_bytes":41}}
HISTORY_ENGINE_WORK {"state":2,"stage":"acquisition","available":true,"values":[0, 0, 0, 0, 0, 0, 0, 0, 0, 0, 0, 0, 0, 0, 0, 0, 0, 0, 0]}
HISTORY_ENGINE_WORK {"state":2,"stage":"construction","available":true,"values":[0, 0, 0, 0, 0, 0, 0, 0, 0, 0, 0, 0, 0, 0, 0, 0, 0, 0, 0]}
HISTORY_PROVIDER_WORK state=2 stage=construction scope=operation-reader-only opens=0 group_decodes=0 pooled=PoolReadCounters { leaf_requests: 0, chain_edges: 0, physical_record_calls: 0, physical_group_decodes: 0, physical_group_decoded_bytes: 0, physical_group_cache_hits: 0, value_group_decodes: 0, pack_fetches: 0, pack_bytes: 0 }
HISTORY_POOLED_WORK state=2 stage=construction scope=operation-reader-only cumulative=PoolReadCounters { leaf_requests: 0, chain_edges: 0, physical_record_calls: 0, physical_group_decodes: 0, physical_group_decoded_bytes: 0, physical_group_cache_hits: 0, value_group_decodes: 0, pack_fetches: 0, pack_bytes: 0 }
HISTORY_ENGINE_WORK {"state":2,"stage":"filesystem","available":true,"values":[1380, 35878, 9490000, 0, 0, 0, 0, 952, 3042996, 1375, 2268305, 1187118, 0, 0, 0, 188, 1, 0, 0]}
HISTORY_PROVIDER_WORK state=2 stage=filesystem scope=operation-reader-only opens=1 group_decodes=1 pooled=PoolReadCounters { leaf_requests: 112, chain_edges: 0, physical_record_calls: 224, physical_group_decodes: 0, physical_group_decoded_bytes: 0, physical_group_cache_hits: 224, value_group_decodes: 7, pack_fetches: 2, pack_bytes: 24073 }
HISTORY_POOLED_WORK state=2 stage=filesystem scope=operation-reader-only cumulative=PoolReadCounters { leaf_requests: 112, chain_edges: 0, physical_record_calls: 224, physical_group_decodes: 0, physical_group_decoded_bytes: 0, physical_group_cache_hits: 224, value_group_decodes: 7, pack_fetches: 2, pack_bytes: 24073 }
HISTORY_ENGINE_WORK {"state":2,"stage":"save_custody","available":true,"values":[2980, 210688, 15714000, 0, 0, 0, 0, 387, 5281866, 2937, 643662, 632577, 2412544, 0, 1, 55, 32, 0, 0]}
HISTORY_PROVIDER_WORK state=2 stage=save_custody scope=operation-reader-only opens=1 group_decodes=1 pooled=PoolReadCounters { leaf_requests: 112, chain_edges: 0, physical_record_calls: 224, physical_group_decodes: 0, physical_group_decoded_bytes: 0, physical_group_cache_hits: 224, value_group_decodes: 7, pack_fetches: 2, pack_bytes: 24073 }
HISTORY_POOLED_WORK state=2 stage=save_custody scope=operation-reader-only cumulative=PoolReadCounters { leaf_requests: 112, chain_edges: 0, physical_record_calls: 224, physical_group_decodes: 0, physical_group_decoded_bytes: 0, physical_group_cache_hits: 224, value_group_decodes: 7, pack_fetches: 2, pack_bytes: 24073 }
HISTORY_STATE_WORK {"state":2,"full157":11,"changed_paths":985,"offered_objects":1086,"acquire_ns":173218542,"construct_ns":27223500,"filesystem_ns":24019125,"save_custody_ns":105200959}
DIAGNOSTIC state=2 full157=11 root=ObjectId("2906f3669420afb3ec336bc5d87856328371db4e9ad644ced4224cc8d3cd75ab")
HISTORY_COLD_BOUNDARY {"before_state":3,"wall_ns":3488250,"attestation":{"files":2,"length_bytes":2553856,"total_pages":156,"resident_first":154,"resident_after":0,"invalidated_files":2,"page_size_bytes":16384,"first_pass_ns":322000,"attestation_ns":100000,"opens":6,"fstats":6,"mmap_calls":4,"mincore_calls":6,"munmap_calls":4,"msync_calls":2,"inventory_entries":4,"vector_peak_bytes":154}}
HISTORY_ENGINE_WORK {"state":3,"stage":"acquisition","available":true,"values":[0, 0, 0, 0, 0, 0, 0, 0, 0, 0, 0, 0, 0, 0, 0, 0, 0, 0, 0]}
HISTORY_ENGINE_WORK {"state":3,"stage":"construction","available":true,"values":[24, 458, 734000, 0, 0, 0, 0, 21, 426917, 19, 60917, 94014, 0, 0, 0, 4, 1, 0, 0]}
HISTORY_PROVIDER_WORK state=3 stage=construction scope=operation-reader-only opens=1 group_decodes=1 pooled=PoolReadCounters { leaf_requests: 0, chain_edges: 0, physical_record_calls: 0, physical_group_decodes: 0, physical_group_decoded_bytes: 0, physical_group_cache_hits: 0, value_group_decodes: 0, pack_fetches: 0, pack_bytes: 0 }
HISTORY_POOLED_WORK state=3 stage=construction scope=operation-reader-only cumulative=PoolReadCounters { leaf_requests: 0, chain_edges: 0, physical_record_calls: 0, physical_group_decodes: 0, physical_group_decoded_bytes: 0, physical_group_cache_hits: 0, value_group_decodes: 0, pack_fetches: 0, pack_bytes: 0 }
HISTORY_ENGINE_WORK {"state":3,"stage":"filesystem","available":true,"values":[2026, 54042, 13804000, 0, 0, 0, 0, 1394, 4130919, 2026, 3249560, 3239718, 0, 0, 0, 302, 1, 0, 0]}
HISTORY_PROVIDER_WORK state=3 stage=filesystem scope=operation-reader-only opens=1 group_decodes=3 pooled=PoolReadCounters { leaf_requests: 158, chain_edges: 0, physical_record_calls: 316, physical_group_decodes: 0, physical_group_decoded_bytes: 0, physical_group_cache_hits: 316, value_group_decodes: 29, pack_fetches: 4, pack_bytes: 80963 }
HISTORY_POOLED_WORK state=3 stage=filesystem scope=operation-reader-only cumulative=PoolReadCounters { leaf_requests: 158, chain_edges: 0, physical_record_calls: 316, physical_group_decodes: 0, physical_group_decoded_bytes: 0, physical_group_cache_hits: 316, value_group_decodes: 29, pack_fetches: 4, pack_bytes: 80963 }
HISTORY_ENGINE_WORK {"state":3,"stage":"save_custody","available":true,"values":[4405, 276700, 24298000, 0, 0, 0, 0, 442, 5126641, 4360, 1138667, 2419442, 2383872, 0, 1, 101, 19, 0, 0]}
HISTORY_PROVIDER_WORK state=3 stage=save_custody scope=operation-reader-only opens=1 group_decodes=3 pooled=PoolReadCounters { leaf_requests: 158, chain_edges: 0, physical_record_calls: 316, physical_group_decodes: 0, physical_group_decoded_bytes: 0, physical_group_cache_hits: 316, value_group_decodes: 29, pack_fetches: 4, pack_bytes: 80963 }
HISTORY_POOLED_WORK state=3 stage=save_custody scope=operation-reader-only cumulative=PoolReadCounters { leaf_requests: 158, chain_edges: 0, physical_record_calls: 316, physical_group_decodes: 0, physical_group_decoded_bytes: 0, physical_group_cache_hits: 316, value_group_decodes: 29, pack_fetches: 4, pack_bytes: 80963 }
HISTORY_STATE_WORK {"state":3,"full157":21,"changed_paths":1000,"offered_objects":1202,"acquire_ns":217233250,"construct_ns":37314667,"filesystem_ns":32311292,"save_custody_ns":154406500}
DIAGNOSTIC state=3 full157=21 root=ObjectId("1282ed4c917126c0ee219ba221243405bf0223092021c860b48163b741068bde")
HISTORY_COLD_BOUNDARY {"before_state":4,"wall_ns":3252250,"attestation":{"files":2,"length_bytes":4120576,"total_pages":252,"resident_first":250,"resident_after":0,"invalidated_files":2,"page_size_bytes":16384,"first_pass_ns":378000,"attestation_ns":127000,"opens":6,"fstats":6,"mmap_calls":4,"mincore_calls":6,"munmap_calls":4,"msync_calls":2,"inventory_entries":4,"vector_peak_bytes":250}}
HISTORY_ENGINE_WORK {"state":4,"stage":"acquisition","available":true,"values":[0, 0, 0, 0, 0, 0, 0, 0, 0, 0, 0, 0, 0, 0, 0, 0, 0, 0, 0]}
HISTORY_ENGINE_WORK {"state":4,"stage":"construction","available":true,"values":[27, 495, 1203000, 0, 0, 0, 0, 24, 524916, 22, 52750, 96612, 0, 0, 0, 4, 1, 0, 0]}
HISTORY_PROVIDER_WORK state=4 stage=construction scope=operation-reader-only opens=1 group_decodes=1 pooled=PoolReadCounters { leaf_requests: 0, chain_edges: 0, physical_record_calls: 0, physical_group_decodes: 0, physical_group_decoded_bytes: 0, physical_group_cache_hits: 0, value_group_decodes: 0, pack_fetches: 0, pack_bytes: 0 }
HISTORY_POOLED_WORK state=4 stage=construction scope=operation-reader-only cumulative=PoolReadCounters { leaf_requests: 0, chain_edges: 0, physical_record_calls: 0, physical_group_decodes: 0, physical_group_decoded_bytes: 0, physical_group_cache_hits: 0, value_group_decodes: 0, pack_fetches: 0, pack_bytes: 0 }
HISTORY_ENGINE_WORK {"state":4,"stage":"filesystem","available":true,"values":[3144, 90769, 27586000, 0, 0, 0, 0, 1934, 5757863, 3144, 5349650, 4878874, 0, 0, 0, 417, 1, 0, 0]}
HISTORY_PROVIDER_WORK state=4 stage=filesystem scope=operation-reader-only opens=1 group_decodes=3 pooled=PoolReadCounters { leaf_requests: 245, chain_edges: 117, physical_record_calls: 724, physical_group_decodes: 2, physical_group_decoded_bytes: 54974, physical_group_cache_hits: 722, value_group_decodes: 59, pack_fetches: 7, pack_bytes: 151742 }
HISTORY_POOLED_WORK state=4 stage=filesystem scope=operation-reader-only cumulative=PoolReadCounters { leaf_requests: 245, chain_edges: 117, physical_record_calls: 724, physical_group_decodes: 2, physical_group_decoded_bytes: 54974, physical_group_cache_hits: 722, value_group_decodes: 59, pack_fetches: 7, pack_bytes: 151742 }
HISTORY_ENGINE_WORK {"state":4,"stage":"save_custody","available":true,"values":[5745, 335546, 44502000, 0, 0, 0, 0, 514, 6630261, 5700, 2067880, 4236619, 2328576, 0, 1, 152, 23, 0, 0]}
HISTORY_PROVIDER_WORK state=4 stage=save_custody scope=operation-reader-only opens=1 group_decodes=3 pooled=PoolReadCounters { leaf_requests: 245, chain_edges: 117, physical_record_calls: 724, physical_group_decodes: 2, physical_group_decoded_bytes: 54974, physical_group_cache_hits: 722, value_group_decodes: 59, pack_fetches: 7, pack_bytes: 151742 }
HISTORY_POOLED_WORK state=4 stage=save_custody scope=operation-reader-only cumulative=PoolReadCounters { leaf_requests: 245, chain_edges: 117, physical_record_calls: 724, physical_group_decodes: 2, physical_group_decoded_bytes: 54974, physical_group_cache_hits: 722, value_group_decodes: 59, pack_fetches: 7, pack_bytes: 151742 }
HISTORY_STATE_WORK {"state":4,"full157":31,"changed_paths":1103,"offered_objects":1260,"acquire_ns":232435500,"construct_ns":41135333,"filesystem_ns":54765792,"save_custody_ns":198144334}
DIAGNOSTIC state=4 full157=31 root=ObjectId("92f98e576ec1811361095b29bea2cc5137d2eca8c9b3fce96d75cfb4c30a7fa9")
HISTORY_COLD_BOUNDARY {"before_state":5,"wall_ns":3579500,"attestation":{"files":2,"length_bytes":5322752,"total_pages":325,"resident_first":323,"resident_after":0,"invalidated_files":2,"page_size_bytes":16384,"first_pass_ns":490000,"attestation_ns":169000,"opens":6,"fstats":6,"mmap_calls":4,"mincore_calls":6,"munmap_calls":4,"msync_calls":2,"inventory_entries":4,"vector_peak_bytes":323}}
HISTORY_ENGINE_WORK {"state":5,"stage":"acquisition","available":true,"values":[0, 0, 0, 0, 0, 0, 0, 0, 0, 0, 0, 0, 0, 0, 0, 0, 0, 0, 0]}
HISTORY_ENGINE_WORK {"state":5,"stage":"construction","available":true,"values":[29, 565, 1901000, 0, 0, 0, 0, 25, 569793, 24, 78668, 330116, 0, 0, 0, 5, 1, 0, 0]}
HISTORY_PROVIDER_WORK state=5 stage=construction scope=operation-reader-only opens=1 group_decodes=1 pooled=PoolReadCounters { leaf_requests: 0, chain_edges: 0, physical_record_calls: 0, physical_group_decodes: 0, physical_group_decoded_bytes: 0, physical_group_cache_hits: 0, value_group_decodes: 0, pack_fetches: 0, pack_bytes: 0 }
HISTORY_POOLED_WORK state=5 stage=construction scope=operation-reader-only cumulative=PoolReadCounters { leaf_requests: 0, chain_edges: 0, physical_record_calls: 0, physical_group_decodes: 0, physical_group_decoded_bytes: 0, physical_group_cache_hits: 0, value_group_decodes: 0, pack_fetches: 0, pack_bytes: 0 }
HISTORY_ENGINE_WORK {"state":5,"stage":"filesystem","available":true,"values":[5475, 161243, 43048000, 0, 0, 0, 0, 3193, 9437341, 5475, 9866907, 7928652, 0, 0, 0, 677, 1, 0, 0]}
HISTORY_PROVIDER_WORK state=5 stage=filesystem scope=operation-reader-only opens=1 group_decodes=3 pooled=PoolReadCounters { leaf_requests: 362, chain_edges: 165, physical_record_calls: 1054, physical_group_decodes: 4, physical_group_decoded_bytes: 109549, physical_group_cache_hits: 1050, value_group_decodes: 92, pack_fetches: 10, pack_bytes: 226796 }
HISTORY_POOLED_WORK state=5 stage=filesystem scope=operation-reader-only cumulative=PoolReadCounters { leaf_requests: 362, chain_edges: 165, physical_record_calls: 1054, physical_group_decodes: 4, physical_group_decoded_bytes: 109549, physical_group_cache_hits: 1050, value_group_decodes: 92, pack_fetches: 10, pack_bytes: 226796 }
HISTORY_ENGINE_WORK {"state":5,"stage":"save_custody","available":true,"values":[11118, 687140, 73998000, 0, 0, 0, 0, 864, 11860254, 11065, 3089954, 8305168, 5515264, 0, 1, 284, 54, 0, 0]}
HISTORY_PROVIDER_WORK state=5 stage=save_custody scope=operation-reader-only opens=1 group_decodes=3 pooled=PoolReadCounters { leaf_requests: 362, chain_edges: 165, physical_record_calls: 1054, physical_group_decodes: 4, physical_group_decoded_bytes: 109549, physical_group_cache_hits: 1050, value_group_decodes: 92, pack_fetches: 10, pack_bytes: 226796 }
HISTORY_POOLED_WORK state=5 stage=save_custody scope=operation-reader-only cumulative=PoolReadCounters { leaf_requests: 362, chain_edges: 165, physical_record_calls: 1054, physical_group_decodes: 4, physical_group_decoded_bytes: 109549, physical_group_cache_hits: 1050, value_group_decodes: 92, pack_fetches: 10, pack_bytes: 226796 }
HISTORY_STATE_WORK {"state":5,"full157":41,"changed_paths":2716,"offered_objects":2846,"acquire_ns":528556500,"construct_ns":75008375,"filesystem_ns":92025042,"save_custody_ns":353313625}
DIAGNOSTIC state=5 full157=41 root=ObjectId("208d34b9ee9c867cf7e8988dd53d342d5acb4ca9ddc2420d2eb020c39d0b580f")
HISTORY_COLD_BOUNDARY {"before_state":6,"wall_ns":3796458,"attestation":{"files":2,"length_bytes":8488960,"total_pages":519,"resident_first":516,"resident_after":0,"invalidated_files":2,"page_size_bytes":16384,"first_pass_ns":657000,"attestation_ns":247000,"opens":6,"fstats":6,"mmap_calls":4,"mincore_calls":6,"munmap_calls":4,"msync_calls":2,"inventory_entries":4,"vector_peak_bytes":517}}
HISTORY_ENGINE_WORK {"state":6,"stage":"acquisition","available":true,"values":[0, 0, 0, 0, 0, 0, 0, 0, 0, 0, 0, 0, 0, 0, 0, 0, 0, 0, 0]}
HISTORY_ENGINE_WORK {"state":6,"stage":"construction","available":true,"values":[47, 923, 2599000, 0, 0, 0, 0, 40, 689083, 42, 103831, 381540, 0, 0, 0, 8, 2, 0, 0]}
HISTORY_PROVIDER_WORK state=6 stage=construction scope=operation-reader-only opens=1 group_decodes=1 pooled=PoolReadCounters { leaf_requests: 0, chain_edges: 0, physical_record_calls: 0, physical_group_decodes: 0, physical_group_decoded_bytes: 0, physical_group_cache_hits: 0, value_group_decodes: 0, pack_fetches: 0, pack_bytes: 0 }
HISTORY_POOLED_WORK state=6 stage=construction scope=operation-reader-only cumulative=PoolReadCounters { leaf_requests: 0, chain_edges: 0, physical_record_calls: 0, physical_group_decodes: 0, physical_group_decoded_bytes: 0, physical_group_cache_hits: 0, value_group_decodes: 0, pack_fetches: 0, pack_bytes: 0 }
HISTORY_ENGINE_WORK {"state":6,"stage":"filesystem","available":true,"values":[5051, 155774, 49890000, 0, 0, 0, 0, 2889, 8764577, 5051, 9764410, 13707027, 0, 0, 0, 614, 1, 0, 0]}
HISTORY_PROVIDER_WORK state=6 stage=filesystem scope=operation-reader-only opens=1 group_decodes=6 pooled=PoolReadCounters { leaf_requests: 452, chain_edges: 82, physical_record_calls: 1068, physical_group_decodes: 3, physical_group_decoded_bytes: 63022, physical_group_cache_hits: 1065, value_group_decodes: 136, pack_fetches: 10, pack_bytes: 327042 }
HISTORY_POOLED_WORK state=6 stage=filesystem scope=operation-reader-only cumulative=PoolReadCounters { leaf_requests: 452, chain_edges: 82, physical_record_calls: 1068, physical_group_decodes: 3, physical_group_decoded_bytes: 63022, physical_group_cache_hits: 1065, value_group_decodes: 136, pack_fetches: 10, pack_bytes: 327042 }
HISTORY_ENGINE_WORK {"state":6,"stage":"save_custody","available":true,"values":[10558, 611882, 87265000, 0, 0, 0, 0, 917, 10752797, 10505, 5247382, 13061836, 5564416, 0, 1, 378, 23, 0, 0]}
HISTORY_PROVIDER_WORK state=6 stage=save_custody scope=operation-reader-only opens=1 group_decodes=6 pooled=PoolReadCounters { leaf_requests: 452, chain_edges: 82, physical_record_calls: 1068, physical_group_decodes: 3, physical_group_decoded_bytes: 63022, physical_group_cache_hits: 1065, value_group_decodes: 136, pack_fetches: 10, pack_bytes: 327042 }
HISTORY_POOLED_WORK state=6 stage=save_custody scope=operation-reader-only cumulative=PoolReadCounters { leaf_requests: 452, chain_edges: 82, physical_record_calls: 1068, physical_group_decodes: 3, physical_group_decoded_bytes: 63022, physical_group_cache_hits: 1065, value_group_decodes: 136, pack_fetches: 10, pack_bytes: 327042 }
HISTORY_STATE_WORK {"state":6,"full157":51,"changed_paths":2073,"offered_objects":2233,"acquire_ns":565911750,"construct_ns":70447792,"filesystem_ns":97408916,"save_custody_ns":366553042}
DIAGNOSTIC state=6 full157=51 root=ObjectId("0bba4b43e94f8d20551a062b35379db0897e89f8de62b425b7d47abd4f79e698")
HISTORY_COLD_BOUNDARY {"before_state":7,"wall_ns":3813542,"attestation":{"files":2,"length_bytes":11257856,"total_pages":688,"resident_first":683,"resident_after":0,"invalidated_files":2,"page_size_bytes":16384,"first_pass_ns":800000,"attestation_ns":281000,"opens":6,"fstats":6,"mmap_calls":4,"mincore_calls":6,"munmap_calls":4,"msync_calls":2,"inventory_entries":4,"vector_peak_bytes":686}}
HISTORY_ENGINE_WORK {"state":7,"stage":"acquisition","available":true,"values":[0, 0, 0, 0, 0, 0, 0, 0, 0, 0, 0, 0, 0, 0, 0, 0, 0, 0, 0]}
HISTORY_ENGINE_WORK {"state":7,"stage":"construction","available":true,"values":[47, 923, 2714000, 0, 0, 0, 0, 40, 646955, 42, 104458, 292324, 0, 0, 0, 8, 1, 0, 0]}
HISTORY_PROVIDER_WORK state=7 stage=construction scope=operation-reader-only opens=1 group_decodes=1 pooled=PoolReadCounters { leaf_requests: 0, chain_edges: 0, physical_record_calls: 0, physical_group_decodes: 0, physical_group_decoded_bytes: 0, physical_group_cache_hits: 0, value_group_decodes: 0, pack_fetches: 0, pack_bytes: 0 }
HISTORY_POOLED_WORK state=7 stage=construction scope=operation-reader-only cumulative=PoolReadCounters { leaf_requests: 0, chain_edges: 0, physical_record_calls: 0, physical_group_decodes: 0, physical_group_decoded_bytes: 0, physical_group_cache_hits: 0, value_group_decodes: 0, pack_fetches: 0, pack_bytes: 0 }
HISTORY_ENGINE_WORK {"state":7,"stage":"filesystem","available":true,"values":[6699, 214123, 66217000, 0, 0, 0, 0, 3535, 10724578, 6699, 13677297, 16771856, 0, 0, 0, 759, 2, 0, 0]}
HISTORY_PROVIDER_WORK state=7 stage=filesystem scope=operation-reader-only opens=1 group_decodes=7 pooled=PoolReadCounters { leaf_requests: 532, chain_edges: 248, physical_record_calls: 1560, physical_group_decodes: 5, physical_group_decoded_bytes: 157577, physical_group_cache_hits: 1555, value_group_decodes: 832, pack_fetches: 14, pack_bytes: 466157 }
HISTORY_POOLED_WORK state=7 stage=filesystem scope=operation-reader-only cumulative=PoolReadCounters { leaf_requests: 532, chain_edges: 248, physical_record_calls: 1560, physical_group_decodes: 5, physical_group_decoded_bytes: 157577, physical_group_cache_hits: 1555, value_group_decodes: 832, pack_fetches: 14, pack_bytes: 466157 }
HISTORY_ENGINE_WORK {"state":7,"stage":"save_custody","available":true,"values":[15017, 867654, 116596000, 0, 0, 0, 0, 1206, 13373048, 14958, 6091060, 19215449, 7225344, 0, 1, 529, 37, 0, 0]}
HISTORY_PROVIDER_WORK state=7 stage=save_custody scope=operation-reader-only opens=1 group_decodes=7 pooled=PoolReadCounters { leaf_requests: 532, chain_edges: 248, physical_record_calls: 1560, physical_group_decodes: 5, physical_group_decoded_bytes: 157577, physical_group_cache_hits: 1555, value_group_decodes: 832, pack_fetches: 14, pack_bytes: 466157 }
HISTORY_POOLED_WORK state=7 stage=save_custody scope=operation-reader-only cumulative=PoolReadCounters { leaf_requests: 532, chain_edges: 248, physical_record_calls: 1560, physical_group_decodes: 5, physical_group_decoded_bytes: 157577, physical_group_cache_hits: 1555, value_group_decodes: 832, pack_fetches: 14, pack_bytes: 466157 }
HISTORY_STATE_WORK {"state":7,"full157":61,"changed_paths":2895,"offered_objects":3130,"acquire_ns":792298750,"construct_ns":80005875,"filesystem_ns":135994500,"save_custody_ns":473579125}
DIAGNOSTIC state=7 full157=61 root=ObjectId("83c507e708c9a53e0d205d666c84d2c08ff2c8f60d63604df4b719417577cbdc")
HISTORY_COLD_BOUNDARY {"before_state":8,"wall_ns":4415458,"attestation":{"files":2,"length_bytes":14353408,"total_pages":877,"resident_first":874,"resident_after":0,"invalidated_files":2,"page_size_bytes":16384,"first_pass_ns":1001000,"attestation_ns":363000,"opens":6,"fstats":6,"mmap_calls":4,"mincore_calls":6,"munmap_calls":4,"msync_calls":2,"inventory_entries":4,"vector_peak_bytes":875}}
HISTORY_ENGINE_WORK {"state":8,"stage":"acquisition","available":true,"values":[0, 0, 0, 0, 0, 0, 0, 0, 0, 0, 0, 0, 0, 0, 0, 0, 0, 0, 0]}
HISTORY_ENGINE_WORK {"state":8,"stage":"construction","available":true,"values":[47, 923, 2387000, 0, 0, 0, 0, 40, 776213, 42, 104040, 244324, 0, 0, 0, 8, 1, 0, 0]}
HISTORY_PROVIDER_WORK state=8 stage=construction scope=operation-reader-only opens=1 group_decodes=1 pooled=PoolReadCounters { leaf_requests: 0, chain_edges: 0, physical_record_calls: 0, physical_group_decodes: 0, physical_group_decoded_bytes: 0, physical_group_cache_hits: 0, value_group_decodes: 0, pack_fetches: 0, pack_bytes: 0 }
HISTORY_POOLED_WORK state=8 stage=construction scope=operation-reader-only cumulative=PoolReadCounters { leaf_requests: 0, chain_edges: 0, physical_record_calls: 0, physical_group_decodes: 0, physical_group_decoded_bytes: 0, physical_group_cache_hits: 0, value_group_decodes: 0, pack_fetches: 0, pack_bytes: 0 }
HISTORY_ENGINE_WORK {"state":8,"stage":"filesystem","available":true,"values":[6889, 230558, 71818000, 0, 0, 0, 0, 3330, 9959640, 6889, 14685468, 15602234, 0, 0, 0, 718, 3, 0, 0]}
HISTORY_PROVIDER_WORK state=8 stage=filesystem scope=operation-reader-only opens=1 group_decodes=20 pooled=PoolReadCounters { leaf_requests: 554, chain_edges: 340, physical_record_calls: 1788, physical_group_decodes: 16, physical_group_decoded_bytes: 666199, physical_group_cache_hits: 1772, value_group_decodes: 1189, pack_fetches: 17, pack_bytes: 627619 }
HISTORY_POOLED_WORK state=8 stage=filesystem scope=operation-reader-only cumulative=PoolReadCounters { leaf_requests: 554, chain_edges: 340, physical_record_calls: 1788, physical_group_decodes: 16, physical_group_decoded_bytes: 666199, physical_group_cache_hits: 1772, value_group_decodes: 1189, pack_fetches: 17, pack_bytes: 627619 }
HISTORY_ENGINE_WORK {"state":8,"stage":"save_custody","available":true,"values":[11632, 617098, 111067000, 0, 0, 0, 0, 1169, 10651092, 11581, 6208251, 19966989, 4362240, 0, 1, 624, 22, 0, 0]}
HISTORY_PROVIDER_WORK state=8 stage=save_custody scope=operation-reader-only opens=1 group_decodes=20 pooled=PoolReadCounters { leaf_requests: 554, chain_edges: 340, physical_record_calls: 1788, physical_group_decodes: 16, physical_group_decoded_bytes: 666199, physical_group_cache_hits: 1772, value_group_decodes: 1189, pack_fetches: 17, pack_bytes: 627619 }
HISTORY_POOLED_WORK state=8 stage=save_custody scope=operation-reader-only cumulative=PoolReadCounters { leaf_requests: 554, chain_edges: 340, physical_record_calls: 1788, physical_group_decodes: 16, physical_group_decoded_bytes: 666199, physical_group_cache_hits: 1772, value_group_decodes: 1189, pack_fetches: 17, pack_bytes: 627619 }
HISTORY_STATE_WORK {"state":8,"full157":71,"changed_paths":1638,"offered_objects":1824,"acquire_ns":601449042,"construct_ns":59983541,"filesystem_ns":144038125,"save_custody_ns":394132083}
DIAGNOSTIC state=8 full157=71 root=ObjectId("ca4ac6eb28a22995b580b57435f904b48594f3eb14d0405bf1fcbc1fd5ef9d0e")
HISTORY_COLD_BOUNDARY {"before_state":9,"wall_ns":4231167,"attestation":{"files":2,"length_bytes":15681536,"total_pages":958,"resident_first":949,"resident_after":0,"invalidated_files":2,"page_size_bytes":16384,"first_pass_ns":1033000,"attestation_ns":382000,"opens":6,"fstats":6,"mmap_calls":4,"mincore_calls":6,"munmap_calls":4,"msync_calls":2,"inventory_entries":4,"vector_peak_bytes":956}}
HISTORY_ENGINE_WORK {"state":9,"stage":"acquisition","available":true,"values":[0, 0, 0, 0, 0, 0, 0, 0, 0, 0, 0, 0, 0, 0, 0, 0, 0, 0, 0]}
HISTORY_ENGINE_WORK {"state":9,"stage":"construction","available":true,"values":[64, 1450, 9733000, 0, 0, 0, 0, 50, 760376, 59, 173501, 1194851, 0, 0, 0, 15, 2, 0, 0]}
HISTORY_PROVIDER_WORK state=9 stage=construction scope=operation-reader-only opens=1 group_decodes=1 pooled=PoolReadCounters { leaf_requests: 0, chain_edges: 0, physical_record_calls: 0, physical_group_decodes: 0, physical_group_decoded_bytes: 0, physical_group_cache_hits: 0, value_group_decodes: 0, pack_fetches: 0, pack_bytes: 0 }
HISTORY_POOLED_WORK state=9 stage=construction scope=operation-reader-only cumulative=PoolReadCounters { leaf_requests: 0, chain_edges: 0, physical_record_calls: 0, physical_group_decodes: 0, physical_group_decoded_bytes: 0, physical_group_cache_hits: 0, value_group_decodes: 0, pack_fetches: 0, pack_bytes: 0 }
HISTORY_ENGINE_WORK {"state":9,"stage":"filesystem","available":true,"values":[7355, 260572, 84017000, 0, 0, 0, 0, 3071, 9697695, 7355, 16160207, 14839145, 0, 0, 0, 669, 2, 0, 0]}
HISTORY_PROVIDER_WORK state=9 stage=filesystem scope=operation-reader-only opens=1 group_decodes=30 pooled=PoolReadCounters { leaf_requests: 551, chain_edges: 615, physical_record_calls: 2332, physical_group_decodes: 30, physical_group_decoded_bytes: 1250877, physical_group_cache_hits: 2302, value_group_decodes: 1576, pack_fetches: 20, pack_bytes: 741070 }
HISTORY_POOLED_WORK state=9 stage=filesystem scope=operation-reader-only cumulative=PoolReadCounters { leaf_requests: 551, chain_edges: 615, physical_record_calls: 2332, physical_group_decodes: 30, physical_group_decoded_bytes: 1250877, physical_group_cache_hits: 2302, value_group_decodes: 1576, pack_fetches: 20, pack_bytes: 741070 }
HISTORY_ENGINE_WORK {"state":9,"stage":"save_custody","available":true,"values":[15658, 831563, 136501000, 0, 0, 0, 0, 1567, 16953831, 15599, 7150424, 24975219, 7507968, 0, 1, 858, 36, 0, 0]}
HISTORY_PROVIDER_WORK state=9 stage=save_custody scope=operation-reader-only opens=1 group_decodes=30 pooled=PoolReadCounters { leaf_requests: 551, chain_edges: 615, physical_record_calls: 2332, physical_group_decodes: 30, physical_group_decoded_bytes: 1250877, physical_group_cache_hits: 2302, value_group_decodes: 1576, pack_fetches: 20, pack_bytes: 741070 }
HISTORY_POOLED_WORK state=9 stage=save_custody scope=operation-reader-only cumulative=PoolReadCounters { leaf_requests: 551, chain_edges: 615, physical_record_calls: 2332, physical_group_decodes: 30, physical_group_decoded_bytes: 1250877, physical_group_cache_hits: 2302, value_group_decodes: 1576, pack_fetches: 20, pack_bytes: 741070 }
HISTORY_STATE_WORK {"state":9,"full157":81,"changed_paths":2029,"offered_objects":2432,"acquire_ns":804248834,"construct_ns":91217792,"filesystem_ns":165462208,"save_custody_ns":530683209}
DIAGNOSTIC state=9 full157=81 root=ObjectId("5532bc3c204f92a48122bad3aa684b150614d1266972ed1724412e1affa55517")
HISTORY_COLD_BOUNDARY {"before_state":10,"wall_ns":4433083,"attestation":{"files":2,"length_bytes":18759680,"total_pages":1145,"resident_first":1137,"resident_after":0,"invalidated_files":2,"page_size_bytes":16384,"first_pass_ns":1257000,"attestation_ns":437000,"opens":6,"fstats":6,"mmap_calls":4,"mincore_calls":6,"munmap_calls":4,"msync_calls":2,"inventory_entries":4,"vector_peak_bytes":1143}}
HISTORY_ENGINE_WORK {"state":10,"stage":"acquisition","available":true,"values":[0, 0, 0, 0, 0, 0, 0, 0, 0, 0, 0, 0, 0, 0, 0, 0, 0, 0, 0]}
HISTORY_ENGINE_WORK {"state":10,"stage":"construction","available":true,"values":[57, 1137, 3700000, 0, 0, 0, 0, 48, 749333, 52, 124250, 361188, 0, 0, 0, 10, 1, 0, 0]}
HISTORY_PROVIDER_WORK state=10 stage=construction scope=operation-reader-only opens=1 group_decodes=1 pooled=PoolReadCounters { leaf_requests: 0, chain_edges: 0, physical_record_calls: 0, physical_group_decodes: 0, physical_group_decoded_bytes: 0, physical_group_cache_hits: 0, value_group_decodes: 0, pack_fetches: 0, pack_bytes: 0 }
HISTORY_POOLED_WORK state=10 stage=construction scope=operation-reader-only cumulative=PoolReadCounters { leaf_requests: 0, chain_edges: 0, physical_record_calls: 0, physical_group_decodes: 0, physical_group_decoded_bytes: 0, physical_group_cache_hits: 0, value_group_decodes: 0, pack_fetches: 0, pack_bytes: 0 }
HISTORY_ENGINE_WORK {"state":10,"stage":"filesystem","available":true,"values":[7936, 295583, 104125000, 0, 0, 0, 0, 2827, 8946622, 7936, 18005531, 17245528, 0, 0, 0, 613, 1, 0, 0]}
HISTORY_PROVIDER_WORK state=10 stage=filesystem scope=operation-reader-only opens=1 group_decodes=60 pooled=PoolReadCounters { leaf_requests: 596, chain_edges: 1019, physical_record_calls: 3230, physical_group_decodes: 64, physical_group_decoded_bytes: 2824044, physical_group_cache_hits: 3166, value_group_decodes: 1904, pack_fetches: 23, pack_bytes: 863595 }
HISTORY_POOLED_WORK state=10 stage=filesystem scope=operation-reader-only cumulative=PoolReadCounters { leaf_requests: 596, chain_edges: 1019, physical_record_calls: 3230, physical_group_decodes: 64, physical_group_decoded_bytes: 2824044, physical_group_cache_hits: 3166, value_group_decodes: 1904, pack_fetches: 23, pack_bytes: 863595 }
HISTORY_ENGINE_WORK {"state":10,"stage":"save_custody","available":true,"values":[16486, 833774, 186514000, 0, 0, 0, 0, 1719, 15619306, 16433, 13208707, 31000540, 6178816, 0, 1, 1052, 20, 0, 0]}
HISTORY_PROVIDER_WORK state=10 stage=save_custody scope=operation-reader-only opens=1 group_decodes=60 pooled=PoolReadCounters { leaf_requests: 596, chain_edges: 1019, physical_record_calls: 3230, physical_group_decodes: 64, physical_group_decoded_bytes: 2824044, physical_group_cache_hits: 3166, value_group_decodes: 1904, pack_fetches: 23, pack_bytes: 863595 }
HISTORY_POOLED_WORK state=10 stage=save_custody scope=operation-reader-only cumulative=PoolReadCounters { leaf_requests: 596, chain_edges: 1019, physical_record_calls: 3230, physical_group_decodes: 64, physical_group_decoded_bytes: 2824044, physical_group_cache_hits: 3166, value_group_decodes: 1904, pack_fetches: 23, pack_bytes: 863595 }
HISTORY_STATE_WORK {"state":10,"full157":91,"changed_paths":1815,"offered_objects":2079,"acquire_ns":728649375,"construct_ns":74996792,"filesystem_ns":194476791,"save_custody_ns":595832541}
DIAGNOSTIC state=10 full157=91 root=ObjectId("1f8ab5053f1bb25ced3ec59504a196c0c5f3078dc70e8ece55fd12c8bf7412e4")
HISTORY_COLD_BOUNDARY {"before_state":11,"wall_ns":4694709,"attestation":{"files":2,"length_bytes":20729856,"total_pages":1266,"resident_first":1248,"resident_after":0,"invalidated_files":2,"page_size_bytes":16384,"first_pass_ns":1504000,"attestation_ns":509000,"opens":6,"fstats":6,"mmap_calls":4,"mincore_calls":6,"munmap_calls":4,"msync_calls":2,"inventory_entries":4,"vector_peak_bytes":1263}}
HISTORY_ENGINE_WORK {"state":11,"stage":"acquisition","available":true,"values":[0, 0, 0, 0, 0, 0, 0, 0, 0, 0, 0, 0, 0, 0, 0, 0, 0, 0, 0]}
HISTORY_ENGINE_WORK {"state":11,"stage":"construction","available":true,"values":[57, 1137, 3897000, 0, 0, 0, 0, 48, 802666, 52, 138669, 350948, 0, 0, 0, 10, 1, 0, 0]}
HISTORY_PROVIDER_WORK state=11 stage=construction scope=operation-reader-only opens=1 group_decodes=2 pooled=PoolReadCounters { leaf_requests: 0, chain_edges: 0, physical_record_calls: 0, physical_group_decodes: 0, physical_group_decoded_bytes: 0, physical_group_cache_hits: 0, value_group_decodes: 0, pack_fetches: 0, pack_bytes: 0 }
HISTORY_POOLED_WORK state=11 stage=construction scope=operation-reader-only cumulative=PoolReadCounters { leaf_requests: 0, chain_edges: 0, physical_record_calls: 0, physical_group_decodes: 0, physical_group_decoded_bytes: 0, physical_group_cache_hits: 0, value_group_decodes: 0, pack_fetches: 0, pack_bytes: 0 }
HISTORY_ENGINE_WORK {"state":11,"stage":"filesystem","available":true,"values":[14204, 500826, 162968000, 0, 0, 0, 0, 5531, 17091334, 14204, 30381275, 29945745, 0, 0, 0, 1152, 2, 0, 0]}
HISTORY_PROVIDER_WORK state=11 stage=filesystem scope=operation-reader-only opens=1 group_decodes=107 pooled=PoolReadCounters { leaf_requests: 863, chain_edges: 2032, physical_record_calls: 5790, physical_group_decodes: 127, physical_group_decoded_bytes: 5668793, physical_group_cache_hits: 5663, value_group_decodes: 2607, pack_fetches: 27, pack_bytes: 1002215 }
HISTORY_POOLED_WORK state=11 stage=filesystem scope=operation-reader-only cumulative=PoolReadCounters { leaf_requests: 863, chain_edges: 2032, physical_record_calls: 5790, physical_group_decodes: 127, physical_group_decoded_bytes: 5668793, physical_group_cache_hits: 5663, value_group_decodes: 2607, pack_fetches: 27, pack_bytes: 1002215 }
HISTORY_ENGINE_WORK {"state":11,"stage":"save_custody","available":true,"values":[28772, 1507647, 243984000, 0, 0, 0, 0, 2085, 21941560, 28705, 15275454, 48443506, 11778048, 0, 1, 1260, 44, 0, 0]}
HISTORY_PROVIDER_WORK state=11 stage=save_custody scope=operation-reader-only opens=1 group_decodes=107 pooled=PoolReadCounters { leaf_requests: 863, chain_edges: 2032, physical_record_calls: 5790, physical_group_decodes: 127, physical_group_decoded_bytes: 5668793, physical_group_cache_hits: 5663, value_group_decodes: 2607, pack_fetches: 27, pack_bytes: 1002215 }
HISTORY_POOLED_WORK state=11 stage=save_custody scope=operation-reader-only cumulative=PoolReadCounters { leaf_requests: 863, chain_edges: 2032, physical_record_calls: 5790, physical_group_decodes: 127, physical_group_decoded_bytes: 5668793, physical_group_cache_hits: 5663, value_group_decodes: 2607, pack_fetches: 27, pack_bytes: 1002215 }
HISTORY_STATE_WORK {"state":11,"full157":101,"changed_paths":4122,"offered_objects":4174,"acquire_ns":1281586375,"construct_ns":123238500,"filesystem_ns":365505583,"save_custody_ns":863779834}
DIAGNOSTIC state=11 full157=101 root=ObjectId("ac623f883e77b3e5150a4188d62bfdb4fc9bee9ecc74168e15fe516e590ed7e0")
HISTORY_COLD_BOUNDARY {"before_state":12,"wall_ns":5076833,"attestation":{"files":2,"length_bytes":24752128,"total_pages":1512,"resident_first":1491,"resident_after":0,"invalidated_files":2,"page_size_bytes":16384,"first_pass_ns":1630000,"attestation_ns":560000,"opens":6,"fstats":6,"mmap_calls":4,"mincore_calls":6,"munmap_calls":4,"msync_calls":2,"inventory_entries":4,"vector_peak_bytes":1509}}
HISTORY_ENGINE_WORK {"state":12,"stage":"acquisition","available":true,"values":[0, 0, 0, 0, 0, 0, 0, 0, 0, 0, 0, 0, 0, 0, 0, 0, 0, 0, 0]}
HISTORY_ENGINE_WORK {"state":12,"stage":"construction","available":true,"values":[63, 1483, 13595000, 0, 0, 0, 0, 48, 828039, 58, 194709, 1467070, 0, 0, 0, 16, 3, 0, 0]}
HISTORY_PROVIDER_WORK state=12 stage=construction scope=operation-reader-only opens=1 group_decodes=1 pooled=PoolReadCounters { leaf_requests: 0, chain_edges: 0, physical_record_calls: 0, physical_group_decodes: 0, physical_group_decoded_bytes: 0, physical_group_cache_hits: 0, value_group_decodes: 0, pack_fetches: 0, pack_bytes: 0 }
HISTORY_POOLED_WORK state=12 stage=construction scope=operation-reader-only cumulative=PoolReadCounters { leaf_requests: 0, chain_edges: 0, physical_record_calls: 0, physical_group_decodes: 0, physical_group_decoded_bytes: 0, physical_group_cache_hits: 0, value_group_decodes: 0, pack_fetches: 0, pack_bytes: 0 }
HISTORY_ENGINE_WORK {"state":12,"stage":"filesystem","available":true,"values":[16528, 607999, 175497000, 0, 0, 0, 0, 5710, 17082934, 16528, 34987532, 28987601, 0, 0, 0, 1164, 5, 0, 0]}
HISTORY_PROVIDER_WORK state=12 stage=filesystem scope=operation-reader-only opens=1 group_decodes=193 pooled=PoolReadCounters { leaf_requests: 1043, chain_edges: 2448, physical_record_calls: 6982, physical_group_decodes: 509, physical_group_decoded_bytes: 22847413, physical_group_cache_hits: 6473, value_group_decodes: 3127, pack_fetches: 32, pack_bytes: 1226415 }
HISTORY_POOLED_WORK state=12 stage=filesystem scope=operation-reader-only cumulative=PoolReadCounters { leaf_requests: 1043, chain_edges: 2448, physical_record_calls: 6982, physical_group_decodes: 509, physical_group_decoded_bytes: 22847413, physical_group_cache_hits: 6473, value_group_decodes: 3127, pack_fetches: 32, pack_bytes: 1226415 }
HISTORY_ENGINE_WORK {"state":12,"stage":"save_custody","available":true,"values":[29403, 1524790, 286270000, 0, 0, 0, 0, 2205, 21735717, 29338, 19857537, 60140927, 11563008, 0, 1, 1382, 40, 0, 0]}
HISTORY_PROVIDER_WORK state=12 stage=save_custody scope=operation-reader-only opens=1 group_decodes=193 pooled=PoolReadCounters { leaf_requests: 1043, chain_edges: 2448, physical_record_calls: 6982, physical_group_decodes: 509, physical_group_decoded_bytes: 22847413, physical_group_cache_hits: 6473, value_group_decodes: 3127, pack_fetches: 32, pack_bytes: 1226415 }
HISTORY_POOLED_WORK state=12 stage=save_custody scope=operation-reader-only cumulative=PoolReadCounters { leaf_requests: 1043, chain_edges: 2448, physical_record_calls: 6982, physical_group_decodes: 509, physical_group_decoded_bytes: 22847413, physical_group_cache_hits: 6473, value_group_decodes: 3127, pack_fetches: 32, pack_bytes: 1226415 }
HISTORY_STATE_WORK {"state":12,"full157":111,"changed_paths":4310,"offered_objects":4228,"acquire_ns":1454395166,"construct_ns":140823375,"filesystem_ns":416728875,"save_custody_ns":923621708}
DIAGNOSTIC state=12 full157=111 root=ObjectId("23a46c5765b9b64f428be8455b539f009c3e5f35a77e445bcea4076770240984")
HISTORY_COLD_BOUNDARY {"before_state":13,"wall_ns":5377708,"attestation":{"files":2,"length_bytes":28039168,"total_pages":1713,"resident_first":1654,"resident_after":0,"invalidated_files":2,"page_size_bytes":16384,"first_pass_ns":1814000,"attestation_ns":669000,"opens":6,"fstats":6,"mmap_calls":4,"mincore_calls":6,"munmap_calls":4,"msync_calls":2,"inventory_entries":4,"vector_peak_bytes":1710}}
HISTORY_ENGINE_WORK {"state":13,"stage":"acquisition","available":true,"values":[0, 0, 0, 0, 0, 0, 0, 0, 0, 0, 0, 0, 0, 0, 0, 0, 0, 0, 0]}
HISTORY_ENGINE_WORK {"state":13,"stage":"construction","available":true,"values":[77, 1565, 5489000, 0, 0, 0, 0, 64, 1030082, 72, 208253, 910184, 0, 0, 0, 14, 1, 0, 0]}
HISTORY_PROVIDER_WORK state=13 stage=construction scope=operation-reader-only opens=1 group_decodes=2 pooled=PoolReadCounters { leaf_requests: 0, chain_edges: 0, physical_record_calls: 0, physical_group_decodes: 0, physical_group_decoded_bytes: 0, physical_group_cache_hits: 0, value_group_decodes: 0, pack_fetches: 0, pack_bytes: 0 }
HISTORY_POOLED_WORK state=13 stage=construction scope=operation-reader-only cumulative=PoolReadCounters { leaf_requests: 0, chain_edges: 0, physical_record_calls: 0, physical_group_decodes: 0, physical_group_decoded_bytes: 0, physical_group_cache_hits: 0, value_group_decodes: 0, pack_fetches: 0, pack_bytes: 0 }
HISTORY_ENGINE_WORK {"state":13,"stage":"filesystem","available":true,"values":[16364, 586169, 178603000, 0, 0, 0, 0, 6311, 18749331, 16364, 39103106, 38747183, 0, 0, 0, 1323, 4, 0, 0]}
HISTORY_PROVIDER_WORK state=13 stage=filesystem scope=operation-reader-only opens=1 group_decodes=139 pooled=PoolReadCounters { leaf_requests: 976, chain_edges: 1310, physical_record_calls: 4572, physical_group_decodes: 254, physical_group_decoded_bytes: 11534339, physical_group_cache_hits: 4318, value_group_decodes: 3356, pack_fetches: 36, pack_bytes: 1462587 }
HISTORY_POOLED_WORK state=13 stage=filesystem scope=operation-reader-only cumulative=PoolReadCounters { leaf_requests: 976, chain_edges: 1310, physical_record_calls: 4572, physical_group_decodes: 254, physical_group_decoded_bytes: 11534339, physical_group_cache_hits: 4318, value_group_decodes: 3356, pack_fetches: 36, pack_bytes: 1462587 }
HISTORY_ENGINE_WORK {"state":13,"stage":"save_custody","available":true,"values":[30010, 1533423, 276490000, 0, 0, 0, 0, 2361, 21768777, 29945, 17758441, 72302653, 11400192, 0, 1, 1549, 38, 0, 0]}
HISTORY_PROVIDER_WORK state=13 stage=save_custody scope=operation-reader-only opens=1 group_decodes=139 pooled=PoolReadCounters { leaf_requests: 976, chain_edges: 1310, physical_record_calls: 4572, physical_group_decodes: 254, physical_group_decoded_bytes: 11534339, physical_group_cache_hits: 4318, value_group_decodes: 3356, pack_fetches: 36, pack_bytes: 1462587 }
HISTORY_POOLED_WORK state=13 stage=save_custody scope=operation-reader-only cumulative=PoolReadCounters { leaf_requests: 976, chain_edges: 1310, physical_record_calls: 4572, physical_group_decodes: 254, physical_group_decoded_bytes: 11534339, physical_group_cache_hits: 4318, value_group_decodes: 3356, pack_fetches: 36, pack_bytes: 1462587 }
HISTORY_STATE_WORK {"state":13,"full157":121,"changed_paths":4086,"offered_objects":3985,"acquire_ns":1476738917,"construct_ns":133941541,"filesystem_ns":403840541,"save_custody_ns":916059875}
DIAGNOSTIC state=13 full157=121 root=ObjectId("f47315de1d996263ecfc900244742c43862765e90e781a1c84619785e18b2928")
HISTORY_COLD_BOUNDARY {"before_state":14,"wall_ns":5890500,"attestation":{"files":2,"length_bytes":30896128,"total_pages":1887,"resident_first":1821,"resident_after":0,"invalidated_files":2,"page_size_bytes":16384,"first_pass_ns":2172000,"attestation_ns":695000,"opens":6,"fstats":6,"mmap_calls":4,"mincore_calls":6,"munmap_calls":4,"msync_calls":2,"inventory_entries":4,"vector_peak_bytes":1884}}
HISTORY_ENGINE_WORK {"state":14,"stage":"acquisition","available":true,"values":[0, 0, 0, 0, 0, 0, 0, 0, 0, 0, 0, 0, 0, 0, 0, 0, 0, 0, 0]}
HISTORY_ENGINE_WORK {"state":14,"stage":"construction","available":true,"values":[68, 1454, 7995000, 0, 0, 0, 0, 55, 1008953, 63, 196919, 730692, 0, 0, 0, 14, 3, 0, 0]}
HISTORY_PROVIDER_WORK state=14 stage=construction scope=operation-reader-only opens=1 group_decodes=1 pooled=PoolReadCounters { leaf_requests: 0, chain_edges: 0, physical_record_calls: 0, physical_group_decodes: 0, physical_group_decoded_bytes: 0, physical_group_cache_hits: 0, value_group_decodes: 0, pack_fetches: 0, pack_bytes: 0 }
HISTORY_POOLED_WORK state=14 stage=construction scope=operation-reader-only cumulative=PoolReadCounters { leaf_requests: 0, chain_edges: 0, physical_record_calls: 0, physical_group_decodes: 0, physical_group_decoded_bytes: 0, physical_group_cache_hits: 0, value_group_decodes: 0, pack_fetches: 0, pack_bytes: 0 }
HISTORY_ENGINE_WORK {"state":14,"stage":"filesystem","available":true,"values":[26325, 925714, 270264000, 0, 0, 0, 0, 10553, 31743908, 26325, 58497024, 55007396, 0, 0, 0, 2223, 3, 0, 0]}
HISTORY_PROVIDER_WORK state=14 stage=filesystem scope=operation-reader-only opens=1 group_decodes=261 pooled=PoolReadCounters { leaf_requests: 1414, chain_edges: 2053, physical_record_calls: 6934, physical_group_decodes: 659, physical_group_decoded_bytes: 30035950, physical_group_cache_hits: 6275, value_group_decodes: 4510, pack_fetches: 40, pack_bytes: 1657918 }
HISTORY_POOLED_WORK state=14 stage=filesystem scope=operation-reader-only cumulative=PoolReadCounters { leaf_requests: 1414, chain_edges: 2053, physical_record_calls: 6934, physical_group_decodes: 659, physical_group_decoded_bytes: 30035950, physical_group_cache_hits: 6275, value_group_decodes: 4510, pack_fetches: 40, pack_bytes: 1657918 }
HISTORY_ENGINE_WORK {"state":14,"stage":"save_custody","available":true,"values":[41921, 2180694, 382554000, 0, 0, 0, 0, 2891, 28316252, 41846, 23295552, 102571303, 17496064, 0, 1, 1870, 49, 0, 0]}
HISTORY_PROVIDER_WORK state=14 stage=save_custody scope=operation-reader-only opens=1 group_decodes=261 pooled=PoolReadCounters { leaf_requests: 1414, chain_edges: 2053, physical_record_calls: 6934, physical_group_decodes: 659, physical_group_decoded_bytes: 30035950, physical_group_cache_hits: 6275, value_group_decodes: 4510, pack_fetches: 40, pack_bytes: 1657918 }
HISTORY_POOLED_WORK state=14 stage=save_custody scope=operation-reader-only cumulative=PoolReadCounters { leaf_requests: 1414, chain_edges: 2053, physical_record_calls: 6934, physical_group_decodes: 659, physical_group_decoded_bytes: 30035950, physical_group_cache_hits: 6275, value_group_decodes: 4510, pack_fetches: 40, pack_bytes: 1657918 }
HISTORY_STATE_WORK {"state":14,"full157":131,"changed_paths":6320,"offered_objects":5983,"acquire_ns":1907755583,"construct_ns":176896958,"filesystem_ns":667848292,"save_custody_ns":1217643000}
DIAGNOSTIC state=14 full157=131 root=ObjectId("9619cad6e350b6c872b95ed5ec8468a07e24453df60032ff8f826e581ab57878")
HISTORY_COLD_BOUNDARY {"before_state":15,"wall_ns":6337750,"attestation":{"files":2,"length_bytes":35759104,"total_pages":2183,"resident_first":2105,"resident_after":0,"invalidated_files":2,"page_size_bytes":16384,"first_pass_ns":2395000,"attestation_ns":795000,"opens":6,"fstats":6,"mmap_calls":4,"mincore_calls":6,"munmap_calls":4,"msync_calls":2,"inventory_entries":4,"vector_peak_bytes":2180}}
HISTORY_ENGINE_WORK {"state":15,"stage":"acquisition","available":true,"values":[0, 0, 0, 0, 0, 0, 0, 0, 0, 0, 0, 0, 0, 0, 0, 0, 0, 0, 0]}
HISTORY_ENGINE_WORK {"state":15,"stage":"construction","available":true,"values":[93, 1989, 10855000, 0, 0, 0, 0, 75, 1153420, 88, 250708, 973792, 0, 0, 0, 19, 1, 0, 0]}
HISTORY_PROVIDER_WORK state=15 stage=construction scope=operation-reader-only opens=1 group_decodes=1 pooled=PoolReadCounters { leaf_requests: 0, chain_edges: 0, physical_record_calls: 0, physical_group_decodes: 0, physical_group_decoded_bytes: 0, physical_group_cache_hits: 0, value_group_decodes: 0, pack_fetches: 0, pack_bytes: 0 }
HISTORY_POOLED_WORK state=15 stage=construction scope=operation-reader-only cumulative=PoolReadCounters { leaf_requests: 0, chain_edges: 0, physical_record_calls: 0, physical_group_decodes: 0, physical_group_decoded_bytes: 0, physical_group_cache_hits: 0, value_group_decodes: 0, pack_fetches: 0, pack_bytes: 0 }
HISTORY_ENGINE_WORK {"state":15,"stage":"filesystem","available":true,"values":[27839, 969364, 273646000, 0, 0, 0, 0, 11733, 35064779, 27839, 61854436, 50118577, 0, 0, 0, 2478, 3, 0, 0]}
HISTORY_PROVIDER_WORK state=15 stage=filesystem scope=operation-reader-only opens=1 group_decodes=284 pooled=PoolReadCounters { leaf_requests: 1617, chain_edges: 1319, physical_record_calls: 5872, physical_group_decodes: 496, physical_group_decoded_bytes: 23278963, physical_group_cache_hits: 5376, value_group_decodes: 4832, pack_fetches: 43, pack_bytes: 1923545 }
HISTORY_POOLED_WORK state=15 stage=filesystem scope=operation-reader-only cumulative=PoolReadCounters { leaf_requests: 1617, chain_edges: 1319, physical_record_calls: 5872, physical_group_decodes: 496, physical_group_decoded_bytes: 23278963, physical_group_cache_hits: 5376, value_group_decodes: 4832, pack_fetches: 43, pack_bytes: 1923545 }
HISTORY_ENGINE_WORK {"state":15,"stage":"save_custody","available":true,"values":[39645, 2091929, 419046000, 0, 0, 0, 0, 3234, 33068094, 39566, 28078470, 128962616, 20019200, 0, 1, 2076, 76, 0, 0]}
HISTORY_PROVIDER_WORK state=15 stage=save_custody scope=operation-reader-only opens=1 group_decodes=284 pooled=PoolReadCounters { leaf_requests: 1617, chain_edges: 1319, physical_record_calls: 5872, physical_group_decodes: 496, physical_group_decoded_bytes: 23278963, physical_group_cache_hits: 5376, value_group_decodes: 4832, pack_fetches: 43, pack_bytes: 1923545 }
HISTORY_POOLED_WORK state=15 stage=save_custody scope=operation-reader-only cumulative=PoolReadCounters { leaf_requests: 1617, chain_edges: 1319, physical_record_calls: 5872, physical_group_decodes: 496, physical_group_decoded_bytes: 23278963, physical_group_cache_hits: 5376, value_group_decodes: 4832, pack_fetches: 43, pack_bytes: 1923545 }
HISTORY_STATE_WORK {"state":15,"full157":141,"changed_paths":6408,"offered_objects":6093,"acquire_ns":2038801375,"construct_ns":191470042,"filesystem_ns":677942291,"save_custody_ns":1295097834}
DIAGNOSTIC state=15 full157=141 root=ObjectId("3728f7dbc9b8276322b1c92d3db550bf95d46b27e74e14a9bc13ca740110689f")
HISTORY_COLD_BOUNDARY {"before_state":16,"wall_ns":6598000,"attestation":{"files":2,"length_bytes":42068992,"total_pages":2569,"resident_first":2482,"resident_after":0,"invalidated_files":2,"page_size_bytes":16384,"first_pass_ns":2611000,"attestation_ns":930000,"opens":6,"fstats":6,"mmap_calls":4,"mincore_calls":6,"munmap_calls":4,"msync_calls":2,"inventory_entries":4,"vector_peak_bytes":2566}}
HISTORY_ENGINE_WORK {"state":16,"stage":"acquisition","available":true,"values":[0, 0, 0, 0, 0, 0, 0, 0, 0, 0, 0, 0, 0, 0, 0, 0, 0, 0, 0]}
HISTORY_ENGINE_WORK {"state":16,"stage":"construction","available":true,"values":[82, 1672, 7333000, 0, 0, 0, 0, 68, 941998, 77, 224376, 1018916, 0, 0, 0, 15, 2, 0, 0]}
HISTORY_PROVIDER_WORK state=16 stage=construction scope=operation-reader-only opens=1 group_decodes=1 pooled=PoolReadCounters { leaf_requests: 0, chain_edges: 0, physical_record_calls: 0, physical_group_decodes: 0, physical_group_decoded_bytes: 0, physical_group_cache_hits: 0, value_group_decodes: 0, pack_fetches: 0, pack_bytes: 0 }
HISTORY_POOLED_WORK state=16 stage=construction scope=operation-reader-only cumulative=PoolReadCounters { leaf_requests: 0, chain_edges: 0, physical_record_calls: 0, physical_group_decodes: 0, physical_group_decoded_bytes: 0, physical_group_cache_hits: 0, value_group_decodes: 0, pack_fetches: 0, pack_bytes: 0 }
HISTORY_ENGINE_WORK {"state":16,"stage":"filesystem","available":true,"values":[19824, 692033, 241208000, 0, 0, 0, 0, 8534, 26240596, 19824, 46399900, 51524964, 0, 0, 0, 1864, 4, 0, 0]}
HISTORY_PROVIDER_WORK state=16 stage=filesystem scope=operation-reader-only opens=1 group_decodes=133 pooled=PoolReadCounters { leaf_requests: 1267, chain_edges: 797, physical_record_calls: 4128, physical_group_decodes: 232, physical_group_decoded_bytes: 10557375, physical_group_cache_hits: 3896, value_group_decodes: 4777, pack_fetches: 47, pack_bytes: 2161382 }
HISTORY_POOLED_WORK state=16 stage=filesystem scope=operation-reader-only cumulative=PoolReadCounters { leaf_requests: 1267, chain_edges: 797, physical_record_calls: 4128, physical_group_decodes: 232, physical_group_decoded_bytes: 10557375, physical_group_cache_hits: 3896, value_group_decodes: 4777, pack_fetches: 47, pack_bytes: 2161382 }
HISTORY_ENGINE_WORK {"state":16,"stage":"save_custody","available":true,"values":[37952, 1932247, 431893000, 0, 0, 0, 0, 3234, 29476816, 37879, 25716209, 137226264, 15388672, 0, 1, 2178, 47, 0, 0]}
HISTORY_PROVIDER_WORK state=16 stage=save_custody scope=operation-reader-only opens=1 group_decodes=133 pooled=PoolReadCounters { leaf_requests: 1267, chain_edges: 797, physical_record_calls: 4128, physical_group_decodes: 232, physical_group_decoded_bytes: 10557375, physical_group_cache_hits: 3896, value_group_decodes: 4777, pack_fetches: 47, pack_bytes: 2161382 }
HISTORY_POOLED_WORK state=16 stage=save_custody scope=operation-reader-only cumulative=PoolReadCounters { leaf_requests: 1267, chain_edges: 797, physical_record_calls: 4128, physical_group_decodes: 232, physical_group_decoded_bytes: 10557375, physical_group_cache_hits: 3896, value_group_decodes: 4777, pack_fetches: 47, pack_bytes: 2161382 }
HISTORY_STATE_WORK {"state":16,"full157":151,"changed_paths":4727,"offered_objects":4899,"acquire_ns":1900476917,"construct_ns":164708875,"filesystem_ns":523554459,"save_custody_ns":1237970334}
DIAGNOSTIC state=16 full157=151 root=ObjectId("fe6aa65d2f28b1f3a6fd946a400e85549bf2b6c82a0fd8b440dd6db0ece83241")
HISTORY_COLD_BOUNDARY {"before_state":17,"wall_ns":6673167,"attestation":{"files":2,"length_bytes":45806592,"total_pages":2797,"resident_first":2699,"resident_after":0,"invalidated_files":2,"page_size_bytes":16384,"first_pass_ns":2817000,"attestation_ns":996000,"opens":6,"fstats":6,"mmap_calls":4,"mincore_calls":6,"munmap_calls":4,"msync_calls":2,"inventory_entries":4,"vector_peak_bytes":2794}}
HISTORY_ENGINE_WORK {"state":17,"stage":"acquisition","available":true,"values":[0, 0, 0, 0, 0, 0, 0, 0, 0, 0, 0, 0, 0, 0, 0, 0, 0, 0, 0]}
HISTORY_ENGINE_WORK {"state":17,"stage":"construction","available":true,"values":[96, 2162, 15716000, 0, 0, 0, 0, 75, 1161581, 91, 289079, 2280580, 0, 0, 0, 22, 1, 0, 0]}
HISTORY_PROVIDER_WORK state=17 stage=construction scope=operation-reader-only opens=1 group_decodes=1 pooled=PoolReadCounters { leaf_requests: 0, chain_edges: 0, physical_record_calls: 0, physical_group_decodes: 0, physical_group_decoded_bytes: 0, physical_group_cache_hits: 0, value_group_decodes: 0, pack_fetches: 0, pack_bytes: 0 }
HISTORY_POOLED_WORK state=17 stage=construction scope=operation-reader-only cumulative=PoolReadCounters { leaf_requests: 0, chain_edges: 0, physical_record_calls: 0, physical_group_decodes: 0, physical_group_decoded_bytes: 0, physical_group_cache_hits: 0, value_group_decodes: 0, pack_fetches: 0, pack_bytes: 0 }
HISTORY_ENGINE_WORK {"state":17,"stage":"filesystem","available":true,"values":[19256, 679903, 229721000, 0, 0, 0, 0, 7996, 24170074, 19256, 45699265, 50935948, 0, 0, 0, 1742, 3, 0, 0]}
HISTORY_PROVIDER_WORK state=17 stage=filesystem scope=operation-reader-only opens=1 group_decodes=116 pooled=PoolReadCounters { leaf_requests: 1184, chain_edges: 828, physical_record_calls: 4024, physical_group_decodes: 232, physical_group_decoded_bytes: 10456791, physical_group_cache_hits: 3792, value_group_decodes: 4801, pack_fetches: 52, pack_bytes: 2422410 }
HISTORY_POOLED_WORK state=17 stage=filesystem scope=operation-reader-only cumulative=PoolReadCounters { leaf_requests: 1184, chain_edges: 828, physical_record_calls: 4024, physical_group_decodes: 232, physical_group_decoded_bytes: 10456791, physical_group_cache_hits: 3792, value_group_decodes: 4801, pack_fetches: 52, pack_bytes: 2422410 }
HISTORY_ENGINE_WORK {"state":17,"stage":"save_custody","available":true,"values":[35220, 1828688, 448362000, 0, 0, 0, 0, 3204, 29208732, 35147, 28823317, 138607281, 16514048, 0, 1, 2118, 43, 0, 0]}
HISTORY_PROVIDER_WORK state=17 stage=save_custody scope=operation-reader-only opens=1 group_decodes=116 pooled=PoolReadCounters { leaf_requests: 1184, chain_edges: 828, physical_record_calls: 4024, physical_group_decodes: 232, physical_group_decoded_bytes: 10456791, physical_group_cache_hits: 3792, value_group_decodes: 4801, pack_fetches: 52, pack_bytes: 2422410 }
HISTORY_POOLED_WORK state=17 stage=save_custody scope=operation-reader-only cumulative=PoolReadCounters { leaf_requests: 1184, chain_edges: 828, physical_record_calls: 4024, physical_group_decodes: 232, physical_group_decoded_bytes: 10456791, physical_group_cache_hits: 3792, value_group_decodes: 4801, pack_fetches: 52, pack_bytes: 2422410 }
HISTORY_STATE_WORK {"state":17,"full157":157,"changed_paths":5914,"offered_objects":4976,"acquire_ns":1611367250,"construct_ns":172268750,"filesystem_ns":529799584,"save_custody_ns":1253332750}
DIAGNOSTIC state=17 full157=157 root=ObjectId("b9a4eeac902c5b6d10acc1d26fd69f9c1f809e1b0d68316eb98a873e9eea5d03")
HISTORY_COLD_BOUNDARY {"before_state":18,"wall_ns":7132375,"attestation":{"files":2,"length_bytes":49615872,"total_pages":3029,"resident_first":2909,"resident_after":0,"invalidated_files":2,"page_size_bytes":16384,"first_pass_ns":3027000,"attestation_ns":1109000,"opens":6,"fstats":6,"mmap_calls":4,"mincore_calls":6,"munmap_calls":4,"msync_calls":2,"inventory_entries":4,"vector_peak_bytes":3026}}
HISTORY_COLD_TOTAL {"checks":17,"wall_ns":82542625}
