ENGINE version=3.51.0 source_id=2025-06-12 13:14:41 f0ca7bba1c5e232e5d279fad6338121ab55af0c8c68c84cdfb18ba5114dcaapl
OPTION ATOMIC_INTRINSICS=1
OPTION BUG_COMPATIBLE_20160819
OPTION CCCRYPT256
OPTION CODEC=see-cccrypt
OPTION COMPILER=clang-21.0.0
OPTION DEFAULT_AUTOVACUUM
OPTION DEFAULT_CACHE_SIZE=2000
OPTION DEFAULT_CKPTFULLFSYNC
OPTION DEFAULT_FILE_FORMAT=4
OPTION DEFAULT_JOURNAL_SIZE_LIMIT=32768
OPTION DEFAULT_LOOKASIDE=1200,102
OPTION DEFAULT_MEMSTATUS=0
OPTION DEFAULT_MMAP_SIZE=0
OPTION DEFAULT_PAGE_SIZE=4096
OPTION DEFAULT_PCACHE_INITSZ=20
OPTION DEFAULT_RECURSIVE_TRIGGERS
OPTION DEFAULT_SECTOR_SIZE=4096
OPTION DEFAULT_SYNCHRONOUS=2
OPTION DEFAULT_WAL_AUTOCHECKPOINT=1000
OPTION DEFAULT_WAL_SYNCHRONOUS=1
OPTION DEFAULT_WORKER_THREADS=0
OPTION DIRECT_OVERFLOW_READ
OPTION DQS=3
OPTION ENABLE_API_ARMOR
OPTION ENABLE_BYTECODE_VTAB
OPTION ENABLE_COLUMN_METADATA
OPTION ENABLE_DBSTAT_VTAB
OPTION ENABLE_FTS3
OPTION ENABLE_FTS3_PARENTHESIS
OPTION ENABLE_FTS3_TOKENIZER
OPTION ENABLE_FTS4
OPTION ENABLE_FTS5
OPTION ENABLE_LOCKING_STYLE=1
OPTION ENABLE_MATH_FUNCTIONS
OPTION ENABLE_NORMALIZE
OPTION ENABLE_PREUPDATE_HOOK
OPTION ENABLE_RTREE
OPTION ENABLE_SESSION
OPTION ENABLE_SETLK_TIMEOUT
OPTION ENABLE_SNAPSHOT
OPTION ENABLE_SQLLOG
OPTION ENABLE_STMT_SCANSTATUS
OPTION ENABLE_UNKNOWN_SQL_FUNCTION
OPTION ENABLE_UPDATE_DELETE_LIMIT
OPTION HAS_CODEC_RESTRICTED
OPTION HAVE_ISNAN
OPTION MALLOC_SOFT_LIMIT=1024
OPTION MAX_ATTACHED=10
OPTION MAX_COLUMN=2000
OPTION MAX_COMPOUND_SELECT=500
OPTION MAX_DEFAULT_PAGE_SIZE=8192
OPTION MAX_EXPR_DEPTH=1000
OPTION MAX_FUNCTION_ARG=127
OPTION MAX_LENGTH=2147483645
OPTION MAX_LIKE_PATTERN_LENGTH=50000
OPTION MAX_MMAP_SIZE=1073741824
OPTION MAX_PAGE_COUNT=1073741823
OPTION MAX_PAGE_SIZE=65536
OPTION MAX_SQL_LENGTH=1000000000
OPTION MAX_TRIGGER_DEPTH=1000
OPTION MAX_VARIABLE_NUMBER=500000
OPTION MAX_VDBE_OP=250000000
OPTION MAX_WORKER_THREADS=8
OPTION MUTEX_UNFAIR
OPTION OMIT_AUTORESET
OPTION OMIT_LOAD_EXTENSION
OPTION STMTJRNL_SPILL=131072
OPTION SYSTEM_MALLOC
OPTION TEMP_STORE=1
OPTION THREADSAFE=2
OPTION USE_URI
PLAN cursor SEARCH store_policy USING INTEGER PRIMARY KEY (rowid=?)
OPCODE cursor (0, "Init", 0, 9, 0)
OPCODE cursor (1, "OpenRead", 0, 3, 0)
OPCODE cursor (2, "Explain", 2, 0, 33)
OPCODE cursor (3, "Integer", 1, 1, 0)
OPCODE cursor (4, "SeekRowid", 0, 8, 1)
OPCODE cursor (5, "Column", 0, 7, 2)
OPCODE cursor (6, "Column", 0, 8, 3)
OPCODE cursor (7, "ResultRow", 2, 2, 0)
OPCODE cursor (8, "Halt", 0, 0, 0)
OPCODE cursor (9, "Transaction", 0, 0, 29)
OPCODE cursor (10, "Goto", 0, 1, 0)
PLAN advance SEARCH store_policy USING INTEGER PRIMARY KEY (rowid=?)
OPCODE advance (0, "Init", 0, 27, 0)
OPCODE advance (1, "Null", 0, 1, 2)
OPCODE advance (2, "Noop", 1, 0, 1)
OPCODE advance (3, "OpenWrite", 0, 3, 0)
OPCODE advance (4, "Explain", 4, 0, 33)
OPCODE advance (5, "Integer", 1, 14, 0)
OPCODE advance (6, "SeekRowid", 0, 8, 14)
OPCODE advance (7, "Rowid", 0, 2, 0)
OPCODE advance (8, "IsNull", 2, 26, 0)
OPCODE advance (9, "Null", 0, 3, 0)
OPCODE advance (10, "Column", 0, 1, 4)
OPCODE advance (11, "Column", 0, 2, 5)
OPCODE advance (12, "Column", 0, 3, 6)
OPCODE advance (13, "Column", 0, 4, 7)
OPCODE advance (14, "Column", 0, 5, 8)
OPCODE advance (15, "Column", 0, 6, 9)
OPCODE advance (16, "Variable", 1, 10, 0)
OPCODE advance (17, "Variable", 2, 11, 0)
OPCODE advance (18, "Column", 0, 9, 12)
OPCODE advance (19, "Column", 0, 10, 13)
OPCODE advance (20, "HaltIfNull", 1299, 2, 10)
OPCODE advance (21, "HaltIfNull", 1299, 2, 11)
OPCODE advance (22, "TypeCheck", 3, 11, 1)
OPCODE advance (23, "MakeRecord", 3, 11, 1)
OPCODE advance (24, "Delete", 0, 68, 2)
OPCODE advance (25, "Insert", 0, 1, 2)
OPCODE advance (26, "Halt", 0, 0, 0)
OPCODE advance (27, "Transaction", 0, 1, 29)
OPCODE advance (28, "Goto", 0, 1, 0)
