
running 0 tests

test result: ok. 0 passed; 0 failed; 0 ignored; 0 measured; 0 filtered out; finished in 0.00s


running 6 tests
test directory_completion_uses_only_directory_positions_and_is_atomic ... ok
test entry_refusal_order_and_full_unit_rollback_survive_execution_windows ... ok
test missing_and_repeated_roots_roll_back_the_window_and_report_first_failure ... ok
ROOT_WINDOW_PROFILE population=2000 [statements,vm_steps,fullscan,sorts,autoindex,reprepares]=[5, 2176, 31, 0, 0, 0]
ENTRY_WINDOW_PROFILE population=2000 [statements,vm_steps,fullscan,sorts,autoindex,reprepares]=[7, 7828, 0, 0, 0, 0]
test windows_amortize_execution_without_losing_aliases_or_atomic_completion ... ok
ROOT_WINDOW_PROFILE population=20000 [statements,vm_steps,fullscan,sorts,autoindex,reprepares]=[5, 2176, 31, 0, 0, 0]
test root_window_index_work_ignores_unrelated_population ... ok
ENTRY_WINDOW_PROFILE population=20000 [statements,vm_steps,fullscan,sorts,autoindex,reprepares]=[7, 7828, 0, 0, 0, 0]
test independent_entries_share_executions_and_population_work_stays_indexed ... ok

test result: ok. 6 passed; 0 failed; 0 ignored; 0 measured; 0 filtered out; finished in 0.12s


running 3 tests
test a_read_only_store_refuses_to_begin ... ok
test a_changed_acquisition_definition_is_refused_at_open ... ok
test each_pack_layout_has_one_version_with_and_one_without_the_tables ... ok

test result: ok. 3 passed; 0 failed; 0 ignored; 0 measured; 0 filtered out; finished in 0.03s


running 4 tests
ACQUISITION_PLAN begin: ["SEARCH init_native_file USING PRIMARY KEY (operation_id=?)", "SEARCH init_entry USING PRIMARY KEY (operation_id=?)"]
ACQUISITION_PLAN claim_epoch: ["SEARCH init_operation USING INTEGER PRIMARY KEY (rowid=?)"]
ACQUISITION_PLAN owner: ["SEARCH init_operation USING INTEGER PRIMARY KEY (rowid=?)"]
ACQUISITION_PLAN charge: ["SEARCH init_operation USING INTEGER PRIMARY KEY (rowid=?)"]
ACQUISITION_PLAN credit: ["SEARCH init_operation USING INTEGER PRIMARY KEY (rowid=?)"]
ACQUISITION_PLAN advance: ["SEARCH init_operation USING INTEGER PRIMARY KEY (rowid=?)"]
ACQUISITION_PLAN release: ["SEARCH init_operation USING INTEGER PRIMARY KEY (rowid=?)", "SEARCH init_native_file USING PRIMARY KEY (operation_id=?)", "SEARCH init_entry USING PRIMARY KEY (operation_id=?)"]
ACQUISITION_PLAN put_entry: []
ACQUISITION_PLAN bind_native: []
ACQUISITION_PLAN entry_dependencies: ["CO-ROUTINE input", "SCAN 32 CONSTANT ROWS", "SEARCH source", "CORRELATED SCALAR SUBQUERY 33", "SEARCH init_entry USING PRIMARY KEY (operation_id=? AND parent_position=? AND name=?)", "CORRELATED SCALAR SUBQUERY 34", "SEARCH init_entry USING COVERING INDEX init_entry_directory (operation_id=? AND position=?)", "CORRELATED SCALAR SUBQUERY 35", "SEARCH init_native_file USING COVERING INDEX init_native_file_identity (operation_id=? AND device=? AND inode=?)", "CORRELATED SCALAR SUBQUERY 36", "SEARCH init_native_file USING PRIMARY KEY (operation_id=? AND canonical_position=?)"]
ACQUISITION_PLAN put_entries: ["CO-ROUTINE input", "SCAN 32 CONSTANT ROWS", "SCAN input"]
ACQUISITION_PLAN put_native: ["CO-ROUTINE input", "SCAN 32 CONSTANT ROWS", "SCAN input"]
ACQUISITION_PLAN unplaced_first: ["SEARCH init_entry USING PRIMARY KEY (operation_id=? AND parent_position=?)"]
ACQUISITION_PLAN unplaced_next: ["SEARCH init_entry USING PRIMARY KEY (operation_id=? AND parent_position=? AND name>?)"]
ACQUISITION_PLAN place_entry: ["SEARCH init_entry USING PRIMARY KEY (operation_id=? AND parent_position=? AND name=?)"]
ACQUISITION_PLAN directories: ["SEARCH init_entry USING INDEX init_entry_directory (operation_id=? AND position>?)"]
ACQUISITION_PLAN directory_path: ["SEARCH init_entry USING INDEX init_entry_directory (operation_id=? AND position=?)"]
ACQUISITION_PLAN jobs: ["SEARCH init_native_file USING PRIMARY KEY (operation_id=? AND canonical_position>?)"]
ACQUISITION_PLAN job: ["SEARCH init_native_file USING PRIMARY KEY (operation_id=? AND canonical_position=?)"]
ACQUISITION_PLAN complete_file: ["MATERIALIZE roots", "SCAN 32 CONSTANT ROWS", "SCAN roots", "SEARCH target USING PRIMARY KEY (operation_id=? AND canonical_position=?)"]
ACQUISITION_PLAN file_roots: ["SEARCH init_native_file USING PRIMARY KEY (operation_id=? AND canonical_position>?)"]
ACQUISITION_PLAN entries_first: ["SEARCH init_entry USING PRIMARY KEY (operation_id=?)"]
ACQUISITION_PLAN entries_next: ["SEARCH init_entry USING PRIMARY KEY (operation_id=? AND (parent_position,name)>(?,?))"]
ACQUISITION_PLAN set_directory_root: ["MATERIALIZE roots", "SCAN 32 CONSTANT ROWS", "SCAN roots", "SEARCH target USING INDEX init_entry_directory (operation_id=? AND position=?)"]
ACQUISITION_PLAN discard_entries: ["SEARCH init_entry USING PRIMARY KEY (operation_id=? AND parent_position=? AND name=?)", "LIST SUBQUERY 2", "SEARCH init_entry USING PRIMARY KEY (operation_id=?)", "CREATE BLOOM FILTER"]
ACQUISITION_PLAN discard_native: ["SEARCH init_native_file USING PRIMARY KEY (operation_id=? AND canonical_position=?)", "LIST SUBQUERY 2", "SEARCH init_native_file USING PRIMARY KEY (operation_id=?)", "CREATE BLOOM FILTER"]
ACQUISITION_PLAN abandoned: ["SEARCH init_operation USING INTEGER PRIMARY KEY (rowid>?)"]
ACQUISITION_PLAN release_abandoned: ["SEARCH init_operation USING INTEGER PRIMARY KEY (rowid=?)", "SEARCH init_native_file USING PRIMARY KEY (operation_id=?)", "SEARCH init_entry USING PRIMARY KEY (operation_id=?)"]
test windows_owners_and_abandoned_operations_are_fenced ... ok
ACQUISITION_PROFILE entries=2000 [statements,vm_steps,fullscan,sorts,autoindex,reprepares] write=[200, 277143, 0, 0, 0, 0] read_window=[4, 9271, 0, 0, 0, 0] discard_job=[6, 33438, 0, 0, 0, 0]
test a_wide_directory_is_placed_through_name_windows ... ok
test a_tree_streams_in_acquisition_order_with_exact_charges_and_bounded_cleanup ... ok
ACQUISITION_PROFILE entries=20000 [statements,vm_steps,fullscan,sorts,autoindex,reprepares] write=[1902, 2749041, 0, 0, 0, 0] read_window=[4, 9271, 0, 0, 0, 0] discard_job=[6, 33438, 0, 0, 0, 0]
test every_statement_is_an_indexed_search_and_window_work_ignores_population ... ok

test result: ok. 4 passed; 0 failed; 0 ignored; 0 measured; 0 filtered out; finished in 0.11s


running 2 tests
FILE_LENGTH rows=2 distinct=1 logical_each=131071 canonical_payload_read=0 locate=1 statements=3 vm_steps=29 returned_rows=1 fullscan=0 sorts=0 autoindex=0 reprepares=0 plans=[["SEARCH o USING PRIMARY KEY (object_id=?)", "SEARCH p USING INTEGER PRIMARY KEY (rowid=?)"]]
test a_cold_whole_file_length_uses_only_indexed_catalogue_rows ... ok
FILE_LENGTH mixed rows=4 state_roots=2 payload_reads=0 payload_bytes=0 metadata_pack_calls=0 metadata_pack_bytes=926
test mixed_lengths_preserve_order_without_fetching_chunk_payloads ... ok

test result: ok. 2 passed; 0 failed; 0 ignored; 0 measured; 0 filtered out; finished in 0.02s


running 3 tests
test counts_are_checked_and_the_terminal_endpoint_is_refused ... ok
test a_consumed_reservation_survives_a_later_failure ... ok
test reservations_are_monotone_half_open_and_per_scope ... ok

test result: ok. 3 passed; 0 failed; 0 ignored; 0 measured; 0 filtered out; finished in 0.04s


running 6 tests
test stage_insertion_enforces_the_frozen_context ... ok
test an_exact_token_is_the_only_stage_a_discard_removes ... ok
test a_stale_loser_keeps_its_exact_stage ... ok
test an_exact_earlier_publication_is_up_to_date_before_a_stale_head ... ok
test two_branches_commit_independently_and_one_wins_the_stack_head ... ok
test a_commit_whose_root_equals_its_base_is_no_changes ... ok

test result: ok. 6 passed; 0 failed; 0 ignored; 0 measured; 0 filtered out; finished in 0.05s


running 3 tests
test a_cursor_is_bound_to_its_range_subject_and_content ... ok
test every_bounded_list_paginates_without_gaps_or_repeats ... ok
test an_immutable_anchor_keeps_a_cursor_valid_as_the_branch_advances ... ok

test result: ok. 3 passed; 0 failed; 0 ignored; 0 measured; 0 filtered out; finished in 0.04s


running 3 tests
test genesis_is_atomic_and_unique ... ok
test fork_shares_content_and_uses_the_selected_commit_base ... ok
test history_reads_return_the_recorded_ancestry_and_chain ... ok

test result: ok. 3 passed; 0 failed; 0 ignored; 0 measured; 0 filtered out; finished in 0.04s


running 12 tests
test last_representable_reservation_is_consumed_and_terminal_refusal_is_atomic ... ok
test empty_history_checks_page_and_cursor_before_returning_empty ... ok
test unknown_statement_outcome_quarantines_without_implicit_rollback ... ok
test exact_source_publication_revalidates_immutable_provenance ... ok
test read_only_cursor_capability_survives_reopen_and_rejects_wrong_keys ... ok
test all_legal_name_widths_paginate_by_identity ... ok
test concurrent_reservations_never_overlap_and_discard_does_not_refund ... ok
test forged_sibling_position_and_obsolete_checksum_are_refused ... ok
test stale_base_precedes_no_changes_and_derived_provenance_collision ... ok
test advancing_the_actual_subject_preserves_both_anchor_forms ... ok
test reopen_refuses_each_independent_schema_or_binding_corruption ... ok
test explicit_membership_ceiling_is_capacity_but_old_authenticated_anchor_stays_valid ... ok

test result: ok. 12 passed; 0 failed; 0 ignored; 0 measured; 0 filtered out; finished in 2.93s


running 3 tests
test an_incompatible_or_foreign_catalog_is_refused ... ok
test a_read_only_reopen_reads_every_record_and_mutates_nothing ... ok
test a_stage_written_by_one_handle_is_visible_to_a_read_only_handle ... ok

test result: ok. 3 passed; 0 failed; 0 ignored; 0 measured; 0 filtered out; finished in 0.03s


running 1 test
test scoped_registry_interleaves_pending_reads_finish_abort_and_slot_reuse ... ok

test result: ok. 1 passed; 0 failed; 0 ignored; 0 measured; 0 filtered out; finished in 0.02s


running 2 tests
test omitted_wire_references_cannot_hide_an_inode_dependency_from_save ... ok
test admitted_complete_root_closes_and_reconstructs_through_the_real_store ... ok

test result: ok. 2 passed; 0 failed; 0 ignored; 0 measured; 0 filtered out; finished in 0.02s


running 8 tests
test disposable_completion_refuses_replaced_path_without_touching_replacement ... ok
test disposable_completion_refuses_new_hardlink_ownership ... ok
test disposable_finalization_releases_extents_without_wal_and_preserves_bytes ... ok
test readonly_checkpoint_refuses_before_sql_or_allocation_work ... ok
test obstructed_checkpoint_does_not_release_extra_extents ... ok
test checkpoint_releases_extra_extents_and_preserves_acknowledged_canonical_bytes ... ok
test scratch_creation_refusal_is_explicit_and_leaves_store_data_intact ... ok
test shared_pack_headroom_is_bounded_and_final_release_preserves_canonical_bytes ... ok

test result: ok. 8 passed; 0 failed; 0 ignored; 0 measured; 0 filtered out; finished in 0.05s


running 7 tests
test late_locator_failure_rolls_back_control_and_every_unit ... ok
test complete_reads_reassemble_exact_bytes_and_digest_for_every_lane ... ok
test exact_physical_fanout_refuses_over_budget_batch_before_begin ... ok
test explicit_creation_reopens_declared_units_and_keeps_sparse_canonical_order ... ok
test unread_corruption_is_scoped_and_whole_audit_refuses_it ... ok
test malformed_unit_extent_is_refused_before_any_unit_blob_read ... ok
test oversized_control_is_rejected_before_group_blob_acquisition ... ok

test result: ok. 7 passed; 0 failed; 0 ignored; 0 measured; 0 filtered out; finished in 0.02s


running 9 tests
test multigroup_read_reopens_one_cursor_and_never_retains_it_between_requests ... ok
test mapping_is_covered_and_complete_pack_reassembles_exactly ... ok
test missing_covering_index_is_refused_at_open_without_automatic_repair ... ok
test wrong_reopened_body_length_is_refused_and_cursor_is_checked_closed ... ok
test covered_mapping_still_refuses_wrong_extents_before_blob_open ... ok
test typed_singleton_matches_batch_results_missing_ids_and_statement_boundary ... ok
test declared_layouts_reopen_without_mutating_or_promoting_their_schema ... ok
test typed_descriptor_rejects_invalid_domain_digest_and_length_before_blob_open ... ok
test typed_singleton_rejects_invalid_role_and_signed_coordinates ... ok

test result: ok. 9 passed; 0 failed; 0 ignored; 0 measured; 0 filtered out; finished in 0.03s


running 2 tests
test a_foreign_acknowledged_reservation_is_never_recycled_by_the_plan ... ok
test four_fresh_leaves_share_one_exact_reservation_and_deduplicate_values ... ok

test result: ok. 2 passed; 0 failed; 0 ignored; 0 measured; 0 filtered out; finished in 0.03s


running 1 test
test sqlite_selected_ranges_scan_once_close_and_match_the_full_body ... ok

test result: ok. 1 passed; 0 failed; 0 ignored; 0 measured; 0 filtered out; finished in 0.02s


running 13 tests
test writable_open_does_not_migrate_an_unrelated_database_journal ... ok
test wal_full_settings_and_unavailable_engine_are_explicit ... ok
test failing_signature_page_rolls_back_prior_body_and_all_signature_rows ... ok
test failure_after_body_insert_rolls_back_the_entire_unit_and_published_body_is_immutable ... ok
test signature_pages_share_one_acknowledgement_at_the_existing_row_bound ... ok
test readonly_refusal_and_external_writer_busy_do_not_retry ... ok
test final_body_multirow_locators_and_first_wins_have_one_atomic_ack ... ok
test pack_insert_pages_preserve_bodies_and_atomic_conflict_refusal ... ok
test signature_publication_is_bounded_set_based_and_preserves_stamps ... ok
test canonical_save_read_reuse_and_persisted_reservations_survive_reopen ... ok
test pack_insert_pages_keep_large_blob_binding_ownership_separate ... ok
test explicit_profiles_keep_atomic_publication_and_matching_reopen_contracts ... ok
test multi_page_publication_preserves_first_wins_loss_order_and_late_failure_atomicity ... ok

test result: ok. 13 passed; 0 failed; 0 ignored; 0 measured; 0 filtered out; finished in 0.08s


running 2 tests
test crash_child ... ok
test sigkill_preserves_acknowledged_body_locator_and_reservation ... ok

test result: ok. 2 passed; 0 failed; 0 ignored; 0 measured; 0 filtered out; finished in 0.04s


running 3 tests
test missing_logical_child_is_still_refused ... ok
test exact_reuse_still_acquires_and_compares_canonical_bytes ... ok
test new_extent_leaf_checks_child_membership_without_reading_child_packs ... ok

test result: ok. 3 passed; 0 failed; 0 ignored; 0 measured; 0 filtered out; finished in 0.09s


running 10 tests
test reader_reuses_authenticated_pack_within_one_operation ... ok
QUEUED_PACK_RESERVATION before=1 after=1 chunks=128
test successful_save_history_retains_selection_and_group_work_from_final_drain ... ok
test unused_pack_ids_transfer_across_saves_without_recycling_used_ids ... ok
test dropping_unfinished_save_does_not_return_consumed_ids_to_the_unused_tail ... ok
test same_save_read_and_dependency_force_closure_of_carried_queue ... ok
test queued_chunk_groups_use_the_acknowledged_pack_tail ... ok
test partial_pack_queue_survives_wave_boundary_within_existing_budget ... ok
test canonical_and_shared_physical_bytes_are_bounded_independently ... ok
test a_small_acknowledged_pack_tail_serves_a_larger_following_wave ... ok
test allocation_replenishes_before_pressure_seals_when_the_tail_is_consumed ... ok

test result: ok. 10 passed; 0 failed; 0 ignored; 0 measured; 0 filtered out; finished in 0.56s


running 0 tests

test result: ok. 0 passed; 0 failed; 0 ignored; 0 measured; 0 filtered out; finished in 0.00s


running 0 tests

test result: ok. 0 passed; 0 failed; 0 ignored; 0 measured; 0 filtered out; finished in 0.00s


running 0 tests

test result: ok. 0 passed; 0 failed; 0 ignored; 0 measured; 0 filtered out; finished in 0.00s


running 6 tests
test backing_inside_source_is_refused_before_an_operation_begins ... ok
test a_definite_failure_removes_its_rows_and_its_record ... ok
test a_failed_cleanup_after_a_failure_keeps_both_causes ... ok
test an_unknown_outcome_leaves_the_operation_untouched ... ok
test a_backing_read_failure_is_definite_and_is_cleaned_up ... ok
ACQUISITION_CUSTODY cleanup error=Persistence(Refused { status: "injected" }) retained=RetainedAcquisition { owner: Owner { operation: 1, epoch: 1 }, work: Some(AcquisitionWork { held_rows: 1915, held_bytes: 381085, peak_rows: 6011, peak_bytes: 1151272, removed_rows: 4096, removed_bytes: 770187 }) }
test a_failed_cleanup_reports_its_cause_and_the_rows_still_held ... ok

test result: ok. 6 passed; 0 failed; 0 ignored; 0 measured; 0 filtered out; finished in 0.71s


running 2 tests
S9_BACKED_ACQUISITION entries=1314 work=NamespaceWork { unique_files: 1302, regular_aliases: 2, entries: 1314, jobs: 1304, frontier: 4, directory_children: 1302, wide_directories: 1, child_window_rows: 512, directory_bindings: 1313, read_units: 32, write_units: 8, read_window_rows: 512, write_window_rows: 1306, write_window_bytes: 360224, discard_units: 1, backing_rows: 2616, backing_bytes: 509944 }
test wide_nested_aliased_root_equals_the_whole_namespace_constructor ... ok
S9_BACKED_ACQUISITION_WIDE work=NamespaceWork { unique_files: 0, regular_aliases: 0, entries: 17002, jobs: 0, frontier: 1, directory_children: 17000, wide_directories: 1, child_window_rows: 512, directory_bindings: 17001, read_units: 110, write_units: 13, read_window_rows: 512, write_window_rows: 4096, write_window_bytes: 679936, discard_units: 5, backing_rows: 17002, backing_bytes: 1326413 }
test very_wide_directory_is_ordered_through_many_windows ... ok

test result: ok. 2 passed; 0 failed; 0 ignored; 0 measured; 0 filtered out; finished in 4.62s


running 2 tests
S9_COMPLETE_ROOT entries=25 work=NamespaceWork { unique_files: 8, regular_aliases: 1, entries: 25, jobs: 9, frontier: 5, directory_children: 12, wide_directories: 0, child_window_rows: 12, directory_bindings: 24, read_units: 17, write_units: 7, read_window_rows: 25, write_window_rows: 12, write_window_bytes: 2759, discard_units: 1, backing_rows: 33, backing_bytes: 6175 }
test native_import_keeps_ignored_git_dependencies_outputs_and_exact_link_targets ... ok
S9_COMPLETE_ROOT entries=25 work=NamespaceWork { unique_files: 8, regular_aliases: 1, entries: 25, jobs: 9, frontier: 5, directory_children: 12, wide_directories: 0, child_window_rows: 12, directory_bindings: 24, read_units: 17, write_units: 7, read_window_rows: 25, write_window_rows: 12, write_window_bytes: 2759, discard_units: 1, backing_rows: 33, backing_bytes: 4296 }
S9_COMPLETE_ROOT entries=25 work=NamespaceWork { unique_files: 8, regular_aliases: 1, entries: 25, jobs: 9, frontier: 5, directory_children: 12, wide_directories: 0, child_window_rows: 12, directory_bindings: 24, read_units: 17, write_units: 7, read_window_rows: 25, write_window_rows: 12, write_window_bytes: 2759, discard_units: 1, backing_rows: 33, backing_bytes: 4296 }
test real_host_profiles_acquire_and_reuse_the_exact_complete_root ... ok

test result: ok. 2 passed; 0 failed; 0 ignored; 0 measured; 0 filtered out; finished in 0.14s


running 4 tests
test identity_and_missing_failures_are_not_cached ... ok
test short_source_batch_is_refused_before_cache_admission ... ok
test mixed_hits_misses_duplicates_and_order_keep_exact_bytes ... ok
test eviction_respects_both_fixed_bounds_and_fresh_invocation_starts_empty ... ok

test result: ok. 4 passed; 0 failed; 0 ignored; 0 measured; 0 filtered out; finished in 0.02s


running 1 test
DIAGNOSTIC init-memory-100 Diagnostics { policy: 1, locate: 6, read_packs: 0, read_pack_selections: 1, whole_selected: 1, whole_due_density: 0, whole_due_singleton: 0, whole_due_small: 1, whole_due_reuse: 0, range_selected: 0, range_scan_bytes: 0, range_acquired_bytes: 0, range_materialized_bytes: 0, value_groups: 2, signatures: 1, reserve: 2, publish: 5, payload_reads: 1, payload_read_bytes: 377, pack_read_bytes: 0, pack_write_bytes: 36559, pooled_packs: 1, pooled_groups: 2, reserved_directory_bytes: 4096, ordinal_reservations: 1, locator_hits: 868, locator_misses: 571, locator_evictions: 0, locator_eviction_probes: 0, locator_second_chances: 0, locator_bookkeeping_live_peak_bytes: 64, pack_hits: 304, pack_misses: 1, pack_evictions: 0, pack_evicted_bytes: 0, directory_validations: 617, directory_unshared_walks: 617, directory_entry_bounds: 617, prefetch_group_decodes: 0, forced_seals: 0 }
DIAGNOSTIC init-memory-1000 Diagnostics { policy: 1, locate: 23, read_packs: 0, read_pack_selections: 2, whole_selected: 2, whole_due_density: 1, whole_due_singleton: 0, whole_due_small: 1, whole_due_reuse: 0, range_selected: 0, range_scan_bytes: 0, range_acquired_bytes: 0, range_materialized_bytes: 0, value_groups: 2, signatures: 1, reserve: 4, publish: 10, payload_reads: 2, payload_read_bytes: 29344, pack_read_bytes: 0, pack_write_bytes: 291386, pooled_packs: 2, pooled_groups: 20, reserved_directory_bytes: 8192, ordinal_reservations: 3, locator_hits: 9130, locator_misses: 5162, locator_evictions: 0, locator_eviction_probes: 0, locator_second_chances: 0, locator_bookkeeping_live_peak_bytes: 600, pack_hits: 3109, pack_misses: 2, pack_evictions: 0, pack_evicted_bytes: 0, directory_validations: 6230, directory_unshared_walks: 6230, directory_entry_bounds: 6230, prefetch_group_decodes: 0, forced_seals: 3 }
test init_100_and_1000_over_memory_ports_pass_the_full_namespace_oracle ... ok

test result: ok. 1 passed; 0 failed; 0 ignored; 0 measured; 0 filtered out; finished in 0.46s


running 3 tests
test a_store_without_acquisition_tables_refuses_init ... ok
test a_store_inside_the_source_is_refused_before_an_operation_begins ... ok
DIAGNOSTIC Durable-init-100 SQL=SqlWork { statements: 1998, vm_steps: 120783, fullscan_steps: 245, sorts: 18, autoindex_rows: 0, reprepares: 3, returned_rows: 2111, bound_bytes: 221511, statement_ns: 36058437, statement_phases: [StatementPhaseWork { calls: 1963, wall_ns: 3774850 }, StatementPhaseWork { calls: 1969, wall_ns: 310463 }, StatementPhaseWork { calls: 4080, wall_ns: 29173803 }, StatementPhaseWork { calls: 2111, wall_ns: 403346 }, StatementPhaseWork { calls: 1969, wall_ns: 48947 }, StatementPhaseWork { calls: 1969, wall_ns: 89252 }, StatementPhaseWork { calls: 1963, wall_ns: 611883 }], commit_phases: [StatementPhaseWork { calls: 618, wall_ns: 73310 }, StatementPhaseWork { calls: 618, wall_ns: 15964 }, StatementPhaseWork { calls: 618, wall_ns: 22472996 }, StatementPhaseWork { calls: 0, wall_ns: 0 }, StatementPhaseWork { calls: 618, wall_ns: 15666 }, StatementPhaseWork { calls: 618, wall_ns: 27336 }, StatementPhaseWork { calls: 618, wall_ns: 85835 }], commit_ns: 22863794, transactions: 618, write_transactions: 18, write_commits: 18, commits: 618, rollbacks: 0, transaction_ns: 37032165, sealed_inserts: 8, sealed_body_bytes: 36546, blob_open_calls: 10, blob_reopen_calls: 0, blob_read_calls: 30, blob_requested_bytes: 44601, blob_read_bytes: 44601, blob_read_ns: 17122, blob_close_calls: 10, preallocation_calls: 1, preallocation_bytes: 3141632, preallocation_ns: 277960, preallocation_close_ns: 0, checkpoint_ns: 0 } namespace=NamespaceWork { unique_files: 100, regular_aliases: 0, entries: 111, jobs: 100, frontier: 10, directory_children: 10, wide_directories: 0, child_window_rows: 10, directory_bindings: 110, read_units: 12, write_units: 5, read_window_rows: 111, write_window_rows: 100, write_window_bytes: 27200, discard_units: 1, backing_rows: 211, backing_bytes: 25432 }
DIAGNOSTIC Durable-init-1000 SQL=SqlWork { statements: 15792, vm_steps: 1031815, fullscan_steps: 1113, sorts: 36, autoindex_rows: 0, reprepares: 3, returned_rows: 17546, bound_bytes: 1875729, statement_ns: 103763966, statement_phases: [StatementPhaseWork { calls: 15645, wall_ns: 7455500 }, StatementPhaseWork { calls: 15763, wall_ns: 1915497 }, StatementPhaseWork { calls: 33309, wall_ns: 81805513 }, StatementPhaseWork { calls: 17546, wall_ns: 2595698 }, StatementPhaseWork { calls: 15763, wall_ns: 373954 }, StatementPhaseWork { calls: 15763, wall_ns: 633961 }, StatementPhaseWork { calls: 15645, wall_ns: 2573137 }], commit_phases: [StatementPhaseWork { calls: 5145, wall_ns: 530138 }, StatementPhaseWork { calls: 5145, wall_ns: 128867 }, StatementPhaseWork { calls: 5145, wall_ns: 39139003 }, StatementPhaseWork { calls: 0, wall_ns: 0 }, StatementPhaseWork { calls: 5145, wall_ns: 127268 }, StatementPhaseWork { calls: 5145, wall_ns: 203934 }, StatementPhaseWork { calls: 5145, wall_ns: 524264 }], commit_ns: 42011151, transactions: 5145, write_transactions: 26, write_commits: 26, commits: 5145, rollbacks: 0, transaction_ns: 111518401, sealed_inserts: 20, sealed_body_bytes: 413258, blob_open_calls: 25, blob_reopen_calls: 0, blob_read_calls: 75, blob_requested_bytes: 474618, blob_read_bytes: 474618, blob_read_ns: 80665, blob_close_calls: 25, preallocation_calls: 1, preallocation_bytes: 3141632, preallocation_ns: 205667, preallocation_close_ns: 0, checkpoint_ns: 0 } namespace=NamespaceWork { unique_files: 1000, regular_aliases: 0, entries: 1011, jobs: 1000, frontier: 10, directory_children: 100, wide_directories: 0, child_window_rows: 100, directory_bindings: 1010, read_units: 30, write_units: 5, read_window_rows: 512, write_window_rows: 1000, write_window_bytes: 272000, discard_units: 1, backing_rows: 2011, backing_bytes: 237832 }
DIAGNOSTIC Disposable-init-100 SQL=SqlWork { statements: 1998, vm_steps: 120783, fullscan_steps: 245, sorts: 18, autoindex_rows: 0, reprepares: 3, returned_rows: 2111, bound_bytes: 221529, statement_ns: 14358352, statement_phases: [StatementPhaseWork { calls: 1963, wall_ns: 2815198 }, StatementPhaseWork { calls: 1969, wall_ns: 263906 }, StatementPhaseWork { calls: 4080, wall_ns: 8649871 }, StatementPhaseWork { calls: 2111, wall_ns: 345297 }, StatementPhaseWork { calls: 1969, wall_ns: 44693 }, StatementPhaseWork { calls: 1969, wall_ns: 81214 }, StatementPhaseWork { calls: 1963, wall_ns: 487985 }], commit_phases: [StatementPhaseWork { calls: 618, wall_ns: 69543 }, StatementPhaseWork { calls: 618, wall_ns: 15462 }, StatementPhaseWork { calls: 618, wall_ns: 1450586 }, StatementPhaseWork { calls: 0, wall_ns: 0 }, StatementPhaseWork { calls: 618, wall_ns: 14322 }, StatementPhaseWork { calls: 618, wall_ns: 23763 }, StatementPhaseWork { calls: 618, wall_ns: 61461 }], commit_ns: 1798811, transactions: 618, write_transactions: 18, write_commits: 18, commits: 618, rollbacks: 0, transaction_ns: 15377502, sealed_inserts: 8, sealed_body_bytes: 36564, blob_open_calls: 10, blob_reopen_calls: 0, blob_read_calls: 30, blob_requested_bytes: 44619, blob_read_bytes: 44619, blob_read_ns: 21254, blob_close_calls: 10, preallocation_calls: 1, preallocation_bytes: 2953216, preallocation_ns: 125751, preallocation_close_ns: 917, checkpoint_ns: 0 } namespace=NamespaceWork { unique_files: 100, regular_aliases: 0, entries: 111, jobs: 100, frontier: 10, directory_children: 10, wide_directories: 0, child_window_rows: 10, directory_bindings: 110, read_units: 12, write_units: 5, read_window_rows: 111, write_window_rows: 100, write_window_bytes: 27200, discard_units: 1, backing_rows: 211, backing_bytes: 25432 }
DIAGNOSTIC Disposable-init-1000 SQL=SqlWork { statements: 15783, vm_steps: 1031686, fullscan_steps: 1113, sorts: 36, autoindex_rows: 0, reprepares: 3, returned_rows: 17545, bound_bytes: 1753859, statement_ns: 94825027, statement_phases: [StatementPhaseWork { calls: 15636, wall_ns: 7464481 }, StatementPhaseWork { calls: 15754, wall_ns: 1998454 }, StatementPhaseWork { calls: 33299, wall_ns: 72781641 }, StatementPhaseWork { calls: 17545, wall_ns: 2552298 }, StatementPhaseWork { calls: 15754, wall_ns: 382911 }, StatementPhaseWork { calls: 15754, wall_ns: 626063 }, StatementPhaseWork { calls: 15636, wall_ns: 2747161 }], commit_phases: [StatementPhaseWork { calls: 5143, wall_ns: 552990 }, StatementPhaseWork { calls: 5143, wall_ns: 135101 }, StatementPhaseWork { calls: 5143, wall_ns: 9116629 }, StatementPhaseWork { calls: 0, wall_ns: 0 }, StatementPhaseWork { calls: 5143, wall_ns: 126903 }, StatementPhaseWork { calls: 5143, wall_ns: 200212 }, StatementPhaseWork { calls: 5143, wall_ns: 526150 }], commit_ns: 12040390, transactions: 5143, write_transactions: 25, write_commits: 25, commits: 5143, rollbacks: 0, transaction_ns: 102884484, sealed_inserts: 20, sealed_body_bytes: 291476, blob_open_calls: 24, blob_reopen_calls: 0, blob_read_calls: 72, blob_requested_bytes: 335692, blob_read_bytes: 335692, blob_read_ns: 109002, blob_close_calls: 24, preallocation_calls: 1, preallocation_bytes: 2981888, preallocation_ns: 165874, preallocation_close_ns: 1083, checkpoint_ns: 0 } namespace=NamespaceWork { unique_files: 1000, regular_aliases: 0, entries: 1011, jobs: 1000, frontier: 10, directory_children: 100, wide_directories: 0, child_window_rows: 100, directory_bindings: 1010, read_units: 30, write_units: 5, read_window_rows: 512, write_window_rows: 1000, write_window_bytes: 272000, discard_units: 1, backing_rows: 2011, backing_bytes: 237832 }
test selected_profiles_init_100_and_1000_pass_the_full_namespace_oracle ... ok

test result: ok. 3 passed; 0 failed; 0 ignored; 0 measured; 0 filtered out; finished in 1.25s


running 1 test
DIAGNOSTIC namespace-count-100 NamespaceWork { unique_files: 100, regular_aliases: 0, entries: 111, jobs: 100, frontier: 10, directory_children: 10, wide_directories: 0, child_window_rows: 10, directory_bindings: 110, read_units: 11, write_units: 5, read_window_rows: 111, write_window_rows: 100, write_window_bytes: 27200, discard_units: 1, backing_rows: 211, backing_bytes: 40572 }
DIAGNOSTIC namespace-count-3000 NamespaceWork { unique_files: 3000, regular_aliases: 0, entries: 3011, jobs: 3000, frontier: 10, directory_children: 300, wide_directories: 0, child_window_rows: 300, directory_bindings: 3010, read_units: 31, write_units: 5, read_window_rows: 512, write_window_rows: 3000, write_window_bytes: 816000, discard_units: 2, backing_rows: 6011, backing_bytes: 1151272 }
DIAGNOSTIC namespace-count-6000 NamespaceWork { unique_files: 6000, regular_aliases: 0, entries: 6011, jobs: 6000, frontier: 10, directory_children: 600, wide_directories: 10, child_window_rows: 512, directory_bindings: 6010, read_units: 85, write_units: 25, read_window_rows: 512, write_window_rows: 4096, write_window_bytes: 196608, discard_units: 3, backing_rows: 12011, backing_bytes: 2300272 }
test backed_counts_grow_while_resident_buffers_stay_fixed ... ok

test result: ok. 1 passed; 0 failed; 0 ignored; 0 measured; 0 filtered out; finished in 2.06s


running 0 tests

test result: ok. 0 passed; 0 failed; 0 ignored; 0 measured; 0 filtered out; finished in 0.00s


running 28 tests
test workload::gitoid::tests::a_blob_oid_is_the_header_plus_the_bytes ... ok
test workload::gitoid::tests::object_ids_parse_and_render_round_trip ... ok
test workload::gitoid::tests::the_buffer_boundaries_are_exact ... ok
test workload::history::tests::a_missing_corpus_is_refused_rather_than_defaulted ... ok
test workload::history::tests::a_blob_that_does_not_identify_is_refused_both_ways ... ok
test workload::history::tests::a_selection_that_is_not_the_declared_shape_is_refused ... ok
test workload::history::tests::a_malformed_oracle_is_refused_rather_than_counted ... ok
test workload::history::tests::a_transition_counts_and_sizes_only_what_it_added_or_modified ... ok
test workload::history::tests::an_oracle_parses_files_and_directories_apart ... ok
test workload::history::tests::hex_decoding_refuses_odd_lengths_and_non_hex ... ok
test workload::history::tests::path_states_are_not_the_manifest_file_count ... ok
test workload::history::tests::the_pinned_totals_agree_with_the_selections ... ok
test workload::history::tests::the_three_selections_are_the_declared_indices ... ok
test workload::json::tests::a_duplicate_key_is_refused_rather_than_resolved ... ok
test workload::json::tests::accessors_are_typed_rather_than_coercing ... ok
test workload::json::tests::counting_agrees_with_building ... ok
test workload::json::tests::escapes_resolve_including_a_surrogate_pair ... ok
test workload::json::tests::malformed_documents_are_refused ... ok
test workload::json::tests::scalars_and_containers_round_trip ... ok
test workload::providers::tests::a_cumulative_prefix_serves_bytes_and_demand_order_identically ... ok
test workload::json::tests::the_depth_guard_refuses_rather_than_overflowing ... ok
test workload::history::tests::sealed_oracle_counts_cover_all_checkpoints_and_refuse_drift ... ok
test workload::history::tests::a_tree_line_parses_in_the_corpus_column_order ... ok
test workload::providers::tests::a_batch_demanding_a_later_object_gets_the_snapshot_error ... ok
test workload::history::tests::a_malformed_tree_line_names_its_line_and_is_refused ... ok
test workload::providers::tests::prefix_keys_admit_the_snapshot_and_nothing_else ... ok
test workload::gitoid::tests::sha1_matches_the_published_vectors ... ok
test workload::gitoid::tests::blob_oid_matches_scalar_across_blocks_and_large_payloads ... ok

test result: ok. 28 passed; 0 failed; 0 ignored; 0 measured; 0 filtered out; finished in 0.01s


running 0 tests

test result: ok. 0 passed; 0 failed; 0 ignored; 0 measured; 0 filtered out; finished in 0.00s


running 0 tests

test result: ok. 0 passed; 0 failed; 0 ignored; 0 measured; 0 filtered out; finished in 0.00s


running 0 tests

test result: ok. 0 passed; 0 failed; 0 ignored; 0 measured; 0 filtered out; finished in 0.00s


running 28 tests
test workload::gitoid::tests::a_blob_oid_is_the_header_plus_the_bytes ... ok
test workload::gitoid::tests::object_ids_parse_and_render_round_trip ... ok
test workload::history::tests::a_blob_that_does_not_identify_is_refused_both_ways ... ok
test workload::history::tests::a_selection_that_is_not_the_declared_shape_is_refused ... ok
test workload::history::tests::a_malformed_oracle_is_refused_rather_than_counted ... ok
test workload::gitoid::tests::the_buffer_boundaries_are_exact ... ok
test workload::history::tests::a_missing_corpus_is_refused_rather_than_defaulted ... ok
test workload::history::tests::an_oracle_parses_files_and_directories_apart ... ok
test workload::history::tests::a_transition_counts_and_sizes_only_what_it_added_or_modified ... ok
test workload::history::tests::hex_decoding_refuses_odd_lengths_and_non_hex ... ok
test workload::history::tests::path_states_are_not_the_manifest_file_count ... ok
test workload::history::tests::the_pinned_totals_agree_with_the_selections ... ok
test workload::history::tests::the_three_selections_are_the_declared_indices ... ok
test workload::json::tests::a_duplicate_key_is_refused_rather_than_resolved ... ok
test workload::json::tests::accessors_are_typed_rather_than_coercing ... ok
test workload::json::tests::escapes_resolve_including_a_surrogate_pair ... ok
test workload::json::tests::counting_agrees_with_building ... ok
test workload::json::tests::malformed_documents_are_refused ... ok
test workload::json::tests::scalars_and_containers_round_trip ... ok
test workload::json::tests::the_depth_guard_refuses_rather_than_overflowing ... ok
test workload::history::tests::sealed_oracle_counts_cover_all_checkpoints_and_refuse_drift ... ok
test workload::providers::tests::a_cumulative_prefix_serves_bytes_and_demand_order_identically ... ok
test workload::providers::tests::a_batch_demanding_a_later_object_gets_the_snapshot_error ... ok
test workload::history::tests::a_tree_line_parses_in_the_corpus_column_order ... ok
test workload::providers::tests::prefix_keys_admit_the_snapshot_and_nothing_else ... ok
test workload::history::tests::a_malformed_tree_line_names_its_line_and_is_refused ... ok
test workload::gitoid::tests::sha1_matches_the_published_vectors ... ok
test workload::gitoid::tests::blob_oid_matches_scalar_across_blocks_and_large_payloads ... ok

test result: ok. 28 passed; 0 failed; 0 ignored; 0 measured; 0 filtered out; finished in 0.01s


running 1 test
test tests::lite_sample_covers_anchors_empty_sizes_and_tree_tail ... ok

test result: ok. 1 passed; 0 failed; 0 ignored; 0 measured; 0 filtered out; finished in 0.00s


running 0 tests

test result: ok. 0 passed; 0 failed; 0 ignored; 0 measured; 0 filtered out; finished in 0.00s


running 19 tests
test refused_admission_retains_the_exact_phase_without_replay ... ok
test missing_dependency_finish_is_retained_as_the_original_storage_error ... ok
test history_up_to_date_retains_exact_stage_and_transition_without_replay ... ok
S9_FAIR_SERVICE ServiceWork { live_class_jobs: [0, 0, 0], submission_attempts: [0, 5, 1, 0, 0, 0], submission_refusals: [0, 1, 0, 0, 0, 0], admitted: 5, refused: 1, dispatched: [0, 4, 1, 0, 0, 0], cancelled: 0, credited_bytes: 0, peak_credited_bytes: 268304, outstanding: 0, copied_bytes: 0, queue_wait_ns: [0, 171958, 2959, 0, 0, 0], service_ns: [0, 168, 159042, 0, 0, 0], registry_capacity_bytes: 19128 }
test capability_scope_authority_and_read_window_are_checked_before_service ... ok
test disconnect_retains_completed_save_and_reconnect_reads_without_finish_replay ... ok
test fair_service_rotates_workspace_and_class_and_retains_result_credit ... ok
test disconnect_cancels_only_unattempted_and_promotes_another_connection_save_head ... ok
test service_orders_one_save_across_classes_and_protects_retained_receipts ... ok
test queued_history_retains_exact_stage_transition_and_explicit_release_ownership ... ok
test history_candidate_authority_and_grammar_refusals_preserve_save_and_stage_custody ... ok
test independent_saves_pending_reads_retained_finish_and_slot_reuse ... ok
test history_conflict_retains_deciding_stage_and_only_exact_discard_releases_it ... ok
test service_save_jobs_leave_first_demand_and_control_slots_and_finished_headers_refuse_early ... ok
S4_OWNING_SERIALS first=1 refill=1024 next=1031 scope_allocator=history_catalog
test service_revalidates_queued_authority_and_fences_retained_results_across_rewrap ... ok
test workspace_serials_come_from_the_owning_scope_allocator_under_authority ... ok
test native_consumer_ports_serve_real_saved_objects_lengths_and_serials_without_replay ... ok
S3_OWNING_STAT logical=131071 namespace_refs=2 owning_payload_bytes=0 owning_pack_bytes=0 locate=1
test workspace_stat_uses_authenticated_scoped_owning_lengths_without_payload_or_fallback ... ok
test wire_receipts_preserve_deciding_stage_conflict_and_distinct_inspection_denial ... ok
S7_S9_NATIVE_RUNTIME input=ChannelWork { channel_calls: 16, record_io_attempts: 16, records: 15, plaintext_bytes: 71831, io_calls: 31, io_attempts: 32, wire_bytes: 72101, zeroed_bytes: 131374, crypto_attempts: 15, crypto_input_bytes: 72071, crypto_output_bytes: 71831, buffer_allocation_attempts: 2, requested_buffer_bytes: 131054, stack_window_bytes: 0, plain_capacity: 65519, sealed_capacity: 65535 } body=ReassemblyWork { admitted: 11, allocation_attempts: 11, requested_body_bytes: 71231, refused: 0, fragments: 15, copied_bytes: 71231, live_messages: 0, credited_bytes: 0, peak_credited_bytes: 70223 } output=ChannelWork { channel_calls: 23, record_io_attempts: 23, records: 23, plaintext_bytes: 72579, io_calls: 46, io_attempts: 46, wire_bytes: 72993, zeroed_bytes: 66955, crypto_attempts: 23, crypto_input_bytes: 72579, crypto_output_bytes: 72947, buffer_allocation_attempts: 1, requested_buffer_bytes: 65535, stack_window_bytes: 0, plain_capacity: 0, sealed_capacity: 65535 } output_body=OutputWork { submissions: 22, refused: 0, admitted: 22, owners: 1, messages: 0, credited_bytes: 0, peak_credited_bytes: 70447 } service=ServiceWork { live_class_jobs: [0, 0, 0], submission_attempts: [2, 2, 1, 1, 3, 2], submission_refusals: [0, 0, 0, 0, 0, 0], admitted: 11, refused: 0, dispatched: [2, 2, 1, 1, 3, 2], cancelled: 0, credited_bytes: 0, peak_credited_bytes: 33621596, outstanding: 0, copied_bytes: 70023, queue_wait_ns: [1333, 5417, 8959, 1042, 2751, 1124], service_ns: [80291, 3125, 331792, 53959, 1574167, 557917], registry_capacity_bytes: 124416 } client_send=(FramingWork { encoding_attempts: 15, encoded_fragments: 15, header_bytes: 600, fragments: 15, copied_bytes: 71231, frame_capacity: 65519, allocation_attempts: 1, requested_buffer_bytes: 65519, zeroed_bytes: 65519 }, ChannelWork { channel_calls: 15, record_io_attempts: 15, records: 15, plaintext_bytes: 71831, io_calls: 30, io_attempts: 30, wire_bytes: 72101, zeroed_bytes: 65679, crypto_attempts: 15, crypto_input_bytes: 71831, crypto_output_bytes: 72071, buffer_allocation_attempts: 1, requested_buffer_bytes: 65535, stack_window_bytes: 0, plain_capacity: 0, sealed_capacity: 65535 }, 64) client_receive=(ChannelWork { channel_calls: 23, record_io_attempts: 23, records: 23, plaintext_bytes: 72579, io_calls: 46, io_attempts: 46, wire_bytes: 72993, zeroed_bytes: 133940, crypto_attempts: 23, crypto_input_bytes: 72947, crypto_output_bytes: 72579, buffer_allocation_attempts: 2, requested_buffer_bytes: 131054, stack_window_bytes: 0, plain_capacity: 65519, sealed_capacity: 65535 }, Ok(ReassemblyWork { admitted: 22, allocation_attempts: 22, requested_body_bytes: 71659, refused: 0, fragments: 23, copied_bytes: 71659, live_messages: 0, credited_bytes: 0, peak_credited_bytes: 70167 }))
test authenticated_native_runtime_delivers_binding_policy_serial_save_and_history_once ... ok

test result: ok. 19 passed; 0 failed; 0 ignored; 0 measured; 0 filtered out; finished in 0.08s


running 7 tests
test fixed_headers_validate_every_operation_and_refuse_wrong_envelope_before_allocation ... ok
test typed_refusal_preserves_nested_unknown_original_cleanup_and_opaque_io ... ok
test consumer_wrong_result_retains_original_body_and_stops_before_another_call ... ok
test consumer_close_fences_a_blocked_call_without_waiting_for_its_mutex_or_replay ... ok
test refused_native_header_never_allocates_or_copies_declared_canonical_body ... ok
test output_rotates_ready_classes_and_caller_receipts_hold_real_shared_credit ... ok
test actual_grant_streams_canonical_input_and_disconnect_returns_partial_original ... ok

test result: ok. 7 passed; 0 failed; 0 ignored; 0 measured; 0 filtered out; finished in 0.01s


running 0 tests

test result: ok. 0 passed; 0 failed; 0 ignored; 0 measured; 0 filtered out; finished in 0.00s


running 7 tests
test every_truncation_of_a_valid_frame_is_refused_without_panicking ... ok
test a_frame_whose_checksum_no_longer_matches_is_refused ... ok
test a_declared_length_that_contradicts_the_frame_is_refused ... ok
test the_decode_arena_is_charged_only_when_a_frame_needs_it ... ok
test a_forged_declared_length_inside_the_header_is_refused_by_the_call_itself ... ok
test a_frame_beyond_the_profiles_window_is_refused ... ok
test a_valid_frame_round_trips_through_both_decode_entry_points ... ok

test result: ok. 7 passed; 0 failed; 0 ignored; 0 measured; 0 filtered out; finished in 0.01s


running 2 tests
test duplicate_input_is_idempotent_and_invalid_admission_preserves_retention ... ok
test overflow_keeps_recent_dependency_groups_and_evicts_only_a_cold_group ... ok

test result: ok. 2 passed; 0 failed; 0 ignored; 0 measured; 0 filtered out; finished in 0.00s


running 2 tests
test pressure_admission_preserves_an_unrequested_positive_locator ... ok
test second_chance_breaks_repeated_low_key_victim_churn ... ok

test result: ok. 2 passed; 0 failed; 0 ignored; 0 measured; 0 filtered out; finished in 0.06s


running 1 test
test sealed_keys_keep_standard_sha256_bytes_for_empty_short_and_many_blocks ... ok

test result: ok. 1 passed; 0 failed; 0 ignored; 0 measured; 0 filtered out; finished in 0.00s


running 3 tests
test cohort_reservation_keeps_requested_hits_while_releasing_misses_space ... ok
test pressure_evicts_only_cold_bodies_and_keeps_recent_siblings ... ok
test singleton_is_isolated_and_new_owner_has_no_retained_input ... ok

test result: ok. 3 passed; 0 failed; 0 ignored; 0 measured; 0 filtered out; finished in 0.00s


running 4 tests
test invalid_ranges_fail_without_body_scan_or_whole_strategy_fallback ... ok
test corruption_outside_selected_ranges_is_still_refused ... ok
test whole_selection_keeps_the_existing_carrier_and_io_failure_is_terminal ... ok
test ranges_crossing_prefix_and_scan_chunks_are_exact_and_all_bytes_are_paid_once ... ok

test result: ok. 4 passed; 0 failed; 0 ignored; 0 measured; 0 filtered out; finished in 0.00s


running 10 tests
test grouped_whole_file_versions_keep_their_own_body_offsets ... ok
test every_implemented_framing_is_recognized_by_its_own_version ... ok
test ordinary_and_native_versions_keep_their_own_body_offsets ... ok
test the_lane_table_names_one_limit_per_lane ... ok
test pooled_pack_versions_keep_their_own_size_bounds ... ok
test new_pooled_placement_splits_before_the_quarter_pack_bound ... ok
test unimplemented_and_unknown_framings_are_rejected_without_a_trial_decode ... ok
test declared_pack_and_group_bounds_are_enforced_on_the_bytes ... ok
test closing_a_pack_and_retaining_its_tail_assemble_the_same_bytes ... ok
test a_recipe_frame_larger_than_its_profile_is_refused ... ok

test result: ok. 10 passed; 0 failed; 0 ignored; 0 measured; 0 filtered out; finished in 0.01s


running 3 tests
test missing_catalogue_still_refuses_canonical_reconstruction ... ok
test pooled_demand_reuses_one_checked_physical_reconstruction ... ok
test save_exact_reuse_consumes_the_group_already_acquired_by_discovery ... ok

test result: ok. 3 passed; 0 failed; 0 ignored; 0 measured; 0 filtered out; finished in 0.01s


running 1 test
test literal_delta_cannot_hide_a_wrong_canonical_base ... ok

test result: ok. 1 passed; 0 failed; 0 ignored; 0 measured; 0 filtered out; finished in 0.01s


running 1 test
test a_hot_value_group_survives_capacity_eviction_without_extra_decoding ... ok

test result: ok. 1 passed; 0 failed; 0 ignored; 0 measured; 0 filtered out; finished in 0.01s


running 1 test
test mixed_hit_miss_wave_keeps_all_requested_locators_within_existing_bound ... ok

test result: ok. 1 passed; 0 failed; 0 ignored; 0 measured; 0 filtered out; finished in 0.01s


running 2 tests
test physical_scheduling_preserves_repeated_ids_and_demand_order ... ok
test bounded_hash_order_demand_does_not_reacquire_one_pack_for_each_object ... ok

test result: ok. 2 passed; 0 failed; 0 ignored; 0 measured; 0 filtered out; finished in 0.05s


running 1 test
test exact_reuse_does_not_scan_the_wave_before_consuming_its_objects ... ok

test result: ok. 1 passed; 0 failed; 0 ignored; 0 measured; 0 filtered out; finished in 0.05s


running 5 tests
test whole_cohort_shares_full_directory_walks_and_preserves_descriptor_checks ... ok
test cohort_still_refuses_corruption_in_an_unrequested_directory_entry ... ok
test whole_promotion_replaces_units_within_same_byte_allowance ... ok
test tiny_selected_units_still_obey_the_existing_entry_count_limit ... ok
test selected_units_evict_selectively_under_the_same_two_mib_body_limit ... ok

test result: ok. 5 passed; 0 failed; 0 ignored; 0 measured; 0 filtered out; finished in 0.02s


running 10 tests
test accessed_record_corruption_fails_canonical_authentication ... ok
test hash_valid_malformed_directory_is_refused_by_the_shared_prefix_validator ... ok
test unread_corruption_is_outside_scoped_read_but_whole_pack_audit_refuses_it ... ok
test random_sparse_groups_preserve_duplicate_slots ... ok
test adjacent_sparse_groups_coalesce_and_dense_promotion_preserves_bytes_and_order ... ok
test new_sparse_group_miss_promotes_retained_pack_then_all_siblings_reuse ... ok
test a_sparse_prefix_target_reconstructs_its_required_base_exactly ... ok
test sparse_native_records_reconstruct_canonical_chunk_bytes ... ok
test dense_payload_coverage_promotes_once_and_then_reuses_sibling_groups ... ok
test sparse_payload_siblings_survive_multiple_pack_pressure_without_whole_promotion ... ok

test result: ok. 10 passed; 0 failed; 0 ignored; 0 measured; 0 filtered out; finished in 0.01s


running 2 tests
test immutable_carrier_rejects_wrong_length_digest_and_modified_consumed_bytes ... ok
test c2_still_refuses_hash_valid_pack_with_wrong_domain ... ok

test result: ok. 2 passed; 0 failed; 0 ignored; 0 measured; 0 filtered out; finished in 0.00s

