DAEMON_STATUS
Name:	layerfs-daemon
Umask:	0077
State:	S (sleeping)
Tgid:	1
Ngid:	0
Pid:	1
PPid:	0
TracerPid:	0
Uid:	0	0	0	0
Gid:	0	0	0	0
FDSize:	64
Groups:	0 
NStgid:	1
NSpid:	1
NSpgid:	1
NSsid:	1
Kthread:	0
VmPeak:	  620944 kB
VmSize:	  620944 kB
VmLck:	       0 kB
VmPin:	       0 kB
VmHWM:	   29380 kB
VmRSS:	   29380 kB
RssAnon:	   22528 kB
RssFile:	    6852 kB
RssShmem:	       0 kB
VmData:	   57548 kB
VmStk:	     132 kB
VmExe:	    6712 kB
VmLib:	    2320 kB
VmPTE:	     164 kB
VmSwap:	       0 kB
HugetlbPages:	       0 kB
CoreDumping:	0
THP_enabled:	1
untag_mask:	0xffffffffffffff
Threads:	10
SigQ:	0/15665
SigPnd:	0000000000000000
ShdPnd:	0000000000000000
SigBlk:	0000000000000000
SigIgn:	0000000000001000
SigCgt:	0000000100000440
CapInh:	0000000000000000
CapPrm:	00000000a82425fb
CapEff:	00000000a82425fb
CapBnd:	00000000a82425fb
CapAmb:	0000000000000000
NoNewPrivs:	1
Seccomp:	2
Seccomp_filters:	1
Speculation_Store_Bypass:	vulnerable
SpeculationIndirectBranch:	unknown
Cpus_allowed:	ff
Cpus_allowed_list:	0-7
Mems_allowed:	1
Mems_allowed_list:	0
voluntary_ctxt_switches:	19
nonvoluntary_ctxt_switches:	23
BACKING_BYTES
/layerfs-store/global/store.sqlite 172032 336 512
/layerfs-store/global/store.sqlite-wal 16512 40 512
/layerfs-store/global/store.sqlite-shm 32768 64 512
/layerfs-store/global/store.sqlite-journal ABSENT
/layerfs-local/overlay/overlay.sqlite 413696 525104 512
/layerfs-local/overlay/overlay.sqlite-wal ABSENT
/layerfs-local/overlay/overlay.sqlite-shm ABSENT
/layerfs-local/overlay/overlay.sqlite-journal ABSENT
OWN_CONTAINER_CGROUP
/sys/fs/cgroup/memory.stat
anon 23457792
file 815104
kernel 3289088
kernel_stack 180224
pagetables 253952
sec_pagetables 0
percpu 22640
sock 0
vmalloc 24576
shmem 0
zswap 0
zswapped 0
file_mapped 32768
file_dirty 466944
file_writeback 0
swapcached 0
anon_thp 14680064
file_thp 0
shmem_thp 0
inactive_anon 0
active_anon 23367680
inactive_file 512000
active_file 303104
unevictable 0
slab_reclaimable 1619872
slab_unreclaimable 543128
slab 2163000
workingset_refault_anon 0
workingset_refault_file 0
workingset_activate_anon 0
workingset_activate_file 0
workingset_restore_anon 0
workingset_restore_file 0
workingset_nodereclaim 0
pgdemote_kswapd 0
pgdemote_direct 0
pgdemote_khugepaged 0
pgscan 0
pgsteal 0
pgscan_kswapd 0
pgscan_direct 0
pgscan_khugepaged 0
pgsteal_kswapd 0
pgsteal_direct 0
pgsteal_khugepaged 0
pgfault 305117
pgmajfault 2
pgrefill 0
pgactivate 0
pgdeactivate 0
pglazyfree 0
pglazyfreed 0
swpin_zero 0
swpout_zero 0
zswpin 0
zswpout 0
zswpwb 0
thp_fault_alloc 9
thp_collapse_alloc 0
thp_swpout 0
thp_swpout_fallback 0
/sys/fs/cgroup/memory.current
28262400
/sys/fs/cgroup/memory.peak
34025472
DAEMON_THREADS
THREAD	1	layerfs-daemon	14881709 493334 42	19 23 	1460 1 0 0
THREAD	10	layerfs-fuse-2	15785629 26376 178	178 0 	53 1 0 2
THREAD	11	layerfs-fuse-3	14718374 93708 175	175 0 	33 1 0 3
THREAD	12	layerfs-control	18879083 0 24	24 0 	584 0 1 0
THREAD	1259	layerfs-mount-2	97417 0 1	1 0 	1 0 0 3
THREAD	1260	layerfs-fence-2	54209 0 4	4 0 	0 0 0 1
THREAD	1261	fuser-0	244076763 515169 5773	5773 0 	497 17 6 3
THREAD	7	layerfs-overlay	51321042 22542 226	225 1 	298 4 0 0
THREAD	8	layerfs-fuse-0	14689868 53000 184	183 1 	33 1 0 4
THREAD	9	layerfs-fuse-1	15001623 20875 182	182 0 	34 1 0 6
CGROUP_CPU
usage_usec 1907595
user_usec 828551
system_usec 1079043
nice_usec 0
nr_periods 0
nr_throttled 0
throttled_usec 0
nr_bursts 0
burst_usec 0
KERNEL	6.12.76-linuxkit	8
