DAEMON_STATUS
Name:	layerfs-daemon
Umask:	0077
State:	S (sleeping)
Tgid:	1
Ngid:	0
Pid:	1
PPid:	0
TracerPid:	0
Uid:	0	0	0	0
Gid:	0	0	0	0
FDSize:	64
Groups:	0 
NStgid:	1
NSpid:	1
NSpgid:	1
NSsid:	1
Kthread:	0
VmPeak:	  620792 kB
VmSize:	  620792 kB
VmLck:	       0 kB
VmPin:	       0 kB
VmHWM:	   29104 kB
VmRSS:	   29104 kB
RssAnon:	   22272 kB
RssFile:	    6832 kB
RssShmem:	       0 kB
VmData:	   57860 kB
VmStk:	     132 kB
VmExe:	    6564 kB
VmLib:	    2320 kB
VmPTE:	     168 kB
VmSwap:	       0 kB
HugetlbPages:	       0 kB
CoreDumping:	0
THP_enabled:	1
untag_mask:	0xffffffffffffff
Threads:	10
SigQ:	0/15665
SigPnd:	0000000000000000
ShdPnd:	0000000000000000
SigBlk:	0000000000000000
SigIgn:	0000000000001000
SigCgt:	0000000100000440
CapInh:	0000000000000000
CapPrm:	00000000a82425fb
CapEff:	00000000a82425fb
CapBnd:	00000000a82425fb
CapAmb:	0000000000000000
NoNewPrivs:	1
Seccomp:	2
Seccomp_filters:	1
Speculation_Store_Bypass:	vulnerable
SpeculationIndirectBranch:	unknown
Cpus_allowed:	ff
Cpus_allowed_list:	0-7
Mems_allowed:	1
Mems_allowed_list:	0
voluntary_ctxt_switches:	19
nonvoluntary_ctxt_switches:	1
BACKING_BYTES
/layerfs-store/global/store.sqlite 172032 336 512
/layerfs-store/global/store.sqlite-wal 8272 24 512
/layerfs-store/global/store.sqlite-shm 32768 64 512
/layerfs-store/global/store.sqlite-journal ABSENT
/layerfs-local/overlay/overlay.sqlite 136708096 791168 512
/layerfs-local/overlay/overlay.sqlite-wal ABSENT
/layerfs-local/overlay/overlay.sqlite-shm ABSENT
/layerfs-local/overlay/overlay.sqlite-journal ABSENT
OWN_CONTAINER_CGROUP
/sys/fs/cgroup/memory.stat
anon 23191552
file 270970880
kernel 6336512
kernel_stack 180224
pagetables 258048
sec_pagetables 0
percpu 22640
sock 0
vmalloc 24576
shmem 0
zswap 0
zswapped 0
file_mapped 32768
file_dirty 136753152
file_writeback 0
swapcached 0
anon_thp 6291456
file_thp 0
shmem_thp 0
inactive_anon 0
active_anon 23130112
inactive_file 270970880
active_file 0
unevictable 0
slab_reclaimable 4740112
slab_unreclaimable 485496
slab 5225608
workingset_refault_anon 0
workingset_refault_file 0
workingset_activate_anon 0
workingset_activate_file 0
workingset_restore_anon 0
workingset_restore_file 0
workingset_nodereclaim 0
pgdemote_kswapd 0
pgdemote_direct 0
pgdemote_khugepaged 0
pgscan 0
pgsteal 0
pgscan_kswapd 0
pgscan_direct 0
pgscan_khugepaged 0
pgsteal_kswapd 0
pgsteal_direct 0
pgsteal_khugepaged 0
pgfault 30287
pgmajfault 0
pgrefill 0
pgactivate 0
pgdeactivate 0
pglazyfree 0
pglazyfreed 0
swpin_zero 0
swpout_zero 0
zswpin 0
zswpout 0
zswpwb 0
thp_fault_alloc 5
thp_collapse_alloc 0
thp_swpout 0
thp_swpout_fallback 0
/sys/fs/cgroup/memory.current
301109248
/sys/fs/cgroup/memory.peak
301907968
DAEMON_THREADS
THREAD	1	layerfs-daemon	15219710 36333 20	19 1 	1457 0 0 2
THREAD	10	layerfs-fuse-2	84667 0 3	3 0 	2 0 0 5
THREAD	11	layerfs-fuse-3	106124 0 3	3 0 	2 0 0 2
THREAD	12	layerfs-control	44045376 3750 59	59 0 	582 1 3 3
THREAD	48	layerfs-mount-2	108209 0 1	1 0 	1 0 0 5
THREAD	49	layerfs-fence-2	93292 0 4	4 0 	0 0 0 0
THREAD	50	fuser-0	181753552 126543 1551	1551 0 	2539 11 6 4
THREAD	7	layerfs-overlay	123337042 0 3	3 0 	239 7 5 7
THREAD	8	layerfs-fuse-0	106625 11083 4	3 1 	2 0 0 0
THREAD	9	layerfs-fuse-1	80708 0 3	3 0 	2 0 0 6
CGROUP_CPU
usage_usec 919488
user_usec 449962
system_usec 469526
nice_usec 0
nr_periods 0
nr_throttled 0
throttled_usec 0
nr_bursts 0
burst_usec 0
KERNEL	6.12.76-linuxkit	8
