config: REPS=1 WARMUP=0 RANDOMIZE_TARGETS=1 targets=/workspace /var/tmp

[1m=== tiny file churn (1000 files) ===[0m
  [32mOK[0m    create 1000 files              computerd  mean=326.0 med=326.0 p95=326.0 ms (n=1)
  [32mOK[0m    create 1000 files              base  mean=19.4 med=19.4 p95=19.4 ms (n=1)
  [32mOK[0m    stat 1000 files                computerd  mean=941.0 med=941.0 p95=941.0 ms (n=1)
  [32mOK[0m    stat 1000 files                base  mean=527.2 med=527.2 p95=527.2 ms (n=1)
  [32mOK[0m    rm 1000 files                  computerd  mean=606.3 med=606.3 p95=606.3 ms (n=1)
  [32mOK[0m    rm 1000 files                  base  mean=26.1 med=26.1 p95=26.1 ms (n=1)

[1m=== directory traversal ===[0m
  [32mOK[0m    mkdir tree (10x10x10)          computerd  mean=902.6 med=902.6 p95=902.6 ms (n=1)
  [32mOK[0m    mkdir tree (10x10x10)          base  mean=441.4 med=441.4 p95=441.4 ms (n=1)
  [32mOK[0m    find tree                      computerd  mean=1060.7 med=1060.7 p95=1060.7 ms (n=1)
  [32mOK[0m    find tree                      base  mean=433.6 med=433.6 p95=433.6 ms (n=1)

[1m=== large file I/O ===[0m
  [32mOK[0m    write 64 MiB                   computerd  mean=32.1 med=32.1 p95=32.1 ms (n=1)
  [32mOK[0m    write 64 MiB                   base  mean=16.5 med=16.5 p95=16.5 ms (n=1)
  [32mOK[0m    copy 64 MiB                    computerd  mean=118.0 med=118.0 p95=118.0 ms (n=1)
  [32mOK[0m    copy 64 MiB                    base  mean=30.2 med=30.2 p95=30.2 ms (n=1)
  [32mOK[0m    read 64 MiB                    computerd  mean=54.7 med=54.7 p95=54.7 ms (n=1)
  [32mOK[0m    read 64 MiB                    base  mean=23.0 med=23.0 p95=23.0 ms (n=1)
  [32mOK[0m    pure read 64 MiB               computerd  mean=18.5 med=18.5 p95=18.5 ms (n=1)
  [32mOK[0m    pure read 64 MiB               base  mean=7.3 med=7.3 p95=7.3 ms (n=1)
  [32mOK[0m    pure copy 64 MiB               computerd  mean=91.8 med=91.8 p95=91.8 ms (n=1)
  [32mOK[0m    pure copy 64 MiB               base  mean=13.4 med=13.4 p95=13.4 ms (n=1)
  [32mOK[0m    overwrite 64 MiB               computerd  mean=34.0 med=34.0 p95=34.0 ms (n=1)
  [32mOK[0m    overwrite 64 MiB               base  mean=10.3 med=10.3 p95=10.3 ms (n=1)

[1m=== git ===[0m
  [32mOK[0m    git init + commit 100 files    computerd  mean=436.3 med=436.3 p95=436.3 ms (n=1)
  [32mOK[0m    git init + commit 100 files    base  mean=32.5 med=32.5 p95=32.5 ms (n=1)
  [31mFAIL[0m  git clone (shallow, ~1MB)      on computerd
  [31mFAIL[0m  git clone (shallow, ~1MB)      on base
  SKIP  npm scenarios (npm not installed)
  SKIP  go scenarios (go not installed)

[1m=== summary ===[0m
  scenario                       computerd mean computerd p95    base mean     base p95      ratio
  copy 64 MiB                        118.0 ms     118.0 ms      30.2 ms      30.2 ms      3.91x
  create 1000 files                  326.0 ms     326.0 ms      19.4 ms      19.4 ms     16.82x
  find tree                         1060.7 ms    1060.7 ms     433.6 ms     433.6 ms      2.45x
  git init + commit 100 files        436.3 ms     436.3 ms      32.5 ms      32.5 ms     13.43x
  mkdir tree (10x10x10)              902.6 ms     902.6 ms     441.4 ms     441.4 ms      2.04x
  overwrite 64 MiB                    34.0 ms      34.0 ms      10.3 ms      10.3 ms      3.31x
  pure copy 64 MiB                    91.8 ms      91.8 ms      13.4 ms      13.4 ms      6.83x
  pure read 64 MiB                    18.5 ms      18.5 ms       7.3 ms       7.3 ms      2.52x
  read 64 MiB                         54.7 ms      54.7 ms      23.0 ms      23.0 ms      2.38x
  rm 1000 files                      606.3 ms     606.3 ms      26.1 ms      26.1 ms     23.23x
  stat 1000 files                    941.0 ms     941.0 ms     527.2 ms     527.2 ms      1.78x
  write 64 MiB                        32.1 ms      32.1 ms      16.5 ms      16.5 ms      1.95x
wrote JSON summary to /var/tmp/layerfs-owned/readiness-var.json
