DAEMON_STATUS
Name:	layerfs-daemon
Umask:	0077
State:	S (sleeping)
Tgid:	1
Ngid:	0
Pid:	1
PPid:	0
TracerPid:	0
Uid:	0	0	0	0
Gid:	0	0	0	0
FDSize:	64
Groups:	0 
NStgid:	1
NSpid:	1
NSpgid:	1
NSsid:	1
Kthread:	0
VmPeak:	  620796 kB
VmSize:	  620796 kB
VmLck:	       0 kB
VmPin:	       0 kB
VmHWM:	   48448 kB
VmRSS:	   48448 kB
RssAnon:	   41600 kB
RssFile:	    6848 kB
RssShmem:	       0 kB
VmData:	   76340 kB
VmStk:	     132 kB
VmExe:	    6568 kB
VmLib:	    2320 kB
VmPTE:	     196 kB
VmSwap:	       0 kB
HugetlbPages:	       0 kB
CoreDumping:	0
THP_enabled:	1
untag_mask:	0xffffffffffffff
Threads:	10
SigQ:	0/15665
SigPnd:	0000000000000000
ShdPnd:	0000000000000000
SigBlk:	0000000000000000
SigIgn:	0000000000001000
SigCgt:	0000000100000440
CapInh:	0000000000000000
CapPrm:	00000000a82425fb
CapEff:	00000000a82425fb
CapBnd:	00000000a82425fb
CapAmb:	0000000000000000
NoNewPrivs:	1
Seccomp:	2
Seccomp_filters:	1
Speculation_Store_Bypass:	vulnerable
SpeculationIndirectBranch:	unknown
Cpus_allowed:	ff
Cpus_allowed_list:	0-7
Mems_allowed:	1
Mems_allowed_list:	0
voluntary_ctxt_switches:	26
nonvoluntary_ctxt_switches:	3
BACKING_BYTES
/layerfs-store/global/store.sqlite 1417285632 2768144 512
/layerfs-store/global/store.sqlite-wal 0 0 512
/layerfs-store/global/store.sqlite-shm 32768 64 512
/layerfs-store/global/store.sqlite-journal ABSENT
/layerfs-local/overlay/overlay.sqlite 1064960 526368 512
/layerfs-local/overlay/overlay.sqlite-wal ABSENT
/layerfs-local/overlay/overlay.sqlite-shm ABSENT
/layerfs-local/overlay/overlay.sqlite-journal ABSENT
OWN_CONTAINER_CGROUP
/sys/fs/cgroup/memory.stat
anon 42983424
file 1288437760
kernel 23670784
kernel_stack 180224
pagetables 290816
sec_pagetables 0
percpu 22800
sock 0
vmalloc 24576
shmem 0
zswap 0
zswapped 0
file_mapped 1183744
file_dirty 176128
file_writeback 0
swapcached 0
anon_thp 0
file_thp 0
shmem_thp 0
inactive_anon 0
active_anon 42921984
inactive_file 1274654720
active_file 13783040
unevictable 0
slab_reclaimable 21372504
slab_unreclaimable 1088976
slab 22461480
workingset_refault_anon 0
workingset_refault_file 75238
workingset_activate_anon 0
workingset_activate_file 48129
workingset_restore_anon 0
workingset_restore_file 328
workingset_nodereclaim 0
pgdemote_kswapd 0
pgdemote_direct 0
pgdemote_khugepaged 0
pgscan 131855
pgsteal 131827
pgscan_kswapd 131855
pgscan_direct 0
pgscan_khugepaged 0
pgsteal_kswapd 131827
pgsteal_direct 0
pgsteal_khugepaged 0
pgfault 87441
pgmajfault 55
pgrefill 2264
pgactivate 8
pgdeactivate 0
pglazyfree 0
pglazyfreed 0
swpin_zero 0
swpout_zero 0
zswpin 0
zswpout 0
zswpwb 0
thp_fault_alloc 0
thp_collapse_alloc 0
thp_swpout 0
thp_swpout_fallback 0
/sys/fs/cgroup/memory.current
1355419648
/sys/fs/cgroup/memory.peak
1361887232
DAEMON_THREADS
THREAD	1	layerfs-daemon	15963001 68042 29	26 3 	1840 0 0 7
THREAD	10	layerfs-fuse-2	3432606508 4911459 15092	15030 62 	1997 280 62 5
THREAD	11	layerfs-fuse-3	3553077849 5366749 13846	13839 7 	2185 289 65 5
THREAD	12	layerfs-control	17354217 0 72	72 0 	887 0 1 5
THREAD	19	layerfs-mount-1	129209 0 1	1 0 	5 0 0 4
THREAD	20	layerfs-fence-1	74458 0 4	4 0 	2 0 0 1
THREAD	21	fuser-0	4894723569 5390423 58067	58063 4 	543 387 101 4
THREAD	7	layerfs-overlay	16687460 39375 99	99 0 	227 1 0 3
THREAD	8	layerfs-fuse-0	3487304955 6199287 14519	14517 2 	1997 295 52 6
THREAD	9	layerfs-fuse-1	3458034908 3525581 14088	14071 17 	2279 284 61 7
CGROUP_CPU
usage_usec 22648815
user_usec 17342897
system_usec 5305918
nice_usec 0
nr_periods 0
nr_throttled 0
throttled_usec 0
nr_bursts 0
burst_usec 0
KERNEL	6.12.76-linuxkit	8
