DAEMON_STATUS
Name:	layerfs-daemon
Umask:	0077
State:	S (sleeping)
Tgid:	1
Ngid:	0
Pid:	1
PPid:	0
TracerPid:	0
Uid:	0	0	0	0
Gid:	0	0	0	0
FDSize:	64
Groups:	0 
NStgid:	1
NSpid:	1
NSpgid:	1
NSsid:	1
Kthread:	0
VmPeak:	  620796 kB
VmSize:	  620796 kB
VmLck:	       0 kB
VmPin:	       0 kB
VmHWM:	   47316 kB
VmRSS:	   47316 kB
RssAnon:	   40468 kB
RssFile:	    6848 kB
RssShmem:	       0 kB
VmData:	   75208 kB
VmStk:	     132 kB
VmExe:	    6568 kB
VmLib:	    2320 kB
VmPTE:	     196 kB
VmSwap:	       0 kB
HugetlbPages:	       0 kB
CoreDumping:	0
THP_enabled:	1
untag_mask:	0xffffffffffffff
Threads:	10
SigQ:	0/15665
SigPnd:	0000000000000000
ShdPnd:	0000000000000000
SigBlk:	0000000000000000
SigIgn:	0000000000001000
SigCgt:	0000000100000440
CapInh:	0000000000000000
CapPrm:	00000000a82425fb
CapEff:	00000000a82425fb
CapBnd:	00000000a82425fb
CapAmb:	0000000000000000
NoNewPrivs:	1
Seccomp:	2
Seccomp_filters:	1
Speculation_Store_Bypass:	vulnerable
SpeculationIndirectBranch:	unknown
Cpus_allowed:	ff
Cpus_allowed_list:	0-7
Mems_allowed:	1
Mems_allowed_list:	0
voluntary_ctxt_switches:	26
nonvoluntary_ctxt_switches:	3
BACKING_BYTES
/layerfs-store/global/store.sqlite 1417285632 2768144 512
/layerfs-store/global/store.sqlite-wal 0 0 512
/layerfs-store/global/store.sqlite-shm 32768 64 512
/layerfs-store/global/store.sqlite-journal ABSENT
/layerfs-local/overlay/overlay.sqlite 1064960 526368 512
/layerfs-local/overlay/overlay.sqlite-wal ABSENT
/layerfs-local/overlay/overlay.sqlite-shm ABSENT
/layerfs-local/overlay/overlay.sqlite-journal ABSENT
OWN_CONTAINER_CGROUP
/sys/fs/cgroup/memory.stat
anon 41824256
file 754384896
kernel 21741568
kernel_stack 180224
pagetables 290816
sec_pagetables 0
percpu 22480
sock 0
vmalloc 24576
shmem 0
zswap 0
zswapped 0
file_mapped 1122304
file_dirty 32768
file_writeback 0
swapcached 0
anon_thp 0
file_thp 0
shmem_thp 0
inactive_anon 0
active_anon 41762816
inactive_file 747413504
active_file 6971392
unevictable 0
slab_reclaimable 19484024
slab_unreclaimable 1089776
slab 20573800
workingset_refault_anon 0
workingset_refault_file 48853
workingset_activate_anon 0
workingset_activate_file 40912
workingset_restore_anon 0
workingset_restore_file 37
workingset_nodereclaim 0
pgdemote_kswapd 0
pgdemote_direct 0
pgdemote_khugepaged 0
pgscan 9871
pgsteal 9845
pgscan_kswapd 9871
pgscan_direct 0
pgscan_khugepaged 0
pgsteal_kswapd 9845
pgsteal_direct 0
pgsteal_khugepaged 0
pgfault 69983
pgmajfault 23
pgrefill 1248
pgactivate 6
pgdeactivate 0
pglazyfree 0
pglazyfreed 0
swpin_zero 0
swpout_zero 0
zswpin 0
zswpout 0
zswpwb 0
thp_fault_alloc 0
thp_collapse_alloc 0
thp_swpout 0
thp_swpout_fallback 0
/sys/fs/cgroup/memory.current
818356224
/sys/fs/cgroup/memory.peak
821858304
DAEMON_THREADS
THREAD	1	layerfs-daemon	15963001 68042 29	26 3 	1840 0 0 7
THREAD	10	layerfs-fuse-2	2515765325 2727383 11927	11923 4 	1997 211 40 3
THREAD	11	layerfs-fuse-3	2584031931 1683337 11631	11625 6 	2185 212 46 1
THREAD	12	layerfs-control	15706383 0 71	71 0 	887 0 1 5
THREAD	19	layerfs-mount-1	129209 0 1	1 0 	5 0 0 4
THREAD	20	layerfs-fence-1	74458 0 4	4 0 	2 0 0 1
THREAD	21	fuser-0	4583986002 4539463 53777	53773 4 	543 364 94 7
THREAD	7	layerfs-overlay	16687460 39375 99	99 0 	227 1 0 3
THREAD	8	layerfs-fuse-0	2537977879 5279495 11863	11861 2 	1767 216 37 3
THREAD	9	layerfs-fuse-1	2547049660 3182541 11494	11478 16 	2226 212 42 0
CGROUP_CPU
usage_usec 17645280
user_usec 13636078
system_usec 4009202
nice_usec 0
nr_periods 0
nr_throttled 0
throttled_usec 0
nr_bursts 0
burst_usec 0
KERNEL	6.12.76-linuxkit	8
