$ /Users/yifanxu/Ephemeral-AI-Lab/layerfs/core/target/release/examples/measure_edits --mode pipeline --case chunked --threshold-bytes 131072 --output /Users/yifanxu/Ephemeral-AI-Lab/layerfs/docs/roadmap/0.1/0.1.7/evidence/phase2-execution-20260918T150435Z/rounds/p2-0/before/output/D21/edits-pipeline-chunked
cwd /Users/yifanxu/Ephemeral-AI-Lab/layerfs
exit_code 0
wall_s 0.014
--- stdout ---
mode: pipeline
case: chunked
threshold-bytes: 131072
timing: on
fixture: base 262144 bytes, 1 edit(s), 4096 replacement bytes
stream: 1 edit(s), base 262144 -> final 262144 bytes
base preparation (untimed): root 3e428805690821ee9c1c6e3775de5fa8aa9b901fe20fb18c3136ea239cc8c14d stored as 18 object(s), 3 pack(s)
edited root: ca6c30a4355c63c3e3df39a478482cd57f80b5271885e48a573bbe34a031d6b7
edited length: 262144
save: inserted 3 reused 0 packs 2 prefix records 0 full records 3
readback bytes: 262144
readback connection opens: 1
readback: verified byte-for-byte against the independent model
scope: edit-to-save acknowledgement is edit.save; verification and readback are timed separately
--- timing tree (inclusive; overlapping spans add to nothing) ---
edit.save  1.183ms
  storage.begin  253.417us
  file.edit  509.833us
    edit.base  200.292us
      edit.base_read  199.042us
    edit.compare  274.500us
      edit.compare.window  271.917us
      mapping.navigate  29.000us
        storage.read  28.542us
      mapping.payload  236.750us
        storage.read  236.625us
    edit.split  6.042us
    edit.split  3.125us
    edit.split  375ns
    content.chunk  13.125us
    edit.finish  3.417us
  storage.finish  340.209us
--- timing tree (inclusive; overlapping spans add to nothing) ---
verify.readback  947.625us
  content.read  946.625us
    content.acquire  186.625us
    content.traverse  759.375us
      mapping.navigate  32.166us
        storage.read  32.042us
      mapping.payload  707.333us
        storage.read  707.166us
timings: 17 nodes at 5 levels -> /Users/yifanxu/Ephemeral-AI-Lab/layerfs/docs/roadmap/0.1/0.1.7/evidence/phase2-execution-20260918T150435Z/rounds/p2-0/before/output/D21/edits-pipeline-chunked/pipeline-edit-save.json
timings: 8 nodes at 5 levels -> /Users/yifanxu/Ephemeral-AI-Lab/layerfs/docs/roadmap/0.1/0.1.7/evidence/phase2-execution-20260918T150435Z/rounds/p2-0/before/output/D21/edits-pipeline-chunked/pipeline-readback.json
wall_seconds: 0.009177
--- stderr ---
