warning: Patch `fuser v0.18.0 (/work/core/vendor/fuser-0.18.0)` was not used in the crate graph.
Check that the patched package version and available features are compatible
with the dependency requirements. If the patch has a different version from
what is locked in the Cargo.lock file, run `cargo update` to use the new
version. This may also occur with an optional dependency that is not enabled.
   Compiling libc v0.2.189
   Compiling shlex v2.0.1
   Compiling find-msvc-tools v0.1.12
   Compiling pkg-config v0.3.34
    Checking typenum v1.20.1
    Checking cfg-if v1.0.4
    Checking arrayref v0.3.9
    Checking arrayvec v0.7.8
    Checking constant_time_eq v0.4.2
   Compiling vcpkg v0.2.15
    Checking const-oid v0.10.2
    Checking layerfs-telemetry v0.1.6 (/work/core/crates/layerfs-telemetry)
    Checking foldhash v0.2.0
    Checking smallvec v1.16.0
    Checking hashbrown v0.17.1
    Checking bitflags v2.13.1
    Checking fallible-iterator v0.3.0
    Checking fallible-streaming-iterator v0.1.9
   Compiling libsqlite3-sys v0.38.2
    Checking hashlink v0.12.2
    Checking hybrid-array v0.4.15
    Checking rusqlite v0.40.2
    Checking block-buffer v0.12.1
    Checking crypto-common v0.2.2
   Compiling jobserver v0.1.35
    Checking cpufeatures v0.3.1
   Compiling cc v1.4.5
    Checking digest v0.11.3
    Checking sha2 v0.11.0
   Compiling blake3 v1.8.5
   Compiling zstd-sys v2.0.16+zstd.1.5.7
    Checking layerfs-content v0.1.6 (/work/core/crates/layerfs-content)
    Checking layerfs-history v0.1.6 (/work/core/crates/layerfs-history)
    Checking layerfs-storage v0.1.6 (/work/core/crates/layerfs-storage)
    Checking layerfs-persistence v0.1.6 (/work/core/crates/layerfs-persistence)
    Checking layerfs-project v0.1.6 (/work/core/crates/layerfs-project)
    Finished `dev` profile [unoptimized + debuginfo] target(s) in 11.04s
