{
  "authoritative": {
    "tmp": {
      "G": 3.690712367413269,
      "Rsum": 2.126352625319144,
      "SB_ns": 1622155333,
      "SL_ns": 3449274251,
      "Spread": 1.0510132080535455
    },
    "var": {
      "G": 3.207003716976998,
      "Rsum": 2.0401911320138906,
      "SB_ns": 1723871126,
      "SL_ns": 3517026584,
      "Spread": 1.0408006586168017
    }
  },
  "authoritative_classification": "LIVE_MOUNT_DIAGNOSTIC",
  "checks": {
    "architecture": true,
    "cleanup": true,
    "cloudflare_restart_durable_baseline": false,
    "custody_docs": true,
    "functional_restart_fault_splice": true,
    "host_linux_closure": true,
    "live_mount_diagnostics": true,
    "persistence_inclusive": true,
    "readiness": true,
    "resources": true,
    "scenario_cpu": true,
    "smoke": true,
    "source_binding": true
  },
  "cloudflare_comparison": {
    "cloudflare_source_commit": "de87919a4fd37242e960e13b7b3ba802d1eef0a0",
    "cloudflare_source_tree": "4fb409d7e1356e1098439293d77d2fdc2dbf2190",
    "comparison_classes": {
      "local_committed_vfs": {
        "cloudflare_boundary": "command -> native FUSE -> release -> SHA-256/512-KiB chunks -> process-local SQLite transaction",
        "layerfs_boundary": "command -> native FUSE -> explicit whole-workspace checkpoint -> accepted Store COMMIT",
        "qualification": "LayerFS survives daemon/container restart; Cloudflare's published local SQLiteTestStorage is process-lifetime :memory: state.",
        "status": "SUPPORTED_WITH_STRENGTH_MISMATCH"
      },
      "restart_durable_full_product": {
        "cloudflare_required_boundary": "command -> local SQLite -> post-exec pullOnce -> missing-object transfer -> Durable Object SQLite apply -> acknowledged result -> container restart",
        "layerfs_boundary": "command -> accepted checkpoint -> Store reopen verification",
        "reason": "The existing Docker baseline omitted UPSTREAM_URL/post-exec pull; local pull scripts receive into another in-memory SQLiteTestStorage; wrangler dev lacks native FUSE and uses x64 emulation on this ARM64 host.",
        "status": "UNAVAILABLE"
      }
    },
    "deployment_admission": {
      "cloudflare_account_id_present": false,
      "cloudflare_api_token_present": false,
      "node_modules_present": false,
      "required_external_authority": [
        "Cloudflare deployment credentials",
        "Workers and SQLite Durable Objects",
        "Cloudflare Containers standard-2",
        "R2 binding permission or a frozen benchmark deployment without that optional mount",
        "a deterministic container restart control"
      ]
    },
    "durable_threshold_policy": {
      "reason": "The published ratios and gates compare local/transient boundaries, not full-product restart durability.",
      "reuse_live_4_5s_gate": false,
      "reuse_live_cloudflare_row_limits": false,
      "reuse_live_rsum_g_spread_gates": false
    },
    "published_baseline_classification": "PASS_LOCAL_NATIVE_FUSE_AND_PROCESS_LOCAL_SQLITE_COMMIT",
    "published_baseline_excludes": [
      "post-exec pull to authoritative Durable Object",
      "Durable Object persistence acknowledgement",
      "computerd restart-survival verification"
    ],
    "published_local_image_id": "sha256:8c5100fabfd873de4ee7aabf908027e946b3fdac5328e15f9dabbf9731200bb0",
    "schema": "layerfs-stage2-cloudflare-comparison-v2",
    "source_evidence": [
      "cloudflare-computer-bench/upstream/script/fs-bench.sh:95",
      "cloudflare-computer-bench/upstream/packages/computerd/src/fuse/driver.ts:696",
      "cloudflare-computer-bench/upstream/packages/dofs/src/fs/writeFile.ts:807",
      "cloudflare-computer-bench/upstream/packages/computerd/src/fuse/vfs.ts:61",
      "cloudflare-computer-bench/upstream/packages/dofs/src/testing.ts:33",
      "cloudflare-computer-bench/upstream/packages/computer/src/shell.ts:152",
      "cloudflare-computer-bench/upstream/packages/rpc/src/sync-driver.ts:112",
      "cloudflare-computer-bench/upstream/packages/computer/src/runtime/runtime.ts:315"
    ],
    "status": "FULL_PRODUCT_BASELINE_UNAVAILABLE"
  },
  "durable": {
    "aggregate": {
      "sum_checkpoint_medians_ns": 4306588918,
      "sum_live_medians_ns": 3523896505,
      "sum_to_durable_medians_ns": 7853590211
    },
    "campaign_artifact": "durable/durable02/summary.json",
    "classification": "COLD_FRESH_STORE_RESTART_DURABLE",
    "numeric_latency_gate": null,
    "status": "PASS_DURABLE",
    "verification_artifact": "durable/verification.json"
  },
  "executable_blake3": "425f3031d0d313f5996048cb8cab11958740cf107dfb13471e821aafccb22826",
  "executable_sha256": "4dd6d900ed7bbb3d3fbcdb6f2fcf3ed6959b34c1867f8ff728f06c568c094d5e",
  "fs_bench_sha256": "0e2004339a9269b88c2de451d56575957477bde16b96a10cf1837519e37230ef",
  "functional": {
    "checkpoint_100mib_ns": 221505209,
    "high_entropy_checkpoint_ns": 376645375,
    "restart_read_mib_s": 637.2805962397258,
    "same_daemon_read_mib_s": 1311.4252402960533,
    "strict_zero_cfs_event": true,
    "strict_zero_cfs_event_classification": "NONBLOCKING_DIAGNOSTIC"
  },
  "image_id": "sha256:62b459af3f03dc8bbe97419b8522ed3599ab6d562b12ebe8b8ed5efb7f22f5fc",
  "readiness": {
    "tmp": {
      "SL_ns": 3378960821,
      "checks": {
        "config": true,
        "fail_network_zero": true,
        "matrix": true,
        "stderr_empty": true,
        "terminal": true
      },
      "status": "READY"
    },
    "var": {
      "SL_ns": 3435769294,
      "checks": {
        "config": true,
        "fail_network_zero": true,
        "matrix": true,
        "stderr_empty": true,
        "terminal": true
      },
      "status": "READY"
    }
  },
  "resources": {
    "daemon_fd_hwm": 11,
    "daemon_rss_hwm_bytes": 15454208,
    "daemon_settled_rss_bytes": 5275648,
    "daemon_threads_hwm": 7,
    "tmp_cgroup_memory_peak_bytes": 283369472,
    "tmp_throttle_ratio": 0.015852876907799022,
    "var_cgroup_memory_peak_bytes": 284450816,
    "var_throttle_ratio": 0.014005533267106077
  },
  "schema": "layerfs-stage2-final-summary-v4",
  "source_commit": "292be840c31052d85ab6e9441706298af3cd3d15",
  "source_tree": "e3055bcd7a41921879fa149c11918891517e4522",
  "status": "PASS_DURABLE_LAYERFS_COMPARISON_UNAVAILABLE"
}
