DAEMON_STATUS
Name:	layerfs-daemon
Umask:	0077
State:	S (sleeping)
Tgid:	1
Ngid:	0
Pid:	1
PPid:	0
TracerPid:	0
Uid:	0	0	0	0
Gid:	0	0	0	0
FDSize:	64
Groups:	0 
NStgid:	1
NSpid:	1
NSpgid:	1
NSsid:	1
Kthread:	0
VmPeak:	  620936 kB
VmSize:	  620936 kB
VmLck:	       0 kB
VmPin:	       0 kB
VmHWM:	   13288 kB
VmRSS:	   13288 kB
RssAnon:	    6404 kB
RssFile:	    6884 kB
RssShmem:	       0 kB
VmData:	   73800 kB
VmStk:	     132 kB
VmExe:	    6704 kB
VmLib:	    2320 kB
VmPTE:	     140 kB
VmSwap:	       0 kB
HugetlbPages:	       0 kB
CoreDumping:	0
THP_enabled:	1
untag_mask:	0xffffffffffffff
Threads:	10
SigQ:	0/15665
SigPnd:	0000000000000000
ShdPnd:	0000000000000000
SigBlk:	0000000000000000
SigIgn:	0000000000001000
SigCgt:	0000000100000440
CapInh:	0000000000000000
CapPrm:	00000000a82425fb
CapEff:	00000000a82425fb
CapBnd:	00000000a82425fb
CapAmb:	0000000000000000
NoNewPrivs:	1
Seccomp:	2
Seccomp_filters:	1
Speculation_Store_Bypass:	vulnerable
SpeculationIndirectBranch:	unknown
Cpus_allowed:	ff
Cpus_allowed_list:	0-7
Mems_allowed:	1
Mems_allowed_list:	0
voluntary_ctxt_switches:	24
nonvoluntary_ctxt_switches:	2
BACKING_BYTES
/layerfs-store/global/store.sqlite 172032 336 512
/layerfs-store/global/store.sqlite-wal 16512 40 512
/layerfs-store/global/store.sqlite-shm 32768 64 512
/layerfs-store/global/store.sqlite-journal ABSENT
/layerfs-local/overlay/overlay.sqlite 405504 525080 512
/layerfs-local/overlay/overlay.sqlite-wal ABSENT
/layerfs-local/overlay/overlay.sqlite-shm ABSENT
/layerfs-local/overlay/overlay.sqlite-journal ABSENT
OWN_CONTAINER_CGROUP
/sys/fs/cgroup/memory.stat
anon 6950912
file 806912
kernel 3276800
kernel_stack 180224
pagetables 237568
sec_pagetables 0
percpu 22480
sock 0
vmalloc 24576
shmem 0
zswap 0
zswapped 0
file_mapped 32768
file_dirty 462848
file_writeback 0
swapcached 0
anon_thp 0
file_thp 0
shmem_thp 0
inactive_anon 0
active_anon 6885376
inactive_file 503808
active_file 303104
unevictable 0
slab_reclaimable 1620888
slab_unreclaimable 536344
slab 2157232
workingset_refault_anon 0
workingset_refault_file 0
workingset_activate_anon 0
workingset_activate_file 0
workingset_restore_anon 0
workingset_restore_file 0
workingset_nodereclaim 0
pgdemote_kswapd 0
pgdemote_direct 0
pgdemote_khugepaged 0
pgscan 0
pgsteal 0
pgscan_kswapd 0
pgscan_direct 0
pgscan_khugepaged 0
pgsteal_kswapd 0
pgsteal_direct 0
pgsteal_khugepaged 0
pgfault 306187
pgmajfault 2
pgrefill 0
pgactivate 0
pgdeactivate 0
pglazyfree 0
pglazyfreed 0
swpin_zero 0
swpout_zero 0
zswpin 0
zswpout 0
zswpwb 0
thp_fault_alloc 0
thp_collapse_alloc 0
thp_swpout 0
thp_swpout_fallback 0
/sys/fs/cgroup/memory.current
11644928
/sys/fs/cgroup/memory.peak
17248256
DAEMON_THREADS
THREAD	1	layerfs-daemon	15559543 77166 26	24 2 	1953 0 0 4
THREAD	10	layerfs-fuse-2	14186037 67791 188	188 0 	51 1 0 4
THREAD	11	layerfs-fuse-3	13555625 0 184	184 0 	33 1 0 1
THREAD	12	layerfs-control	18611875 0 25	25 0 	583 0 1 4
THREAD	1259	layerfs-mount-2	122417 0 1	1 0 	1 0 0 7
THREAD	1260	layerfs-fence-2	89917 0 3	3 0 	0 0 0 1
THREAD	1261	fuser-0	275610275 380626 5765	5765 0 	74 19 7 6
THREAD	7	layerfs-overlay	42078327 13917 225	225 0 	275 3 0 3
THREAD	8	layerfs-fuse-0	12986333 10541 188	188 0 	33 0 0 6
THREAD	9	layerfs-fuse-1	12449508 0 187	187 0 	32 0 0 4
CGROUP_CPU
usage_usec 2076910
user_usec 802874
system_usec 1274035
nice_usec 0
nr_periods 0
nr_throttled 0
throttled_usec 0
nr_bursts 0
burst_usec 0
KERNEL	6.12.76-linuxkit	8
