DAEMON_STATUS
Name:	layerfs-daemon
Umask:	0077
State:	S (sleeping)
Tgid:	1
Ngid:	0
Pid:	1
PPid:	0
TracerPid:	0
Uid:	0	0	0	0
Gid:	0	0	0	0
FDSize:	64
Groups:	0 
NStgid:	1
NSpid:	1
NSpgid:	1
NSsid:	1
Kthread:	0
VmPeak:	  620936 kB
VmSize:	  620936 kB
VmLck:	       0 kB
VmPin:	       0 kB
VmHWM:	   33804 kB
VmRSS:	   33804 kB
RssAnon:	   26908 kB
RssFile:	    6896 kB
RssShmem:	       0 kB
VmData:	   61852 kB
VmStk:	     132 kB
VmExe:	    6704 kB
VmLib:	    2320 kB
VmPTE:	     172 kB
VmSwap:	       0 kB
HugetlbPages:	       0 kB
CoreDumping:	0
THP_enabled:	1
untag_mask:	0xffffffffffffff
Threads:	10
SigQ:	0/15665
SigPnd:	0000000000000000
ShdPnd:	0000000000000000
SigBlk:	0000000000000000
SigIgn:	0000000000001000
SigCgt:	0000000100000440
CapInh:	0000000000000000
CapPrm:	00000000a82425fb
CapEff:	00000000a82425fb
CapBnd:	00000000a82425fb
CapAmb:	0000000000000000
NoNewPrivs:	1
Seccomp:	2
Seccomp_filters:	1
Speculation_Store_Bypass:	vulnerable
SpeculationIndirectBranch:	unknown
Cpus_allowed:	ff
Cpus_allowed_list:	0-7
Mems_allowed:	1
Mems_allowed_list:	0
voluntary_ctxt_switches:	22
nonvoluntary_ctxt_switches:	1
BACKING_BYTES
/layerfs-store/global/store.sqlite 172032 336 512
/layerfs-store/global/store.sqlite-wal 8272 24 512
/layerfs-store/global/store.sqlite-shm 32768 64 512
/layerfs-store/global/store.sqlite-journal ABSENT
/layerfs-local/overlay/overlay.sqlite 68526080 658000 512
/layerfs-local/overlay/overlay.sqlite-wal ABSENT
/layerfs-local/overlay/overlay.sqlite-shm ABSENT
/layerfs-local/overlay/overlay.sqlite-journal ABSENT
OWN_CONTAINER_CGROUP
/sys/fs/cgroup/memory.stat
anon 27947008
file 202805248
kernel 4349952
kernel_stack 180224
pagetables 266240
sec_pagetables 0
percpu 22480
sock 0
vmalloc 24576
shmem 0
zswap 0
zswapped 0
file_mapped 32768
file_dirty 68579328
file_writeback 0
swapcached 0
anon_thp 0
file_thp 0
shmem_thp 0
inactive_anon 0
active_anon 27877376
inactive_file 202805248
active_file 0
unevictable 0
slab_reclaimable 2714608
slab_unreclaimable 486024
slab 3200632
workingset_refault_anon 0
workingset_refault_file 0
workingset_activate_anon 0
workingset_activate_file 0
workingset_restore_anon 0
workingset_restore_file 0
workingset_nodereclaim 0
pgdemote_kswapd 0
pgdemote_direct 0
pgdemote_khugepaged 0
pgscan 0
pgsteal 0
pgscan_kswapd 0
pgscan_direct 0
pgscan_khugepaged 0
pgsteal_kswapd 0
pgsteal_direct 0
pgsteal_khugepaged 0
pgfault 32735
pgmajfault 0
pgrefill 0
pgactivate 0
pgdeactivate 0
pglazyfree 0
pglazyfreed 0
swpin_zero 0
swpout_zero 0
zswpin 0
zswpout 0
zswpwb 0
thp_fault_alloc 0
thp_collapse_alloc 0
thp_swpout 0
thp_swpout_fallback 0
/sys/fs/cgroup/memory.current
236388352
/sys/fs/cgroup/memory.peak
236728320
DAEMON_THREADS
THREAD	1	layerfs-daemon	14369086 38333 23	22 1 	1952 0 0 1
THREAD	10	layerfs-fuse-2	10318041 0 260	260 0 	526 0 0 7
THREAD	11	layerfs-fuse-3	9714032 82626 259	259 0 	51 0 0 0
THREAD	12	layerfs-control	28954164 0 41	41 0 	582 0 2 7
THREAD	47	layerfs-mount-2	113375 0 1	1 0 	1 0 0 4
THREAD	48	layerfs-fence-2	65082 0 4	4 0 	0 0 0 6
THREAD	49	fuser-0	119624825 20001 1037	1037 0 	4069 8 3 4
THREAD	7	layerfs-overlay	62662417 0 4	4 0 	253 4 1 1
THREAD	8	layerfs-fuse-0	10046091 66626 263	263 0 	58 0 0 6
THREAD	9	layerfs-fuse-1	10642908 36917 265	265 0 	527 0 0 7
CGROUP_CPU
usage_usec 697543
user_usec 346188
system_usec 351355
nice_usec 0
nr_periods 0
nr_throttled 0
throttled_usec 0
nr_bursts 0
burst_usec 0
KERNEL	6.12.76-linuxkit	8
