$ /Users/yifanxu/Ephemeral-AI-Lab/layerfs/core/target/release/examples/filesystem_timing_c1 --case hardlink-move --output /Users/yifanxu/Ephemeral-AI-Lab/layerfs/docs/roadmap/0.1/0.1.7/evidence/phase1-execution-20260918T090000Z/rounds/p1-6/after/output/D4/c1-hardlink-move
cwd /Users/yifanxu/Ephemeral-AI-Lab/layerfs
exit_code 0
wall_s 0.012
--- stdout ---
case hardlink-move
root e21709c54dcfa9b8e122b06e4203e289953d402f983b84cb58e96eab6059ba33
inode_table a2dbc5de8d969f27771051b56ed84ee90e427a055a633b5c577d3b5c9956e6f8
directories 1 bindings +1 -0
objects read 2 waves 2 bytes 423 emitted 3 bytes 567
directories: pages read 1 created 1 reused 0 untouched 0 scratch peak 881 top-level 2
inodes: pages read 1 created 1 reused 0 scratch peak 2864
references: rows 3 spilled 0 values 3 removals 0 released 0 peak pending 3
validation: objects 6 waves 1 inode_demands 6 inode_pages 1 directory_pages 0 entries_examined 0
elapsed_ns 56875
phase validate elapsed_ns 11666
phase directories elapsed_ns 8000
phase references elapsed_ns 375
phase inodes elapsed_ns 21208
phase cleanup elapsed_ns 792
phase root.encode elapsed_ns 834
report_nodes 7
prepared_objects 8
--- stderr ---
