DAEMON_STATUS
Name:	layerfs-daemon
Umask:	0077
State:	S (sleeping)
Tgid:	1
Ngid:	0
Pid:	1
PPid:	0
TracerPid:	0
Uid:	0	0	0	0
Gid:	0	0	0	0
FDSize:	64
Groups:	0 
NStgid:	1
NSpid:	1
NSpgid:	1
NSsid:	1
Kthread:	0
VmPeak:	  686316 kB
VmSize:	  620932 kB
VmLck:	       0 kB
VmPin:	       0 kB
VmHWM:	   64992 kB
VmRSS:	   64992 kB
RssAnon:	   57912 kB
RssFile:	    7080 kB
RssShmem:	       0 kB
VmData:	   76536 kB
VmStk:	     132 kB
VmExe:	    6572 kB
VmLib:	    2320 kB
VmPTE:	     228 kB
VmSwap:	       0 kB
HugetlbPages:	       0 kB
CoreDumping:	0
THP_enabled:	1
untag_mask:	0xffffffffffffff
Threads:	10
SigQ:	0/15665
SigPnd:	0000000000000000
ShdPnd:	0000000000000000
SigBlk:	0000000000000000
SigIgn:	0000000000001000
SigCgt:	0000000100000440
CapInh:	0000000000000000
CapPrm:	00000000a82425fb
CapEff:	00000000a82425fb
CapBnd:	00000000a82425fb
CapAmb:	0000000000000000
NoNewPrivs:	1
Seccomp:	2
Seccomp_filters:	1
Speculation_Store_Bypass:	vulnerable
SpeculationIndirectBranch:	unknown
Cpus_allowed:	ff
Cpus_allowed_list:	0-7
Mems_allowed:	1
Mems_allowed_list:	0
voluntary_ctxt_switches:	27
nonvoluntary_ctxt_switches:	2
BACKING_BYTES
/layerfs-store/global/store.sqlite 1417285632 2768144 512
/layerfs-store/global/store.sqlite-wal 922912 1808 512
/layerfs-store/global/store.sqlite-shm 32768 64 512
/layerfs-store/global/store.sqlite-journal ABSENT
/layerfs-local/overlay/overlay.sqlite 290816 524856 512
/layerfs-local/overlay/overlay.sqlite-wal ABSENT
/layerfs-local/overlay/overlay.sqlite-shm ABSENT
/layerfs-local/overlay/overlay.sqlite-journal ABSENT
OWN_CONTAINER_CGROUP
/sys/fs/cgroup/memory.stat
anon 59686912
file 16293888
kernel 2445312
kernel_stack 180224
pagetables 323584
sec_pagetables 0
percpu 22800
sock 0
vmalloc 8192
shmem 0
zswap 0
zswapped 0
file_mapped 32768
file_dirty 1249280
file_writeback 0
swapcached 0
anon_thp 0
file_thp 0
shmem_thp 0
inactive_anon 0
active_anon 59625472
inactive_file 16293888
active_file 0
unevictable 0
slab_reclaimable 722576
slab_unreclaimable 505376
slab 1227952
workingset_refault_anon 0
workingset_refault_file 66
workingset_activate_anon 0
workingset_activate_file 0
workingset_restore_anon 0
workingset_restore_file 0
workingset_nodereclaim 0
pgdemote_kswapd 0
pgdemote_direct 0
pgdemote_khugepaged 0
pgscan 0
pgsteal 0
pgscan_kswapd 0
pgscan_direct 0
pgscan_khugepaged 0
pgsteal_kswapd 0
pgsteal_direct 0
pgsteal_khugepaged 0
pgfault 72970
pgmajfault 0
pgrefill 0
pgactivate 0
pgdeactivate 0
pglazyfree 0
pglazyfreed 0
swpin_zero 0
swpout_zero 0
zswpin 0
zswpout 0
zswpwb 0
thp_fault_alloc 1
thp_collapse_alloc 0
thp_swpout 0
thp_swpout_fallback 0
/sys/fs/cgroup/memory.current
79130624
/sys/fs/cgroup/memory.peak
83677184
DAEMON_THREADS
THREAD	1	layerfs-daemon	9552666 173417 29	27 2 	1260 0 0 3
THREAD	10	layerfs-fuse-2	5501166 9917 16	16 0 	417 0 0 0
THREAD	11	layerfs-fuse-3	2691584 0 16	16 0 	335 0 0 5
THREAD	12	layerfs-control	231016503 768252 2950	2950 0 	7758 16 6 0
THREAD	436	layerfs-mount-2	111750 0 1	1 0 	1 0 0 7
THREAD	437	layerfs-fence-2	77125 0 3	3 0 	0 0 0 4
THREAD	438	fuser-0	17119998 8334 119	119 0 	4073 0 0 1
THREAD	7	layerfs-overlay	6908540 0 10	10 0 	293 0 0 1
THREAD	8	layerfs-fuse-0	6948373 44959 16	16 0 	589 0 0 3
THREAD	9	layerfs-fuse-1	3065415 415374 33	33 0 	572 0 0 0
CGROUP_CPU
usage_usec 653111
user_usec 346005
system_usec 307105
nice_usec 0
nr_periods 0
nr_throttled 0
throttled_usec 0
nr_bursts 0
burst_usec 0
KERNEL	6.12.76-linuxkit	8
