$ /Users/yifanxu/Ephemeral-AI-Lab/layerfs/core/target/release/examples/measure_edits --mode c2 --case small-to-large --threshold-bytes 131072 --output /Users/yifanxu/Ephemeral-AI-Lab/layerfs/docs/roadmap/0.1/0.1.7/evidence/phase2-execution-20260918T150435Z/rounds/p2-5/after/output/D17/edits-c2-small-to-large
cwd /Users/yifanxu/Ephemeral-AI-Lab/layerfs
exit_code 0
wall_s 0.014
--- stdout ---
mode: c2
case: small-to-large
threshold-bytes: 131072
timing: on
fixture: base 131071 bytes, 1 edit(s), 131072 replacement bytes
stream: 1 edit(s), base 131071 -> final 262143 bytes
c2 lane: supplied-object wiring probe - --case selects the fixture only; the stored workload is a fixed truncation to the whole-file limit plus one fixed patch, so it is not a per-case comparison
stored workload: base 131094 canonical bytes, patched 256 bytes at offset 32767, dependent 131094 canonical bytes
preparation untimed: two whole-file objects encoded in 239958 ns; only their admission is timed below
save: inserted 2 reused 0 prefix records 0 full records 2 trials 0 presence queries 0
store: /Users/yifanxu/Ephemeral-AI-Lab/layerfs/docs/roadmap/0.1/0.1.7/evidence/phase2-execution-20260918T150435Z/rounds/p2-5/after/output/D17/edits-c2-small-to-large/store.sqlite
readback connection opens: 1
readback group decodes: 0
readback separately labelled elapsed_ns 366084
readback: verified 131094 canonical bytes through an independent read wave
exclusions: no C1 file construction and no full-file object collection is timed; `storage.save` covers Store creation, the begin/accept/finish calls and nothing else
--- timing tree (inclusive; overlapping spans add to nothing) ---
storage.save  6.653ms
  store.create  3.618ms
  storage.begin  377.875us
  storage.finish  2.276ms
timings: 4 nodes at 2 levels -> /Users/yifanxu/Ephemeral-AI-Lab/layerfs/docs/roadmap/0.1/0.1.7/evidence/phase2-execution-20260918T150435Z/rounds/p2-5/after/output/D17/edits-c2-small-to-large/c2-save.json
wall_seconds: 0.008608
--- stderr ---
