$ /Users/yifanxu/Ephemeral-AI-Lab/layerfs/core/target/release/examples/measure_edits --mode pipeline --case large-to-small --threshold-bytes 131072 --output /Users/yifanxu/Ephemeral-AI-Lab/layerfs/docs/roadmap/0.1/0.1.7/evidence/phase2-execution-20260918T150435Z/rounds/p2-5/after/output/D23/edits-pipeline-large-to-small
cwd /Users/yifanxu/Ephemeral-AI-Lab/layerfs
exit_code 0
wall_s 0.014
--- stdout ---
mode: pipeline
case: large-to-small
threshold-bytes: 131072
timing: on
fixture: base 262144 bytes, 1 edit(s), 0 replacement bytes
stream: 1 edit(s), base 262144 -> final 131072 bytes
base preparation (untimed): root 3e428805690821ee9c1c6e3775de5fa8aa9b901fe20fb18c3136ea239cc8c14d stored as 18 object(s), 3 pack(s)
edited root: 4148b0a15f376de13e49481270f7025689bd6e61b381e4a8ec296c752ada6813
edited length: 131072
save: inserted 2 reused 0 packs 1 prefix records 0 full records 2 presence queries 1
readback bytes: 131072
readback connection opens: 1
readback group decodes: 1
readback: verified byte-for-byte against the independent model
scope: edit-to-save acknowledgement is edit.save; verification and readback are timed separately
--- timing tree (inclusive; overlapping spans add to nothing) ---
edit.save  789.333us
  storage.begin  246.208us
  file.edit  327.834us
    edit.base  268.583us
      edit.base_read  267.583us
    edit.compare  584ns
    edit.split  45.084us
    edit.split  2.625us
    edit.finish  4.666us
  storage.finish  137.375us
--- timing tree (inclusive; overlapping spans add to nothing) ---
verify.readback  722.667us
  content.read  721.792us
    content.acquire  253.000us
    content.traverse  467.917us
      mapping.navigate  51.208us
        storage.read  50.959us
      mapping.payload  399.791us
        storage.read  399.583us
timings: 10 nodes at 4 levels -> /Users/yifanxu/Ephemeral-AI-Lab/layerfs/docs/roadmap/0.1/0.1.7/evidence/phase2-execution-20260918T150435Z/rounds/p2-5/after/output/D23/edits-pipeline-large-to-small/pipeline-edit-save.json
timings: 8 nodes at 5 levels -> /Users/yifanxu/Ephemeral-AI-Lab/layerfs/docs/roadmap/0.1/0.1.7/evidence/phase2-execution-20260918T150435Z/rounds/p2-5/after/output/D23/edits-pipeline-large-to-small/pipeline-readback.json
wall_seconds: 0.009591
--- stderr ---
