HISTORY_STATE_WORK {"state":1,"full157":1,"changed_paths":276,"offered_objects":364,"acquire_ns":38396458,"construct_ns":6575583,"filesystem_ns":1376083,"save_custody_ns":31179791}
DIAGNOSTIC state=1 full157=1 root=ObjectId("ff484f8d92f57413ee83e7201fb04c8512ffd7bed3083471713db4e8e17c70d3")
HISTORY_COLD_BOUNDARY {"before_state":2,"wall_ns":3972875,"attestation":{"files":1,"length_bytes":716800,"total_pages":44,"resident_first":44,"resident_after":0,"invalidated_files":1,"page_size_bytes":16384,"first_pass_ns":347000,"attestation_ns":52000,"opens":3,"fstats":3,"mmap_calls":2,"mincore_calls":3,"munmap_calls":2,"msync_calls":1,"inventory_entries":2,"vector_peak_bytes":44}}
HISTORY_STATE_WORK {"state":2,"full157":11,"changed_paths":985,"offered_objects":1086,"acquire_ns":181930708,"construct_ns":26809917,"filesystem_ns":20772542,"save_custody_ns":118364917}
DIAGNOSTIC state=2 full157=11 root=ObjectId("2906f3669420afb3ec336bc5d87856328371db4e9ad644ced4224cc8d3cd75ab")
HISTORY_COLD_BOUNDARY {"before_state":3,"wall_ns":4205167,"attestation":{"files":1,"length_bytes":2596864,"total_pages":159,"resident_first":157,"resident_after":0,"invalidated_files":1,"page_size_bytes":16384,"first_pass_ns":850000,"attestation_ns":122000,"opens":3,"fstats":3,"mmap_calls":2,"mincore_calls":3,"munmap_calls":2,"msync_calls":1,"inventory_entries":2,"vector_peak_bytes":159}}
HISTORY_STATE_WORK {"state":3,"full157":21,"changed_paths":1000,"offered_objects":1202,"acquire_ns":215515250,"construct_ns":36938459,"filesystem_ns":44807375,"save_custody_ns":167736459}
DIAGNOSTIC state=3 full157=21 root=ObjectId("1282ed4c917126c0ee219ba221243405bf0223092021c860b48163b741068bde")
HISTORY_COLD_BOUNDARY {"before_state":4,"wall_ns":4330209,"attestation":{"files":1,"length_bytes":4132864,"total_pages":253,"resident_first":251,"resident_after":0,"invalidated_files":1,"page_size_bytes":16384,"first_pass_ns":1084000,"attestation_ns":132000,"opens":3,"fstats":3,"mmap_calls":2,"mincore_calls":3,"munmap_calls":2,"msync_calls":1,"inventory_entries":2,"vector_peak_bytes":253}}
HISTORY_STATE_WORK {"state":4,"full157":31,"changed_paths":1103,"offered_objects":1260,"acquire_ns":256865792,"construct_ns":40617209,"filesystem_ns":78809292,"save_custody_ns":205675459}
DIAGNOSTIC state=4 full157=31 root=ObjectId("92f98e576ec1811361095b29bea2cc5137d2eca8c9b3fce96d75cfb4c30a7fa9")
HISTORY_COLD_BOUNDARY {"before_state":5,"wall_ns":4658416,"attestation":{"files":1,"length_bytes":5337088,"total_pages":326,"resident_first":324,"resident_after":0,"invalidated_files":1,"page_size_bytes":16384,"first_pass_ns":1359000,"attestation_ns":171000,"opens":3,"fstats":3,"mmap_calls":2,"mincore_calls":3,"munmap_calls":2,"msync_calls":1,"inventory_entries":2,"vector_peak_bytes":326}}
HISTORY_STATE_WORK {"state":5,"full157":41,"changed_paths":2716,"offered_objects":2846,"acquire_ns":560312000,"construct_ns":75749583,"filesystem_ns":128318084,"save_custody_ns":407142125}
DIAGNOSTIC state=5 full157=41 root=ObjectId("208d34b9ee9c867cf7e8988dd53d342d5acb4ca9ddc2420d2eb020c39d0b580f")
HISTORY_COLD_BOUNDARY {"before_state":6,"wall_ns":5694500,"attestation":{"files":1,"length_bytes":8515584,"total_pages":520,"resident_first":516,"resident_after":0,"invalidated_files":1,"page_size_bytes":16384,"first_pass_ns":1999000,"attestation_ns":300000,"opens":3,"fstats":3,"mmap_calls":2,"mincore_calls":3,"munmap_calls":2,"msync_calls":1,"inventory_entries":2,"vector_peak_bytes":520}}
HISTORY_STATE_WORK {"state":6,"full157":51,"changed_paths":2073,"offered_objects":2233,"acquire_ns":585422000,"construct_ns":68373250,"filesystem_ns":149866583,"save_custody_ns":415944541}
DIAGNOSTIC state=6 full157=51 root=ObjectId("0bba4b43e94f8d20551a062b35379db0897e89f8de62b425b7d47abd4f79e698")
HISTORY_COLD_BOUNDARY {"before_state":7,"wall_ns":6034625,"attestation":{"files":1,"length_bytes":11296768,"total_pages":690,"resident_first":686,"resident_after":0,"invalidated_files":1,"page_size_bytes":16384,"first_pass_ns":2592000,"attestation_ns":279000,"opens":3,"fstats":3,"mmap_calls":2,"mincore_calls":3,"munmap_calls":2,"msync_calls":1,"inventory_entries":2,"vector_peak_bytes":690}}
HISTORY_STATE_WORK {"state":7,"full157":61,"changed_paths":2895,"offered_objects":3130,"acquire_ns":842228625,"construct_ns":79843542,"filesystem_ns":207465167,"save_custody_ns":575276500}
DIAGNOSTIC state=7 full157=61 root=ObjectId("83c507e708c9a53e0d205d666c84d2c08ff2c8f60d63604df4b719417577cbdc")
HISTORY_COLD_BOUNDARY {"before_state":8,"wall_ns":7791125,"attestation":{"files":1,"length_bytes":14376960,"total_pages":878,"resident_first":873,"resident_after":0,"invalidated_files":1,"page_size_bytes":16384,"first_pass_ns":3913000,"attestation_ns":409000,"opens":3,"fstats":3,"mmap_calls":2,"mincore_calls":3,"munmap_calls":2,"msync_calls":1,"inventory_entries":2,"vector_peak_bytes":878}}
HISTORY_STATE_WORK {"state":8,"full157":71,"changed_paths":1638,"offered_objects":1824,"acquire_ns":625605166,"construct_ns":57662375,"filesystem_ns":225938625,"save_custody_ns":490829875}
DIAGNOSTIC state=8 full157=71 root=ObjectId("ca4ac6eb28a22995b580b57435f904b48594f3eb14d0405bf1fcbc1fd5ef9d0e")
HISTORY_COLD_BOUNDARY {"before_state":9,"wall_ns":7354375,"attestation":{"files":1,"length_bytes":15699968,"total_pages":959,"resident_first":951,"resident_after":0,"invalidated_files":1,"page_size_bytes":16384,"first_pass_ns":3769000,"attestation_ns":413000,"opens":3,"fstats":3,"mmap_calls":2,"mincore_calls":3,"munmap_calls":2,"msync_calls":1,"inventory_entries":2,"vector_peak_bytes":959}}
HISTORY_STATE_WORK {"state":9,"full157":81,"changed_paths":2029,"offered_objects":2432,"acquire_ns":823219750,"construct_ns":89692083,"filesystem_ns":280576042,"save_custody_ns":688369333}
DIAGNOSTIC state=9 full157=81 root=ObjectId("5532bc3c204f92a48122bad3aa684b150614d1266972ed1724412e1affa55517")
HISTORY_COLD_BOUNDARY {"before_state":10,"wall_ns":8045583,"attestation":{"files":1,"length_bytes":18792448,"total_pages":1147,"resident_first":1140,"resident_after":0,"invalidated_files":1,"page_size_bytes":16384,"first_pass_ns":4385000,"attestation_ns":493000,"opens":3,"fstats":3,"mmap_calls":2,"mincore_calls":3,"munmap_calls":2,"msync_calls":1,"inventory_entries":2,"vector_peak_bytes":1147}}
HISTORY_STATE_WORK {"state":10,"full157":91,"changed_paths":1815,"offered_objects":2079,"acquire_ns":724321792,"construct_ns":72260208,"filesystem_ns":361016625,"save_custody_ns":718972167}
DIAGNOSTIC state=10 full157=91 root=ObjectId("1f8ab5053f1bb25ced3ec59504a196c0c5f3078dc70e8ece55fd12c8bf7412e4")
HISTORY_COLD_BOUNDARY {"before_state":11,"wall_ns":8671000,"attestation":{"files":1,"length_bytes":20750336,"total_pages":1267,"resident_first":1232,"resident_after":0,"invalidated_files":1,"page_size_bytes":16384,"first_pass_ns":5266000,"attestation_ns":490000,"opens":3,"fstats":3,"mmap_calls":2,"mincore_calls":3,"munmap_calls":2,"msync_calls":1,"inventory_entries":2,"vector_peak_bytes":1267}}
HISTORY_STATE_WORK {"state":11,"full157":101,"changed_paths":4122,"offered_objects":4174,"acquire_ns":1274470000,"construct_ns":121615792,"filesystem_ns":672140250,"save_custody_ns":1082010875}
DIAGNOSTIC state=11 full157=101 root=ObjectId("ac623f883e77b3e5150a4188d62bfdb4fc9bee9ecc74168e15fe516e590ed7e0")
HISTORY_COLD_BOUNDARY {"before_state":12,"wall_ns":10087333,"attestation":{"files":1,"length_bytes":24797184,"total_pages":1514,"resident_first":1483,"resident_after":0,"invalidated_files":1,"page_size_bytes":16384,"first_pass_ns":5838000,"attestation_ns":598000,"opens":3,"fstats":3,"mmap_calls":2,"mincore_calls":3,"munmap_calls":2,"msync_calls":1,"inventory_entries":2,"vector_peak_bytes":1514}}
HISTORY_STATE_WORK {"state":12,"full157":111,"changed_paths":4310,"offered_objects":4228,"acquire_ns":1480681042,"construct_ns":141024791,"filesystem_ns":844607542,"save_custody_ns":1186297416}
DIAGNOSTIC state=12 full157=111 root=ObjectId("23a46c5765b9b64f428be8455b539f009c3e5f35a77e445bcea4076770240984")
HISTORY_COLD_BOUNDARY {"before_state":13,"wall_ns":11821250,"attestation":{"files":1,"length_bytes":28082176,"total_pages":1714,"resident_first":1652,"resident_after":0,"invalidated_files":1,"page_size_bytes":16384,"first_pass_ns":7479000,"attestation_ns":725000,"opens":3,"fstats":3,"mmap_calls":2,"mincore_calls":3,"munmap_calls":2,"msync_calls":1,"inventory_entries":2,"vector_peak_bytes":1714}}
HISTORY_STATE_WORK {"state":13,"full157":121,"changed_paths":4086,"offered_objects":3985,"acquire_ns":1495542875,"construct_ns":131840667,"filesystem_ns":601640417,"save_custody_ns":1255804791}
DIAGNOSTIC state=13 full157=121 root=ObjectId("f47315de1d996263ecfc900244742c43862765e90e781a1c84619785e18b2928")
HISTORY_COLD_BOUNDARY {"before_state":14,"wall_ns":11015667,"attestation":{"files":1,"length_bytes":30896128,"total_pages":1886,"resident_first":1822,"resident_after":0,"invalidated_files":1,"page_size_bytes":16384,"first_pass_ns":7126000,"attestation_ns":728000,"opens":3,"fstats":3,"mmap_calls":2,"mincore_calls":3,"munmap_calls":2,"msync_calls":1,"inventory_entries":2,"vector_peak_bytes":1886}}
HISTORY_STATE_WORK {"state":14,"full157":131,"changed_paths":6320,"offered_objects":5983,"acquire_ns":1909315750,"construct_ns":174888208,"filesystem_ns":1024190500,"save_custody_ns":1633457292}
DIAGNOSTIC state=14 full157=131 root=ObjectId("9619cad6e350b6c872b95ed5ec8468a07e24453df60032ff8f826e581ab57878")
HISTORY_COLD_BOUNDARY {"before_state":15,"wall_ns":13311375,"attestation":{"files":1,"length_bytes":35778560,"total_pages":2184,"resident_first":2113,"resident_after":0,"invalidated_files":1,"page_size_bytes":16384,"first_pass_ns":8824000,"attestation_ns":875000,"opens":3,"fstats":3,"mmap_calls":2,"mincore_calls":3,"munmap_calls":2,"msync_calls":1,"inventory_entries":2,"vector_peak_bytes":2184}}
HISTORY_STATE_WORK {"state":15,"full157":141,"changed_paths":6408,"offered_objects":6093,"acquire_ns":2046308750,"construct_ns":186971292,"filesystem_ns":916794084,"save_custody_ns":1796099500}
DIAGNOSTIC state=15 full157=141 root=ObjectId("3728f7dbc9b8276322b1c92d3db550bf95d46b27e74e14a9bc13ca740110689f")
HISTORY_COLD_BOUNDARY {"before_state":16,"wall_ns":13931500,"attestation":{"files":1,"length_bytes":42053632,"total_pages":2567,"resident_first":2483,"resident_after":0,"invalidated_files":1,"page_size_bytes":16384,"first_pass_ns":9451000,"attestation_ns":1058000,"opens":3,"fstats":3,"mmap_calls":2,"mincore_calls":3,"munmap_calls":2,"msync_calls":1,"inventory_entries":2,"vector_peak_bytes":2567}}
HISTORY_STATE_WORK {"state":16,"full157":151,"changed_paths":4727,"offered_objects":4899,"acquire_ns":1905772250,"construct_ns":161673292,"filesystem_ns":639705292,"save_custody_ns":1856592500}
DIAGNOSTIC state=16 full157=151 root=ObjectId("fe6aa65d2f28b1f3a6fd946a400e85549bf2b6c82a0fd8b440dd6db0ece83241")
HISTORY_COLD_BOUNDARY {"before_state":17,"wall_ns":16777458,"attestation":{"files":1,"length_bytes":45785088,"total_pages":2795,"resident_first":2707,"resident_after":0,"invalidated_files":1,"page_size_bytes":16384,"first_pass_ns":11791000,"attestation_ns":1076000,"opens":3,"fstats":3,"mmap_calls":2,"mincore_calls":3,"munmap_calls":2,"msync_calls":1,"inventory_entries":2,"vector_peak_bytes":2795}}
HISTORY_STATE_WORK {"state":17,"full157":157,"changed_paths":5914,"offered_objects":4976,"acquire_ns":1609032625,"construct_ns":168462500,"filesystem_ns":674840125,"save_custody_ns":1795031125}
DIAGNOSTIC state=17 full157=157 root=ObjectId("b9a4eeac902c5b6d10acc1d26fd69f9c1f809e1b0d68316eb98a873e9eea5d03")
HISTORY_COLD_BOUNDARY {"before_state":18,"wall_ns":16202625,"attestation":{"files":1,"length_bytes":49594368,"total_pages":3027,"resident_first":2917,"resident_after":0,"invalidated_files":1,"page_size_bytes":16384,"first_pass_ns":11548000,"attestation_ns":1146000,"opens":3,"fstats":3,"mmap_calls":2,"mincore_calls":3,"munmap_calls":2,"msync_calls":1,"inventory_entries":2,"vector_peak_bytes":3027}}
EFFECTIVE_PROFILE {"identity":"sqlite-memory-off-macos-v1","journal_mode":"memory","synchronous":0,"foreign_keys":1,"fullfsync":0,"checkpoint_fullfsync":1,"page_size":4096,"cache_size":-2048,"mmap_size":0,"temp_store":2,"wal_checkpoint_performed":false}
DIAGNOSTIC sqlite=SqlWork { statements: 200125, vm_steps: 0, bound_bytes: 56566707, statement_ns: 4996635424, statement_phases: [StatementPhaseWork { calls: 200101, wall_ns: 206213435 }, StatementPhaseWork { calls: 200101, wall_ns: 25982714 }, StatementPhaseWork { calls: 443258, wall_ns: 4516294779 }, StatementPhaseWork { calls: 243157, wall_ns: 136438621 }, StatementPhaseWork { calls: 200101, wall_ns: 4830378 }, StatementPhaseWork { calls: 200101, wall_ns: 6410785 }, StatementPhaseWork { calls: 200101, wall_ns: 39063427 }], commit_phases: [StatementPhaseWork { calls: 54074, wall_ns: 5376389 }, StatementPhaseWork { calls: 54074, wall_ns: 1353689 }, StatementPhaseWork { calls: 54074, wall_ns: 462168455 }, StatementPhaseWork { calls: 0, wall_ns: 0 }, StatementPhaseWork { calls: 54074, wall_ns: 1320431 }, StatementPhaseWork { calls: 54074, wall_ns: 1747223 }, StatementPhaseWork { calls: 54074, wall_ns: 4438403 }], commit_ns: 488418286, transactions: 54074, write_transactions: 724, write_commits: 724, commits: 54074, rollbacks: 0, transaction_ns: 6744655341, sealed_inserts: 613, sealed_body_bytes: 45558472, preallocation_calls: 48, preallocation_bytes: 52293632, preallocation_ns: 18423507, preallocation_close_ns: 315748, checkpoint_ns: 488917 } storage=Diagnostics { policy: 1, locate: 28106, read_packs: 8141, value_groups: 67, signatures: 1, reserve: 165, publish: 492, payload_reads: 16981, payload_read_bytes: 1702370225, pack_read_bytes: 1050650368, pack_write_bytes: 45558472, pooled_packs: 41, pooled_groups: 1626, reserved_directory_bytes: 167936, ordinal_reservations: 164, locator_hits: 636575, locator_misses: 177505, pack_hits: 1246420, pack_misses: 31691, forced_seals: 5 } checkpoint=Checkpoint { persistence: Disposable, wal_checkpoint_performed: false, busy: false, log_frames: -1, checkpointed_frames: -1, wall_ns: 488917, allocation_before_bytes: Some(52428800), allocation_after_bytes: Some(49594368), allocation_source: Some(AllocationIdentity { descriptor: 4, device: 16777230, inode: 865881240, logical_bytes: 49594368 }), allocation_transfer_ns: 18417, allocation_scratch_close_ns: 4125, allocation_source_close_ns: 2792 }
HISTORY_COLD_TOTAL {"checks":17,"wall_ns":153905083}
