config: REPS=3 WARMUP=1 RANDOMIZE_TARGETS=1 targets=/workspace /var/tmp

[1m=== tiny file churn (1000 files) ===[0m
  [32mOK[0m    create 1000 files              computerd  mean=250.8 med=249.4 p95=255.5 ms (n=3)
  [32mOK[0m    create 1000 files              base  mean=19.2 med=19.2 p95=19.5 ms (n=3)
  [32mOK[0m    stat 1000 files                computerd  mean=796.3 med=794.2 p95=808.6 ms (n=3)
  [32mOK[0m    stat 1000 files                base  mean=527.7 med=524.3 p95=534.8 ms (n=3)
  [32mOK[0m    rm 1000 files                  computerd  mean=374.5 med=372.5 p95=378.9 ms (n=3)
  [32mOK[0m    rm 1000 files                  base  mean=25.0 med=24.9 p95=25.7 ms (n=3)

[1m=== directory traversal ===[0m
  [32mOK[0m    mkdir tree (10x10x10)          computerd  mean=702.7 med=702.0 p95=709.7 ms (n=3)
  [32mOK[0m    mkdir tree (10x10x10)          base  mean=462.7 med=464.4 p95=468.3 ms (n=3)
  [32mOK[0m    find tree                      computerd  mean=731.7 med=732.8 p95=743.4 ms (n=3)
  [32mOK[0m    find tree                      base  mean=449.4 med=446.9 p95=457.7 ms (n=3)

[1m=== large file I/O ===[0m
  [32mOK[0m    write 64 MiB                   computerd  mean=39.1 med=39.4 p95=39.6 ms (n=3)
  [32mOK[0m    write 64 MiB                   base  mean=19.9 med=19.9 p95=20.1 ms (n=3)
  [32mOK[0m    copy 64 MiB                    computerd  mean=115.0 med=113.9 p95=118.9 ms (n=3)
  [32mOK[0m    copy 64 MiB                    base  mean=36.5 med=36.7 p95=37.4 ms (n=3)
  [32mOK[0m    read 64 MiB                    computerd  mean=45.9 med=45.9 p95=49.0 ms (n=3)
  [32mOK[0m    read 64 MiB                    base  mean=28.0 med=27.6 p95=29.4 ms (n=3)
  [32mOK[0m    pure read 64 MiB               computerd  mean=9.4 med=9.3 p95=9.7 ms (n=3)
  [32mOK[0m    pure read 64 MiB               base  mean=11.4 med=11.4 p95=11.6 ms (n=3)
  [32mOK[0m    pure copy 64 MiB               computerd  mean=76.1 med=75.9 p95=77.3 ms (n=3)
  [32mOK[0m    pure copy 64 MiB               base  mean=18.4 med=18.2 p95=19.2 ms (n=3)
  [32mOK[0m    overwrite 64 MiB               computerd  mean=32.5 med=32.8 p95=33.3 ms (n=3)
  [32mOK[0m    overwrite 64 MiB               base  mean=13.5 med=13.5 p95=13.6 ms (n=3)

[1m=== git ===[0m
  [32mOK[0m    git init + commit 100 files    computerd  mean=149.3 med=148.9 p95=150.2 ms (n=3)
  [32mOK[0m    git init + commit 100 files    base  mean=14.9 med=15.0 p95=15.1 ms (n=3)
  SKIP  npm scenarios (npm not installed)
  SKIP  go scenarios (go not installed)

[1m=== summary ===[0m
  scenario                       computerd mean computerd p95    base mean     base p95      ratio
  copy 64 MiB                        115.0 ms     118.9 ms      36.5 ms      37.4 ms      3.15x
  create 1000 files                  250.8 ms     255.5 ms      19.2 ms      19.5 ms     13.10x
  find tree                          731.7 ms     743.4 ms     449.4 ms     457.7 ms      1.63x
  git init + commit 100 files        149.3 ms     150.2 ms      14.9 ms      15.1 ms     10.02x
  mkdir tree (10x10x10)              702.7 ms     709.7 ms     462.7 ms     468.3 ms      1.52x
  overwrite 64 MiB                    32.5 ms      33.3 ms      13.5 ms      13.6 ms      2.41x
  pure copy 64 MiB                    76.1 ms      77.3 ms      18.4 ms      19.2 ms      4.12x
  pure read 64 MiB                     9.4 ms       9.7 ms      11.4 ms      11.6 ms      0.82x
  read 64 MiB                         45.9 ms      49.0 ms      28.0 ms      29.4 ms      1.64x
  rm 1000 files                      374.5 ms     378.9 ms      25.0 ms      25.7 ms     15.00x
  stat 1000 files                    796.3 ms     808.6 ms     527.7 ms     534.8 ms      1.51x
  write 64 MiB                        39.1 ms      39.6 ms      19.9 ms      20.1 ms      1.97x
wrote JSON summary to /var/tmp/layerfs-owned/fs-bench-var.json
