$ /Users/yifanxu/Ephemeral-AI-Lab/layerfs/core/target/release/examples/measure_edits --mode c1 --case small --threshold-bytes 131072 --output /Users/yifanxu/Ephemeral-AI-Lab/layerfs/docs/roadmap/0.1/0.1.7/evidence/phase2-execution-20260918T150435Z/rounds/p2-7/after/output/D10/edits-c1-small
cwd /Users/yifanxu/Ephemeral-AI-Lab/layerfs
exit_code 0
wall_s 0.586
--- stdout ---
mode: c1
case: small
threshold-bytes: 131072
timing: on
fixture: base 65536 bytes, 1 edit(s), 512 replacement bytes
stream: 1 edit(s), base 65536 -> final 65536 bytes
base root: 950a13bc1eb6c354370bdf5971770706139f7caf29021e6ee0ffdfb489428603
result root: 8ddfe36cd5449f2b720590cb05da552290acaa5546ed065881c832703c650798
result length: 65536
emitted: 1 objects, 65559 canonical bytes
scope: base reads, the no-op comparison, construction and consumer waiting are inside file.edit
exclusions: no database, pack, Store or file is opened in this mode
--- timing tree (inclusive; overlapping spans add to nothing) ---
file.edit  142.125us
  edit.op  133.958us
    edit.base  38.833us
      edit.base_read  18.833us
    edit.compare  2.375us
      edit.compare.window  1.167us
    edit.assemble  19.792us
    content.identify  58.209us
    content.emit  667ns
timings: 9 nodes at 4 levels -> /Users/yifanxu/Ephemeral-AI-Lab/layerfs/docs/roadmap/0.1/0.1.7/evidence/phase2-execution-20260918T150435Z/rounds/p2-7/after/output/D10/edits-c1-small/c1-edit.json
wall_seconds: 0.001990
--- stderr ---
