$ /Users/yifanxu/Ephemeral-AI-Lab/layerfs/core/target/release/examples/measure_edits --mode pipeline --case batch --threshold-bytes 131072 --output /Users/yifanxu/Ephemeral-AI-Lab/layerfs/docs/roadmap/0.1/0.1.7/evidence/phase2-execution-20260918T150435Z/rounds/p2-7/after/output/D24/edits-pipeline-batch
cwd /Users/yifanxu/Ephemeral-AI-Lab/layerfs
exit_code 0
wall_s 0.012
--- stdout ---
mode: pipeline
case: batch
threshold-bytes: 131072
timing: on
fixture: base 196608 bytes, 3 edit(s), 1000 replacement bytes
stream: 3 edit(s), base 196608 -> final 194308 bytes
base preparation (untimed): root 9b67d5821a39fe14ddec724ab82b05dbb76c8bc99b9849dd5314ded1410c75b4 stored as 14 object(s), 2 pack(s)
edited root: c887efb266fb423889ab26851d61652e52d017135fb4e6367530691c10383d84
edited length: 194308
save: inserted 4 reused 0 packs 2 prefix records 1 full records 3
readback bytes: 194308
readback connection opens: 1
readback group decodes: 2
readback: verified byte-for-byte against the independent model
scope: edit-to-save acknowledgement is edit.save; verification and readback are timed separately
--- timing tree (inclusive; overlapping spans add to nothing) ---
edit.save  1.032ms
  storage.begin  227.959us
  file.edit  305.625us
    edit.base  230.583us
      edit.base_read  227.750us
    edit.compare  250ns
    edit.split  44.125us
    edit.split  125ns
    edit.split  667ns
    content.chunk  7.791us
    edit.split  1.333us
    edit.split  958ns
    edit.split  208ns
    content.chunk  3.291us
    edit.split  1.083us
    edit.split  541ns
    edit.finish  3.000us
  storage.finish  418.542us
--- timing tree (inclusive; overlapping spans add to nothing) ---
verify.readback  636.334us
  content.read  635.666us
    content.acquire  197.250us
    content.traverse  438.000us
      mapping.navigate  41.291us
        storage.read  41.125us
      mapping.payload  375.375us
        storage.read  375.125us
timings: 18 nodes at 4 levels -> /Users/yifanxu/Ephemeral-AI-Lab/layerfs/docs/roadmap/0.1/0.1.7/evidence/phase2-execution-20260918T150435Z/rounds/p2-7/after/output/D24/edits-pipeline-batch/pipeline-edit-save.json
timings: 8 nodes at 5 levels -> /Users/yifanxu/Ephemeral-AI-Lab/layerfs/docs/roadmap/0.1/0.1.7/evidence/phase2-execution-20260918T150435Z/rounds/p2-7/after/output/D24/edits-pipeline-batch/pipeline-readback.json
wall_seconds: 0.007880
--- stderr ---
