DAEMON_STATUS
Name:	layerfs-daemon
Umask:	0077
State:	S (sleeping)
Tgid:	1
Ngid:	0
Pid:	1
PPid:	0
TracerPid:	0
Uid:	0	0	0	0
Gid:	0	0	0	0
FDSize:	64
Groups:	0 
NStgid:	1
NSpid:	1
NSpgid:	1
NSsid:	1
Kthread:	0
VmPeak:	  891476 kB
VmSize:	  891456 kB
VmLck:	       0 kB
VmPin:	       0 kB
VmHWM:	   14372 kB
VmRSS:	   14372 kB
RssAnon:	    7544 kB
RssFile:	    6828 kB
RssShmem:	       0 kB
VmData:	   82956 kB
VmStk:	     132 kB
VmExe:	    6576 kB
VmLib:	    2320 kB
VmPTE:	     180 kB
VmSwap:	       0 kB
HugetlbPages:	       0 kB
CoreDumping:	0
THP_enabled:	1
untag_mask:	0xffffffffffffff
Threads:	13
SigQ:	0/15665
SigPnd:	0000000000000000
ShdPnd:	0000000000000000
SigBlk:	0000000000000000
SigIgn:	0000000000001000
SigCgt:	0000000100000440
CapInh:	0000000000000000
CapPrm:	00000000a82425fb
CapEff:	00000000a82425fb
CapBnd:	00000000a82425fb
CapAmb:	0000000000000000
NoNewPrivs:	1
Seccomp:	2
Seccomp_filters:	1
Speculation_Store_Bypass:	vulnerable
SpeculationIndirectBranch:	unknown
Cpus_allowed:	ff
Cpus_allowed_list:	0-7
Mems_allowed:	1
Mems_allowed_list:	0
voluntary_ctxt_switches:	28
nonvoluntary_ctxt_switches:	1
BACKING_BYTES
/layerfs-store/global/store.sqlite 1417285632 2768144 512
/layerfs-store/global/store.sqlite-wal 0 0 512
/layerfs-store/global/store.sqlite-shm 32768 64 512
/layerfs-store/global/store.sqlite-journal ABSENT
/layerfs-local/overlay/overlay.sqlite 229376 524736 512
/layerfs-local/overlay/overlay.sqlite-wal ABSENT
/layerfs-local/overlay/overlay.sqlite-shm ABSENT
/layerfs-local/overlay/overlay.sqlite-journal ABSENT
OWN_CONTAINER_CGROUP
/sys/fs/cgroup/memory.stat
anon 8114176
file 2519040
kernel 2146304
kernel_stack 229376
pagetables 274432
sec_pagetables 0
percpu 22640
sock 0
vmalloc 24576
shmem 0
zswap 0
zswapped 0
file_mapped 77824
file_dirty 262144
file_writeback 0
swapcached 0
anon_thp 0
file_thp 0
shmem_thp 0
inactive_anon 0
active_anon 8044544
inactive_file 1908736
active_file 610304
unevictable 0
slab_reclaimable 395296
slab_unreclaimable 518952
slab 914248
workingset_refault_anon 0
workingset_refault_file 53
workingset_activate_anon 0
workingset_activate_file 0
workingset_restore_anon 0
workingset_restore_file 0
workingset_nodereclaim 0
pgdemote_kswapd 0
pgdemote_direct 0
pgdemote_khugepaged 0
pgscan 0
pgsteal 0
pgscan_kswapd 0
pgscan_direct 0
pgscan_khugepaged 0
pgsteal_kswapd 0
pgsteal_direct 0
pgsteal_khugepaged 0
pgfault 13010
pgmajfault 6
pgrefill 0
pgactivate 0
pgdeactivate 0
pglazyfree 0
pglazyfreed 0
swpin_zero 0
swpout_zero 0
zswpin 0
zswpout 0
zswpwb 0
thp_fault_alloc 0
thp_collapse_alloc 0
thp_swpout 0
thp_swpout_fallback 0
/sys/fs/cgroup/memory.current
13479936
/sys/fs/cgroup/memory.peak
22564864
DAEMON_THREADS
THREAD	1	layerfs-daemon	14933460 19584 29	28 1 	1845 1 0 2
THREAD	10	layerfs-fuse-2	67875 0 1	1 0 	2 0 0 3
THREAD	11	layerfs-fuse-3	63208 0 2	2 0 	2 0 0 4
THREAD	12	layerfs-control	12072664 6875 16	16 0 	884 0 1 1
THREAD	19	layerfs-mount-1	206542 0 2	2 0 	5 0 0 6
THREAD	20	layerfs-fence-1	116249 0 4	4 0 	2 0 0 7
THREAD	21	fuser-0	1360041 71833 7	7 0 	78 0 0 5
THREAD	22	layerfs-mount-2	148583 0 1	1 0 	5 0 0 1
THREAD	23	layerfs-fence-2	59750 22416 4	4 0 	2 0 0 4
THREAD	24	fuser-0	2988416 0 13	13 0 	101 0 0 6
THREAD	7	layerfs-overlay	4438917 29041 2	2 0 	191 0 0 5
THREAD	8	layerfs-fuse-0	49209 154125 2	1 1 	2 0 0 0
THREAD	9	layerfs-fuse-1	861958 0 2	2 0 	311 0 0 1
CGROUP_CPU
usage_usec 333706
user_usec 185732
system_usec 147973
nice_usec 0
nr_periods 0
nr_throttled 0
throttled_usec 0
nr_bursts 0
burst_usec 0
KERNEL	6.12.76-linuxkit	8
