$ /Users/yifanxu/Ephemeral-AI-Lab/layerfs/core/target/release/examples/measure_edits --mode pipeline --case chunked --threshold-bytes 131072 --output /Users/yifanxu/Ephemeral-AI-Lab/layerfs/docs/roadmap/0.1/0.1.7/evidence/phase1-execution-20260918T090000Z/rounds/c1-rebaseline/after/output/D21/edits-pipeline-chunked
cwd /Users/yifanxu/Ephemeral-AI-Lab/layerfs
exit_code 0
wall_s 0.018
--- stdout ---
mode: pipeline
case: chunked
threshold-bytes: 131072
timing: on
fixture: base 262144 bytes, 1 edit(s), 4096 replacement bytes
stream: 1 edit(s), base 262144 -> final 262144 bytes
base preparation (untimed): root 3e428805690821ee9c1c6e3775de5fa8aa9b901fe20fb18c3136ea239cc8c14d stored as 18 object(s), 3 pack(s)
edited root: ca6c30a4355c63c3e3df39a478482cd57f80b5271885e48a573bbe34a031d6b7
edited length: 262144
save: inserted 3 reused 0 packs 2 prefix records 0 full records 3
readback bytes: 262144
readback: verified byte-for-byte against the independent model
scope: edit-to-save acknowledgement is edit.save; verification and readback are timed separately
--- timing tree (inclusive; overlapping spans add to nothing) ---
edit.save  2.202ms
  storage.begin  374.083us
  file.edit  1.432ms
    edit.base  394.541us
      edit.base_read  392.917us
    edit.compare  759.083us
      edit.compare.window  754.542us
        mapping.navigate  263.000us
          storage.decode  41ns
          storage.read  46.625us
        mapping.payload  486.083us
          storage.decode  41ns
          storage.read  281.750us
    edit.split  247.917us
    edit.split  2.459us
    edit.split  334ns
    content.chunk  17.458us
    edit.finish  3.208us
  storage.finish  328.792us
--- timing tree (inclusive; overlapping spans add to nothing) ---
verify.readback  1.381ms
  content.read  1.379ms
    content.acquire  232.875us
    content.traverse  1.145ms
      mapping.navigate  224.250us
        storage.decode  42ns
        storage.read  43.625us
      mapping.payload  906.208us
        storage.decode  41ns
        storage.read  728.500us
timings: 19 nodes at 6 levels -> /Users/yifanxu/Ephemeral-AI-Lab/layerfs/docs/roadmap/0.1/0.1.7/evidence/phase1-execution-20260918T090000Z/rounds/c1-rebaseline/after/output/D21/edits-pipeline-chunked/pipeline-edit-save.json
timings: 10 nodes at 5 levels -> /Users/yifanxu/Ephemeral-AI-Lab/layerfs/docs/roadmap/0.1/0.1.7/evidence/phase1-execution-20260918T090000Z/rounds/c1-rebaseline/after/output/D21/edits-pipeline-chunked/pipeline-readback.json
wall_seconds: 0.012498
--- stderr ---
