$ /Users/yifanxu/Ephemeral-AI-Lab/layerfs/core/target/release/examples/measure_edits --mode pipeline --case large-to-small --threshold-bytes 131072 --output /Users/yifanxu/Ephemeral-AI-Lab/layerfs/docs/roadmap/0.1/0.1.7/evidence/phase1-execution-20260918T090000Z/rounds/c1-rebaseline/after/output/D23/edits-pipeline-large-to-small
cwd /Users/yifanxu/Ephemeral-AI-Lab/layerfs
exit_code 0
wall_s 0.016
--- stdout ---
mode: pipeline
case: large-to-small
threshold-bytes: 131072
timing: on
fixture: base 262144 bytes, 1 edit(s), 0 replacement bytes
stream: 1 edit(s), base 262144 -> final 131072 bytes
base preparation (untimed): root 3e428805690821ee9c1c6e3775de5fa8aa9b901fe20fb18c3136ea239cc8c14d stored as 18 object(s), 3 pack(s)
edited root: 4148b0a15f376de13e49481270f7025689bd6e61b381e4a8ec296c752ada6813
edited length: 131072
save: inserted 2 reused 0 packs 1 prefix records 0 full records 2
readback bytes: 131072
readback: verified byte-for-byte against the independent model
scope: edit-to-save acknowledgement is edit.save; verification and readback are timed separately
--- timing tree (inclusive; overlapping spans add to nothing) ---
edit.save  950.500us
  storage.begin  258.250us
  file.edit  488.333us
    edit.base  272.875us
      edit.base_read  271.584us
    edit.compare  708ns
    edit.split  201.958us
    edit.split  2.708us
    edit.split  459ns
    edit.finish  3.916us
  storage.finish  151.042us
--- timing tree (inclusive; overlapping spans add to nothing) ---
verify.readback  1.277ms
  content.read  1.276ms
    content.acquire  219.792us
    content.traverse  1.056ms
      mapping.navigate  199.208us
        storage.decode  42ns
        storage.read  46.208us
      mapping.payload  845.291us
        storage.decode  0ns
        storage.read  623.000us
timings: 11 nodes at 4 levels -> /Users/yifanxu/Ephemeral-AI-Lab/layerfs/docs/roadmap/0.1/0.1.7/evidence/phase1-execution-20260918T090000Z/rounds/c1-rebaseline/after/output/D23/edits-pipeline-large-to-small/pipeline-edit-save.json
timings: 10 nodes at 5 levels -> /Users/yifanxu/Ephemeral-AI-Lab/layerfs/docs/roadmap/0.1/0.1.7/evidence/phase1-execution-20260918T090000Z/rounds/c1-rebaseline/after/output/D23/edits-pipeline-large-to-small/pipeline-readback.json
wall_seconds: 0.011004
--- stderr ---
