$ /Users/yifanxu/Ephemeral-AI-Lab/layerfs/core/target/release/examples/measure_edits --mode pipeline --case batch --threshold-bytes 131072 --output /Users/yifanxu/Ephemeral-AI-Lab/layerfs/docs/roadmap/0.1/0.1.7/evidence/phase1-execution-20260918T090000Z/rounds/c1-rebaseline/after/output/D24/edits-pipeline-batch
cwd /Users/yifanxu/Ephemeral-AI-Lab/layerfs
exit_code 0
wall_s 0.017
--- stdout ---
mode: pipeline
case: batch
threshold-bytes: 131072
timing: on
fixture: base 196608 bytes, 3 edit(s), 1000 replacement bytes
stream: 3 edit(s), base 196608 -> final 194308 bytes
base preparation (untimed): root 9b67d5821a39fe14ddec724ab82b05dbb76c8bc99b9849dd5314ded1410c75b4 stored as 14 object(s), 2 pack(s)
edited root: c887efb266fb423889ab26851d61652e52d017135fb4e6367530691c10383d84
edited length: 194308
save: inserted 4 reused 0 packs 2 prefix records 1 full records 3
readback bytes: 194308
readback: verified byte-for-byte against the independent model
scope: edit-to-save acknowledgement is edit.save; verification and readback are timed separately
--- timing tree (inclusive; overlapping spans add to nothing) ---
edit.save  1.498ms
  storage.begin  258.209us
  file.edit  774.791us
    edit.base  383.542us
      edit.base_read  382.209us
    edit.compare  750ns
    edit.split  351.417us
    edit.split  167ns
    edit.split  417ns
    content.chunk  11.500us
    edit.split  1.625us
    edit.split  3.166us
    edit.split  167ns
    content.chunk  3.833us
    edit.split  1.000us
    edit.split  583ns
    edit.split  125ns
    edit.finish  3.292us
  storage.finish  404.708us
--- timing tree (inclusive; overlapping spans add to nothing) ---
verify.readback  1.458ms
  content.read  1.457ms
    content.acquire  326.000us
    content.traverse  1.130ms
      mapping.navigate  277.000us
        storage.decode  42ns
        storage.read  61.750us
      mapping.payload  836.000us
        storage.decode  41ns
        storage.read  637.458us
timings: 19 nodes at 4 levels -> /Users/yifanxu/Ephemeral-AI-Lab/layerfs/docs/roadmap/0.1/0.1.7/evidence/phase1-execution-20260918T090000Z/rounds/c1-rebaseline/after/output/D24/edits-pipeline-batch/pipeline-edit-save.json
timings: 10 nodes at 5 levels -> /Users/yifanxu/Ephemeral-AI-Lab/layerfs/docs/roadmap/0.1/0.1.7/evidence/phase1-execution-20260918T090000Z/rounds/c1-rebaseline/after/output/D24/edits-pipeline-batch/pipeline-readback.json
wall_seconds: 0.010665
--- stderr ---
