$ /Users/yifanxu/Ephemeral-AI-Lab/layerfs/core/target/release/examples/filesystem_timing_c1 --case subtree-remove --output /Users/yifanxu/Ephemeral-AI-Lab/layerfs/docs/roadmap/0.1/0.1.7/evidence/phase1-execution-20260918T090000Z/rounds/c1-rebaseline/before/output/X2/c1-subtree-remove-repeat
cwd /Users/yifanxu/Ephemeral-AI-Lab/layerfs
exit_code 0
wall_s 0.005
--- stdout ---
case subtree-remove
root 3855544b746bae6afa17d3f30b220dec8a3cdacda7f57f76a574f15e3b7d88b8
inode_table 24885bf8d820f5343146c777d0914cfc3463e85c866e262be5748522ce755a69
directories 1 bindings +0 -1
objects read 6 waves 4 bytes 16797 emitted 3 bytes 298
directories: pages read 1 created 1 reused 0 untouched 0 scratch peak 605 top-level 0
inodes: pages read 1 created 1 reused 0 scratch peak 67644
references: rows 202 spilled 0 values 1 removals 201 released 200 peak pending 202
elapsed_ns 231875
phase validate elapsed_ns 2125
phase directories elapsed_ns 11709
phase references elapsed_ns 3042
phase inodes elapsed_ns 60250
phase cleanup elapsed_ns 417
phase root.encode elapsed_ns 917
report_nodes 7
prepared_objects 11
--- stderr ---
