{
  "case": "tdx1-noise-upload-1",
  "mode": "perf",
  "admission_eligible": false,
  "status": "PASS",
  "cleanup": "PASS",
  "target_payload_bytes_per_second": 2000000000,
  "cache_contract": "generated distinct input; every transmitted block filled inside transfer; no file-backed payload/cache/spool",
  "scope": "bridge transport component; C1/C2 and daemon stdin/stdout excluded",
  "oracle_and_corruption_self_check": "PASS",
  "setup_ns": 1907313375,
  "transfer": {
    "carrier": "noise",
    "direction": "upload",
    "streams": 1,
    "payload_bytes": 1073741824,
    "transfer_ns": 4132286416,
    "payload_chunks": 65536,
    "authentication_handshakes": 1,
    "verified_bytes": 0,
    "admission_eligible": false
  },
  "received_payload_bytes_per_second": 259842062.21585393,
  "decimal_GB_per_second": 0.25984206221585393,
  "gigabits_per_second": 2.0787364977268314,
  "n": 1,
  "target_met": false,
  "verification": "REQUIRES_SEPARATE_MATCHING_RECEIPT",
  "cleanup_ns": 130033125,
  "complete_command_ns": 6324166292
}
