VERIFY_CORPUS_OPEN_WORK wall_ns=105179208
VERIFY_STORE_CUSTODY_WORK wall_ns=6724000
VERIFY_STATE_BEGIN state=1
VERIFY_PHASE_WORK {"stage":"walk","available":true,"sql_values":[70, 14173, 12207000, 0, 0, 7, 0, 12, 473042, 70, 33001, 497032, 0, 0, 0, 4, 2, 0, 21],"blob_values":[4, 7084, 0, 8, 48144, 48144, 168833, 0, 8, 4292, 0]}
VERIFY_PHASE_WORK {"stage":"file-roots","available":true,"sql_values":[63, 6329, 19211000, 0, 0, 0, 0, 3, 144167, 63, 37499, 1408875, 0, 0, 0, 16, 16, 0, 21],"blob_values":[16, 17667, 0, 32, 459961, 459961, 759334, 0, 32, 21875, 0]}
VERIFY_PHASE_WORK {"stage":"remaining-digest","available":true,"sql_values":[9, 227, 600000, 0, 0, 0, 0, 0, 0, 9, 8292, 73277, 0, 0, 0, 1, 1, 0, 3],"blob_values":[1, 667, 0, 2, 45377, 45377, 83707, 0, 2, 1583, 0]}
verify parts: walk=14422042 lengths=22554458 digest=1729792
HISTORY_ENGINE_WORK {"state":1,"stage":"verification","available":true,"values":[142, 20729, 32018000, 0, 0, 7, 0, 15, 617209, 142, 78792, 1979184, 0, 0, 0, 21, 19, 0, 45]}
VERIFY_METADATA_MEMO state=1 cumulative=Counters { hits: 24, misses: 9, source_calls: 5, source_objects: 9, evictions: 0, peak_bytes: 29921, peak_rows: 9 }
VERIFY_STATE_WORK state=1 wall_ns=39682833 paths=359 sampled=29 authenticated_bytes=306296 pooled=PoolReadCounters { leaf_requests: 7, chain_edges: 0, physical_record_calls: 14, physical_group_decodes: 0, physical_group_decoded_bytes: 0, physical_group_cache_hits: 14, value_group_decodes: 7, value_group_cache_hits: 353, value_group_cache_evictions: 0, value_group_evicted_bytes: 0, pack_fetches: 3, pack_bytes: 41996 }
VERIFY_STATE_BEGIN state=2
VERIFY_PHASE_WORK {"stage":"walk","available":true,"sql_values":[102, 20092, 8229000, 0, 0, 12, 0, 15, 604664, 102, 72835, 438198, 0, 0, 0, 4, 2, 0, 30],"blob_values":[4, 4292, 0, 8, 66146, 66146, 44541, 0, 8, 4085, 0]}
VERIFY_PHASE_WORK {"stage":"file-roots","available":true,"sql_values":[63, 8769, 10182000, 0, 0, 0, 0, 7, 164083, 63, 42170, 1460650, 0, 0, 0, 13, 13, 0, 21],"blob_values":[13, 13002, 0, 24, 551551, 551551, 913332, 0, 26, 15378, 0]}
VERIFY_PHASE_WORK {"stage":"remaining-digest","available":true,"sql_values":[0, 0, 0, 0, 0, 0, 0, 0, 0, 0, 0, 0, 0, 0, 0, 0, 0, 0, 0],"blob_values":[0, 0, 0, 0, 0, 0, 0, 0, 0, 0, 0]}
verify parts: walk=10950709 lengths=14775750 digest=389333
HISTORY_ENGINE_WORK {"state":2,"stage":"verification","available":true,"values":[165, 28861, 18411000, 0, 0, 12, 0, 22, 768747, 165, 115005, 1898848, 0, 0, 0, 17, 15, 0, 51]}
VERIFY_METADATA_MEMO state=2 cumulative=Counters { hits: 65, misses: 23, source_calls: 12, source_objects: 23, evictions: 0, peak_bytes: 80350, peak_rows: 23 }
VERIFY_STATE_WORK state=2 wall_ns=27634000 paths=607 sampled=47 authenticated_bytes=234262 pooled=PoolReadCounters { leaf_requests: 19, chain_edges: 0, physical_record_calls: 38, physical_group_decodes: 0, physical_group_decoded_bytes: 0, physical_group_cache_hits: 38, value_group_decodes: 19, value_group_cache_hits: 949, value_group_cache_evictions: 0, value_group_evicted_bytes: 0, pack_fetches: 6, pack_bytes: 98649 }
VERIFY_STATE_BEGIN state=3
VERIFY_PHASE_WORK {"stage":"walk","available":true,"sql_values":[114, 19968, 3126000, 0, 0, 15, 0, 19, 619083, 114, 71340, 324152, 0, 0, 0, 4, 2, 0, 33],"blob_values":[4, 3416, 0, 8, 68704, 68704, 203500, 0, 8, 3959, 0]}
VERIFY_PHASE_WORK {"stage":"file-roots","available":true,"sql_values":[60, 10430, 7115000, 0, 0, 0, 0, 6, 149918, 60, 44666, 1636287, 0, 0, 0, 11, 11, 0, 20],"blob_values":[11, 10543, 0, 22, 517589, 517589, 713788, 0, 22, 11795, 0]}
VERIFY_PHASE_WORK {"stage":"remaining-digest","available":true,"sql_values":[0, 0, 0, 0, 0, 0, 0, 0, 0, 0, 0, 0, 0, 0, 0, 0, 0, 0, 0],"blob_values":[0, 0, 0, 0, 0, 0, 0, 0, 0, 0, 0]}
verify parts: walk=6297000 lengths=13025167 digest=522416
HISTORY_ENGINE_WORK {"state":3,"stage":"verification","available":true,"values":[174, 30398, 10241000, 0, 0, 15, 0, 25, 769001, 174, 116006, 1960439, 0, 0, 0, 15, 13, 0, 53]}
VERIFY_METADATA_MEMO state=3 cumulative=Counters { hits: 121, misses: 41, source_calls: 19, source_objects: 41, evictions: 0, peak_bytes: 153957, peak_rows: 41 }
VERIFY_STATE_WORK state=3 wall_ns=22154708 paths=889 sampled=68 authenticated_bytes=475074 pooled=PoolReadCounters { leaf_requests: 35, chain_edges: 9, physical_record_calls: 88, physical_group_decodes: 0, physical_group_decoded_bytes: 0, physical_group_cache_hits: 88, value_group_decodes: 35, value_group_cache_hits: 1823, value_group_cache_evictions: 0, value_group_evicted_bytes: 0, pack_fetches: 9, pack_bytes: 157766 }
VERIFY_STATE_BEGIN state=4
VERIFY_PHASE_WORK {"stage":"walk","available":true,"sql_values":[130, 22047, 2291000, 0, 0, 19, 0, 24, 799005, 130, 78540, 296452, 0, 0, 0, 4, 2, 0, 37],"blob_values":[4, 4583, 0, 8, 76924, 76924, 338168, 0, 8, 5416, 0]}
VERIFY_PHASE_WORK {"stage":"file-roots","available":true,"sql_values":[45, 12905, 4432000, 0, 0, 0, 0, 9, 212083, 45, 42540, 1826934, 0, 0, 0, 6, 6, 0, 15],"blob_values":[6, 6043, 0, 11, 499431, 499431, 734043, 0, 12, 7333, 0]}
VERIFY_PHASE_WORK {"stage":"remaining-digest","available":true,"sql_values":[0, 0, 0, 0, 0, 0, 0, 0, 0, 0, 0, 0, 0, 0, 0, 0, 0, 0, 0],"blob_values":[0, 0, 0, 0, 0, 0, 0, 0, 0, 0, 0]}
verify parts: walk=6316375 lengths=12171791 digest=379125
HISTORY_ENGINE_WORK {"state":4,"stage":"verification","available":true,"values":[175, 34952, 6723000, 0, 0, 19, 0, 33, 1011088, 175, 121080, 2123386, 0, 0, 0, 10, 8, 0, 52]}
VERIFY_METADATA_MEMO state=4 cumulative=Counters { hits: 193, misses: 62, source_calls: 26, source_objects: 62, evictions: 0, peak_bytes: 240735, peak_rows: 62 }
VERIFY_STATE_WORK state=4 wall_ns=21637375 paths=1098 sampled=85 authenticated_bytes=571389 pooled=PoolReadCounters { leaf_requests: 54, chain_edges: 26, physical_record_calls: 160, physical_group_decodes: 0, physical_group_decoded_bytes: 0, physical_group_cache_hits: 160, value_group_decodes: 54, value_group_cache_hits: 2853, value_group_cache_evictions: 0, value_group_evicted_bytes: 0, pack_fetches: 12, pack_bytes: 223210 }
VERIFY_STATE_BEGIN state=5
VERIFY_PHASE_WORK {"stage":"walk","available":true,"sql_values":[141, 24650, 2749000, 0, 0, 21, 0, 27, 793874, 141, 90293, 391698, 0, 0, 0, 4, 2, 0, 40],"blob_values":[4, 4084, 0, 8, 88206, 88206, 211041, 0, 8, 4417, 0]}
VERIFY_PHASE_WORK {"stage":"file-roots","available":true,"sql_values":[156, 14828, 3497000, 0, 0, 0, 0, 7, 187000, 156, 96213, 3486930, 0, 0, 0, 37, 12, 0, 52],"blob_values":[37, 33587, 0, 76, 1912584, 1912584, 1571003, 0, 74, 45874, 0]}
VERIFY_PHASE_WORK {"stage":"remaining-digest","available":true,"sql_values":[0, 0, 0, 0, 0, 0, 0, 0, 0, 0, 0, 0, 0, 0, 0, 0, 0, 0, 0],"blob_values":[0, 0, 0, 0, 0, 0, 0, 0, 0, 0, 0]}
verify parts: walk=7454500 lengths=14866875 digest=381834
HISTORY_ENGINE_WORK {"state":5,"stage":"verification","available":true,"values":[297, 39478, 6246000, 0, 0, 21, 0, 34, 980874, 297, 186506, 3878628, 0, 0, 0, 41, 14, 0, 92]}
VERIFY_METADATA_MEMO state=5 cumulative=Counters { hits: 280, misses: 85, source_calls: 33, source_objects: 85, evictions: 0, peak_bytes: 350523, peak_rows: 85 }
VERIFY_STATE_WORK state=5 wall_ns=26216834 paths=1380 sampled=107 authenticated_bytes=835074 pooled=PoolReadCounters { leaf_requests: 75, chain_edges: 45, physical_record_calls: 240, physical_group_decodes: 0, physical_group_decoded_bytes: 0, physical_group_cache_hits: 240, value_group_decodes: 75, value_group_cache_hits: 4163, value_group_cache_evictions: 0, value_group_evicted_bytes: 0, pack_fetches: 15, pack_bytes: 296735 }
VERIFY_STATE_BEGIN state=6
VERIFY_PHASE_WORK {"stage":"walk","available":true,"sql_values":[178, 25231, 1871000, 0, 0, 25, 0, 34, 982208, 178, 107035, 419828, 0, 0, 0, 8, 2, 0, 51],"blob_values":[8, 7167, 0, 16, 125872, 125872, 275250, 0, 16, 8544, 0]}
VERIFY_PHASE_WORK {"stage":"file-roots","available":true,"sql_values":[324, 16992, 4098000, 0, 0, 0, 0, 10, 211377, 324, 165543, 6899571, 0, 0, 0, 90, 7, 0, 108],"blob_values":[90, 71077, 0, 186, 5223135, 5223135, 2473628, 0, 180, 93833, 0]}
VERIFY_PHASE_WORK {"stage":"remaining-digest","available":true,"sql_values":[12, 226, 89000, 0, 0, 0, 0, 0, 0, 12, 6874, 56848, 0, 0, 0, 2, 1, 0, 4],"blob_values":[2, 1625, 0, 4, 37448, 37448, 52583, 0, 4, 2041, 0]}
verify parts: walk=7229000 lengths=19682416 digest=1033709
HISTORY_ENGINE_WORK {"state":6,"stage":"verification","available":true,"values":[514, 42449, 6058000, 0, 0, 25, 0, 44, 1193585, 514, 279452, 7376247, 0, 0, 0, 100, 10, 0, 163]}
VERIFY_METADATA_MEMO state=6 cumulative=Counters { hits: 400, misses: 112, source_calls: 40, source_objects: 112, evictions: 0, peak_bytes: 476887, peak_rows: 112 }
VERIFY_STATE_WORK state=6 wall_ns=32127958 paths=1630 sampled=126 authenticated_bytes=925697 pooled=PoolReadCounters { leaf_requests: 100, chain_edges: 82, physical_record_calls: 364, physical_group_decodes: 0, physical_group_decoded_bytes: 0, physical_group_cache_hits: 364, value_group_decodes: 100, value_group_cache_hits: 5669, value_group_cache_evictions: 0, value_group_evicted_bytes: 0, pack_fetches: 18, pack_bytes: 371379 }
VERIFY_STATE_BEGIN state=7
VERIFY_PHASE_WORK {"stage":"walk","available":true,"sql_values":[177, 36454, 1758000, 0, 0, 27, 0, 34, 1175622, 177, 98580, 429710, 0, 0, 0, 8, 2, 0, 50],"blob_values":[8, 6833, 0, 16, 156902, 156902, 374791, 0, 16, 9499, 0]}
VERIFY_PHASE_WORK {"stage":"file-roots","available":true,"sql_values":[450, 25900, 5885000, 0, 0, 0, 0, 15, 362792, 450, 237028, 12105096, 0, 0, 0, 126, 7, 0, 150],"blob_values":[126, 99120, 0, 292, 9752887, 9752887, 3040456, 0, 252, 132502, 0]}
VERIFY_PHASE_WORK {"stage":"remaining-digest","available":true,"sql_values":[0, 0, 0, 0, 0, 0, 0, 0, 0, 0, 0, 0, 0, 0, 0, 0, 0, 0, 0],"blob_values":[0, 0, 0, 0, 0, 0, 0, 0, 0, 0, 0]}
verify parts: walk=7784958 lengths=29914875 digest=526167
HISTORY_ENGINE_WORK {"state":7,"stage":"verification","available":true,"values":[627, 62354, 7643000, 0, 0, 27, 0, 49, 1538414, 627, 335608, 12534806, 0, 0, 0, 134, 9, 0, 200]}
VERIFY_METADATA_MEMO state=7 cumulative=Counters { hits: 532, misses: 141, source_calls: 46, source_objects: 141, evictions: 0, peak_bytes: 622860, peak_rows: 141 }
VERIFY_STATE_WORK state=7 wall_ns=42856000 paths=1771 sampled=137 authenticated_bytes=1038255 pooled=PoolReadCounters { leaf_requests: 127, chain_edges: 111, physical_record_calls: 476, physical_group_decodes: 0, physical_group_decoded_bytes: 0, physical_group_cache_hits: 476, value_group_decodes: 127, value_group_cache_hits: 7414, value_group_cache_evictions: 0, value_group_evicted_bytes: 0, pack_fetches: 21, pack_bytes: 474513 }
VERIFY_STATE_BEGIN state=8
VERIFY_PHASE_WORK {"stage":"walk","available":true,"sql_values":[202, 36175, 2478000, 0, 0, 31, 0, 37, 1159706, 202, 110203, 627189, 0, 0, 0, 10, 2, 0, 57],"blob_values":[10, 9169, 0, 20, 188943, 188943, 254000, 0, 20, 7962, 0]}
VERIFY_PHASE_WORK {"stage":"file-roots","available":true,"sql_values":[639, 25977, 6580000, 0, 0, 0, 0, 15, 363749, 639, 296215, 16992791, 0, 0, 0, 190, 14, 0, 213],"blob_values":[190, 146584, 0, 432, 14733816, 14733816, 4374752, 0, 380, 191458, 0]}
VERIFY_PHASE_WORK {"stage":"remaining-digest","available":true,"sql_values":[0, 0, 0, 0, 0, 0, 0, 0, 0, 0, 0, 0, 0, 0, 0, 0, 0, 0, 0],"blob_values":[0, 0, 0, 0, 0, 0, 0, 0, 0, 0, 0]}
verify parts: walk=9285167 lengths=35716583 digest=532167
HISTORY_ENGINE_WORK {"state":8,"stage":"verification","available":true,"values":[841, 62152, 9058000, 0, 0, 31, 0, 52, 1523455, 841, 406418, 17619980, 0, 0, 0, 200, 16, 0, 270]}
VERIFY_METADATA_MEMO state=8 cumulative=Counters { hits: 695, misses: 174, source_calls: 53, source_objects: 174, evictions: 0, peak_bytes: 796101, peak_rows: 174 }
VERIFY_STATE_WORK state=8 wall_ns=51417125 paths=2153 sampled=167 authenticated_bytes=1015217 pooled=PoolReadCounters { leaf_requests: 158, chain_edges: 151, physical_record_calls: 618, physical_group_decodes: 0, physical_group_decoded_bytes: 0, physical_group_cache_hits: 618, value_group_decodes: 158, value_group_cache_hits: 9487, value_group_cache_evictions: 0, value_group_evicted_bytes: 0, pack_fetches: 24, pack_bytes: 577793 }
VERIFY_STATE_BEGIN state=9
VERIFY_PHASE_WORK {"stage":"walk","available":true,"sql_values":[161, 9450, 1088000, 0, 0, 23, 0, 20, 542376, 161, 71912, 287905, 0, 0, 0, 11, 2, 0, 46],"blob_values":[11, 7959, 0, 22, 130823, 130823, 85249, 0, 22, 5917, 0]}
VERIFY_PHASE_WORK {"stage":"file-roots","available":true,"sql_values":[666, 12838, 4212000, 0, 0, 0, 0, 14, 265125, 666, 340238, 18091159, 0, 0, 0, 202, 1, 0, 222],"blob_values":[202, 155877, 0, 461, 17481578, 17481578, 3868704, 0, 404, 219039, 0]}
VERIFY_PHASE_WORK {"stage":"remaining-digest","available":true,"sql_values":[0, 0, 0, 0, 0, 0, 0, 0, 0, 0, 0, 0, 0, 0, 0, 0, 0, 0, 0],"blob_values":[0, 0, 0, 0, 0, 0, 0, 0, 0, 0, 0]}
verify parts: walk=5719375 lengths=29950875 digest=505750
HISTORY_ENGINE_WORK {"state":9,"stage":"verification","available":true,"values":[827, 22288, 5300000, 0, 0, 23, 0, 34, 807501, 827, 412150, 18379064, 0, 0, 0, 213, 3, 0, 268]}
VERIFY_METADATA_MEMO state=9 cumulative=Counters { hits: 822, misses: 199, source_calls: 59, source_objects: 199, evictions: 0, peak_bytes: 931693, peak_rows: 199 }
VERIFY_STATE_WORK state=9 wall_ns=40772708 paths=1746 sampled=135 authenticated_bytes=714846 pooled=PoolReadCounters { leaf_requests: 181, chain_edges: 211, physical_record_calls: 784, physical_group_decodes: 0, physical_group_decoded_bytes: 0, physical_group_cache_hits: 784, value_group_decodes: 181, value_group_cache_hits: 11111, value_group_cache_evictions: 0, value_group_evicted_bytes: 0, pack_fetches: 27, pack_bytes: 615818 }
VERIFY_STATE_BEGIN state=10
VERIFY_PHASE_WORK {"stage":"walk","available":true,"sql_values":[160, 14566, 1528000, 0, 0, 22, 0, 29, 754169, 160, 81450, 312442, 0, 0, 0, 13, 2, 0, 46],"blob_values":[13, 11250, 0, 26, 171846, 171846, 48624, 0, 26, 11293, 0]}
VERIFY_PHASE_WORK {"stage":"file-roots","available":true,"sql_values":[783, 16709, 4621000, 0, 0, 0, 0, 10, 212751, 783, 338831, 22584747, 0, 0, 0, 245, 2, 0, 261],"blob_values":[245, 206415, 0, 585, 21790286, 21790286, 5409953, 0, 490, 280500, 0]}
VERIFY_PHASE_WORK {"stage":"remaining-digest","available":true,"sql_values":[0, 0, 0, 0, 0, 0, 0, 0, 0, 0, 0, 0, 0, 0, 0, 0, 0, 0, 0],"blob_values":[0, 0, 0, 0, 0, 0, 0, 0, 0, 0, 0]}
verify parts: walk=6334292 lengths=36654833 digest=443708
HISTORY_ENGINE_WORK {"state":10,"stage":"verification","available":true,"values":[943, 31275, 6149000, 0, 0, 22, 0, 39, 966920, 943, 420281, 22897189, 0, 0, 0, 258, 4, 0, 307]}
VERIFY_METADATA_MEMO state=10 cumulative=Counters { hits: 941, misses: 224, source_calls: 65, source_objects: 224, evictions: 0, peak_bytes: 1064248, peak_rows: 224 }
VERIFY_STATE_WORK state=10 wall_ns=47716083 paths=1659 sampled=128 authenticated_bytes=845384 pooled=PoolReadCounters { leaf_requests: 204, chain_edges: 286, physical_record_calls: 980, physical_group_decodes: 0, physical_group_decoded_bytes: 0, physical_group_cache_hits: 980, value_group_decodes: 203, value_group_cache_hits: 12699, value_group_cache_evictions: 0, value_group_evicted_bytes: 0, pack_fetches: 30, pack_bytes: 665240 }
VERIFY_STATE_BEGIN state=11
VERIFY_PHASE_WORK {"stage":"walk","available":true,"sql_values":[192, 12286, 1994000, 0, 0, 24, 0, 24, 827212, 192, 145162, 782482, 0, 0, 0, 16, 2, 0, 56],"blob_values":[16, 15875, 0, 32, 232162, 232162, 127875, 0, 32, 21834, 0]}
VERIFY_PHASE_WORK {"stage":"file-roots","available":true,"sql_values":[654, 9892, 3389000, 0, 0, 0, 0, 13, 238665, 654, 301342, 16523990, 0, 0, 0, 197, 2, 0, 218],"blob_values":[197, 157124, 0, 472, 16164779, 16164779, 3996593, 0, 394, 218495, 0]}
VERIFY_PHASE_WORK {"stage":"remaining-digest","available":true,"sql_values":[12, 206, 100000, 0, 0, 0, 0, 1, 30042, 12, 7165, 147141, 0, 0, 0, 2, 1, 0, 4],"blob_values":[2, 1541, 0, 5, 122133, 122133, 238958, 0, 4, 3210, 0]}
verify parts: walk=8771208 lengths=28837250 digest=1571542
HISTORY_ENGINE_WORK {"state":11,"stage":"verification","available":true,"values":[858, 22384, 5483000, 0, 0, 24, 0, 38, 1095919, 858, 453669, 17453613, 0, 0, 0, 215, 5, 0, 278]}
VERIFY_METADATA_MEMO state=11 cumulative=Counters { hits: 1110, misses: 255, source_calls: 72, source_objects: 255, evictions: 0, peak_bytes: 1215692, peak_rows: 255 }
VERIFY_STATE_WORK state=11 wall_ns=44942000 paths=2148 sampled=167 authenticated_bytes=1003583 pooled=PoolReadCounters { leaf_requests: 233, chain_edges: 347, physical_record_calls: 1160, physical_group_decodes: 0, physical_group_decoded_bytes: 0, physical_group_cache_hits: 1160, value_group_decodes: 227, value_group_cache_hits: 14510, value_group_cache_evictions: 0, value_group_evicted_bytes: 0, pack_fetches: 34, pack_bytes: 733740 }
VERIFY_STATE_BEGIN state=12
VERIFY_PHASE_WORK {"stage":"walk","available":true,"sql_values":[248, 45121, 2245000, 0, 0, 38, 0, 46, 1389583, 248, 125500, 810972, 0, 0, 0, 15, 2, 0, 70],"blob_values":[15, 12835, 0, 30, 312596, 312596, 507668, 0, 30, 12290, 0]}
VERIFY_PHASE_WORK {"stage":"file-roots","available":true,"sql_values":[642, 28856, 6536000, 0, 0, 0, 0, 13, 388460, 642, 295887, 17456560, 0, 0, 0, 189, 13, 0, 214],"blob_values":[189, 151968, 0, 430, 15065301, 15065301, 5088340, 0, 378, 209296, 0]}
VERIFY_PHASE_WORK {"stage":"remaining-digest","available":true,"sql_values":[9, 207, 77000, 0, 0, 0, 0, 0, 0, 9, 5751, 80747, 0, 0, 0, 1, 1, 0, 3],"blob_values":[1, 834, 0, 2, 66721, 66721, 17501, 0, 2, 1083, 0]}
verify parts: walk=10560750 lengths=36317083 digest=1192917
HISTORY_ENGINE_WORK {"state":12,"stage":"verification","available":true,"values":[899, 74184, 8858000, 0, 0, 38, 0, 59, 1778043, 899, 427138, 18348279, 0, 0, 0, 205, 16, 0, 287]}
VERIFY_METADATA_MEMO state=12 cumulative=Counters { hits: 1294, misses: 296, source_calls: 80, source_objects: 296, evictions: 0, peak_bytes: 1414877, peak_rows: 296 }
VERIFY_STATE_WORK state=12 wall_ns=55154500 paths=2465 sampled=193 authenticated_bytes=1161021 pooled=PoolReadCounters { leaf_requests: 272, chain_edges: 380, physical_record_calls: 1304, physical_group_decodes: 0, physical_group_decoded_bytes: 0, physical_group_cache_hits: 1304, value_group_decodes: 266, value_group_cache_hits: 16887, value_group_cache_evictions: 0, value_group_evicted_bytes: 0, pack_fetches: 38, pack_bytes: 890822 }
VERIFY_STATE_BEGIN state=13
VERIFY_PHASE_WORK {"stage":"walk","available":true,"sql_values":[240, 26286, 1842000, 0, 0, 36, 0, 38, 1101835, 240, 132539, 680491, 0, 0, 0, 17, 2, 0, 68],"blob_values":[17, 14543, 0, 34, 303273, 303273, 325792, 0, 34, 13166, 0]}
VERIFY_PHASE_WORK {"stage":"file-roots","available":true,"sql_values":[1152, 29226, 7872000, 0, 0, 0, 0, 20, 444581, 1152, 524429, 32793183, 0, 0, 0, 343, 10, 0, 384],"blob_values":[343, 264919, 0, 819, 30676369, 30676369, 8018925, 0, 686, 370580, 0]}
VERIFY_PHASE_WORK {"stage":"remaining-digest","available":true,"sql_values":[0, 0, 0, 0, 0, 0, 0, 0, 0, 0, 0, 0, 0, 0, 0, 0, 0, 0, 0],"blob_values":[0, 0, 0, 0, 0, 0, 0, 0, 0, 0, 0]}
verify parts: walk=9443250 lengths=53771542 digest=520958
HISTORY_ENGINE_WORK {"state":13,"stage":"verification","available":true,"values":[1392, 55512, 9714000, 0, 0, 36, 0, 58, 1546416, 1392, 656968, 33473674, 0, 0, 0, 360, 12, 0, 452]}
VERIFY_METADATA_MEMO state=13 cumulative=Counters { hits: 1484, misses: 338, source_calls: 89, source_objects: 338, evictions: 0, peak_bytes: 1614146, peak_rows: 338 }
VERIFY_STATE_WORK state=13 wall_ns=70846125 paths=2465 sampled=194 authenticated_bytes=1197296 pooled=PoolReadCounters { leaf_requests: 312, chain_edges: 415, physical_record_calls: 1454, physical_group_decodes: 1, physical_group_decoded_bytes: 49147, physical_group_cache_hits: 1454, value_group_decodes: 306, value_group_cache_hits: 19263, value_group_cache_evictions: 38, value_group_evicted_bytes: 34967, pack_fetches: 42, pack_bytes: 1006356 }
VERIFY_STATE_BEGIN state=14
VERIFY_PHASE_WORK {"stage":"walk","available":true,"sql_values":[363, 49604, 4885000, 0, 0, 45, 0, 66, 1963588, 363, 224747, 2167965, 0, 0, 0, 19, 2, 0, 106],"blob_values":[19, 27502, 0, 38, 385159, 385159, 453167, 0, 38, 19335, 0]}
VERIFY_PHASE_WORK {"stage":"file-roots","available":true,"sql_values":[1095, 33105, 7822000, 0, 0, 0, 0, 21, 482750, 1095, 498403, 29740066, 0, 0, 0, 324, 11, 0, 365],"blob_values":[324, 251125, 0, 763, 27357749, 27357749, 6864095, 0, 648, 350474, 0]}
VERIFY_PHASE_WORK {"stage":"remaining-digest","available":true,"sql_values":[0, 0, 0, 0, 0, 0, 0, 0, 0, 0, 0, 0, 0, 0, 0, 0, 0, 0, 0],"blob_values":[0, 0, 0, 0, 0, 0, 0, 0, 0, 0, 0]}
verify parts: walk=17576958 lengths=50553042 digest=637042
HISTORY_ENGINE_WORK {"state":14,"stage":"verification","available":true,"values":[1458, 82709, 12707000, 0, 0, 45, 0, 87, 2446338, 1458, 723150, 31908031, 0, 0, 0, 343, 13, 0, 471]}
VERIFY_METADATA_MEMO state=14 cumulative=Counters { hits: 1712, misses: 387, source_calls: 98, source_objects: 387, evictions: 0, peak_bytes: 1847173, peak_rows: 387 }
VERIFY_STATE_WORK state=14 wall_ns=77217166 paths=2825 sampled=226 authenticated_bytes=1260887 pooled=PoolReadCounters { leaf_requests: 359, chain_edges: 484, physical_record_calls: 1686, physical_group_decodes: 10, physical_group_decoded_bytes: 283469, physical_group_cache_hits: 1686, value_group_decodes: 353, value_group_cache_hits: 22042, value_group_cache_evictions: 99, value_group_evicted_bytes: 111325, pack_fetches: 46, pack_bytes: 1147510 }
VERIFY_STATE_BEGIN state=15
VERIFY_PHASE_WORK {"stage":"walk","available":true,"sql_values":[242, 17250, 2061000, 0, 0, 35, 0, 28, 714123, 242, 127466, 839741, 0, 0, 0, 19, 2, 0, 69],"blob_values":[19, 16706, 0, 38, 312031, 312031, 90917, 0, 38, 15126, 0]}
VERIFY_PHASE_WORK {"stage":"file-roots","available":true,"sql_values":[1209, 22097, 6914000, 0, 0, 0, 0, 18, 471084, 1209, 586670, 33700192, 0, 0, 0, 363, 3, 0, 403],"blob_values":[363, 319078, 0, 892, 32589061, 32589061, 8814751, 0, 726, 474745, 0]}
VERIFY_PHASE_WORK {"stage":"remaining-digest","available":true,"sql_values":[30, 660, 259000, 0, 0, 0, 0, 2, 60750, 30, 23001, 336322, 0, 0, 0, 5, 3, 0, 10],"blob_values":[5, 4625, 0, 10, 269934, 269934, 857375, 0, 10, 8125, 0]}
verify parts: walk=10492833 lengths=55015750 digest=3614167
HISTORY_ENGINE_WORK {"state":15,"stage":"verification","available":true,"values":[1481, 40007, 9234000, 0, 0, 35, 0, 48, 1245957, 1481, 737137, 34876255, 0, 0, 0, 387, 8, 0, 482]}
VERIFY_METADATA_MEMO state=15 cumulative=Counters { hits: 1915, misses: 428, source_calls: 107, source_objects: 428, evictions: 0, peak_bytes: 2052473, peak_rows: 428 }
VERIFY_STATE_WORK state=15 wall_ns=76920542 paths=2590 sampled=204 authenticated_bytes=1320183 pooled=PoolReadCounters { leaf_requests: 398, chain_edges: 573, physical_record_calls: 1942, physical_group_decodes: 17, physical_group_decoded_bytes: 464970, physical_group_cache_hits: 1942, value_group_decodes: 396, value_group_cache_hits: 24490, value_group_cache_evictions: 124, value_group_evicted_bytes: 148117, pack_fetches: 49, pack_bytes: 1203058 }
VERIFY_STATE_BEGIN state=16
VERIFY_PHASE_WORK {"stage":"walk","available":true,"sql_values":[368, 68616, 4027000, 0, 0, 59, 0, 65, 2342043, 368, 243427, 1583514, 0, 0, 0, 23, 3, 0, 103],"blob_values":[23, 23500, 0, 46, 590830, 590830, 621163, 0, 46, 21626, 0]}
VERIFY_PHASE_WORK {"stage":"file-roots","available":true,"sql_values":[1347, 47681, 11789000, 0, 0, 0, 0, 28, 973752, 1347, 708623, 37186421, 0, 0, 0, 398, 22, 0, 449],"blob_values":[398, 344515, 0, 942, 34127443, 34127443, 11902341, 0, 796, 514045, 0]}
VERIFY_PHASE_WORK {"stage":"remaining-digest","available":true,"sql_values":[0, 0, 0, 0, 0, 0, 0, 0, 0, 0, 0, 0, 0, 0, 0, 0, 0, 0, 0],"blob_values":[0, 0, 0, 0, 0, 0, 0, 0, 0, 0, 0]}
verify parts: walk=20811958 lengths=74752792 digest=721666
HISTORY_ENGINE_WORK {"state":16,"stage":"verification","available":true,"values":[1715, 116297, 15816000, 0, 0, 59, 0, 93, 3315795, 1715, 952050, 38769935, 0, 0, 0, 421, 25, 0, 552]}
VERIFY_METADATA_MEMO state=16 cumulative=Counters { hits: 2195, misses: 490, source_calls: 117, source_objects: 490, evictions: 66, peak_bytes: 2096844, peak_rows: 437 }
VERIFY_STATE_WORK state=16 wall_ns=109022125 paths=3654 sampled=296 authenticated_bytes=1867927 pooled=PoolReadCounters { leaf_requests: 458, chain_edges: 676, physical_record_calls: 2268, physical_group_decodes: 33, physical_group_decoded_bytes: 931842, physical_group_cache_hits: 2268, value_group_decodes: 529, value_group_cache_hits: 27962, value_group_cache_evictions: 285, value_group_evicted_bytes: 415151, pack_fetches: 55, pack_bytes: 1443598 }
VERIFY_STATE_BEGIN state=17
VERIFY_PHASE_WORK {"stage":"walk","available":true,"sql_values":[331, 23384, 3082000, 0, 0, 52, 0, 44, 1459960, 331, 186069, 769275, 0, 0, 0, 23, 2, 0, 93],"blob_values":[23, 24540, 0, 46, 481145, 481145, 395914, 0, 46, 19832, 0]}
VERIFY_PHASE_WORK {"stage":"file-roots","available":true,"sql_values":[1518, 31164, 10008000, 0, 0, 0, 0, 26, 836793, 1518, 717589, 43073350, 0, 0, 0, 450, 5, 0, 506],"blob_values":[450, 391244, 0, 1104, 41057615, 41057615, 10722061, 0, 900, 708207, 0]}
VERIFY_PHASE_WORK {"stage":"remaining-digest","available":true,"sql_values":[0, 0, 0, 0, 0, 0, 0, 0, 0, 0, 0, 0, 0, 0, 0, 0, 0, 0, 0],"blob_values":[0, 0, 0, 0, 0, 0, 0, 0, 0, 0, 0]}
verify parts: walk=23427333 lengths=71457250 digest=687250
HISTORY_ENGINE_WORK {"state":17,"stage":"verification","available":true,"values":[1849, 54548, 13090000, 0, 0, 52, 0, 70, 2296753, 1849, 903658, 43842625, 0, 0, 0, 473, 7, 0, 599]}
VERIFY_METADATA_MEMO state=17 cumulative=Counters { hits: 2481, misses: 546, source_calls: 127, source_objects: 546, evictions: 125, peak_bytes: 2097090, peak_rows: 437 }
VERIFY_STATE_WORK state=17 wall_ns=108572250 paths=3734 sampled=303 authenticated_bytes=1641637 pooled=PoolReadCounters { leaf_requests: 512, chain_edges: 813, physical_record_calls: 2650, physical_group_decodes: 53, physical_group_decoded_bytes: 1465187, physical_group_cache_hits: 2650, value_group_decodes: 812, value_group_cache_hits: 31203, value_group_cache_evictions: 551, value_group_evicted_bytes: 911843, pack_fetches: 59, pack_bytes: 1551866 }
VERIFY_STATE_BEGIN state=18
VERIFY_PHASE_WORK {"stage":"walk","available":true,"sql_values":[454, 90485, 4221000, 0, 0, 76, 0, 65, 2111743, 454, 251673, 1831663, 0, 0, 0, 27, 3, 0, 126],"blob_values":[27, 27919, 0, 54, 793773, 793773, 696042, 0, 54, 30042, 0]}
VERIFY_PHASE_WORK {"stage":"file-roots","available":true,"sql_values":[1701, 67313, 13863000, 0, 0, 0, 0, 32, 899795, 1701, 800819, 53269218, 0, 0, 0, 500, 23, 0, 567],"blob_values":[500, 418499, 0, 1259, 48990969, 48990969, 13735644, 0, 1000, 622625, 0]}
VERIFY_PHASE_WORK {"stage":"remaining-digest","available":true,"sql_values":[0, 0, 0, 0, 0, 0, 0, 0, 0, 0, 0, 0, 0, 0, 0, 0, 0, 0, 0],"blob_values":[0, 0, 0, 0, 0, 0, 0, 0, 0, 0, 0]}
verify parts: walk=29626875 lengths=91567458 digest=902125
HISTORY_ENGINE_WORK {"state":18,"stage":"verification","available":true,"values":[2155, 157798, 18084000, 0, 0, 76, 0, 97, 3011538, 2155, 1052492, 55100881, 0, 0, 0, 527, 26, 0, 693]}
VERIFY_METADATA_MEMO state=18 cumulative=Counters { hits: 2839, misses: 625, source_calls: 137, source_objects: 625, evictions: 202, peak_bytes: 2097152, peak_rows: 437 }
VERIFY_STATE_WORK state=18 wall_ns=140532333 paths=4763 sampled=402 authenticated_bytes=1826678 pooled=PoolReadCounters { leaf_requests: 589, chain_edges: 927, physical_record_calls: 3032, physical_group_decodes: 80, physical_group_decoded_bytes: 2211073, physical_group_cache_hits: 3032, value_group_decodes: 1156, value_group_cache_hits: 35623, value_group_cache_evictions: 920, value_group_evicted_bytes: 1582859, pack_fetches: 65, pack_bytes: 1859980 }
VERIFY_STATE_BEGIN state=19
VERIFY_PHASE_WORK {"stage":"walk","available":true,"sql_values":[572, 63157, 5840000, 0, 0, 74, 0, 86, 2296538, 572, 371170, 3069626, 0, 0, 0, 28, 2, 0, 166],"blob_values":[28, 28046, 0, 56, 745124, 745124, 630333, 0, 56, 30623, 0]}
VERIFY_PHASE_WORK {"stage":"file-roots","available":true,"sql_values":[1911, 47303, 12679000, 0, 0, 0, 0, 37, 907169, 1911, 856846, 59766244, 0, 0, 0, 570, 14, 0, 637],"blob_values":[570, 465269, 0, 1443, 55893946, 55893946, 14397980, 0, 1140, 779059, 0]}
VERIFY_PHASE_WORK {"stage":"remaining-digest","available":true,"sql_values":[0, 0, 0, 0, 0, 0, 0, 0, 0, 0, 0, 0, 0, 0, 0, 0, 0, 0, 0],"blob_values":[0, 0, 0, 0, 0, 0, 0, 0, 0, 0, 0]}
verify parts: walk=38437666 lengths=95160500 digest=1155917
HISTORY_ENGINE_WORK {"state":19,"stage":"verification","available":true,"values":[2483, 110460, 18519000, 0, 0, 74, 0, 123, 3203707, 2483, 1228016, 62835870, 0, 0, 0, 598, 16, 0, 803]}
VERIFY_METADATA_MEMO state=19 cumulative=Counters { hits: 3247, misses: 704, source_calls: 147, source_objects: 704, evictions: 281, peak_bytes: 2097152, peak_rows: 437 }
VERIFY_STATE_WORK state=19 wall_ns=154961625 paths=5065 sampled=428 authenticated_bytes=1869467 pooled=PoolReadCounters { leaf_requests: 666, chain_edges: 1073, physical_record_calls: 3478, physical_group_decodes: 119, physical_group_decoded_bytes: 3319208, physical_group_cache_hits: 3478, value_group_decodes: 1550, value_group_cache_hits: 40045, value_group_cache_evictions: 1307, value_group_evicted_bytes: 2324320, pack_fetches: 69, pack_bytes: 2043564 }
VERIFY_STATE_BEGIN state=20
VERIFY_PHASE_WORK {"stage":"walk","available":true,"sql_values":[447, 32963, 3085000, 0, 0, 72, 0, 61, 1714089, 447, 222629, 1128089, 0, 0, 0, 28, 2, 0, 125],"blob_values":[28, 23251, 0, 56, 725699, 725699, 529418, 0, 56, 18131, 0]}
VERIFY_PHASE_WORK {"stage":"file-roots","available":true,"sql_values":[2178, 42084, 12123000, 0, 0, 0, 0, 30, 734916, 2178, 1012679, 72731858, 0, 0, 0, 664, 5, 0, 726],"blob_values":[664, 533530, 0, 1787, 69984551, 69984551, 17901421, 0, 1328, 790334, 0]}
VERIFY_PHASE_WORK {"stage":"remaining-digest","available":true,"sql_values":[0, 0, 0, 0, 0, 0, 0, 0, 0, 0, 0, 0, 0, 0, 0, 0, 0, 0, 0],"blob_values":[0, 0, 0, 0, 0, 0, 0, 0, 0, 0, 0]}
verify parts: walk=34013250 lengths=104075167 digest=961375
HISTORY_ENGINE_WORK {"state":20,"stage":"verification","available":true,"values":[2625, 75047, 15208000, 0, 0, 72, 0, 91, 2449005, 2625, 1235308, 73859947, 0, 0, 0, 692, 7, 0, 851]}
VERIFY_METADATA_MEMO state=20 cumulative=Counters { hits: 3665, misses: 779, source_calls: 157, source_objects: 779, evictions: 363, peak_bytes: 2097152, peak_rows: 437 }
VERIFY_STATE_WORK state=20 wall_ns=159769375 paths=5140 sampled=434 authenticated_bytes=1629146 pooled=PoolReadCounters { leaf_requests: 739, chain_edges: 1251, physical_record_calls: 3980, physical_group_decodes: 164, physical_group_decoded_bytes: 4664960, physical_group_cache_hits: 3977, value_group_decodes: 2010, value_group_cache_hits: 44376, value_group_cache_evictions: 1745, value_group_evicted_bytes: 3117173, pack_fetches: 73, pack_bytes: 2180164 }
VERIFY_STATE_BEGIN state=21
VERIFY_PHASE_WORK {"stage":"walk","available":true,"sql_values":[489, 42570, 3975000, 0, 0, 81, 0, 64, 1833084, 489, 328839, 1332623, 0, 0, 0, 25, 2, 0, 136],"blob_values":[25, 27213, 0, 50, 732897, 732897, 711375, 0, 50, 20872, 0]}
VERIFY_PHASE_WORK {"stage":"file-roots","available":true,"sql_values":[2481, 52703, 15022000, 0, 0, 0, 0, 34, 981417, 2481, 1159918, 82089085, 0, 0, 0, 755, 7, 0, 827],"blob_values":[755, 601154, 0, 1991, 78108946, 78108946, 19641713, 0, 1510, 930399, 0]}
VERIFY_PHASE_WORK {"stage":"remaining-digest","available":true,"sql_values":[0, 0, 0, 0, 0, 0, 0, 0, 0, 0, 0, 0, 0, 0, 0, 0, 0, 0, 0],"blob_values":[0, 0, 0, 0, 0, 0, 0, 0, 0, 0, 0]}
verify parts: walk=37528709 lengths=118968083 digest=1593667
HISTORY_ENGINE_WORK {"state":21,"stage":"verification","available":true,"values":[2970, 95273, 18997000, 0, 0, 81, 0, 98, 2814501, 2970, 1488757, 83421708, 0, 0, 0, 780, 9, 0, 963]}
VERIFY_METADATA_MEMO state=21 cumulative=Counters { hits: 4107, misses: 862, source_calls: 167, source_objects: 862, evictions: 450, peak_bytes: 2097152, peak_rows: 437 }
VERIFY_STATE_WORK state=21 wall_ns=180542625 paths=5383 sampled=455 authenticated_bytes=1966901 pooled=PoolReadCounters { leaf_requests: 820, chain_edges: 1419, physical_record_calls: 4478, physical_group_decodes: 202, physical_group_decoded_bytes: 5860624, physical_group_cache_hits: 4475, value_group_decodes: 2521, value_group_cache_hits: 49039, value_group_cache_evictions: 2244, value_group_evicted_bytes: 3976894, pack_fetches: 77, pack_bytes: 2359174 }
VERIFY_STATE_BEGIN state=22
VERIFY_PHASE_WORK {"stage":"walk","available":true,"sql_values":[378, 30679, 4960000, 0, 0, 33, 0, 47, 1139881, 378, 293998, 3195840, 0, 0, 0, 24, 2, 0, 115],"blob_values":[24, 26295, 0, 48, 568624, 568624, 243039, 0, 48, 23668, 0]}
VERIFY_PHASE_WORK {"stage":"file-roots","available":true,"sql_values":[2109, 31587, 11662000, 0, 0, 0, 0, 33, 811665, 2109, 982685, 68697549, 0, 0, 0, 640, 3, 0, 703],"blob_values":[640, 512126, 0, 1706, 66645023, 66645023, 18637099, 0, 1280, 768630, 0]}
VERIFY_PHASE_WORK {"stage":"remaining-digest","available":true,"sql_values":[0, 0, 0, 0, 0, 0, 0, 0, 0, 0, 0, 0, 0, 0, 0, 0, 0, 0, 0],"blob_values":[0, 0, 0, 0, 0, 0, 0, 0, 0, 0, 0]}
verify parts: walk=37044667 lengths=97877333 digest=1176833
HISTORY_ENGINE_WORK {"state":22,"stage":"verification","available":true,"values":[2487, 62266, 16622000, 0, 0, 33, 0, 80, 1951546, 2487, 1276683, 71893389, 0, 0, 0, 664, 5, 0, 818]}
VERIFY_METADATA_MEMO state=22 cumulative=Counters { hits: 4577, misses: 923, source_calls: 176, source_objects: 923, evictions: 516, peak_bytes: 2097152, peak_rows: 437 }
VERIFY_STATE_WORK state=22 wall_ns=157872292 paths=5399 sampled=456 authenticated_bytes=1544118 pooled=PoolReadCounters { leaf_requests: 879, chain_edges: 1579, physical_record_calls: 4916, physical_group_decodes: 232, physical_group_decoded_bytes: 6763049, physical_group_cache_hits: 4913, value_group_decodes: 2919, value_group_cache_hits: 52558, value_group_cache_evictions: 2626, value_group_evicted_bytes: 4632872, pack_fetches: 80, pack_bytes: 2406131 }
VERIFY_STATE_BEGIN state=23
VERIFY_PHASE_WORK {"stage":"walk","available":true,"sql_values":[554, 48481, 3926000, 0, 0, 83, 0, 76, 1968659, 554, 294341, 1542619, 0, 0, 0, 27, 2, 0, 157],"blob_values":[27, 22957, 0, 54, 792197, 792197, 714453, 0, 54, 20622, 0]}
VERIFY_PHASE_WORK {"stage":"file-roots","available":true,"sql_values":[2058, 47644, 12185000, 0, 0, 0, 0, 25, 713124, 2058, 908030, 69574554, 0, 0, 0, 620, 8, 0, 686],"blob_values":[620, 479626, 0, 1684, 66163500, 66163500, 17722295, 0, 1240, 756182, 0]}
VERIFY_PHASE_WORK {"stage":"remaining-digest","available":true,"sql_values":[0, 0, 0, 0, 0, 0, 0, 0, 0, 0, 0, 0, 0, 0, 0, 0, 0, 0, 0],"blob_values":[0, 0, 0, 0, 0, 0, 0, 0, 0, 0, 0]}
verify parts: walk=41787292 lengths=100838917 digest=1258375
HISTORY_ENGINE_WORK {"state":23,"stage":"verification","available":true,"values":[2612, 96125, 16111000, 0, 0, 83, 0, 101, 2681783, 2612, 1202371, 71117173, 0, 0, 0, 647, 10, 0, 843]}
VERIFY_METADATA_MEMO state=23 cumulative=Counters { hits: 5054, misses: 1008, source_calls: 187, source_objects: 1008, evictions: 604, peak_bytes: 2097152, peak_rows: 437 }
VERIFY_STATE_WORK state=23 wall_ns=167520417 paths=5641 sampled=477 authenticated_bytes=1618347 pooled=PoolReadCounters { leaf_requests: 962, chain_edges: 1817, physical_record_calls: 5558, physical_group_decodes: 276, physical_group_decoded_bytes: 8181013, physical_group_cache_hits: 5549, value_group_decodes: 3512, value_group_cache_hits: 57357, value_group_cache_evictions: 3232, value_group_evicted_bytes: 5627132, pack_fetches: 83, pack_bytes: 2551178 }
VERIFY_STATE_BEGIN state=24
VERIFY_PHASE_WORK {"stage":"walk","available":true,"sql_values":[532, 48703, 4549000, 0, 0, 85, 0, 76, 2522706, 532, 296750, 1449624, 0, 0, 0, 30, 2, 0, 149],"blob_values":[30, 44666, 0, 60, 872792, 872792, 733378, 0, 60, 31253, 0]}
VERIFY_PHASE_WORK {"stage":"file-roots","available":true,"sql_values":[3219, 61707, 18015000, 0, 0, 0, 0, 37, 905875, 3219, 1511153, 90902186, 0, 0, 0, 804, 10, 0, 1073],"blob_values":[804, 637143, 0, 2153, 87171174, 87171174, 21865568, 0, 1608, 946897, 0]}
VERIFY_PHASE_WORK {"stage":"remaining-digest","available":true,"sql_values":[0, 0, 0, 0, 0, 0, 0, 0, 0, 0, 0, 0, 0, 0, 0, 0, 0, 0, 0],"blob_values":[0, 0, 0, 0, 0, 0, 0, 0, 0, 0, 0]}
verify parts: walk=48347416 lengths=132024417 digest=1116792
HISTORY_ENGINE_WORK {"state":24,"stage":"verification","available":true,"values":[3751, 110410, 22564000, 0, 0, 85, 0, 113, 3428581, 3751, 1807903, 92351810, 0, 0, 0, 834, 12, 0, 1222]}
VERIFY_METADATA_MEMO state=24 cumulative=Counters { hits: 5574, misses: 1095, source_calls: 199, source_objects: 1095, evictions: 692, peak_bytes: 2097152, peak_rows: 437 }
VERIFY_STATE_WORK state=24 wall_ns=207378042 paths=5880 sampled=497 authenticated_bytes=2067384 pooled=PoolReadCounters { leaf_requests: 1047, chain_edges: 2103, physical_record_calls: 6300, physical_group_decodes: 312, physical_group_decoded_bytes: 9369012, physical_group_cache_hits: 6291, value_group_decodes: 4137, value_group_cache_hits: 62240, value_group_cache_evictions: 3845, value_group_evicted_bytes: 6629422, pack_fetches: 86, pack_bytes: 2698306 }
VERIFY_STATE_BEGIN state=25
VERIFY_PHASE_WORK {"stage":"walk","available":true,"sql_values":[654, 49133, 7178000, 0, 0, 75, 0, 73, 1819953, 654, 432178, 3840493, 0, 0, 0, 30, 2, 0, 193],"blob_values":[30, 30791, 0, 60, 805815, 805815, 623539, 0, 60, 30044, 0]}
VERIFY_PHASE_WORK {"stage":"file-roots","available":true,"sql_values":[2949, 47877, 18181000, 0, 0, 0, 0, 39, 826129, 2949, 1295119, 97063372, 0, 0, 0, 899, 4, 0, 983],"blob_values":[899, 689509, 0, 2393, 94904068, 94904068, 21753375, 0, 1798, 996547, 0]}
VERIFY_PHASE_WORK {"stage":"remaining-digest","available":true,"sql_values":[3, 19, 25000, 0, 0, 0, 0, 0, 0, 3, 1125, 42941, 0, 0, 0, 1, 0, 0, 1],"blob_values":[1, 833, 0, 2, 38987, 38987, 10999, 0, 2, 833, 0]}
verify parts: walk=53965500 lengths=134784000 digest=1257917
HISTORY_ENGINE_WORK {"state":25,"stage":"verification","available":true,"values":[3606, 97029, 25384000, 0, 0, 75, 0, 112, 2646082, 3606, 1728422, 100946806, 0, 0, 0, 930, 6, 0, 1177]}
VERIFY_METADATA_MEMO state=25 cumulative=Counters { hits: 6124, misses: 1175, source_calls: 210, source_objects: 1175, evictions: 776, peak_bytes: 2097152, peak_rows: 437 }
VERIFY_STATE_WORK state=25 wall_ns=215680500 paths=5951 sampled=503 authenticated_bytes=2203704 pooled=PoolReadCounters { leaf_requests: 1125, chain_edges: 2357, physical_record_calls: 6964, physical_group_decodes: 357, physical_group_decoded_bytes: 10816442, physical_group_cache_hits: 6949, value_group_decodes: 4802, value_group_cache_hits: 66813, value_group_cache_evictions: 4497, value_group_evicted_bytes: 7638063, pack_fetches: 90, pack_bytes: 2815576 }
VERIFY_STATE_BEGIN state=26
VERIFY_PHASE_WORK {"stage":"walk","available":true,"sql_values":[257, 8457, 2255000, 0, 0, 26, 0, 20, 530582, 257, 141205, 1179546, 0, 0, 0, 27, 2, 0, 77],"blob_values":[27, 25374, 0, 54, 651010, 651010, 210456, 0, 54, 21081, 0]}
VERIFY_PHASE_WORK {"stage":"file-roots","available":true,"sql_values":[1452, 19086, 6996000, 0, 0, 0, 0, 23, 406421, 1452, 613991, 49678866, 0, 0, 0, 441, 1, 0, 484],"blob_values":[441, 328129, 0, 1206, 49062655, 49062655, 10691907, 0, 882, 510581, 0]}
VERIFY_PHASE_WORK {"stage":"remaining-digest","available":true,"sql_values":[0, 0, 0, 0, 0, 0, 0, 0, 0, 0, 0, 0, 0, 0, 0, 0, 0, 0, 0],"blob_values":[0, 0, 0, 0, 0, 0, 0, 0, 0, 0, 0]}
verify parts: walk=31578125 lengths=66491083 digest=1092667
HISTORY_ENGINE_WORK {"state":26,"stage":"verification","available":true,"values":[1709, 27543, 9251000, 0, 0, 26, 0, 43, 937003, 1709, 755196, 50858412, 0, 0, 0, 468, 3, 0, 561]}
VERIFY_METADATA_MEMO state=26 cumulative=Counters { hits: 6598, misses: 1220, source_calls: 218, source_objects: 1220, evictions: 824, peak_bytes: 2097152, peak_rows: 437 }
VERIFY_STATE_WORK state=26 wall_ns=121188125 paths=5358 sampled=453 authenticated_bytes=1284693 pooled=PoolReadCounters { leaf_requests: 1168, chain_edges: 2520, physical_record_calls: 7376, physical_group_decodes: 391, physical_group_decoded_bytes: 11935444, physical_group_cache_hits: 7361, value_group_decodes: 5147, value_group_cache_hits: 69429, value_group_cache_evictions: 4830, value_group_evicted_bytes: 8170671, pack_fetches: 93, pack_bytes: 2854103 }
VERIFY_STATE_BEGIN state=27
VERIFY_PHASE_WORK {"stage":"walk","available":true,"sql_values":[412, 19644, 3540000, 0, 0, 46, 0, 35, 894458, 412, 254543, 1894889, 0, 0, 0, 34, 2, 0, 122],"blob_values":[34, 31292, 0, 68, 961019, 961019, 390664, 0, 68, 29956, 0]}
VERIFY_PHASE_WORK {"stage":"file-roots","available":true,"sql_values":[2232, 30536, 12453000, 0, 0, 0, 0, 30, 686962, 2232, 967298, 76395199, 0, 0, 0, 691, 3, 0, 744],"blob_values":[691, 545502, 0, 1893, 75288184, 75288184, 17800506, 0, 1382, 834695, 0]}
VERIFY_PHASE_WORK {"stage":"remaining-digest","available":true,"sql_values":[0, 0, 0, 0, 0, 0, 0, 0, 0, 0, 0, 0, 0, 0, 0, 0, 0, 0, 0],"blob_values":[0, 0, 0, 0, 0, 0, 0, 0, 0, 0, 0]}
verify parts: walk=39533833 lengths=104797500 digest=1216333
HISTORY_ENGINE_WORK {"state":27,"stage":"verification","available":true,"values":[2644, 50180, 15993000, 0, 0, 46, 0, 65, 1581420, 2644, 1221841, 78290088, 0, 0, 0, 725, 5, 0, 866]}
VERIFY_METADATA_MEMO state=27 cumulative=Counters { hits: 7152, misses: 1272, source_calls: 229, source_objects: 1272, evictions: 877, peak_bytes: 2097152, peak_rows: 437 }
VERIFY_STATE_WORK state=27 wall_ns=170918917 paths=5987 sampled=506 authenticated_bytes=1717677 pooled=PoolReadCounters { leaf_requests: 1218, chain_edges: 2640, physical_record_calls: 7716, physical_group_decodes: 464, physical_group_decoded_bytes: 14863591, physical_group_cache_hits: 7667, value_group_decodes: 5579, value_group_cache_hits: 72339, value_group_cache_evictions: 5253, value_group_evicted_bytes: 8804238, pack_fetches: 97, pack_bytes: 2975123 }
VERIFY_STATE_BEGIN state=28
VERIFY_PHASE_WORK {"stage":"walk","available":true,"sql_values":[517, 34853, 6291000, 0, 0, 46, 0, 47, 1165459, 517, 361761, 3453225, 0, 0, 0, 32, 2, 0, 157],"blob_values":[32, 30041, 0, 64, 819141, 819141, 298208, 0, 64, 30790, 0]}
VERIFY_PHASE_WORK {"stage":"file-roots","available":true,"sql_values":[2472, 35636, 17152000, 0, 0, 0, 0, 34, 812669, 2472, 1139480, 83953138, 0, 0, 0, 758, 2, 0, 824],"blob_values":[758, 615425, 0, 2066, 82368605, 82368605, 20804881, 0, 1516, 998918, 0]}
VERIFY_PHASE_WORK {"stage":"remaining-digest","available":true,"sql_values":[45, 795, 464000, 0, 0, 0, 0, 2, 84874, 45, 31750, 703039, 0, 0, 0, 9, 9, 0, 15],"blob_values":[9, 8584, 0, 22, 596624, 596624, 1735539, 0, 18, 12000, 0]}
verify parts: walk=44896500 lengths=118718709 digest=5729750
HISTORY_ENGINE_WORK {"state":28,"stage":"verification","available":true,"values":[3034, 71284, 23907000, 0, 0, 46, 0, 83, 2063002, 3034, 1532991, 88109402, 0, 0, 0, 799, 13, 0, 996]}
VERIFY_METADATA_MEMO state=28 cumulative=Counters { hits: 7714, misses: 1322, source_calls: 240, source_objects: 1322, evictions: 932, peak_bytes: 2097152, peak_rows: 437 }
VERIFY_STATE_WORK state=28 wall_ns=195792708 paths=6027 sampled=509 authenticated_bytes=2086673 pooled=PoolReadCounters { leaf_requests: 1266, chain_edges: 2777, physical_record_calls: 8086, physical_group_decodes: 524, physical_group_decoded_bytes: 16877043, physical_group_cache_hits: 8027, value_group_decodes: 6041, value_group_cache_hits: 75242, value_group_cache_evictions: 5718, value_group_evicted_bytes: 9475838, pack_fetches: 100, pack_bytes: 3027186 }
VERIFY_STATE_BEGIN state=29
VERIFY_PHASE_WORK {"stage":"walk","available":true,"sql_values":[780, 81775, 7301000, 0, 0, 99, 0, 113, 3311211, 780, 486253, 2447299, 0, 0, 0, 38, 3, 0, 227],"blob_values":[38, 36959, 0, 76, 1218409, 1218409, 1193292, 0, 76, 35331, 0]}
VERIFY_PHASE_WORK {"stage":"file-roots","available":true,"sql_values":[2655, 72635, 18060000, 0, 0, 0, 0, 44, 1193998, 2655, 1178929, 89359783, 0, 0, 0, 808, 25, 0, 885],"blob_values":[808, 676270, 0, 2155, 85001127, 85001127, 23180116, 0, 1616, 893809, 0]}
VERIFY_PHASE_WORK {"stage":"remaining-digest","available":true,"sql_values":[72, 2056, 653000, 0, 0, 0, 0, 4, 94375, 72, 39872, 1883850, 0, 0, 0, 16, 4, 0, 24],"blob_values":[16, 12334, 0, 41, 1568895, 1568895, 1679163, 0, 32, 18045, 0]}
verify parts: walk=59935833 lengths=136169917 digest=8679416
HISTORY_ENGINE_WORK {"state":29,"stage":"verification","available":true,"values":[3507, 156466, 26014000, 0, 0, 99, 0, 161, 4599584, 3507, 1705054, 93690932, 0, 0, 0, 862, 32, 0, 1136]}
VERIFY_METADATA_MEMO state=29 cumulative=Counters { hits: 8298, misses: 1423, source_calls: 253, source_objects: 1423, evictions: 1032, peak_bytes: 2097152, peak_rows: 437 }
VERIFY_STATE_WORK state=29 wall_ns=235819375 paths=6647 sampled=566 authenticated_bytes=3244398 pooled=PoolReadCounters { leaf_requests: 1365, chain_edges: 3070, physical_record_calls: 8870, physical_group_decodes: 613, physical_group_decoded_bytes: 20179120, physical_group_cache_hits: 8791, value_group_decodes: 6813, value_group_cache_hits: 80868, value_group_cache_evictions: 6515, value_group_evicted_bytes: 10693989, pack_fetches: 106, pack_bytes: 3319258 }
VERIFY_STATE_BEGIN state=30
VERIFY_PHASE_WORK {"stage":"walk","available":true,"sql_values":[479, 25688, 3638000, 0, 0, 71, 0, 45, 1457163, 479, 236006, 1392867, 0, 0, 0, 36, 2, 0, 136],"blob_values":[36, 33169, 0, 72, 1009965, 1009965, 456915, 0, 72, 29539, 0]}
VERIFY_PHASE_WORK {"stage":"file-roots","available":true,"sql_values":[2811, 46973, 15390000, 0, 0, 0, 0, 43, 1002790, 2811, 1312467, 87552826, 0, 0, 0, 769, 5, 0, 937],"blob_values":[769, 641287, 0, 2101, 84569037, 84569037, 20635068, 0, 1538, 934235, 0]}
VERIFY_PHASE_WORK {"stage":"remaining-digest","available":true,"sql_values":[72, 2186, 692000, 0, 0, 0, 0, 4, 103875, 72, 46372, 1595143, 0, 0, 0, 15, 1, 0, 24],"blob_values":[15, 13541, 0, 35, 1307161, 1307161, 458875, 0, 30, 18332, 0]}
verify parts: walk=49164541 lengths=124294334 digest=7800625
HISTORY_ENGINE_WORK {"state":30,"stage":"verification","available":true,"values":[3362, 74847, 19720000, 0, 0, 71, 0, 92, 2563828, 3362, 1594845, 90540836, 0, 0, 0, 820, 8, 0, 1097]}
VERIFY_METADATA_MEMO state=30 cumulative=Counters { hits: 8910, misses: 1498, source_calls: 265, source_objects: 1498, evictions: 1108, peak_bytes: 2097152, peak_rows: 437 }
VERIFY_STATE_WORK state=30 wall_ns=212226625 paths=6752 sampled=576 authenticated_bytes=2842031 pooled=PoolReadCounters { leaf_requests: 1438, chain_edges: 3294, physical_record_calls: 9464, physical_group_decodes: 664, physical_group_decoded_bytes: 21896477, physical_group_cache_hits: 9385, value_group_decodes: 7445, value_group_cache_hits: 85200, value_group_cache_evictions: 7158, value_group_evicted_bytes: 11704163, pack_fetches: 109, pack_bytes: 3409894 }
VERIFY_STATE_BEGIN state=31
VERIFY_PHASE_WORK {"stage":"walk","available":true,"sql_values":[767, 67711, 8767000, 0, 0, 86, 0, 107, 2846655, 767, 504326, 4626058, 0, 0, 0, 38, 2, 0, 227],"blob_values":[38, 38248, 0, 76, 1127122, 1127122, 811080, 0, 76, 38249, 0]}
VERIFY_PHASE_WORK {"stage":"file-roots","available":true,"sql_values":[2517, 48881, 16221000, 0, 0, 0, 0, 35, 857037, 2517, 1106128, 95585862, 0, 0, 0, 777, 8, 0, 839],"blob_values":[777, 695963, 0, 2252, 92747052, 92747052, 22150373, 0, 1554, 977934, 0]}
VERIFY_PHASE_WORK {"stage":"remaining-digest","available":true,"sql_values":[0, 0, 0, 0, 0, 0, 0, 0, 0, 0, 0, 0, 0, 0, 0, 0, 0, 0, 0],"blob_values":[0, 0, 0, 0, 0, 0, 0, 0, 0, 0, 0]}
verify parts: walk=66485417 lengths=128158958 digest=1359167
HISTORY_ENGINE_WORK {"state":31,"stage":"verification","available":true,"values":[3284, 116592, 24988000, 0, 0, 86, 0, 142, 3703692, 3284, 1610454, 100211920, 0, 0, 0, 815, 10, 0, 1066]}
VERIFY_METADATA_MEMO state=31 cumulative=Counters { hits: 9504, misses: 1590, source_calls: 277, source_objects: 1590, evictions: 1200, peak_bytes: 2097152, peak_rows: 437 }
VERIFY_STATE_WORK state=31 wall_ns=227451458 paths=6750 sampled=575 authenticated_bytes=1773917 pooled=PoolReadCounters { leaf_requests: 1528, chain_edges: 3634, physical_record_calls: 10324, physical_group_decodes: 769, physical_group_decoded_bytes: 25515972, physical_group_cache_hits: 10212, value_group_decodes: 8270, value_group_cache_hits: 90430, value_group_cache_evictions: 7950, value_group_evicted_bytes: 12981663, pack_fetches: 113, pack_bytes: 3562810 }
VERIFY_STATE_BEGIN state=32
VERIFY_PHASE_WORK {"stage":"walk","available":true,"sql_values":[532, 27108, 4155000, 0, 0, 70, 0, 39, 1132038, 532, 305316, 1828831, 0, 0, 0, 41, 2, 0, 154],"blob_values":[41, 38834, 0, 82, 1233677, 1233677, 784044, 0, 82, 36001, 0]}
VERIFY_PHASE_WORK {"stage":"file-roots","available":true,"sql_values":[2634, 43722, 18979000, 0, 0, 0, 0, 41, 874999, 2634, 1179868, 90598789, 0, 0, 0, 798, 6, 0, 878],"blob_values":[798, 620012, 0, 2203, 87486632, 87486632, 21185127, 0, 1596, 914771, 0]}
VERIFY_PHASE_WORK {"stage":"remaining-digest","available":true,"sql_values":[27, 1421, 598000, 0, 0, 0, 0, 2, 91167, 27, 24039, 1252967, 0, 0, 0, 6, 2, 0, 9],"blob_values":[6, 9375, 0, 16, 1034968, 1034968, 1121333, 0, 12, 10334, 0]}
verify parts: walk=52391083 lengths=127003000 digest=7834792
HISTORY_ENGINE_WORK {"state":32,"stage":"verification","available":true,"values":[3193, 72251, 23732000, 0, 0, 70, 0, 82, 2098204, 3193, 1509223, 93680587, 0, 0, 0, 845, 10, 0, 1041]}
VERIFY_METADATA_MEMO state=32 cumulative=Counters { hits: 10092, misses: 1672, source_calls: 290, source_objects: 1672, evictions: 1281, peak_bytes: 2097152, peak_rows: 437 }
VERIFY_STATE_WORK state=32 wall_ns=217244500 paths=6622 sampled=566 authenticated_bytes=3316962 pooled=PoolReadCounters { leaf_requests: 1608, chain_edges: 3810, physical_record_calls: 10836, physical_group_decodes: 844, physical_group_decoded_bytes: 28105427, physical_group_cache_hits: 10709, value_group_decodes: 8983, value_group_cache_hits: 95048, value_group_cache_evictions: 8670, value_group_evicted_bytes: 14077612, pack_fetches: 117, pack_bytes: 3712652 }
VERIFY_STATE_BEGIN state=33
VERIFY_PHASE_WORK {"stage":"walk","available":true,"sql_values":[702, 115025, 7867000, 0, 0, 105, 0, 106, 3470587, 702, 401425, 3232615, 0, 0, 0, 44, 3, 0, 199],"blob_values":[44, 43252, 0, 88, 1496729, 1496729, 1505496, 0, 88, 38711, 0]}
VERIFY_PHASE_WORK {"stage":"file-roots","available":true,"sql_values":[3393, 102379, 27070000, 0, 0, 0, 0, 43, 1210290, 3393, 1480406, 123307001, 0, 0, 0, 1061, 19, 0, 1131],"blob_values":[1061, 874596, 0, 2917, 117365192, 117365192, 28925037, 0, 2122, 1299121, 0]}
VERIFY_PHASE_WORK {"stage":"remaining-digest","available":true,"sql_values":[0, 0, 0, 0, 0, 0, 0, 0, 0, 0, 0, 0, 0, 0, 0, 0, 0, 0, 0],"blob_values":[0, 0, 0, 0, 0, 0, 0, 0, 0, 0, 0]}
verify parts: walk=68168167 lengths=181934375 digest=1436417
HISTORY_ENGINE_WORK {"state":33,"stage":"verification","available":true,"values":[4095, 217404, 34937000, 0, 0, 105, 0, 149, 4680877, 4095, 1881831, 126539616, 0, 0, 0, 1105, 22, 0, 1330]}
VERIFY_METADATA_MEMO state=33 cumulative=Counters { hits: 10706, misses: 1779, source_calls: 304, source_objects: 1779, evictions: 1384, peak_bytes: 2097152, peak_rows: 437 }
VERIFY_STATE_WORK state=33 wall_ns=285439500 paths=7057 sampled=604 authenticated_bytes=2780860 pooled=PoolReadCounters { leaf_requests: 1713, chain_edges: 4057, physical_record_calls: 11540, physical_group_decodes: 952, physical_group_decoded_bytes: 31915909, physical_group_cache_hits: 11375, value_group_decodes: 9839, value_group_cache_hits: 101050, value_group_cache_evictions: 9553, value_group_evicted_bytes: 15514982, pack_fetches: 123, pack_bytes: 4074810 }
VERIFY_STATE_BEGIN state=34
VERIFY_PHASE_WORK {"stage":"walk","available":true,"sql_values":[815, 65906, 8392000, 0, 0, 107, 0, 112, 2787000, 815, 501595, 3801959, 0, 0, 0, 44, 2, 0, 236],"blob_values":[44, 43080, 0, 88, 1485833, 1485833, 1010415, 0, 88, 39369, 0]}
VERIFY_PHASE_WORK {"stage":"file-roots","available":true,"sql_values":[4029, 74447, 30037000, 0, 0, 0, 0, 51, 1352460, 4029, 2158421, 145740057, 0, 0, 0, 1265, 10, 0, 1343],"blob_values":[1265, 1298618, 0, 3513, 141024604, 141024604, 35545145, 0, 2530, 1850045, 0]}
VERIFY_PHASE_WORK {"stage":"remaining-digest","available":true,"sql_values":[0, 0, 0, 0, 0, 0, 0, 0, 0, 0, 0, 0, 0, 0, 0, 0, 0, 0, 0],"blob_values":[0, 0, 0, 0, 0, 0, 0, 0, 0, 0, 0]}
verify parts: walk=70496583 lengths=203105083 digest=1540959
HISTORY_ENGINE_WORK {"state":34,"stage":"verification","available":true,"values":[4844, 140353, 38429000, 0, 0, 107, 0, 163, 4139460, 4844, 2660016, 149542016, 0, 0, 0, 1309, 12, 0, 1579]}
VERIFY_METADATA_MEMO state=34 cumulative=Counters { hits: 11374, misses: 1889, source_calls: 317, source_objects: 1889, evictions: 1496, peak_bytes: 2097152, peak_rows: 437 }
VERIFY_STATE_WORK state=34 wall_ns=310647084 paths=7314 sampled=626 authenticated_bytes=2867435 pooled=PoolReadCounters { leaf_requests: 1821, chain_edges: 4332, physical_record_calls: 12306, physical_group_decodes: 1073, physical_group_decoded_bytes: 36214970, physical_group_cache_hits: 12095, value_group_decodes: 10762, value_group_cache_hits: 107192, value_group_cache_evictions: 10461, value_group_evicted_bytes: 17029732, pack_fetches: 127, pack_bytes: 4298794 }
VERIFY_STATE_BEGIN state=35
VERIFY_PHASE_WORK {"stage":"walk","available":true,"sql_values":[869, 118330, 9806000, 0, 0, 113, 0, 129, 4099835, 869, 552741, 5027145, 0, 0, 0, 46, 3, 0, 252],"blob_values":[46, 52127, 0, 92, 1681163, 1681163, 1045751, 0, 92, 59418, 0]}
VERIFY_PHASE_WORK {"stage":"file-roots","available":true,"sql_values":[3987, 98301, 24391000, 0, 0, 0, 0, 46, 1252250, 3987, 2157473, 146721080, 0, 0, 0, 1237, 20, 0, 1329],"blob_values":[1237, 1270058, 0, 3507, 140060340, 140060340, 34691513, 0, 2474, 1902996, 0]}
VERIFY_PHASE_WORK {"stage":"remaining-digest","available":true,"sql_values":[0, 0, 0, 0, 0, 0, 0, 0, 0, 0, 0, 0, 0, 0, 0, 0, 0, 0, 0],"blob_values":[0, 0, 0, 0, 0, 0, 0, 0, 0, 0, 0]}
verify parts: walk=75502959 lengths=198996833 digest=1338708
HISTORY_ENGINE_WORK {"state":35,"stage":"verification","available":true,"values":[4856, 216631, 34197000, 0, 0, 113, 0, 175, 5352085, 4856, 2710214, 151748225, 0, 0, 0, 1283, 23, 0, 1581]}
VERIFY_METADATA_MEMO state=35 cumulative=Counters { hits: 12064, misses: 2006, source_calls: 331, source_objects: 2006, evictions: 1609, peak_bytes: 2097152, peak_rows: 437 }
VERIFY_STATE_WORK state=35 wall_ns=313945583 paths=7588 sampled=651 authenticated_bytes=2702250 pooled=PoolReadCounters { leaf_requests: 1936, chain_edges: 4476, physical_record_calls: 12824, physical_group_decodes: 1134, physical_group_decoded_bytes: 38333301, physical_group_cache_hits: 12603, value_group_decodes: 11808, value_group_cache_hits: 113485, value_group_cache_evictions: 11518, value_group_evicted_bytes: 18841738, pack_fetches: 133, pack_bytes: 4642172 }
VERIFY_STATE_BEGIN state=36
VERIFY_PHASE_WORK {"stage":"walk","available":true,"sql_values":[477, 22959, 3838000, 0, 0, 48, 0, 38, 1115708, 477, 293883, 2750532, 0, 0, 0, 48, 2, 0, 143],"blob_values":[48, 58708, 0, 96, 1636968, 1636968, 765539, 0, 96, 54702, 0]}
VERIFY_PHASE_WORK {"stage":"file-roots","available":true,"sql_values":[3327, 46601, 18231000, 0, 0, 0, 0, 41, 1096791, 3327, 1769080, 106550002, 0, 0, 0, 945, 6, 0, 1109],"blob_values":[945, 993785, 0, 2604, 103472266, 103472266, 25429322, 0, 1890, 1404679, 0]}
VERIFY_PHASE_WORK {"stage":"remaining-digest","available":true,"sql_values":[0, 0, 0, 0, 0, 0, 0, 0, 0, 0, 0, 0, 0, 0, 0, 0, 0, 0, 0],"blob_values":[0, 0, 0, 0, 0, 0, 0, 0, 0, 0, 0]}
verify parts: walk=60416083 lengths=148376542 digest=1534292
HISTORY_ENGINE_WORK {"state":36,"stage":"verification","available":true,"values":[3804, 69560, 22069000, 0, 0, 48, 0, 79, 2212499, 3804, 2062963, 109300534, 0, 0, 0, 993, 8, 0, 1252]}
VERIFY_METADATA_MEMO state=36 cumulative=Counters { hits: 12695, misses: 2113, source_calls: 344, source_objects: 2113, evictions: 1712, peak_bytes: 2097152, peak_rows: 437 }
VERIFY_STATE_WORK state=36 wall_ns=245090042 paths=7181 sampled=613 authenticated_bytes=2374755 pooled=PoolReadCounters { leaf_requests: 2041, chain_edges: 4678, physical_record_calls: 13438, physical_group_decodes: 1221, physical_group_decoded_bytes: 41579162, physical_group_cache_hits: 13196, value_group_decodes: 12784, value_group_cache_hits: 119163, value_group_cache_evictions: 12490, value_group_evicted_bytes: 20471171, pack_fetches: 138, pack_bytes: 4826491 }
VERIFY_STATE_BEGIN state=37
VERIFY_PHASE_WORK {"stage":"walk","available":true,"sql_values":[630, 40823, 8038000, 0, 0, 57, 0, 67, 1738329, 630, 420317, 4697395, 0, 0, 0, 51, 2, 0, 191],"blob_values":[51, 60418, 0, 102, 1733813, 1733813, 1164831, 0, 102, 70499, 0]}
VERIFY_PHASE_WORK {"stage":"file-roots","available":true,"sql_values":[1440, 23630, 9517000, 0, 0, 0, 0, 26, 598170, 1440, 768731, 44677918, 0, 0, 0, 427, 3, 0, 480],"blob_values":[427, 494910, 0, 1140, 43070007, 43070007, 11257363, 0, 854, 686908, 0]}
VERIFY_PHASE_WORK {"stage":"remaining-digest","available":true,"sql_values":[54, 952, 482000, 0, 0, 0, 0, 1, 38917, 54, 32294, 885608, 0, 0, 0, 12, 5, 0, 18],"blob_values":[12, 13123, 0, 27, 745769, 745769, 432665, 0, 24, 17582, 0]}
verify parts: walk=60559625 lengths=69130250 digest=4764708
HISTORY_ENGINE_WORK {"state":37,"stage":"verification","available":true,"values":[2124, 65405, 18037000, 0, 0, 57, 0, 94, 2375416, 2124, 1221342, 50260921, 0, 0, 0, 490, 10, 0, 689]}
VERIFY_METADATA_MEMO state=37 cumulative=Counters { hits: 13168, misses: 2206, source_calls: 356, source_objects: 2206, evictions: 1799, peak_bytes: 2097152, peak_rows: 437 }
VERIFY_STATE_WORK state=37 wall_ns=158301792 paths=5696 sampled=482 authenticated_bytes=1526161 pooled=PoolReadCounters { leaf_requests: 2132, chain_edges: 4888, physical_record_calls: 14040, physical_group_decodes: 1354, physical_group_decoded_bytes: 47022780, physical_group_cache_hits: 13743, value_group_decodes: 13540, value_group_cache_hits: 124004, value_group_cache_evictions: 13240, value_group_evicted_bytes: 21683044, pack_fetches: 147, pack_bytes: 5129058 }
VERIFY_STATE_BEGIN state=38
VERIFY_PHASE_WORK {"stage":"walk","available":true,"sql_values":[1013, 171534, 9601000, 0, 0, 137, 0, 130, 4425998, 1013, 555836, 5855742, 0, 0, 0, 107, 6, 0, 292],"blob_values":[107, 123587, 0, 214, 3885580, 3885580, 1602955, 0, 214, 148456, 0]}
VERIFY_PHASE_WORK {"stage":"file-roots","available":true,"sql_values":[5235, 143865, 35632000, 0, 0, 0, 0, 43, 1307458, 5235, 2779985, 167451949, 0, 0, 0, 1391, 23, 0, 1745],"blob_values":[1391, 1465591, 0, 3909, 160086733, 160086733, 42899782, 0, 2782, 2023513, 0]}
VERIFY_PHASE_WORK {"stage":"remaining-digest","available":true,"sql_values":[9, 227, 172000, 0, 0, 0, 0, 1, 42541, 9, 5582, 119543, 0, 0, 0, 1, 1, 0, 3],"blob_values":[1, 1167, 0, 2, 93437, 93437, 20626, 0, 2, 1208, 0]}
verify parts: walk=73753166 lengths=249465042 digest=2307083
HISTORY_ENGINE_WORK {"state":38,"stage":"verification","available":true,"values":[6257, 315626, 45405000, 0, 0, 137, 0, 174, 5775997, 6257, 3341403, 173427234, 0, 0, 0, 1499, 30, 0, 2040]}
VERIFY_METADATA_MEMO state=38 cumulative=Counters { hits: 13829, misses: 2349, source_calls: 374, source_objects: 2349, evictions: 1925, peak_bytes: 2097152, peak_rows: 437 }
VERIFY_STATE_WORK state=38 wall_ns=367273041 paths=8016 sampled=687 authenticated_bytes=3929738 pooled=PoolReadCounters { leaf_requests: 2271, chain_edges: 5093, physical_record_calls: 14728, physical_group_decodes: 1443, physical_group_decoded_bytes: 50654092, physical_group_cache_hits: 14410, value_group_decodes: 14469, value_group_cache_hits: 130992, value_group_cache_evictions: 14218, value_group_evicted_bytes: 23536076, pack_fetches: 207, pack_bytes: 7373377 }
VERIFY_STATE_BEGIN state=39
VERIFY_PHASE_WORK {"stage":"walk","available":true,"sql_values":[1052, 78298, 11079000, 0, 0, 116, 0, 108, 2735624, 1052, 648057, 6926775, 0, 0, 0, 90, 2, 0, 312],"blob_values":[90, 104620, 0, 180, 2907029, 2907029, 1175829, 0, 180, 111127, 0]}
VERIFY_PHASE_WORK {"stage":"file-roots","available":true,"sql_values":[4932, 85606, 37694000, 0, 0, 0, 0, 51, 1508294, 4932, 2680112, 186338089, 0, 0, 0, 1556, 7, 0, 1644],"blob_values":[1556, 1663815, 0, 4381, 179795896, 179795896, 43670167, 0, 3112, 2363243, 0]}
VERIFY_PHASE_WORK {"stage":"remaining-digest","available":true,"sql_values":[0, 0, 0, 0, 0, 0, 0, 0, 0, 0, 0, 0, 0, 0, 0, 0, 0, 0, 0],"blob_values":[0, 0, 0, 0, 0, 0, 0, 0, 0, 0, 0]}
verify parts: walk=76072958 lengths=254889125 digest=1535042
HISTORY_ENGINE_WORK {"state":39,"stage":"verification","available":true,"values":[5984, 163904, 48773000, 0, 0, 116, 0, 159, 4243918, 5984, 3328169, 193264864, 0, 0, 0, 1646, 9, 0, 1956]}
VERIFY_METADATA_MEMO state=39 cumulative=Counters { hits: 14524, misses: 2470, source_calls: 390, source_objects: 2470, evictions: 2041, peak_bytes: 2097152, peak_rows: 437 }
VERIFY_STATE_WORK state=39 wall_ns=374946334 paths=8196 sampled=704 authenticated_bytes=3679947 pooled=PoolReadCounters { leaf_requests: 2388, chain_edges: 5365, physical_record_calls: 15506, physical_group_decodes: 1540, physical_group_decoded_bytes: 54792029, physical_group_cache_hits: 15157, value_group_decodes: 15444, value_group_cache_hits: 137278, value_group_cache_evictions: 15175, value_group_evicted_bytes: 25358740, pack_fetches: 256, pack_bytes: 8856222 }
VERIFY_STATE_BEGIN state=40
VERIFY_PHASE_WORK {"stage":"walk","available":true,"sql_values":[1114, 87456, 10288000, 0, 0, 124, 0, 109, 3081874, 1114, 693972, 7038022, 0, 0, 0, 123, 3, 0, 330],"blob_values":[123, 145165, 0, 246, 4041088, 4041088, 1429330, 0, 246, 150917, 0]}
VERIFY_PHASE_WORK {"stage":"file-roots","available":true,"sql_values":[5328, 98644, 31743000, 0, 0, 0, 0, 50, 1546914, 5328, 2634480, 210752797, 0, 0, 0, 1689, 9, 0, 1776],"blob_values":[1689, 1783305, 0, 4898, 203157492, 203157492, 45748568, 0, 3378, 2543969, 0]}
VERIFY_PHASE_WORK {"stage":"remaining-digest","available":true,"sql_values":[0, 0, 0, 0, 0, 0, 0, 0, 0, 0, 0, 0, 0, 0, 0, 0, 0, 0, 0],"blob_values":[0, 0, 0, 0, 0, 0, 0, 0, 0, 0, 0]}
verify parts: walk=81318333 lengths=267930834 digest=1518791
HISTORY_ENGINE_WORK {"state":40,"stage":"verification","available":true,"values":[6442, 186100, 42031000, 0, 0, 124, 0, 159, 4628788, 6442, 3328452, 217790819, 0, 0, 0, 1812, 12, 0, 2106]}
VERIFY_METADATA_MEMO state=40 cumulative=Counters { hits: 15231, misses: 2598, source_calls: 408, source_objects: 2598, evictions: 2163, peak_bytes: 2097152, peak_rows: 437 }
VERIFY_STATE_WORK state=40 wall_ns=393915417 paths=8262 sampled=712 authenticated_bytes=3631479 pooled=PoolReadCounters { leaf_requests: 2512, chain_edges: 5697, physical_record_calls: 16418, physical_group_decodes: 1669, physical_group_decoded_bytes: 60296801, physical_group_cache_hits: 16012, value_group_decodes: 16511, value_group_cache_hits: 143918, value_group_cache_evictions: 16236, value_group_evicted_bytes: 27293824, pack_fetches: 338, pack_bytes: 11467691 }
VERIFY_STATE_BEGIN state=41
VERIFY_PHASE_WORK {"stage":"walk","available":true,"sql_values":[912, 44903, 7344000, 0, 0, 111, 0, 82, 2042666, 912, 534322, 4893855, 0, 0, 0, 97, 2, 0, 267],"blob_values":[97, 113999, 0, 194, 3250035, 3250035, 1319252, 0, 194, 111580, 0]}
VERIFY_PHASE_WORK {"stage":"file-roots","available":true,"sql_values":[3486, 58108, 19840000, 0, 0, 0, 0, 36, 1080461, 3486, 1764123, 135707505, 0, 0, 0, 1106, 5, 0, 1162],"blob_values":[1106, 1172399, 0, 3219, 130677588, 130677588, 33766902, 0, 2212, 1674268, 0]}
VERIFY_PHASE_WORK {"stage":"remaining-digest","available":true,"sql_values":[0, 0, 0, 0, 0, 0, 0, 0, 0, 0, 0, 0, 0, 0, 0, 0, 0, 0, 0],"blob_values":[0, 0, 0, 0, 0, 0, 0, 0, 0, 0, 0]}
verify parts: walk=73655084 lengths=177088041 digest=1759542
HISTORY_ENGINE_WORK {"state":41,"stage":"verification","available":true,"values":[4398, 103011, 27184000, 0, 0, 111, 0, 118, 3123127, 4398, 2298445, 140601360, 0, 0, 0, 1203, 7, 0, 1429]}
VERIFY_METADATA_MEMO state=41 cumulative=Counters { hits: 15942, misses: 2714, source_calls: 425, source_objects: 2714, evictions: 2285, peak_bytes: 2097152, peak_rows: 437 }
VERIFY_STATE_WORK state=41 wall_ns=296094542 paths=8297 sampled=715 authenticated_bytes=2378618 pooled=PoolReadCounters { leaf_requests: 2624, chain_edges: 5993, physical_record_calls: 17234, physical_group_decodes: 1765, physical_group_decoded_bytes: 64221475, physical_group_cache_hits: 16791, value_group_decodes: 17606, value_group_cache_hits: 149786, value_group_cache_evictions: 17320, value_group_evicted_bytes: 29225112, pack_fetches: 393, pack_bytes: 13227761 }
VERIFY_STATE_BEGIN state=42
VERIFY_PHASE_WORK {"stage":"walk","available":true,"sql_values":[1315, 190548, 13638000, 0, 0, 142, 0, 167, 5565590, 1315, 853082, 9022077, 0, 0, 0, 142, 5, 0, 391],"blob_values":[142, 166045, 0, 284, 5322123, 5322123, 2697962, 0, 284, 174747, 0]}
VERIFY_PHASE_WORK {"stage":"file-roots","available":true,"sql_values":[4905, 150655, 35606000, 0, 0, 0, 0, 52, 1755458, 4905, 2490946, 199581631, 0, 0, 0, 1551, 24, 0, 1635],"blob_values":[1551, 1672757, 0, 4618, 191122479, 191122479, 51499701, 0, 3102, 2528861, 0]}
VERIFY_PHASE_WORK {"stage":"remaining-digest","available":true,"sql_values":[24, 692, 249000, 0, 0, 0, 0, 1, 36875, 24, 19626, 413178, 0, 0, 0, 4, 3, 0, 8],"blob_values":[4, 4791, 0, 9, 318672, 318672, 225084, 0, 8, 6000, 0]}
verify parts: walk=90524791 lengths=283680084 digest=4352000
HISTORY_ENGINE_WORK {"state":42,"stage":"verification","available":true,"values":[6244, 341895, 49493000, 0, 0, 142, 0, 220, 7357923, 6244, 3363654, 209016886, 0, 0, 0, 1697, 32, 0, 2034]}
VERIFY_METADATA_MEMO state=42 cumulative=Counters { hits: 16669, misses: 2862, source_calls: 444, source_objects: 2862, evictions: 2431, peak_bytes: 2097152, peak_rows: 437 }
VERIFY_STATE_WORK state=42 wall_ns=425257250 paths=8668 sampled=747 authenticated_bytes=4236073 pooled=PoolReadCounters { leaf_requests: 2768, chain_edges: 6146, physical_record_calls: 17828, physical_group_decodes: 1833, physical_group_decoded_bytes: 66846822, physical_group_cache_hits: 17372, value_group_decodes: 18756, value_group_cache_hits: 157155, value_group_cache_evictions: 18528, value_group_evicted_bytes: 31529722, pack_fetches: 487, pack_bytes: 16745757 }
VERIFY_STATE_BEGIN state=43
VERIFY_PHASE_WORK {"stage":"walk","available":true,"sql_values":[1235, 75866, 10207000, 0, 0, 131, 0, 96, 2542960, 1235, 738841, 8915797, 0, 0, 0, 145, 2, 0, 368],"blob_values":[145, 171290, 0, 290, 5470131, 5470131, 1796447, 0, 290, 175582, 0]}
VERIFY_PHASE_WORK {"stage":"file-roots","available":true,"sql_values":[4365, 79145, 30185000, 0, 0, 0, 0, 52, 1619416, 4365, 2298241, 183084858, 0, 0, 0, 1388, 7, 0, 1455],"blob_values":[1388, 1466307, 0, 4165, 176226468, 176226468, 44890806, 0, 2776, 2123212, 0]}
VERIFY_PHASE_WORK {"stage":"remaining-digest","available":true,"sql_values":[0, 0, 0, 0, 0, 0, 0, 0, 0, 0, 0, 0, 0, 0, 0, 0, 0, 0, 0],"blob_values":[0, 0, 0, 0, 0, 0, 0, 0, 0, 0, 0]}
verify parts: walk=82953542 lengths=243407708 digest=2413750
HISTORY_ENGINE_WORK {"state":43,"stage":"verification","available":true,"values":[5600, 155011, 40392000, 0, 0, 131, 0, 148, 4162376, 5600, 3037082, 192000655, 0, 0, 0, 1533, 9, 0, 1823]}
VERIFY_METADATA_MEMO state=43 cumulative=Counters { hits: 17445, misses: 2997, source_calls: 462, source_objects: 2997, evictions: 2563, peak_bytes: 2097152, peak_rows: 437 }
VERIFY_STATE_WORK state=43 wall_ns=376898292 paths=8814 sampled=760 authenticated_bytes=3337742 pooled=PoolReadCounters { leaf_requests: 2899, chain_edges: 6371, physical_record_calls: 18540, physical_group_decodes: 1900, physical_group_decoded_bytes: 69491331, physical_group_cache_hits: 18066, value_group_decodes: 19928, value_group_cache_hits: 163943, value_group_cache_evictions: 19668, value_group_evicted_bytes: 33723153, pack_fetches: 586, pack_bytes: 20502867 }
VERIFY_STATE_BEGIN state=44
VERIFY_PHASE_WORK {"stage":"walk","available":true,"sql_values":[1074, 54325, 9228000, 0, 0, 117, 0, 89, 2465912, 1074, 632751, 6194401, 0, 0, 0, 142, 2, 0, 319],"blob_values":[142, 196003, 0, 284, 4947115, 4947115, 1923421, 0, 284, 183831, 0]}
VERIFY_PHASE_WORK {"stage":"file-roots","available":true,"sql_values":[4788, 84804, 31007000, 0, 0, 0, 0, 60, 1776419, 4788, 2512270, 201013827, 0, 0, 0, 1503, 9, 0, 1596],"blob_values":[1503, 1622509, 0, 4491, 194016368, 194016368, 48530736, 0, 3006, 2493243, 0]}
VERIFY_PHASE_WORK {"stage":"remaining-digest","available":true,"sql_values":[0, 0, 0, 0, 0, 0, 0, 0, 0, 0, 0, 0, 0, 0, 0, 0, 0, 0, 0],"blob_values":[0, 0, 0, 0, 0, 0, 0, 0, 0, 0, 0]}
verify parts: walk=80426209 lengths=264411041 digest=2023125
HISTORY_ENGINE_WORK {"state":44,"stage":"verification","available":true,"values":[5862, 139129, 40235000, 0, 0, 117, 0, 149, 4242331, 5862, 3145021, 207208228, 0, 0, 0, 1645, 11, 0, 1915]}
VERIFY_METADATA_MEMO state=44 cumulative=Counters { hits: 18259, misses: 3120, source_calls: 479, source_objects: 3120, evictions: 2688, peak_bytes: 2097152, peak_rows: 437 }
VERIFY_STATE_WORK state=44 wall_ns=398571333 paths=9060 sampled=782 authenticated_bytes=3473363 pooled=PoolReadCounters { leaf_requests: 3018, chain_edges: 6614, physical_record_calls: 19264, physical_group_decodes: 1944, physical_group_decoded_bytes: 71044576, physical_group_cache_hits: 18790, value_group_decodes: 21076, value_group_cache_hits: 170188, value_group_cache_evictions: 20804, value_group_evicted_bytes: 35815990, pack_fetches: 683, pack_bytes: 23812939 }
VERIFY_STATE_BEGIN state=45
VERIFY_PHASE_WORK {"stage":"walk","available":true,"sql_values":[1570, 170121, 15555000, 0, 0, 142, 0, 158, 5131243, 1570, 979329, 12314987, 0, 0, 0, 203, 4, 0, 476],"blob_values":[203, 238581, 0, 408, 7817441, 7817441, 3097754, 0, 406, 235663, 0]}
VERIFY_PHASE_WORK {"stage":"file-roots","available":true,"sql_values":[6819, 158827, 44451000, 0, 0, 0, 0, 71, 2274833, 6819, 3682294, 242210416, 0, 0, 0, 1840, 24, 0, 2273],"blob_values":[1840, 2009049, 0, 5471, 232202107, 232202107, 62801501, 0, 3680, 3074070, 0]}
VERIFY_PHASE_WORK {"stage":"remaining-digest","available":true,"sql_values":[0, 0, 0, 0, 0, 0, 0, 0, 0, 0, 0, 0, 0, 0, 0, 0, 0, 0, 0],"blob_values":[0, 0, 0, 0, 0, 0, 0, 0, 0, 0, 0]}
verify parts: walk=101907083 lengths=341279750 digest=2358834
HISTORY_ENGINE_WORK {"state":45,"stage":"verification","available":true,"values":[8389, 328948, 60006000, 0, 0, 142, 0, 229, 7406076, 8389, 4661623, 254525403, 0, 0, 0, 2043, 28, 0, 2749]}
VERIFY_METADATA_MEMO state=45 cumulative=Counters { hits: 19089, misses: 3267, source_calls: 499, source_objects: 3267, evictions: 2842, peak_bytes: 2097152, peak_rows: 437 }
VERIFY_STATE_WORK state=45 wall_ns=501618917 paths=9499 sampled=820 authenticated_bytes=4257405 pooled=PoolReadCounters { leaf_requests: 3161, chain_edges: 6951, physical_record_calls: 20224, physical_group_decodes: 2008, physical_group_decoded_bytes: 73299503, physical_group_cache_hits: 19745, value_group_decodes: 22331, value_group_cache_hits: 177978, value_group_cache_evictions: 22090, value_group_evicted_bytes: 38250978, pack_fetches: 839, pack_bytes: 29863187 }
VERIFY_STATE_BEGIN state=46
