$ /Users/yifanxu/Ephemeral-AI-Lab/layerfs/core/target/release/examples/measure_edits --mode pipeline --case small --threshold-bytes 131072 --output /Users/yifanxu/Ephemeral-AI-Lab/layerfs/docs/roadmap/0.1/0.1.7/evidence/phase2-execution-20260918T150435Z/rounds/p2-6/after/output/D20/edits-pipeline-small
cwd /Users/yifanxu/Ephemeral-AI-Lab/layerfs
exit_code 0
wall_s 0.011
--- stdout ---
mode: pipeline
case: small
threshold-bytes: 131072
timing: on
fixture: base 65536 bytes, 1 edit(s), 512 replacement bytes
stream: 1 edit(s), base 65536 -> final 65536 bytes
base preparation (untimed): root 950a13bc1eb6c354370bdf5971770706139f7caf29021e6ee0ffdfb489428603 stored as 1 object(s), 1 pack(s)
edited root: 8ddfe36cd5449f2b720590cb05da552290acaa5546ed065881c832703c650798
edited length: 65536
save: inserted 1 reused 0 packs 1 prefix records 1 full records 0
readback bytes: 65536
readback connection opens: 1
readback group decodes: 0
readback: verified byte-for-byte against the independent model
scope: edit-to-save acknowledgement is edit.save; verification and readback are timed separately
--- timing tree (inclusive; overlapping spans add to nothing) ---
edit.save  1.106ms
  storage.begin  223.791us
  file.edit  461.625us
    edit.base  402.459us
      edit.base_read  401.625us
    edit.compare  3.625us
      edit.compare.window  2.458us
    edit.assemble  3.334us
    content.identify  47.667us
    content.emit  250ns
  storage.finish  361.083us
--- timing tree (inclusive; overlapping spans add to nothing) ---
verify.readback  347.000us
  content.read  346.000us
    content.acquire  343.291us
    content.emit  1.792us
timings: 11 nodes at 4 levels -> /Users/yifanxu/Ephemeral-AI-Lab/layerfs/docs/roadmap/0.1/0.1.7/evidence/phase2-execution-20260918T150435Z/rounds/p2-6/after/output/D20/edits-pipeline-small/pipeline-edit-save.json
timings: 4 nodes at 3 levels -> /Users/yifanxu/Ephemeral-AI-Lab/layerfs/docs/roadmap/0.1/0.1.7/evidence/phase2-execution-20260918T150435Z/rounds/p2-6/after/output/D20/edits-pipeline-small/pipeline-readback.json
wall_seconds: 0.006602
--- stderr ---
