$ /Users/yifanxu/Ephemeral-AI-Lab/layerfs/core/target/release/examples/measure_edits --mode pipeline --case batch --threshold-bytes 131072 --output /Users/yifanxu/Ephemeral-AI-Lab/layerfs/docs/roadmap/0.1/0.1.7/evidence/phase2-execution-20260918T150435Z/rounds/p2-6/after/output/D24/edits-pipeline-batch
cwd /Users/yifanxu/Ephemeral-AI-Lab/layerfs
exit_code 0
wall_s 0.015
--- stdout ---
mode: pipeline
case: batch
threshold-bytes: 131072
timing: on
fixture: base 196608 bytes, 3 edit(s), 1000 replacement bytes
stream: 3 edit(s), base 196608 -> final 194308 bytes
base preparation (untimed): root 9b67d5821a39fe14ddec724ab82b05dbb76c8bc99b9849dd5314ded1410c75b4 stored as 14 object(s), 2 pack(s)
edited root: c887efb266fb423889ab26851d61652e52d017135fb4e6367530691c10383d84
edited length: 194308
save: inserted 4 reused 0 packs 2 prefix records 1 full records 3
readback bytes: 194308
readback connection opens: 1
readback group decodes: 2
readback: verified byte-for-byte against the independent model
scope: edit-to-save acknowledgement is edit.save; verification and readback are timed separately
--- timing tree (inclusive; overlapping spans add to nothing) ---
edit.save  1.189ms
  storage.begin  238.292us
  file.edit  373.125us
    edit.base  247.791us
      edit.base_read  246.375us
    edit.compare  625ns
    edit.split  81.541us
    edit.split  83ns
    edit.split  792ns
    content.chunk  11.625us
    edit.split  2.875us
    edit.split  2.458us
    edit.split  250ns
    content.chunk  2.291us
    edit.split  1.042us
    edit.split  2.417us
    edit.finish  3.167us
  storage.finish  489.875us
--- timing tree (inclusive; overlapping spans add to nothing) ---
verify.readback  741.709us
  content.read  740.666us
    content.acquire  280.583us
    content.traverse  459.500us
      mapping.navigate  36.333us
        storage.read  36.125us
      mapping.payload  405.542us
        storage.read  405.333us
timings: 18 nodes at 4 levels -> /Users/yifanxu/Ephemeral-AI-Lab/layerfs/docs/roadmap/0.1/0.1.7/evidence/phase2-execution-20260918T150435Z/rounds/p2-6/after/output/D24/edits-pipeline-batch/pipeline-edit-save.json
timings: 8 nodes at 5 levels -> /Users/yifanxu/Ephemeral-AI-Lab/layerfs/docs/roadmap/0.1/0.1.7/evidence/phase2-execution-20260918T150435Z/rounds/p2-6/after/output/D24/edits-pipeline-batch/pipeline-readback.json
wall_seconds: 0.009515
--- stderr ---
