$ /Users/yifanxu/Ephemeral-AI-Lab/layerfs/core/target/release/examples/measure_edits --mode pipeline --case chunked --threshold-bytes 131072 --output /Users/yifanxu/Ephemeral-AI-Lab/layerfs/docs/roadmap/0.1/0.1.7/evidence/phase1-execution-20260918T090000Z/rounds/p1-5/after/output/D21/edits-pipeline-chunked
cwd /Users/yifanxu/Ephemeral-AI-Lab/layerfs
exit_code 0
wall_s 0.013
--- stdout ---
mode: pipeline
case: chunked
threshold-bytes: 131072
timing: on
fixture: base 262144 bytes, 1 edit(s), 4096 replacement bytes
stream: 1 edit(s), base 262144 -> final 262144 bytes
base preparation (untimed): root 3e428805690821ee9c1c6e3775de5fa8aa9b901fe20fb18c3136ea239cc8c14d stored as 18 object(s), 3 pack(s)
edited root: ca6c30a4355c63c3e3df39a478482cd57f80b5271885e48a573bbe34a031d6b7
edited length: 262144
save: inserted 3 reused 0 packs 2 prefix records 0 full records 3
readback bytes: 262144
readback connection opens: 1
readback: verified byte-for-byte against the independent model
scope: edit-to-save acknowledgement is edit.save; verification and readback are timed separately
--- timing tree (inclusive; overlapping spans add to nothing) ---
edit.save  1.179ms
  storage.begin  196.792us
  file.edit  551.875us
    edit.base  212.167us
      edit.base_read  211.375us
    edit.compare  278.250us
      edit.compare.window  277.042us
        mapping.navigate  31.042us
          storage.read  30.625us
        mapping.payload  241.458us
          storage.read  241.292us
    edit.split  37.583us
    edit.split  2.459us
    edit.split  417ns
    content.chunk  11.250us
    edit.finish  3.417us
  storage.finish  360.083us
--- timing tree (inclusive; overlapping spans add to nothing) ---
verify.readback  938.042us
  content.read  937.417us
    content.acquire  178.667us
    content.traverse  758.084us
      mapping.navigate  39.542us
        storage.read  39.375us
      mapping.payload  701.041us
        storage.read  700.875us
timings: 17 nodes at 6 levels -> /Users/yifanxu/Ephemeral-AI-Lab/layerfs/docs/roadmap/0.1/0.1.7/evidence/phase1-execution-20260918T090000Z/rounds/p1-5/after/output/D21/edits-pipeline-chunked/pipeline-edit-save.json
timings: 8 nodes at 5 levels -> /Users/yifanxu/Ephemeral-AI-Lab/layerfs/docs/roadmap/0.1/0.1.7/evidence/phase1-execution-20260918T090000Z/rounds/p1-5/after/output/D21/edits-pipeline-chunked/pipeline-readback.json
wall_seconds: 0.008737
--- stderr ---
