[
    {
        "Id": "sha256:ccfe29b451a2eb4100d5040386f1633833f86eedc0a52d0d95dc02f0a6fee6d4",
        "RepoTags": [
            "layerfs-colocated:5a5db40de2ad"
        ],
        "RepoDigests": [
            "layerfs-colocated@sha256:ccfe29b451a2eb4100d5040386f1633833f86eedc0a52d0d95dc02f0a6fee6d4"
        ],
        "Comment": "buildkit.dockerfile.v0",
        "Created": "2026-09-04T05:00:05.768343634Z",
        "Config": {
            "ExposedPorts": {
                "41273/tcp": {}
            },
            "Env": [
                "PATH=/usr/local/cargo/bin:/usr/local/sbin:/usr/local/bin:/usr/sbin:/usr/bin:/sbin:/bin",
                "RUSTUP_HOME=/usr/local/rustup",
                "CARGO_HOME=/usr/local/cargo",
                "RUST_VERSION=1.85.1",
                "LAYERFS_SOURCE_COMMIT=fbf32e84662d00993c033515e113437965395494",
                "LAYERFS_SOURCE_TREE=bf775fd51d95c5859457c154ac79093acc80028e",
                "LAYERFS_SOURCE_DIRTY=false",
                "LAYERFS_SOURCE_SEAL=7f9119d2e8a2db1a34a2aa0d717915e849e21242492cce727bf90bbd3f2fde4e",
                "LAYERFS_FUSE_HELPER=/usr/local/bin/layerfs-fuse",
                "LAYERFS_FUSE_HOST=host.docker.internal",
                "LAYERFS_DAEMON_TCP_LISTEN=0.0.0.0:41273"
            ],
            "Entrypoint": [
                "sleep",
                "infinity"
            ],
            "Labels": {
                "dev.layerfs.investigation-source": "5a5db40de2ada37bb63323cdd883c6618a562b93",
                "dev.layerfs.product-seal": "e24867af45d83c455dbfac530d43140fec7cdc40d3eae9ff70a30883d239125a",
                "dev.layerfs.source-dirty": "false",
                "dev.layerfs.source-seal": "7f9119d2e8a2db1a34a2aa0d717915e849e21242492cce727bf90bbd3f2fde4e",
                "dev.layerfs.workload-source-sha256": "5cc55b928c6225ca22a71db8ce8cea9804adf9fb43ffb909be4d8c27d3f5404e",
                "org.opencontainers.image.revision": "fbf32e84662d00993c033515e113437965395494",
                "org.opencontainers.image.source": "https://github.com/Ephemeral-AI-Lab/layerfs",
                "org.opencontainers.image.source-tree": "bf775fd51d95c5859457c154ac79093acc80028e"
            }
        },
        "Architecture": "arm64",
        "Os": "linux",
        "Size": 603621146,
        "RootFS": {
            "Type": "layers",
            "Layers": [
                "sha256:948048d45864d1f64cd70b0341fd6c927cd3fa13f1d56b0054064b3ba2b2b467",
                "sha256:f8e34ba5db3916c38ce4918304394347cc2403a5c92006a1e550a72977e0ac2a",
                "sha256:b8974bf4470658c9b2f2bcc4d91db2ab6abc4a3c63ac1944b38519dbebfb53a0",
                "sha256:77122155c2dc59977416cf2f760eb52aed66fd82acb25b7b006e0ad7f989ff55",
                "sha256:d7e47cd44dcd84a04c1dbba8965d45f33ca701efbde788880cdff56e7d58eacc",
                "sha256:bc934f679fe5270c31af6dd3f05e8b3f11df75cc86ea4eea7e5e787e68c87b58",
                "sha256:15e371f526674f819822711a262a031271655a2327b55ec64c8938851b96d42e",
                "sha256:0a3baf683adf685b310f855d2fdd00c04753959d6b13510f85774e0cd12539d2",
                "sha256:1dab968f1b1bf0887a878e9e42689e883240bd4905a660db74d6314c70e966f6",
                "sha256:a26887f08f72df93d44358ee15dcf702c19be373a8c6078248b07bbb53d711ae",
                "sha256:0b0f0915dddc615cbd64d9e321f36d9e0e5333de154345845794a3f4db0a2efd",
                "sha256:55a4abbc11536bcb7668df2caf701c9a18a38272c2a75b78ce9d466969e79f03"
            ]
        },
        "Metadata": {
            "LastTagTime": "2026-09-04T05:00:06.019902676Z"
        },
        "Descriptor": {
            "mediaType": "application/vnd.oci.image.index.v1+json",
            "digest": "sha256:ccfe29b451a2eb4100d5040386f1633833f86eedc0a52d0d95dc02f0a6fee6d4",
            "size": 856
        },
        "Identity": {
            "Build": [
                {
                    "Ref": "4dqbhqer9eq9q9754qrfc9g1d",
                    "CreatedAt": "2026-09-04T05:00:06.065759801Z"
                }
            ]
        }
    }
]
