$ /Users/yifanxu/Ephemeral-AI-Lab/layerfs/core/target/release/examples/measure_edits --mode c1 --case large-to-small --threshold-bytes 131072 --output /Users/yifanxu/Ephemeral-AI-Lab/layerfs/docs/roadmap/0.1/0.1.7/evidence/phase2-execution-20260918T150435Z/rounds/v7/after/output/D13/edits-c1-large-to-small
cwd /Users/yifanxu/Ephemeral-AI-Lab/layerfs
exit_code 0
wall_s 0.015
--- stdout ---
mode: c1
case: large-to-small
threshold-bytes: 131072
timing: on
fixture: base 262144 bytes, 1 edit(s), 0 replacement bytes
stream: 1 edit(s), base 262144 -> final 131072 bytes
base root: 3e428805690821ee9c1c6e3775de5fa8aa9b901fe20fb18c3136ea239cc8c14d
result root: 4148b0a15f376de13e49481270f7025689bd6e61b381e4a8ec296c752ada6813
result length: 131072
emitted: 2 objects, 510 canonical bytes
scope: base reads, the no-op comparison, construction and consumer waiting are inside file.edit
exclusions: no database, pack, Store or file is opened in this mode
--- timing tree (inclusive; overlapping spans add to nothing) ---
file.edit  51.083us
  edit.op  48.583us
    edit.base  2.334us
      edit.base_read  1.458us
    edit.compare  1.250us
    edit.split  16.041us
    edit.split  3.667us
    edit.finish  4.791us
timings: 8 nodes at 4 levels -> /Users/yifanxu/Ephemeral-AI-Lab/layerfs/docs/roadmap/0.1/0.1.7/evidence/phase2-execution-20260918T150435Z/rounds/v7/after/output/D13/edits-c1-large-to-small/c1-edit.json
wall_seconds: 0.002992
--- stderr ---
