$ /Users/yifanxu/Ephemeral-AI-Lab/layerfs/core/target/release/examples/measure_edits --mode pipeline --case batch --threshold-bytes 131072 --output /Users/yifanxu/Ephemeral-AI-Lab/layerfs/docs/roadmap/0.1/0.1.7/evidence/phase1-execution-20260918T090000Z/rounds/v4/after/output/D24/edits-pipeline-batch
cwd /Users/yifanxu/Ephemeral-AI-Lab/layerfs
exit_code 0
wall_s 0.012
--- stdout ---
mode: pipeline
case: batch
threshold-bytes: 131072
timing: on
fixture: base 196608 bytes, 3 edit(s), 1000 replacement bytes
stream: 3 edit(s), base 196608 -> final 194308 bytes
base preparation (untimed): root 9b67d5821a39fe14ddec724ab82b05dbb76c8bc99b9849dd5314ded1410c75b4 stored as 14 object(s), 2 pack(s)
edited root: c887efb266fb423889ab26851d61652e52d017135fb4e6367530691c10383d84
edited length: 194308
save: inserted 4 reused 0 packs 2 prefix records 1 full records 3
readback bytes: 194308
readback connection opens: 1
readback: verified byte-for-byte against the independent model
scope: edit-to-save acknowledgement is edit.save; verification and readback are timed separately
--- timing tree (inclusive; overlapping spans add to nothing) ---
edit.save  1.146ms
  storage.begin  250.333us
  file.edit  358.292us
    edit.base  283.625us
      edit.base_read  282.750us
    edit.compare  375ns
    edit.split  44.125us
    edit.split  125ns
    edit.split  416ns
    content.chunk  8.125us
    edit.split  1.375us
    edit.split  916ns
    edit.split  208ns
    content.chunk  2.125us
    edit.split  2.333us
    edit.split  583ns
    edit.split  125ns
    edit.finish  3.167us
  storage.finish  454.708us
--- timing tree (inclusive; overlapping spans add to nothing) ---
verify.readback  896.667us
  content.read  895.875us
    content.acquire  252.916us
    content.traverse  642.417us
      mapping.navigate  34.167us
        storage.read  34.000us
      mapping.payload  595.958us
        storage.read  595.792us
timings: 19 nodes at 4 levels -> /Users/yifanxu/Ephemeral-AI-Lab/layerfs/docs/roadmap/0.1/0.1.7/evidence/phase1-execution-20260918T090000Z/rounds/v4/after/output/D24/edits-pipeline-batch/pipeline-edit-save.json
timings: 8 nodes at 5 levels -> /Users/yifanxu/Ephemeral-AI-Lab/layerfs/docs/roadmap/0.1/0.1.7/evidence/phase1-execution-20260918T090000Z/rounds/v4/after/output/D24/edits-pipeline-batch/pipeline-readback.json
wall_seconds: 0.008012
--- stderr ---
