    Finished `dev` profile [unoptimized + debuginfo] target(s) in 0.05s
===== --case empty =====
case empty
root 3855544b746bae6afa17d3f30b220dec8a3cdacda7f57f76a574f15e3b7d88b8
inode_table 24885bf8d820f5343146c777d0914cfc3463e85c866e262be5748522ce755a69
directories 0 bindings +0 -0
objects read 0 waves 0 bytes 0 emitted 1 bytes 129
directories: pages read 0 created 0 reused 0 untouched 0 scratch peak 0 top-level 0
inodes: pages read 0 created 0 reused 0 scratch peak 0
references: rows 0 spilled 0 values 0 removals 0 released 0 peak pending 0
elapsed_ns 40583
phase validate elapsed_ns 16041
phase directories elapsed_ns 125
phase references elapsed_ns 1000
phase inodes elapsed_ns 1042
phase cleanup elapsed_ns 583
phase root.encode elapsed_ns 7125
report_nodes 7
prepared_objects 3
EXIT=0
===== --case attributes =====
case attributes
root ecc870c508de818e7d76e4b785c2adae50345063233589a78f5f7e331a90c1a6
inode_table 2ad5ba14010ac0135172caf0d0df10db52f2418f15375eeb9b6bbdad63beddfd
directories 0 bindings +0 -0
objects read 0 waves 0 bytes 0 emitted 1 bytes 129
directories: pages read 0 created 0 reused 0 untouched 0 scratch peak 0 top-level 1
inodes: pages read 0 created 0 reused 0 scratch peak 0
references: rows 0 spilled 0 values 0 removals 0 released 0 peak pending 0
elapsed_ns 45666
phase validate elapsed_ns 16167
phase directories elapsed_ns 125
phase references elapsed_ns 1042
phase inodes elapsed_ns 1208
phase cleanup elapsed_ns 1166
phase root.encode elapsed_ns 7125
report_nodes 7
attribute_root 8a0e4849fda6d1b8f2a1cf98332ff08a060f25dbd4e990d5b243ba5b719d553a
attribute_patch: set 1 preserved 1 base pages 1 values emitted 1
prepared_objects 7
EXIT=0
