{
  "case": "tdx1-tcp-upload-1",
  "mode": "verify",
  "admission_eligible": false,
  "status": "PASS",
  "cleanup": "PASS",
  "target_payload_bytes_per_second": 2000000000,
  "cache_contract": "generated distinct input; every transmitted block filled inside transfer; no file-backed payload/cache/spool",
  "scope": "bridge transport component; C1/C2 and daemon stdin/stdout excluded",
  "oracle_and_corruption_self_check": "PASS",
  "setup_ns": 165828334,
  "transfer": {
    "carrier": "tcp",
    "direction": "upload",
    "streams": 1,
    "payload_bytes": 1073741824,
    "transfer_ns": 568432834,
    "payload_chunks": 65536,
    "authentication_handshakes": 0,
    "verified_bytes": 1073741824,
    "admission_eligible": false
  },
  "cleanup_ns": 123632875,
  "complete_command_ns": 1004821209
}
