warning: Patch `fuser v0.18.0 (/work/core/vendor/fuser-0.18.0)` was not used in the crate graph.
Check that the patched package version and available features are compatible
with the dependency requirements. If the patch has a different version from
what is locked in the Cargo.lock file, run `cargo update` to use the new
version. This may also occur with an optional dependency that is not enabled.
   Compiling layerfs-persistence v0.1.6 (/work/core/crates/layerfs-persistence)
   Compiling layerfs-project v0.1.6 (/work/core/crates/layerfs-project)
   Compiling layerfs-overlay v0.1.6 (/work/core/crates/layerfs-overlay)
   Compiling layerfs-daemon v0.1.6 (/work/core/crates/layerfs-daemon)
   Compiling layerfs-sdk v0.1.6 (/work/core/crates/layerfs-api/sdk)
   Compiling layerfs-workspace v0.1.6 (/work/core/crates/layerfs-workspace)
    Finished `test` profile [optimized + debuginfo] target(s) in 31.71s
  Executable unittests src/lib.rs (core/target/cluster2-linux/debug/deps/layerfs_daemon-14707b6ca2c9a271)
  Executable tests/device_capacity.rs (core/target/cluster2-linux/debug/deps/device_capacity-23506cbbe50b7d30)
  Executable tests/job_cost.rs (core/target/cluster2-linux/debug/deps/job_cost-6bdca9a03c6ad148)
  Executable tests/owner.rs (core/target/cluster2-linux/debug/deps/owner-e99e9fc3bb067fe0)
  Executable tests/startup_cost.rs (core/target/cluster2-linux/debug/deps/startup_cost-ab13a7d13651afb8)
  Executable unittests src/lib.rs (core/target/cluster2-linux/debug/deps/layerfs_overlay-5dfea7f5c2eb3001)
  Executable tests/compound.rs (core/target/cluster2-linux/debug/deps/compound-a00d0f6b629b0b25)
  Executable tests/costs.rs (core/target/cluster2-linux/debug/deps/costs-ef1f53a2643cdf85)
  Executable tests/device_capacity.rs (core/target/cluster2-linux/debug/deps/device_capacity-785ea92e537f2d9b)
  Executable tests/engine.rs (core/target/cluster2-linux/debug/deps/engine-2fa85df857faac64)
  Executable tests/frontier.rs (core/target/cluster2-linux/debug/deps/frontier-8ebd7811674db89f)
  Executable tests/lifetimes.rs (core/target/cluster2-linux/debug/deps/lifetimes-7198dc9af91f2969)
  Executable tests/orphans.rs (core/target/cluster2-linux/debug/deps/orphans-e68196a2ef4f9a30)
  Executable tests/payload.rs (core/target/cluster2-linux/debug/deps/payload-2e39ef49bedee8ea)
  Executable tests/payload_fragmentation.rs (core/target/cluster2-linux/debug/deps/payload_fragmentation-4a4244b58577194b)
  Executable tests/resources.rs (core/target/cluster2-linux/debug/deps/resources-e9afc396897a0447)
  Executable tests/source.rs (core/target/cluster2-linux/debug/deps/source-e0890071018a2f0d)
  Executable tests/startup_cost.rs (core/target/cluster2-linux/debug/deps/startup_cost-b31f6e2e84780a1c)
  Executable unittests src/lib.rs (core/target/cluster2-linux/debug/deps/layerfs_persistence-333ea3c8849f5ab0)
  Executable tests/file_lengths.rs (core/target/cluster2-linux/debug/deps/file_lengths-72f530ac76b4be7b)
  Executable tests/history_allocation.rs (core/target/cluster2-linux/debug/deps/history_allocation-6424738547199c12)
  Executable tests/history_conditional_updates.rs (core/target/cluster2-linux/debug/deps/history_conditional_updates-7447a989e828b9f9)
  Executable tests/history_history_pages.rs (core/target/cluster2-linux/debug/deps/history_history_pages-65e12d2d8bb32f7a)
  Executable tests/history_lifecycle.rs (core/target/cluster2-linux/debug/deps/history_lifecycle-39f414ab737fa78b)
  Executable tests/history_remediation.rs (core/target/cluster2-linux/debug/deps/history_remediation-e1162bc87cbc011a)
  Executable tests/history_reopen.rs (core/target/cluster2-linux/debug/deps/history_reopen-db28ea4027fdc96b)
  Executable tests/interleaved_saves.rs (core/target/cluster2-linux/debug/deps/interleaved_saves-d038b4c6ca2e4fcf)
  Executable tests/semantic_admission.rs (core/target/cluster2-linux/debug/deps/semantic_admission-6055ebe117c156f2)
  Executable tests/sqlite_allocation_release.rs (core/target/cluster2-linux/debug/deps/sqlite_allocation_release-6729f73328585164)
  Executable tests/sqlite_group_rows.rs (core/target/cluster2-linux/debug/deps/sqlite_group_rows-7180486b8ccc83cd)
  Executable tests/sqlite_group_rows_indexed.rs (core/target/cluster2-linux/debug/deps/sqlite_group_rows_indexed-078869e6695e3069)
  Executable tests/sqlite_ordinal_lookahead.rs (core/target/cluster2-linux/debug/deps/sqlite_ordinal_lookahead-0d9822c5b1a720f7)
  Executable tests/sqlite_pack_selection.rs (core/target/cluster2-linux/debug/deps/sqlite_pack_selection-b52287083e11da64)
  Executable tests/sqlite_publication.rs (core/target/cluster2-linux/debug/deps/sqlite_publication-231aada80dbee3e2)
  Executable tests/sqlite_recovery.rs (core/target/cluster2-linux/debug/deps/sqlite_recovery-8eacddc5616da27d)
  Executable tests/sqlite_reference_acquisition.rs (core/target/cluster2-linux/debug/deps/sqlite_reference_acquisition-5f8f98cba99dcc93)
  Executable tests/sqlite_transaction_units.rs (core/target/cluster2-linux/debug/deps/sqlite_transaction_units-0d8c92981962a4c7)
  Executable unittests examples/metadata_allocation_probe.rs (core/target/cluster2-linux/debug/examples/metadata_allocation_probe-de9936fdfe82a9eb)
  Executable unittests src/lib.rs (core/target/cluster2-linux/debug/deps/layerfs_project-08f18dc081988182)
  Executable tests/complete_root.rs (core/target/cluster2-linux/debug/deps/complete_root-a75ff5715e38d161)
  Executable tests/history_proof_memo.rs (core/target/cluster2-linux/debug/deps/history_proof_memo-cef5642397bba458)
  Executable tests/init_memory.rs (core/target/cluster2-linux/debug/deps/init_memory-3f8eb672885ba3cf)
  Executable tests/init_sqlite.rs (core/target/cluster2-linux/debug/deps/init_sqlite-472754699f5c7028)
  Executable tests/namespace_scaling.rs (core/target/cluster2-linux/debug/deps/namespace_scaling-407ecf230c850e06)
  Executable unittests examples/benchmark_history.rs (core/target/cluster2-linux/debug/examples/benchmark_history-fc6af7d08c327cee)
  Executable unittests examples/benchmark_init.rs (core/target/cluster2-linux/debug/examples/benchmark_init-da1791ce265ef670)
  Executable unittests examples/cause_namespace.rs (core/target/cluster2-linux/debug/examples/cause_namespace-2bc51cc3437ba225)
  Executable unittests examples/verify_history.rs (core/target/cluster2-linux/debug/examples/verify_history-a9b5bd1523ff90a8)
  Executable unittests examples/verify_namespace.rs (core/target/cluster2-linux/debug/examples/verify_namespace-1651d6dc4f677800)
  Executable unittests src/lib.rs (core/target/cluster2-linux/debug/deps/layerfs_sdk-04569cca95583b09)
  Executable tests/runtime.rs (core/target/cluster2-linux/debug/deps/runtime-2ea06079303783d8)
  Executable unittests src/lib.rs (core/target/cluster2-linux/debug/deps/layerfs_workspace-ab012cb384fbf9c1)
  Executable tests/base.rs (core/target/cluster2-linux/debug/deps/base-6414365735afbf27)
  Executable tests/namespace.rs (core/target/cluster2-linux/debug/deps/namespace-d55d7646664a5b60)
  Executable tests/namespace_daemon.rs (core/target/cluster2-linux/debug/deps/namespace_daemon-fd747f7efc71a0c3)
  Executable tests/namespace_profile.rs (core/target/cluster2-linux/debug/deps/namespace_profile-1541b0183fc86d03)
  Executable tests/namespace_view.rs (core/target/cluster2-linux/debug/deps/namespace_view-e8943b7f1cca099a)
  Executable tests/nonfile.rs (core/target/cluster2-linux/debug/deps/nonfile-16d5c0357fe9f8f6)
  Executable tests/payload.rs (core/target/cluster2-linux/debug/deps/payload-0212b8a8086a0309)
