warning: Patch `fuser v0.18.0 (/work/core/vendor/fuser-0.18.0)` was not used in the crate graph.
Check that the patched package version and available features are compatible
with the dependency requirements. If the patch has a different version from
what is locked in the Cargo.lock file, run `cargo update` to use the new
version. This may also occur with an optional dependency that is not enabled.
   Compiling libsqlite3-sys v0.38.2
   Compiling layerfs-project v0.1.6 (/work/core/crates/layerfs-project)
   Compiling rusqlite v0.40.2
   Compiling layerfs-persistence v0.1.6 (/work/core/crates/layerfs-persistence)
warning: variant `Filesystem` is never constructed
  --> crates/layerfs-persistence/src/backend/records.rs:81:5
   |
76 | pub(crate) enum BackendError {
   |                 ------------ variant in this enum
...
81 |     Filesystem(std::io::ErrorKind),
   |     ^^^^^^^^^^
   |
   = note: `BackendError` has derived impls for the traits `Debug` and `Clone`, but these are intentionally ignored during dead code analysis
   = note: `#[warn(dead_code)]` on by default

warning: `layerfs-persistence` (lib) generated 1 warning
    Finished `test` profile [optimized + debuginfo] target(s) in 9.86s
  Executable tests/complete_root.rs (core/target/cluster2-linux/debug/deps/complete_root-cf3c82a49ea1d8cf)
  Executable tests/init_memory.rs (core/target/cluster2-linux/debug/deps/init_memory-2378e72a99440190)
  Executable tests/namespace_scaling.rs (core/target/cluster2-linux/debug/deps/namespace_scaling-354acd30e90eb5c9)
