warning: Patch `fuser v0.18.0 (/work/core/vendor/fuser-0.18.0)` was not used in the crate graph.
Check that the patched package version and available features are compatible
with the dependency requirements. If the patch has a different version from
what is locked in the Cargo.lock file, run `cargo update` to use the new
version. This may also occur with an optional dependency that is not enabled.
   Compiling layerfs-overlay v0.1.6 (/work/core/crates/layerfs-overlay)
warning: variant `Filesystem` is never constructed
  --> crates/layerfs-persistence/src/backend/records.rs:81:5
   |
76 | pub(crate) enum BackendError {
   |                 ------------ variant in this enum
...
81 |     Filesystem(std::io::ErrorKind),
   |     ^^^^^^^^^^
   |
   = note: `BackendError` has derived impls for the traits `Debug` and `Clone`, but these are intentionally ignored during dead code analysis
   = note: `#[warn(dead_code)]` on by default

warning: `layerfs-persistence` (lib) generated 1 warning
   Compiling layerfs-workspace v0.1.6 (/work/core/crates/layerfs-workspace)
   Compiling layerfs-sdk v0.1.6 (/work/core/crates/layerfs-api/sdk)
    Finished `test` profile [optimized + debuginfo] target(s) in 12.33s
  Executable unittests src/lib.rs (core/target/cluster2-linux/debug/deps/layerfs_sdk-04569cca95583b09)
  Executable tests/runtime.rs (core/target/cluster2-linux/debug/deps/runtime-2ea06079303783d8)
