warning: Patch `fuser v0.18.0 (/work/core/vendor/fuser-0.18.0)` was not used in the crate graph.
Check that the patched package version and available features are compatible
with the dependency requirements. If the patch has a different version from
what is locked in the Cargo.lock file, run `cargo update` to use the new
version. This may also occur with an optional dependency that is not enabled.
    Finished `test` profile [optimized + debuginfo] target(s) in 0.16s
     Running tests/complete_root.rs (core/target/cluster2-linux/debug/deps/complete_root-cf3c82a49ea1d8cf)

running 1 test
S9_COMPLETE_ROOT entries=23 work=NamespaceWork { entries: 23, entry_capacity_bytes: 3789, jobs: 7, job_capacity_bytes: 1053, frontier: 5, frontier_capacity_bytes: 790, directory_children: 12, child_vector_bytes: 640, serial_capacity_bytes: 184, inode_capacity_bytes: 2024, directory_bindings: 22, directory_capacity_bytes: 352, change_capacity_bytes: 2080 }
test native_import_keeps_ignored_git_dependencies_outputs_and_exact_link_targets ... ok

test result: ok. 1 passed; 0 failed; 0 ignored; 0 measured; 0 filtered out; finished in 0.01s

     Running tests/init_memory.rs (core/target/cluster2-linux/debug/deps/init_memory-2378e72a99440190)

running 1 test
DIAGNOSTIC init-memory-100 Diagnostics { policy: 1, locate: 4, read_packs: 0, read_pack_selections: 1, whole_selected: 1, whole_due_density: 0, whole_due_singleton: 0, whole_due_small: 1, whole_due_reuse: 0, range_selected: 0, range_scan_bytes: 0, range_acquired_bytes: 0, range_materialized_bytes: 0, value_groups: 2, signatures: 1, reserve: 2, publish: 4, payload_reads: 1, payload_read_bytes: 377, pack_read_bytes: 0, pack_write_bytes: 18317, pooled_packs: 1, pooled_groups: 2, reserved_directory_bytes: 4096, ordinal_reservations: 1, locator_hits: 436, locator_misses: 136, locator_evictions: 0, locator_eviction_probes: 0, locator_second_chances: 0, locator_bookkeeping_live_peak_bytes: 48, pack_hits: 297, pack_misses: 1, pack_evictions: 0, pack_evicted_bytes: 0, directory_validations: 597, directory_unshared_walks: 597, directory_entry_bounds: 597, prefetch_group_decodes: 0, forced_seals: 0 }
DIAGNOSTIC init-memory-1000 Diagnostics { policy: 1, locate: 8, read_packs: 0, read_pack_selections: 2, whole_selected: 2, whole_due_density: 1, whole_due_singleton: 0, whole_due_small: 1, whole_due_reuse: 0, range_selected: 0, range_scan_bytes: 0, range_acquired_bytes: 0, range_materialized_bytes: 0, value_groups: 2, signatures: 1, reserve: 4, publish: 5, payload_reads: 2, payload_read_bytes: 10567, pack_read_bytes: 0, pack_write_bytes: 126003, pooled_packs: 1, pooled_groups: 20, reserved_directory_bytes: 4096, ordinal_reservations: 3, locator_hits: 4179, locator_misses: 1205, locator_evictions: 0, locator_eviction_probes: 0, locator_second_chances: 0, locator_bookkeeping_live_peak_bytes: 336, pack_hits: 3286, pack_misses: 2, pack_evictions: 0, pack_evicted_bytes: 0, directory_validations: 6584, directory_unshared_walks: 6584, directory_entry_bounds: 6584, prefetch_group_decodes: 0, forced_seals: 0 }
test init_100_and_1000_over_memory_ports_pass_the_full_namespace_oracle ... ok

test result: ok. 1 passed; 0 failed; 0 ignored; 0 measured; 0 filtered out; finished in 0.22s

     Running tests/namespace_scaling.rs (core/target/cluster2-linux/debug/deps/namespace_scaling-354acd30e90eb5c9)

running 1 test
DIAGNOSTIC namespace-count-100 NamespaceWork { entries: 111, entry_capacity_bytes: 14856, jobs: 100, job_capacity_bytes: 15216, frontier: 10, frontier_capacity_bytes: 1532, directory_children: 10, child_vector_bytes: 640, serial_capacity_bytes: 888, inode_capacity_bytes: 9768, directory_bindings: 110, directory_capacity_bytes: 352, change_capacity_bytes: 7040 }
DIAGNOSTIC namespace-count-1000 NamespaceWork { entries: 1011, entry_capacity_bytes: 119708, jobs: 1000, job_capacity_bytes: 133728, frontier: 10, frontier_capacity_bytes: 1532, directory_children: 100, child_vector_bytes: 5120, serial_capacity_bytes: 8088, inode_capacity_bytes: 88968, directory_bindings: 1010, directory_capacity_bytes: 352, change_capacity_bytes: 51840 }
test retained_collection_counts_expose_entry_count_growth ... ok

test result: ok. 1 passed; 0 failed; 0 ignored; 0 measured; 0 filtered out; finished in 0.07s

