$ /Users/yifanxu/Ephemeral-AI-Lab/layerfs/core/target/release/examples/measure_edits --mode pipeline --case chunked --threshold-bytes 131072 --output /Users/yifanxu/Ephemeral-AI-Lab/layerfs/docs/roadmap/0.1/0.1.7/evidence/phase2-execution-20260918T150435Z/rounds/p2-8/after/output/D21/edits-pipeline-chunked
cwd /Users/yifanxu/Ephemeral-AI-Lab/layerfs
exit_code 0
wall_s 0.013
--- stdout ---
mode: pipeline
case: chunked
threshold-bytes: 131072
timing: on
fixture: base 262144 bytes, 1 edit(s), 4096 replacement bytes
stream: 1 edit(s), base 262144 -> final 262144 bytes
base preparation (untimed): root 3e428805690821ee9c1c6e3775de5fa8aa9b901fe20fb18c3136ea239cc8c14d stored as 18 object(s), 3 pack(s)
edited root: ca6c30a4355c63c3e3df39a478482cd57f80b5271885e48a573bbe34a031d6b7
edited length: 262144
save: inserted 3 reused 0 packs 2 prefix records 0 full records 3
readback bytes: 262144
readback connection opens: 1
readback group decodes: 2
readback: verified byte-for-byte against the independent model
scope: edit-to-save acknowledgement is edit.save; verification and readback are timed separately
--- timing tree (inclusive; overlapping spans add to nothing) ---
edit.save  1.185ms
  storage.begin  205.459us
  file.edit  547.417us
    edit.base  224.750us
      edit.base_read  223.500us
    edit.compare  284.334us
      edit.compare.window  282.458us
      mapping.navigate  38.292us
        storage.read  37.833us
      mapping.payload  234.792us
        storage.read  234.625us
    edit.split  8.459us
    edit.split  3.250us
    edit.split  1.125us
    content.chunk  12.958us
    edit.finish  3.167us
  storage.finish  353.375us
--- timing tree (inclusive; overlapping spans add to nothing) ---
verify.readback  976.667us
  content.read  976.041us
    content.acquire  201.166us
    content.traverse  773.917us
      mapping.navigate  38.917us
        storage.read  38.750us
      mapping.payload  714.000us
        storage.read  713.791us
timings: 17 nodes at 5 levels -> /Users/yifanxu/Ephemeral-AI-Lab/layerfs/docs/roadmap/0.1/0.1.7/evidence/phase2-execution-20260918T150435Z/rounds/p2-8/after/output/D21/edits-pipeline-chunked/pipeline-edit-save.json
timings: 8 nodes at 5 levels -> /Users/yifanxu/Ephemeral-AI-Lab/layerfs/docs/roadmap/0.1/0.1.7/evidence/phase2-execution-20260918T150435Z/rounds/p2-8/after/output/D21/edits-pipeline-chunked/pipeline-readback.json
wall_seconds: 0.009343
--- stderr ---
