
running 8 tests
test a_blocked_base_fact_leaves_the_owner_free_and_publishes_after_a_capture ... ok
test closed_and_stopped_services_return_exact_outcomes_without_effect ... ok
test concurrent_appenders_and_a_tail_reader_see_whole_records_through_real_owner_jobs ... ok
test concurrent_operations_through_real_owner_jobs_keep_counts_and_references_exact ... ok
test opposing_directory_moves_from_real_threads_never_form_a_cycle ... ok
test orphans::inherited_open_unlinked_log_keeps_bytes_through_owner_installs_failures_and_idle_cleanup ... S6_CUSTODY_PLANS ["orphan: SEARCH orphan USING PRIMARY KEY (ns=? AND serial=?)", "file-owners: SEARCH file_custody USING PRIMARY KEY (ns=? AND serial=?)", "operation: SEARCH operation_owner USING PRIMARY KEY (ns=? AND owner=?)", "generation-held: SEARCH lease USING COVERING INDEX lease_resource (ns=? AND kind=? AND resource=?)"]
S6_ORPHAN_OWNER captures=24 success=12 failed=12 inherited_bytes=10 orphan_bytes=9180 truncate_regrow=true last_read_outlives_close=true idle_cleanup=true
ok
test orphans::non_file_lookup_custody_survives_real_owner_installs_and_a_last_consumer ... S6_NONFILE_OWNER captures=12 success=6 failures=6 directory_metadata=true inherited_symlink_bytes=true lookup_release_before_last_request=true idle_terminal_cleanup=true
ok
test payload_complete_operations_have_indexed_work_through_the_real_owner ... S5_OWNER_PLANS ["layers: SEARCH inode USING PRIMARY KEY (ns=? AND serial=? AND gen>? AND gen<?)", "active-layer: SEARCH inode USING PRIMARY KEY (ns=? AND serial=? AND gen=?)", "lower-layer: SEARCH inode USING PRIMARY KEY (ns=? AND serial=? AND gen>? AND gen<?)", "cell: SEARCH payload USING INDEX sqlite_autoindex_payload_1 (ns=? AND serial=? AND gen=? AND cell_offset=?)", "cell-window: SEARCH payload USING INDEX payload_generation (ns=? AND gen=? AND serial=? AND cell_offset>? AND cell_offset<?)", "drop-cell: SEARCH payload USING INDEX sqlite_autoindex_payload_1 (ns=? AND serial=? AND gen=? AND cell_offset=?)", "step: SEARCH shrink USING PRIMARY KEY (ns=? AND serial=? AND gen=? AND depth=?)"]
S6_OWNER_OPERATION unrelated=128 operation=overwrite-128k foreground_statements=101 vm=7168 changed=112 bound_bytes=133056 fullscan=0 sorts=0 autoindex=0 reprepare=0 maintenance_accounted_separately=true
S6_OWNER_OPERATION unrelated=128 operation=shrink foreground_statements=46 vm=1800 changed=28 bound_bytes=907 fullscan=0 sorts=0 autoindex=0 reprepare=0 maintenance_accounted_separately=true
S6_OWNER_OPERATION unrelated=128 operation=regrow foreground_statements=37 vm=1056 changed=16 bound_bytes=704 fullscan=0 sorts=0 autoindex=0 reprepare=0 maintenance_accounted_separately=true
S6_OWNER_OPERATION unrelated=128 operation=read-128k foreground_statements=38 vm=971 changed=8 bound_bytes=936 fullscan=0 sorts=0 autoindex=0 reprepare=0 maintenance_accounted_separately=true
S6_OWNER_OPERATION unrelated=128 operation=append foreground_statements=40 vm=1244 changed=19 bound_bytes=780 fullscan=0 sorts=0 autoindex=0 reprepare=0 maintenance_accounted_separately=true
S6_OWNER_OPERATION unrelated=1024 operation=overwrite-128k foreground_statements=101 vm=7168 changed=112 bound_bytes=133056 fullscan=0 sorts=0 autoindex=0 reprepare=0 maintenance_accounted_separately=true
S6_OWNER_OPERATION unrelated=1024 operation=shrink foreground_statements=46 vm=1800 changed=28 bound_bytes=907 fullscan=0 sorts=0 autoindex=0 reprepare=0 maintenance_accounted_separately=true
S6_OWNER_OPERATION unrelated=1024 operation=regrow foreground_statements=37 vm=1056 changed=16 bound_bytes=704 fullscan=0 sorts=0 autoindex=0 reprepare=0 maintenance_accounted_separately=true
S6_OWNER_OPERATION unrelated=1024 operation=read-128k foreground_statements=38 vm=971 changed=8 bound_bytes=936 fullscan=0 sorts=0 autoindex=0 reprepare=0 maintenance_accounted_separately=true
S6_OWNER_OPERATION unrelated=1024 operation=append foreground_statements=40 vm=1244 changed=19 bound_bytes=780 fullscan=0 sorts=0 autoindex=0 reprepare=0 maintenance_accounted_separately=true
S6_OWNER_OPERATION unrelated=4096 operation=overwrite-128k foreground_statements=101 vm=7168 changed=112 bound_bytes=133056 fullscan=0 sorts=0 autoindex=0 reprepare=0 maintenance_accounted_separately=true
S6_OWNER_OPERATION unrelated=4096 operation=shrink foreground_statements=46 vm=1800 changed=28 bound_bytes=907 fullscan=0 sorts=0 autoindex=0 reprepare=0 maintenance_accounted_separately=true
S6_OWNER_OPERATION unrelated=4096 operation=regrow foreground_statements=37 vm=1056 changed=16 bound_bytes=704 fullscan=0 sorts=0 autoindex=0 reprepare=0 maintenance_accounted_separately=true
S6_OWNER_OPERATION unrelated=4096 operation=read-128k foreground_statements=38 vm=971 changed=8 bound_bytes=936 fullscan=0 sorts=0 autoindex=0 reprepare=0 maintenance_accounted_separately=true
S6_OWNER_OPERATION unrelated=4096 operation=append foreground_statements=40 vm=1244 changed=19 bound_bytes=780 fullscan=0 sorts=0 autoindex=0 reprepare=0 maintenance_accounted_separately=true
S6_OWNER_MAINTENANCE statements=252 changed=171 vm=11241
ok

test result: ok. 8 passed; 0 failed; 0 ignored; 0 measured; 0 filtered out; finished in 2.09s

