warning: Patch `fuser v0.18.0 (/Users/yifanxu/Ephemeral-AI-Lab/layerfs/core/vendor/fuser-0.18.0)` was not used in the crate graph.
Check that the patched package version and available features are compatible
with the dependency requirements. If the patch has a different version from
what is locked in the Cargo.lock file, run `cargo update` to use the new
version. This may also occur with an optional dependency that is not enabled.
   Compiling layerfs-persistence v0.1.6 (/Users/yifanxu/Ephemeral-AI-Lab/layerfs/core/crates/layerfs-persistence)
   Compiling layerfs-project v0.1.6 (/Users/yifanxu/Ephemeral-AI-Lab/layerfs/core/crates/layerfs-project)
   Compiling layerfs-sdk v0.1.6 (/Users/yifanxu/Ephemeral-AI-Lab/layerfs/core/crates/layerfs-api/sdk)
    Finished `test` profile [optimized + debuginfo] target(s) in 18.80s
  Executable unittests src/lib.rs (core/target/debug/deps/layerfs_persistence-cc89418160e6b6ac)
  Executable tests/acquisition_batching.rs (core/target/debug/deps/acquisition_batching-22dc56f552159580)
  Executable tests/acquisition_disposal.rs (core/target/debug/deps/acquisition_disposal-09c229cf6d90b258)
  Executable tests/acquisition_reads.rs (core/target/debug/deps/acquisition_reads-816e8daad95aeaa0)
  Executable tests/acquisition_schema.rs (core/target/debug/deps/acquisition_schema-0ff8296d6c617dcb)
  Executable tests/acquisition_units.rs (core/target/debug/deps/acquisition_units-5fd24c91be0680f3)
  Executable tests/file_lengths.rs (core/target/debug/deps/file_lengths-8885c06688acdf7c)
  Executable tests/history_allocation.rs (core/target/debug/deps/history_allocation-ae289dce51ef3650)
  Executable tests/history_conditional_updates.rs (core/target/debug/deps/history_conditional_updates-9c31e21dc51693c4)
  Executable tests/history_history_pages.rs (core/target/debug/deps/history_history_pages-5b41b6d5300cfdd2)
  Executable tests/history_lifecycle.rs (core/target/debug/deps/history_lifecycle-068f9bc1d8f21ef0)
  Executable tests/history_remediation.rs (core/target/debug/deps/history_remediation-eac8f9d9018c6819)
  Executable tests/history_reopen.rs (core/target/debug/deps/history_reopen-4f5e99953bc52c4a)
  Executable tests/interleaved_saves.rs (core/target/debug/deps/interleaved_saves-ff8a0bbba23f38cc)
  Executable tests/semantic_admission.rs (core/target/debug/deps/semantic_admission-41991402795bdc3d)
  Executable tests/space_reclamation.rs (core/target/debug/deps/space_reclamation-d26d57e6061fdbed)
  Executable tests/sqlite_allocation_release.rs (core/target/debug/deps/sqlite_allocation_release-38c16b717c74d776)
  Executable tests/sqlite_group_rows.rs (core/target/debug/deps/sqlite_group_rows-ba50d433ea251e0d)
  Executable tests/sqlite_group_rows_indexed.rs (core/target/debug/deps/sqlite_group_rows_indexed-1c6c464933e45739)
  Executable tests/sqlite_ordinal_lookahead.rs (core/target/debug/deps/sqlite_ordinal_lookahead-d52323a5420a04b5)
  Executable tests/sqlite_pack_selection.rs (core/target/debug/deps/sqlite_pack_selection-fb7d337033d0043c)
  Executable tests/sqlite_publication.rs (core/target/debug/deps/sqlite_publication-d1e36b64dd368bf0)
  Executable tests/sqlite_recovery.rs (core/target/debug/deps/sqlite_recovery-c8bae7a6517ff80d)
  Executable tests/sqlite_reference_acquisition.rs (core/target/debug/deps/sqlite_reference_acquisition-af4d8bac5f950aba)
  Executable tests/sqlite_transaction_units.rs (core/target/debug/deps/sqlite_transaction_units-677cf916d8486ca1)
  Executable unittests src/lib.rs (core/target/debug/deps/layerfs_project-cffae0e2b52819f6)
  Executable tests/acquisition_custody.rs (core/target/debug/deps/acquisition_custody-de71bfa684e1c05f)
  Executable tests/backed_acquisition.rs (core/target/debug/deps/backed_acquisition-56c879d1d2910153)
  Executable tests/complete_root.rs (core/target/debug/deps/complete_root-7bc313d53b4b8645)
  Executable tests/history_proof_memo.rs (core/target/debug/deps/history_proof_memo-63e0a379bb7f70d8)
  Executable tests/init_memory.rs (core/target/debug/deps/init_memory-4dff77e098c7527d)
  Executable tests/init_sqlite.rs (core/target/debug/deps/init_sqlite-a81263fb89d61840)
  Executable tests/namespace_scaling.rs (core/target/debug/deps/namespace_scaling-9ba4bcc3e4bcccd6)
  Executable unittests src/lib.rs (core/target/debug/deps/layerfs_sdk-a9ac2f7b76117cf8)
  Executable tests/attachment.rs (core/target/debug/deps/attachment-04a532331522f12e)
  Executable tests/custody.rs (core/target/debug/deps/custody-b36426b4a42477ab)
  Executable tests/runtime.rs (core/target/debug/deps/runtime-0693fe70d77b0de3)
  Executable tests/runtime_binding.rs (core/target/debug/deps/runtime_binding-0a552fee5322ab0f)
  Executable tests/supervisor.rs (core/target/debug/deps/supervisor-633715d262640272)
  Executable tests/supervisor_application.rs (core/target/debug/deps/supervisor_application-c913ebc9a81cba3e)
  Executable tests/supervisor_progress.rs (core/target/debug/deps/supervisor_progress-0d066d6012ec9a64)
  Executable tests/supervisor_slots.rs (core/target/debug/deps/supervisor_slots-8220fbbb4ccd51e5)
  Executable tests/wire.rs (core/target/debug/deps/wire-23c7eeaa14dddada)
