config: REPS=3 WARMUP=1 RANDOMIZE_TARGETS=1 targets=/workspace /var/tmp

[1m=== tiny file churn (1000 files) ===[0m
  [32mOK[0m    create 1000 files              computerd  mean=172.2 med=173.8 p95=174.6 ms (n=3)
  [32mOK[0m    create 1000 files              base  mean=18.7 med=18.7 p95=18.9 ms (n=3)
  [32mOK[0m    stat 1000 files                computerd  mean=701.6 med=708.5 p95=754.8 ms (n=3)
  [32mOK[0m    stat 1000 files                base  mean=523.5 med=520.6 p95=540.5 ms (n=3)
  [32mOK[0m    rm 1000 files                  computerd  mean=566.9 med=573.2 p95=573.9 ms (n=3)
  [32mOK[0m    rm 1000 files                  base  mean=24.5 med=24.5 p95=24.5 ms (n=3)

[1m=== directory traversal ===[0m
  [32mOK[0m    mkdir tree (10x10x10)          computerd  mean=806.2 med=805.8 p95=820.6 ms (n=3)
  [32mOK[0m    mkdir tree (10x10x10)          base  mean=462.5 med=466.5 p95=466.7 ms (n=3)
  [32mOK[0m    find tree                      computerd  mean=870.9 med=887.7 p95=891.7 ms (n=3)
  [32mOK[0m    find tree                      base  mean=450.7 med=472.6 p95=485.5 ms (n=3)

[1m=== large file I/O ===[0m
  [32mOK[0m    write 64 MiB                   computerd  mean=120.7 med=116.2 p95=138.0 ms (n=3)
  [32mOK[0m    write 64 MiB                   base  mean=17.5 med=17.3 p95=17.9 ms (n=3)
  [32mOK[0m    copy 64 MiB                    computerd  mean=187.9 med=183.1 p95=198.9 ms (n=3)
  [32mOK[0m    copy 64 MiB                    base  mean=34.6 med=34.9 p95=35.7 ms (n=3)
  [32mOK[0m    read 64 MiB                    computerd  mean=88.1 med=89.7 p95=91.2 ms (n=3)
  [32mOK[0m    read 64 MiB                    base  mean=23.8 med=23.3 p95=25.3 ms (n=3)
  [32mOK[0m    pure read 64 MiB               computerd  mean=10.7 med=11.2 p95=11.5 ms (n=3)
  [32mOK[0m    pure read 64 MiB               base  mean=9.5 med=10.3 p95=10.5 ms (n=3)
  [32mOK[0m    pure copy 64 MiB               computerd  mean=56.6 med=56.6 p95=56.8 ms (n=3)
  [32mOK[0m    pure copy 64 MiB               base  mean=16.7 med=16.6 p95=17.1 ms (n=3)
  [32mOK[0m    overwrite 64 MiB               computerd  mean=58.9 med=59.2 p95=60.2 ms (n=3)
  [32mOK[0m    overwrite 64 MiB               base  mean=11.6 med=12.2 p95=12.6 ms (n=3)

[1m=== git ===[0m
  [32mOK[0m    git init + commit 100 files    computerd  mean=289.2 med=297.4 p95=306.6 ms (n=3)
  [32mOK[0m    git init + commit 100 files    base  mean=15.3 med=15.5 p95=15.6 ms (n=3)
  SKIP  npm scenarios (npm not installed)
  SKIP  go scenarios (go not installed)

[1m=== summary ===[0m
  scenario                       computerd mean computerd p95    base mean     base p95      ratio
  copy 64 MiB                        187.9 ms     198.9 ms      34.6 ms      35.7 ms      5.44x
  create 1000 files                  172.2 ms     174.6 ms      18.7 ms      18.9 ms      9.22x
  find tree                          870.9 ms     891.7 ms     450.7 ms     485.5 ms      1.93x
  git init + commit 100 files        289.2 ms     306.6 ms      15.3 ms      15.6 ms     18.88x
  mkdir tree (10x10x10)              806.2 ms     820.6 ms     462.5 ms     466.7 ms      1.74x
  overwrite 64 MiB                    58.9 ms      60.2 ms      11.6 ms      12.6 ms      5.09x
  pure copy 64 MiB                    56.6 ms      56.8 ms      16.7 ms      17.1 ms      3.39x
  pure read 64 MiB                    10.7 ms      11.5 ms       9.5 ms      10.5 ms      1.14x
  read 64 MiB                         88.1 ms      91.2 ms      23.8 ms      25.3 ms      3.70x
  rm 1000 files                      566.9 ms     573.9 ms      24.5 ms      24.5 ms     23.18x
  stat 1000 files                    701.6 ms     754.8 ms     523.5 ms     540.5 ms      1.34x
  write 64 MiB                       120.7 ms     138.0 ms      17.5 ms      17.9 ms      6.90x
wrote JSON summary to /tmp/reference.json
