COMMAND: ['cargo', '+1.85.1', 'test', '--manifest-path', 'core/Cargo.toml', '--locked', '-p', 'layerfs-workspace', '--test', 'namespace_daemon', 'payload_complete_operations_have_indexed_work_through_the_real_owner', '--', '--exact', '--nocapture']
TIMEOUT: 120s
    Finished `test` profile [optimized + debuginfo] target(s) in 0.03s
     Running tests/namespace_daemon.rs (core/target/debug/deps/namespace_daemon-2d9a73b7f39baa9f)

running 1 test
S5_OWNER_PLANS ["layers: SEARCH inode USING PRIMARY KEY (ns=? AND serial=? AND gen>? AND gen<?)", "active-layer: SEARCH inode USING PRIMARY KEY (ns=? AND serial=? AND gen=?)", "lower-layer: SEARCH inode USING PRIMARY KEY (ns=? AND serial=? AND gen>? AND gen<?)", "cell: SEARCH payload USING INDEX sqlite_autoindex_payload_1 (ns=? AND serial=? AND gen=? AND cell_offset=?)", "cell-window: SEARCH payload USING INDEX sqlite_autoindex_payload_1 (ns=? AND serial=? AND gen=? AND cell_offset>? AND cell_offset<?)", "drop-cell: SEARCH payload USING INDEX sqlite_autoindex_payload_1 (ns=? AND serial=? AND gen=? AND cell_offset=?)", "step: SEARCH shrink USING PRIMARY KEY (ns=? AND serial=? AND gen=? AND depth=?)"]
S5_OWNER_OPERATION unrelated=128 operation=overwrite-128k statements=91 vm=3294 changed=40 bound_bytes=133240 fullscan=0 sorts=0 autoindex=0 reprepare=0 includes_post_observation_route_seek=true
S5_OWNER_OPERATION unrelated=128 operation=shrink statements=62 vm=1069 changed=10 bound_bytes=1011 fullscan=0 sorts=0 autoindex=0 reprepare=0 includes_post_observation_route_seek=true
S5_OWNER_OPERATION unrelated=128 operation=regrow statements=59 vm=926 changed=8 bound_bytes=888 fullscan=0 sorts=0 autoindex=0 reprepare=0 includes_post_observation_route_seek=true
S5_OWNER_OPERATION unrelated=128 operation=read-128k statements=73 vm=1377 changed=4 bound_bytes=1568 fullscan=0 sorts=0 autoindex=0 reprepare=0 includes_post_observation_route_seek=true
S5_OWNER_OPERATION unrelated=128 operation=append statements=61 vm=1005 changed=9 bound_bytes=964 fullscan=0 sorts=0 autoindex=0 reprepare=0 includes_post_observation_route_seek=true
S5_OWNER_OPERATION unrelated=1024 operation=overwrite-128k statements=91 vm=3294 changed=40 bound_bytes=133240 fullscan=0 sorts=0 autoindex=0 reprepare=0 includes_post_observation_route_seek=true
S5_OWNER_OPERATION unrelated=1024 operation=shrink statements=62 vm=1069 changed=10 bound_bytes=1011 fullscan=0 sorts=0 autoindex=0 reprepare=0 includes_post_observation_route_seek=true
S5_OWNER_OPERATION unrelated=1024 operation=regrow statements=59 vm=926 changed=8 bound_bytes=888 fullscan=0 sorts=0 autoindex=0 reprepare=0 includes_post_observation_route_seek=true
S5_OWNER_OPERATION unrelated=1024 operation=read-128k statements=73 vm=1377 changed=4 bound_bytes=1568 fullscan=0 sorts=0 autoindex=0 reprepare=0 includes_post_observation_route_seek=true
S5_OWNER_OPERATION unrelated=1024 operation=append statements=61 vm=1005 changed=9 bound_bytes=964 fullscan=0 sorts=0 autoindex=0 reprepare=0 includes_post_observation_route_seek=true
S5_OWNER_OPERATION unrelated=4096 operation=overwrite-128k statements=91 vm=3294 changed=40 bound_bytes=133240 fullscan=0 sorts=0 autoindex=0 reprepare=0 includes_post_observation_route_seek=true
S5_OWNER_OPERATION unrelated=4096 operation=shrink statements=62 vm=1069 changed=10 bound_bytes=1011 fullscan=0 sorts=0 autoindex=0 reprepare=0 includes_post_observation_route_seek=true
S5_OWNER_OPERATION unrelated=4096 operation=regrow statements=59 vm=926 changed=8 bound_bytes=888 fullscan=0 sorts=0 autoindex=0 reprepare=0 includes_post_observation_route_seek=true
S5_OWNER_OPERATION unrelated=4096 operation=read-128k statements=73 vm=1377 changed=4 bound_bytes=1568 fullscan=0 sorts=0 autoindex=0 reprepare=0 includes_post_observation_route_seek=true
S5_OWNER_OPERATION unrelated=4096 operation=append statements=61 vm=1005 changed=9 bound_bytes=964 fullscan=0 sorts=0 autoindex=0 reprepare=0 includes_post_observation_route_seek=true
test payload_complete_operations_have_indexed_work_through_the_real_owner ... ok

test result: ok. 1 passed; 0 failed; 0 ignored; 0 measured; 5 filtered out; finished in 0.67s


EXIT: 0; WALL: 2.379s
