   Compiling layerfs-layerstack-store v0.1.5 (/Users/yifanxu/Ephemeral-AI-Lab/layerfs/crates/layerfs-layerstack-store)
warning: variable does not need to be mutable
   --> crates/layerfs-layerstack-store/src/objects/admission/metadata_tests.rs:265:9
    |
265 |     let mut f = Fixture::new();
    |         ----^
    |         |
    |         help: remove this `mut`
    |
    = note: `#[warn(unused_mut)]` (part of `#[warn(unused)]`) on by default

warning: `layerfs-layerstack-store` (lib test) generated 1 warning (run `cargo fix --lib -p layerfs-layerstack-store --tests` to apply 1 suggestion)
    Finished `test` profile [unoptimized + debuginfo] target(s) in 9.11s
     Running unittests src/lib.rs (target/debug/deps/layerfs_layerstack_store-1df70e3f7470c3b7)

running 5 tests
test objects::admission::native_tests::metadata_tests::metadata_pool_catalogue_corruption_and_publication_rollback ... ok
test staging::tests::publication_lost_ack_reopen_exact_context_and_bounded_history ... ok
test objects::admission::native_tests::locator_publication_is_sorted_without_changing_native_pack_bytes ... ok
test staging::tests::publication_retains_failed_stage_retries_exactly_and_bounds_receipts ... ok
test layerstack::tests::multi_batch_publication_failure_removes_admitted_objects ... ok

test result: ok. 5 passed; 0 failed; 0 ignored; 0 measured; 150 filtered out; finished in 1.54s

