warning: Patch `fuser v0.18.0 (/Users/yifanxu/Ephemeral-AI-Lab/layerfs/core/vendor/fuser-0.18.0)` was not used in the crate graph.
Check that the patched package version and available features are compatible
with the dependency requirements. If the patch has a different version from
what is locked in the Cargo.lock file, run `cargo update` to use the new
version. This may also occur with an optional dependency that is not enabled.
    Finished `test` profile [optimized + debuginfo] target(s) in 0.05s
     Running unittests src/lib.rs (core/target/cluster2-runtime-tests/debug/deps/layerfs_bridge-d6d40251613ee3c5)

running 0 tests

test result: ok. 0 passed; 0 failed; 0 ignored; 0 measured; 0 filtered out; finished in 0.00s

     Running tests/logical_frames.rs (core/target/cluster2-runtime-tests/debug/deps/logical_frames-aaea643fd77a51c5)

running 6 tests
test header_is_exact_borrowed_and_refuses_invalid_wire_without_body_allocation ... ok
test aggregate_budget_spans_receivers_and_keeps_control_demand_reserves ... ok
test completed_body_credit_survives_reassembly_owner_drop ... ok
test malformed_continuation_retains_original_partial_bytes_until_explicit_fence ... ok
test interleaved_messages_finish_out_of_order_with_exact_correlation_and_credit ... ok
test incomplete_saves_cannot_consume_demand_and_control_message_slots ... ok

test result: ok. 6 passed; 0 failed; 0 ignored; 0 measured; 0 filtered out; finished in 0.00s

     Running tests/native.rs (core/target/cluster2-runtime-tests/debug/deps/native-f22a6908121b7872)

running 5 tests
S7_FAILED_HANDSHAKE client=ChannelWork { channel_calls: 0, record_io_attempts: 2, records: 0, plaintext_bytes: 0, io_calls: 2, io_attempts: 3, wire_bytes: 50, zeroed_bytes: 514, crypto_attempts: 1, crypto_input_bytes: 0, crypto_output_bytes: 48, buffer_allocation_attempts: 1, requested_buffer_bytes: 256, stack_window_bytes: 512, plain_capacity: 0, sealed_capacity: 0 } server=ChannelWork { channel_calls: 0, record_io_attempts: 1, records: 0, plaintext_bytes: 0, io_calls: 2, io_attempts: 2, wire_bytes: 50, zeroed_bytes: 562, crypto_attempts: 1, crypto_input_bytes: 48, crypto_output_bytes: 0, buffer_allocation_attempts: 1, requested_buffer_bytes: 256, stack_window_bytes: 512, plain_capacity: 0, sealed_capacity: 0 }
test wrong_static_identity_fails_the_actual_handshake ... ok
test corrupted_authenticated_record_retains_the_crypto_failure_without_replay ... ok
test oversized_unattempted_record_does_not_consume_a_nonce ... ok
test malformed_record_quarantines_both_directions_before_body_allocation ... ok
NATIVE suite=Noise_KK_25519_AESGCM_SHA256 server_receive=ChannelWork { channel_calls: 5, record_io_attempts: 5, records: 5, plaintext_bytes: 196564, io_calls: 15, io_attempts: 15, wire_bytes: 196654, zeroed_bytes: 262102, crypto_attempts: 5, crypto_input_bytes: 196644, crypto_output_bytes: 196564, buffer_allocation_attempts: 2, requested_buffer_bytes: 131054, stack_window_bytes: 0, plain_capacity: 65519, sealed_capacity: 65535 } server_send=ChannelWork { channel_calls: 5, record_io_attempts: 5, records: 5, plaintext_bytes: 196564, io_calls: 10, io_attempts: 10, wire_bytes: 196654, zeroed_bytes: 131054, crypto_attempts: 5, crypto_input_bytes: 196564, crypto_output_bytes: 196644, buffer_allocation_attempts: 1, requested_buffer_bytes: 65535, stack_window_bytes: 0, plain_capacity: 0, sealed_capacity: 65535 } handshake=ChannelWork { channel_calls: 0, record_io_attempts: 2, records: 0, plaintext_bytes: 0, io_calls: 4, io_attempts: 4, wire_bytes: 100, zeroed_bytes: 562, crypto_attempts: 2, crypto_input_bytes: 48, crypto_output_bytes: 48, buffer_allocation_attempts: 1, requested_buffer_bytes: 256, stack_window_bytes: 512, plain_capacity: 0, sealed_capacity: 0 }
NATIVE client_send=ChannelWork { channel_calls: 5, record_io_attempts: 5, records: 5, plaintext_bytes: 196564, io_calls: 10, io_attempts: 10, wire_bytes: 196654, zeroed_bytes: 131054, crypto_attempts: 5, crypto_input_bytes: 196564, crypto_output_bytes: 196644, buffer_allocation_attempts: 1, requested_buffer_bytes: 65535, stack_window_bytes: 0, plain_capacity: 0, sealed_capacity: 65535 } client_receive=ChannelWork { channel_calls: 5, record_io_attempts: 5, records: 5, plaintext_bytes: 196564, io_calls: 15, io_attempts: 15, wire_bytes: 196654, zeroed_bytes: 262102, crypto_attempts: 5, crypto_input_bytes: 196644, crypto_output_bytes: 196564, buffer_allocation_attempts: 2, requested_buffer_bytes: 131054, stack_window_bytes: 0, plain_capacity: 65519, sealed_capacity: 65535 }
test authenticated_duplex_records_stream_beyond_one_window_with_fixed_buffers ... ok

test result: ok. 5 passed; 0 failed; 0 ignored; 0 measured; 0 filtered out; finished in 0.01s

     Running tests/native_framing.rs (core/target/cluster2-runtime-tests/debug/deps/native_framing-0e29a25f02e3f76d)

running 2 tests
test native_fragments_interleave_and_reply_correlations_keep_original_requests ... ok
test authenticated_bad_header_fences_both_directions_and_retains_partial_body ... ok

test result: ok. 2 passed; 0 failed; 0 ignored; 0 measured; 0 filtered out; finished in 0.00s

     Running unittests src/lib.rs (core/target/cluster2-runtime-tests/debug/deps/layerfs_sdk-a9ac2f7b76117cf8)

running 0 tests

test result: ok. 0 passed; 0 failed; 0 ignored; 0 measured; 0 filtered out; finished in 0.00s

     Running tests/runtime.rs (core/target/cluster2-runtime-tests/debug/deps/runtime-0693fe70d77b0de3)

running 17 tests
test missing_dependency_finish_is_retained_as_the_original_storage_error ... ok
test refused_admission_retains_the_exact_phase_without_replay ... ok
test history_up_to_date_retains_exact_stage_and_transition_without_replay ... ok
test service_revalidates_queued_authority_and_fences_retained_results_across_rewrap ... ok
test disconnect_retains_completed_save_and_reconnect_reads_without_finish_replay ... ok
test capability_scope_authority_and_read_window_are_checked_before_service ... ok
S9_FAIR_SERVICE ServiceWork { submission_attempts: [0, 5, 1, 0, 0, 0], submission_refusals: [0, 1, 0, 0, 0, 0], admitted: 5, refused: 1, dispatched: [0, 4, 1, 0, 0, 0], cancelled: 0, credited_bytes: 0, peak_credited_bytes: 268240, outstanding: 0, copied_bytes: 0, queue_wait_ns: [0, 545627, 7917, 0, 0, 0], service_ns: [0, 3167, 513625, 0, 0, 0], registry_capacity_bytes: 18240 }
test queued_history_retains_exact_stage_transition_and_explicit_release_ownership ... ok
test disconnect_cancels_only_unattempted_and_promotes_another_connection_save_head ... ok
test fair_service_rotates_workspace_and_class_and_retains_result_credit ... ok
test service_orders_one_save_across_classes_and_protects_retained_receipts ... ok
test history_candidate_authority_and_grammar_refusals_preserve_save_and_stage_custody ... ok
test independent_saves_pending_reads_retained_finish_and_slot_reuse ... ok
S4_OWNING_SERIALS first=1 refill=1024 next=1031 scope_allocator=history_catalog
test workspace_serials_come_from_the_owning_scope_allocator_under_authority ... ok
test history_conflict_retains_deciding_stage_and_only_exact_discard_releases_it ... ok
S3_OWNING_STAT logical=131071 namespace_refs=2 owning_payload_bytes=0 owning_pack_bytes=0 locate=1
test workspace_stat_uses_authenticated_scoped_owning_lengths_without_payload_or_fallback ... ok
test wire_receipts_preserve_deciding_stage_conflict_and_distinct_inspection_denial ... ok
S7_S9_NATIVE_RUNTIME input=ChannelWork { channel_calls: 16, record_io_attempts: 16, records: 15, plaintext_bytes: 71831, io_calls: 31, io_attempts: 32, wire_bytes: 72101, zeroed_bytes: 131374, crypto_attempts: 15, crypto_input_bytes: 72071, crypto_output_bytes: 71831, buffer_allocation_attempts: 2, requested_buffer_bytes: 131054, stack_window_bytes: 0, plain_capacity: 65519, sealed_capacity: 65535 } body=ReassemblyWork { admitted: 11, allocation_attempts: 11, requested_body_bytes: 71231, refused: 0, fragments: 15, copied_bytes: 71231, live_messages: 0, credited_bytes: 0, peak_credited_bytes: 70223 } output=ChannelWork { channel_calls: 23, record_io_attempts: 23, records: 23, plaintext_bytes: 72579, io_calls: 46, io_attempts: 46, wire_bytes: 72993, zeroed_bytes: 66955, crypto_attempts: 23, crypto_input_bytes: 72579, crypto_output_bytes: 72947, buffer_allocation_attempts: 1, requested_buffer_bytes: 65535, stack_window_bytes: 0, plain_capacity: 0, sealed_capacity: 65535 } output_body=OutputWork { submissions: 22, refused: 0, admitted: 22, owners: 1, messages: 0, credited_bytes: 0, peak_credited_bytes: 70447 } service=ServiceWork { submission_attempts: [2, 2, 1, 1, 3, 2], submission_refusals: [0, 0, 0, 0, 0, 0], admitted: 11, refused: 0, dispatched: [2, 2, 1, 1, 3, 2], cancelled: 0, credited_bytes: 0, peak_credited_bytes: 33621580, outstanding: 0, copied_bytes: 70023, queue_wait_ns: [1083, 8166, 917, 625, 3583, 2041], service_ns: [71333, 2833, 122792, 53667, 1498041, 628833], registry_capacity_bytes: 123392 } client_send=(FramingWork { fragments: 15, copied_bytes: 71231, frame_capacity: 65519 }, ChannelWork { channel_calls: 15, record_io_attempts: 15, records: 15, plaintext_bytes: 71831, io_calls: 30, io_attempts: 30, wire_bytes: 72101, zeroed_bytes: 65679, crypto_attempts: 15, crypto_input_bytes: 71831, crypto_output_bytes: 72071, buffer_allocation_attempts: 1, requested_buffer_bytes: 65535, stack_window_bytes: 0, plain_capacity: 0, sealed_capacity: 65535 }, 64) client_receive=(ChannelWork { channel_calls: 23, record_io_attempts: 23, records: 23, plaintext_bytes: 72579, io_calls: 46, io_attempts: 46, wire_bytes: 72993, zeroed_bytes: 133940, crypto_attempts: 23, crypto_input_bytes: 72947, crypto_output_bytes: 72579, buffer_allocation_attempts: 2, requested_buffer_bytes: 131054, stack_window_bytes: 0, plain_capacity: 65519, sealed_capacity: 65535 }, Ok(ReassemblyWork { admitted: 22, allocation_attempts: 22, requested_body_bytes: 71659, refused: 0, fragments: 23, copied_bytes: 71659, live_messages: 0, credited_bytes: 0, peak_credited_bytes: 70167 }))
test authenticated_native_runtime_delivers_binding_policy_serial_save_and_history_once ... ok

test result: ok. 17 passed; 0 failed; 0 ignored; 0 measured; 0 filtered out; finished in 0.08s

     Running tests/wire.rs (core/target/cluster2-runtime-tests/debug/deps/wire-23c7eeaa14dddada)

running 5 tests
test typed_refusal_preserves_nested_unknown_original_cleanup_and_opaque_io ... ok
test fixed_headers_validate_every_operation_and_refuse_wrong_envelope_before_allocation ... ok
test refused_native_header_never_allocates_or_copies_declared_canonical_body ... ok
test output_rotates_ready_classes_and_caller_receipts_hold_real_shared_credit ... ok
test actual_grant_streams_canonical_input_and_disconnect_returns_partial_original ... ok

test result: ok. 5 passed; 0 failed; 0 ignored; 0 measured; 0 filtered out; finished in 0.01s

