warning: Patch `fuser v0.18.0 (/work/core/vendor/fuser-0.18.0)` was not used in the crate graph.
Check that the patched package version and available features are compatible
with the dependency requirements. If the patch has a different version from
what is locked in the Cargo.lock file, run `cargo update` to use the new
version. This may also occur with an optional dependency that is not enabled.
    Finished `test` profile [optimized + debuginfo] target(s) in 0.25s
     Running unittests src/lib.rs (core/target/cluster2-linux/debug/deps/layerfs_bridge-7578cad8abc469c6)

running 0 tests

test result: ok. 0 passed; 0 failed; 0 ignored; 0 measured; 0 filtered out; finished in 0.00s

     Running tests/logical_frames.rs (core/target/cluster2-linux/debug/deps/logical_frames-2dd12783f7698f5b)

running 6 tests
test completed_body_credit_survives_reassembly_owner_drop ... ok
test incomplete_saves_cannot_consume_demand_and_control_message_slots ... ok
test interleaved_messages_finish_out_of_order_with_exact_correlation_and_credit ... ok
test aggregate_budget_spans_receivers_and_keeps_control_demand_reserves ... ok
test malformed_continuation_retains_original_partial_bytes_until_explicit_fence ... ok
test header_is_exact_borrowed_and_refuses_invalid_wire_without_body_allocation ... ok

test result: ok. 6 passed; 0 failed; 0 ignored; 0 measured; 0 filtered out; finished in 0.00s

     Running tests/native.rs (core/target/cluster2-linux/debug/deps/native-855a46c73a380a7a)

running 5 tests
S7_FAILED_HANDSHAKE client=ChannelWork { channel_calls: 0, record_io_attempts: 2, records: 0, plaintext_bytes: 0, io_calls: 2, io_attempts: 3, wire_bytes: 50, zeroed_bytes: 514, crypto_attempts: 1, crypto_input_bytes: 0, crypto_output_bytes: 48, buffer_allocation_attempts: 1, requested_buffer_bytes: 256, stack_window_bytes: 512, plain_capacity: 0, sealed_capacity: 0 } server=ChannelWork { channel_calls: 0, record_io_attempts: 1, records: 0, plaintext_bytes: 0, io_calls: 2, io_attempts: 2, wire_bytes: 50, zeroed_bytes: 562, crypto_attempts: 1, crypto_input_bytes: 48, crypto_output_bytes: 0, buffer_allocation_attempts: 1, requested_buffer_bytes: 256, stack_window_bytes: 512, plain_capacity: 0, sealed_capacity: 0 }
test wrong_static_identity_fails_the_actual_handshake ... ok
test malformed_record_quarantines_both_directions_before_body_allocation ... ok
test oversized_unattempted_record_does_not_consume_a_nonce ... ok
test corrupted_authenticated_record_retains_the_crypto_failure_without_replay ... ok
NATIVE suite=Noise_KK_25519_AESGCM_SHA256 server_receive=ChannelWork { channel_calls: 5, record_io_attempts: 5, records: 5, plaintext_bytes: 196564, io_calls: 10, io_attempts: 10, wire_bytes: 196654, zeroed_bytes: 262102, crypto_attempts: 5, crypto_input_bytes: 196644, crypto_output_bytes: 196564, buffer_allocation_attempts: 2, requested_buffer_bytes: 131054, stack_window_bytes: 0, plain_capacity: 65519, sealed_capacity: 65535 } server_send=ChannelWork { channel_calls: 5, record_io_attempts: 5, records: 5, plaintext_bytes: 196564, io_calls: 10, io_attempts: 10, wire_bytes: 196654, zeroed_bytes: 131054, crypto_attempts: 5, crypto_input_bytes: 196564, crypto_output_bytes: 196644, buffer_allocation_attempts: 1, requested_buffer_bytes: 65535, stack_window_bytes: 0, plain_capacity: 0, sealed_capacity: 65535 } handshake=ChannelWork { channel_calls: 0, record_io_attempts: 2, records: 0, plaintext_bytes: 0, io_calls: 4, io_attempts: 4, wire_bytes: 100, zeroed_bytes: 562, crypto_attempts: 2, crypto_input_bytes: 48, crypto_output_bytes: 48, buffer_allocation_attempts: 1, requested_buffer_bytes: 256, stack_window_bytes: 512, plain_capacity: 0, sealed_capacity: 0 }
NATIVE client_send=ChannelWork { channel_calls: 5, record_io_attempts: 5, records: 5, plaintext_bytes: 196564, io_calls: 10, io_attempts: 10, wire_bytes: 196654, zeroed_bytes: 131054, crypto_attempts: 5, crypto_input_bytes: 196564, crypto_output_bytes: 196644, buffer_allocation_attempts: 1, requested_buffer_bytes: 65535, stack_window_bytes: 0, plain_capacity: 0, sealed_capacity: 65535 } client_receive=ChannelWork { channel_calls: 5, record_io_attempts: 5, records: 5, plaintext_bytes: 196564, io_calls: 10, io_attempts: 10, wire_bytes: 196654, zeroed_bytes: 262102, crypto_attempts: 5, crypto_input_bytes: 196644, crypto_output_bytes: 196564, buffer_allocation_attempts: 2, requested_buffer_bytes: 131054, stack_window_bytes: 0, plain_capacity: 65519, sealed_capacity: 65535 }
test authenticated_duplex_records_stream_beyond_one_window_with_fixed_buffers ... ok

test result: ok. 5 passed; 0 failed; 0 ignored; 0 measured; 0 filtered out; finished in 0.17s

     Running tests/native_framing.rs (core/target/cluster2-linux/debug/deps/native_framing-0c62ce8c68043889)

running 3 tests
test failed_native_send_keeps_original_framing_copy_and_initialization_work ... ok
test native_fragments_interleave_and_reply_correlations_keep_original_requests ... ok
test authenticated_bad_header_fences_both_directions_and_retains_partial_body ... ok

test result: ok. 3 passed; 0 failed; 0 ignored; 0 measured; 0 filtered out; finished in 0.09s

     Running unittests src/lib.rs (core/target/cluster2-linux/debug/deps/layerfs_sdk-04569cca95583b09)

running 0 tests

test result: ok. 0 passed; 0 failed; 0 ignored; 0 measured; 0 filtered out; finished in 0.00s

     Running tests/runtime.rs (core/target/cluster2-linux/debug/deps/runtime-2ea06079303783d8)

running 0 tests

test result: ok. 0 passed; 0 failed; 0 ignored; 0 measured; 0 filtered out; finished in 0.00s

     Running tests/wire.rs (core/target/cluster2-linux/debug/deps/wire-9d2d1e92d334f131)

running 5 tests
test fixed_headers_validate_every_operation_and_refuse_wrong_envelope_before_allocation ... ok
test typed_refusal_preserves_nested_unknown_original_cleanup_and_opaque_io ... ok
test output_rotates_ready_classes_and_caller_receipts_hold_real_shared_credit ... ok
test refused_native_header_never_allocates_or_copies_declared_canonical_body ... ok
test actual_grant_streams_canonical_input_and_disconnect_returns_partial_original ... ok

test result: ok. 5 passed; 0 failed; 0 ignored; 0 measured; 0 filtered out; finished in 0.14s

