mode: c1
case: chunked
threshold-bytes: 131072
timing: on
fixture: base 262144 bytes, 1 edit(s), 4096 replacement bytes
stream: 1 edit(s), base 262144 -> final 262144 bytes
base root: 3e428805690821ee9c1c6e3775de5fa8aa9b901fe20fb18c3136ea239cc8c14d
result root: ca6c30a4355c63c3e3df39a478482cd57f80b5271885e48a573bbe34a031d6b7
result length: 262144
emitted: 3 objects, 4947 canonical bytes
scope: base reads, the no-op comparison, construction and consumer waiting are inside file.edit
exclusions: no database, pack, Store or file is opened in this mode
--- timing tree (inclusive; overlapping spans add to nothing) ---
file.edit  293.834us
  edit.op  290.541us
    edit.base  16.542us
      edit.base_read  14.166us
    edit.compare  50.041us
      edit.compare.window  23.583us
    edit.split  40.291us
    edit.split  9.083us
    edit.split  666ns
    content.chunk  118.750us
    edit.finish  32.083us
timings: 11 nodes at 4 levels -> /var/folders/s4/xpkmz7wn6yq97w1ls_4f_dfc0000gn/T/tmp.MBWxbRKw3G/run/c1-edit.json
wall_seconds: 0.016282
