warning: Patch `fuser v0.18.0 (/Users/yifanxu/Ephemeral-AI-Lab/layerfs/core/vendor/fuser-0.18.0)` was not used in the crate graph.
Check that the patched package version and available features are compatible
with the dependency requirements. If the patch has a different version from
what is locked in the Cargo.lock file, run `cargo update` to use the new
version. This may also occur with an optional dependency that is not enabled.
   Compiling layerfs-persistence v0.1.6 (/Users/yifanxu/Ephemeral-AI-Lab/layerfs/core/crates/layerfs-persistence)
    Finished `test` profile [optimized + debuginfo] target(s) in 5.15s
  Executable unittests src/lib.rs (core/target/init-acquisition-fix-20261006/debug/deps/layerfs_persistence-cc89418160e6b6ac)
  Executable tests/acquisition_batching.rs (core/target/init-acquisition-fix-20261006/debug/deps/acquisition_batching-22dc56f552159580)
  Executable tests/acquisition_schema.rs (core/target/init-acquisition-fix-20261006/debug/deps/acquisition_schema-0ff8296d6c617dcb)
  Executable tests/acquisition_units.rs (core/target/init-acquisition-fix-20261006/debug/deps/acquisition_units-5fd24c91be0680f3)
  Executable tests/file_lengths.rs (core/target/init-acquisition-fix-20261006/debug/deps/file_lengths-8885c06688acdf7c)
  Executable tests/history_allocation.rs (core/target/init-acquisition-fix-20261006/debug/deps/history_allocation-ae289dce51ef3650)
  Executable tests/history_conditional_updates.rs (core/target/init-acquisition-fix-20261006/debug/deps/history_conditional_updates-9c31e21dc51693c4)
  Executable tests/history_history_pages.rs (core/target/init-acquisition-fix-20261006/debug/deps/history_history_pages-5b41b6d5300cfdd2)
  Executable tests/history_lifecycle.rs (core/target/init-acquisition-fix-20261006/debug/deps/history_lifecycle-068f9bc1d8f21ef0)
  Executable tests/history_remediation.rs (core/target/init-acquisition-fix-20261006/debug/deps/history_remediation-eac8f9d9018c6819)
  Executable tests/history_reopen.rs (core/target/init-acquisition-fix-20261006/debug/deps/history_reopen-4f5e99953bc52c4a)
  Executable tests/interleaved_saves.rs (core/target/init-acquisition-fix-20261006/debug/deps/interleaved_saves-ff8a0bbba23f38cc)
  Executable tests/semantic_admission.rs (core/target/init-acquisition-fix-20261006/debug/deps/semantic_admission-41991402795bdc3d)
  Executable tests/sqlite_allocation_release.rs (core/target/init-acquisition-fix-20261006/debug/deps/sqlite_allocation_release-38c16b717c74d776)
  Executable tests/sqlite_group_rows.rs (core/target/init-acquisition-fix-20261006/debug/deps/sqlite_group_rows-ba50d433ea251e0d)
  Executable tests/sqlite_group_rows_indexed.rs (core/target/init-acquisition-fix-20261006/debug/deps/sqlite_group_rows_indexed-1c6c464933e45739)
  Executable tests/sqlite_ordinal_lookahead.rs (core/target/init-acquisition-fix-20261006/debug/deps/sqlite_ordinal_lookahead-d52323a5420a04b5)
  Executable tests/sqlite_pack_selection.rs (core/target/init-acquisition-fix-20261006/debug/deps/sqlite_pack_selection-fb7d337033d0043c)
  Executable tests/sqlite_publication.rs (core/target/init-acquisition-fix-20261006/debug/deps/sqlite_publication-d1e36b64dd368bf0)
  Executable tests/sqlite_recovery.rs (core/target/init-acquisition-fix-20261006/debug/deps/sqlite_recovery-c8bae7a6517ff80d)
  Executable tests/sqlite_reference_acquisition.rs (core/target/init-acquisition-fix-20261006/debug/deps/sqlite_reference_acquisition-af4d8bac5f950aba)
  Executable tests/sqlite_transaction_units.rs (core/target/init-acquisition-fix-20261006/debug/deps/sqlite_transaction_units-677cf916d8486ca1)
  Executable unittests examples/metadata_allocation_probe.rs (core/target/init-acquisition-fix-20261006/debug/examples/metadata_allocation_probe-a0e6a3d08857b3e4)
