warning: Patch `fuser v0.18.0 (/Users/yifanxu/Ephemeral-AI-Lab/layerfs/core/vendor/fuser-0.18.0)` was not used in the crate graph.
Check that the patched package version and available features are compatible
with the dependency requirements. If the patch has a different version from
what is locked in the Cargo.lock file, run `cargo update` to use the new
version. This may also occur with an optional dependency that is not enabled.
    Finished `test` profile [optimized + debuginfo] target(s) in 0.08s
     Running unittests src/lib.rs (core/target/init-acquisition-fix-20261006/debug/deps/layerfs_project-cffae0e2b52819f6)

running 0 tests

test result: ok. 0 passed; 0 failed; 0 ignored; 0 measured; 0 filtered out; finished in 0.00s

     Running tests/acquisition_custody.rs (core/target/init-acquisition-fix-20261006/debug/deps/acquisition_custody-de71bfa684e1c05f)

running 6 tests
test backing_inside_source_is_refused_before_an_operation_begins ... ok
test a_definite_failure_removes_its_rows_and_its_record ... ok
test a_failed_cleanup_after_a_failure_keeps_both_causes ... ok
test an_unknown_outcome_leaves_the_operation_untouched ... ok
test a_backing_read_failure_is_definite_and_is_cleaned_up ... ok
test a_failed_cleanup_reports_its_cause_and_the_rows_still_held ... ok

test result: ok. 6 passed; 0 failed; 0 ignored; 0 measured; 0 filtered out; finished in 0.66s

     Running tests/backed_acquisition.rs (core/target/init-acquisition-fix-20261006/debug/deps/backed_acquisition-56c879d1d2910153)

running 2 tests
test wide_nested_aliased_root_equals_the_whole_namespace_constructor ... ok
test very_wide_directory_is_ordered_through_many_windows ... ok

test result: ok. 2 passed; 0 failed; 0 ignored; 0 measured; 0 filtered out; finished in 4.22s

     Running tests/complete_root.rs (core/target/init-acquisition-fix-20261006/debug/deps/complete_root-7bc313d53b4b8645)

running 2 tests
test native_import_keeps_ignored_git_dependencies_outputs_and_exact_link_targets ... ok
test real_host_profiles_acquire_and_reuse_the_exact_complete_root ... ok

test result: ok. 2 passed; 0 failed; 0 ignored; 0 measured; 0 filtered out; finished in 0.11s

     Running tests/history_proof_memo.rs (core/target/init-acquisition-fix-20261006/debug/deps/history_proof_memo-63e0a379bb7f70d8)

running 4 tests
test short_source_batch_is_refused_before_cache_admission ... ok
test identity_and_missing_failures_are_not_cached ... ok
test mixed_hits_misses_duplicates_and_order_keep_exact_bytes ... ok
test eviction_respects_both_fixed_bounds_and_fresh_invocation_starts_empty ... ok

test result: ok. 4 passed; 0 failed; 0 ignored; 0 measured; 0 filtered out; finished in 0.02s

     Running tests/init_memory.rs (core/target/init-acquisition-fix-20261006/debug/deps/init_memory-4dff77e098c7527d)

running 1 test
test init_100_and_1000_over_memory_ports_pass_the_full_namespace_oracle ... ok

test result: ok. 1 passed; 0 failed; 0 ignored; 0 measured; 0 filtered out; finished in 0.42s

     Running tests/init_sqlite.rs (core/target/init-acquisition-fix-20261006/debug/deps/init_sqlite-a81263fb89d61840)

running 3 tests
test a_store_inside_the_source_is_refused_before_an_operation_begins ... ok
test a_store_without_acquisition_tables_refuses_init ... ok
test selected_profiles_init_100_and_1000_pass_the_full_namespace_oracle ... ok

test result: ok. 3 passed; 0 failed; 0 ignored; 0 measured; 0 filtered out; finished in 1.28s

     Running tests/namespace_scaling.rs (core/target/init-acquisition-fix-20261006/debug/deps/namespace_scaling-9ba4bcc3e4bcccd6)

running 1 test
test backed_counts_grow_while_resident_buffers_stay_fixed ... ok

test result: ok. 1 passed; 0 failed; 0 ignored; 0 measured; 0 filtered out; finished in 2.09s

     Running unittests examples/acquisition_profile.rs (core/target/init-acquisition-fix-20261006/debug/examples/acquisition_profile-eb1d4e8c03d2f167)

running 0 tests

test result: ok. 0 passed; 0 failed; 0 ignored; 0 measured; 0 filtered out; finished in 0.00s

     Running unittests examples/benchmark_history.rs (core/target/init-acquisition-fix-20261006/debug/examples/benchmark_history-25eeb0e283ed40d5)

running 28 tests
test workload::gitoid::tests::object_ids_parse_and_render_round_trip ... ok
test workload::gitoid::tests::a_blob_oid_is_the_header_plus_the_bytes ... ok
test workload::history::tests::a_blob_that_does_not_identify_is_refused_both_ways ... ok
test workload::gitoid::tests::the_buffer_boundaries_are_exact ... ok
test workload::history::tests::a_missing_corpus_is_refused_rather_than_defaulted ... ok
test workload::history::tests::a_malformed_oracle_is_refused_rather_than_counted ... ok
test workload::history::tests::a_selection_that_is_not_the_declared_shape_is_refused ... ok
test workload::history::tests::a_transition_counts_and_sizes_only_what_it_added_or_modified ... ok
test workload::history::tests::an_oracle_parses_files_and_directories_apart ... ok
test workload::history::tests::hex_decoding_refuses_odd_lengths_and_non_hex ... ok
test workload::history::tests::path_states_are_not_the_manifest_file_count ... ok
test workload::history::tests::the_pinned_totals_agree_with_the_selections ... ok
test workload::history::tests::the_three_selections_are_the_declared_indices ... ok
test workload::json::tests::a_duplicate_key_is_refused_rather_than_resolved ... ok
test workload::json::tests::accessors_are_typed_rather_than_coercing ... ok
test workload::json::tests::counting_agrees_with_building ... ok
test workload::json::tests::escapes_resolve_including_a_surrogate_pair ... ok
test workload::history::tests::sealed_oracle_counts_cover_all_checkpoints_and_refuse_drift ... ok
test workload::json::tests::malformed_documents_are_refused ... ok
test workload::json::tests::scalars_and_containers_round_trip ... ok
test workload::json::tests::the_depth_guard_refuses_rather_than_overflowing ... ok
test workload::providers::tests::a_batch_demanding_a_later_object_gets_the_snapshot_error ... ok
test workload::providers::tests::a_cumulative_prefix_serves_bytes_and_demand_order_identically ... ok
test workload::providers::tests::prefix_keys_admit_the_snapshot_and_nothing_else ... ok
test workload::history::tests::a_tree_line_parses_in_the_corpus_column_order ... ok
test workload::history::tests::a_malformed_tree_line_names_its_line_and_is_refused ... ok
test workload::gitoid::tests::sha1_matches_the_published_vectors ... ok
test workload::gitoid::tests::blob_oid_matches_scalar_across_blocks_and_large_payloads ... ok

test result: ok. 28 passed; 0 failed; 0 ignored; 0 measured; 0 filtered out; finished in 0.01s

     Running unittests examples/benchmark_init.rs (core/target/init-acquisition-fix-20261006/debug/examples/benchmark_init-458c4c4d44746f69)

running 0 tests

test result: ok. 0 passed; 0 failed; 0 ignored; 0 measured; 0 filtered out; finished in 0.00s

     Running unittests examples/cause_namespace.rs (core/target/init-acquisition-fix-20261006/debug/examples/cause_namespace-7aedcb121d53d725)

running 0 tests

test result: ok. 0 passed; 0 failed; 0 ignored; 0 measured; 0 filtered out; finished in 0.00s

     Running unittests examples/verify_history.rs (core/target/init-acquisition-fix-20261006/debug/examples/verify_history-902dc25e49e113ab)

running 28 tests
test workload::gitoid::tests::a_blob_oid_is_the_header_plus_the_bytes ... ok
test workload::gitoid::tests::object_ids_parse_and_render_round_trip ... ok
test workload::gitoid::tests::the_buffer_boundaries_are_exact ... ok
test workload::history::tests::a_missing_corpus_is_refused_rather_than_defaulted ... ok
test workload::history::tests::a_selection_that_is_not_the_declared_shape_is_refused ... ok
test workload::history::tests::a_transition_counts_and_sizes_only_what_it_added_or_modified ... ok
test workload::history::tests::hex_decoding_refuses_odd_lengths_and_non_hex ... ok
test workload::history::tests::a_blob_that_does_not_identify_is_refused_both_ways ... ok
test workload::history::tests::an_oracle_parses_files_and_directories_apart ... ok
test workload::history::tests::a_malformed_oracle_is_refused_rather_than_counted ... ok
test workload::history::tests::path_states_are_not_the_manifest_file_count ... ok
test workload::history::tests::the_pinned_totals_agree_with_the_selections ... ok
test workload::history::tests::the_three_selections_are_the_declared_indices ... ok
test workload::json::tests::a_duplicate_key_is_refused_rather_than_resolved ... ok
test workload::json::tests::accessors_are_typed_rather_than_coercing ... ok
test workload::json::tests::counting_agrees_with_building ... ok
test workload::json::tests::escapes_resolve_including_a_surrogate_pair ... ok
test workload::json::tests::malformed_documents_are_refused ... ok
test workload::json::tests::scalars_and_containers_round_trip ... ok
test workload::history::tests::sealed_oracle_counts_cover_all_checkpoints_and_refuse_drift ... ok
test workload::json::tests::the_depth_guard_refuses_rather_than_overflowing ... ok
test workload::providers::tests::a_batch_demanding_a_later_object_gets_the_snapshot_error ... ok
test workload::providers::tests::a_cumulative_prefix_serves_bytes_and_demand_order_identically ... ok
test workload::history::tests::a_tree_line_parses_in_the_corpus_column_order ... ok
test workload::providers::tests::prefix_keys_admit_the_snapshot_and_nothing_else ... ok
test workload::history::tests::a_malformed_tree_line_names_its_line_and_is_refused ... ok
test workload::gitoid::tests::sha1_matches_the_published_vectors ... ok
test workload::gitoid::tests::blob_oid_matches_scalar_across_blocks_and_large_payloads ... ok

test result: ok. 28 passed; 0 failed; 0 ignored; 0 measured; 0 filtered out; finished in 0.01s

     Running unittests examples/verify_namespace.rs (core/target/init-acquisition-fix-20261006/debug/examples/verify_namespace-bb9c33c4490085ee)

running 1 test
test tests::lite_sample_covers_anchors_empty_sizes_and_tree_tail ... ok

test result: ok. 1 passed; 0 failed; 0 ignored; 0 measured; 0 filtered out; finished in 0.00s

     Running unittests src/lib.rs (core/target/init-acquisition-fix-20261006/debug/deps/layerfs_sdk-a9ac2f7b76117cf8)

running 0 tests

test result: ok. 0 passed; 0 failed; 0 ignored; 0 measured; 0 filtered out; finished in 0.00s

     Running tests/runtime.rs (core/target/init-acquisition-fix-20261006/debug/deps/runtime-0693fe70d77b0de3)

running 19 tests
test history_up_to_date_retains_exact_stage_and_transition_without_replay ... ok
test refused_admission_retains_the_exact_phase_without_replay ... ok
test disconnect_cancels_only_unattempted_and_promotes_another_connection_save_head ... ok
test missing_dependency_finish_is_retained_as_the_original_storage_error ... ok
test queued_history_retains_exact_stage_transition_and_explicit_release_ownership ... ok
test service_orders_one_save_across_classes_and_protects_retained_receipts ... ok
test capability_scope_authority_and_read_window_are_checked_before_service ... ok
test history_candidate_authority_and_grammar_refusals_preserve_save_and_stage_custody ... ok
test disconnect_retains_completed_save_and_reconnect_reads_without_finish_replay ... ok
test fair_service_rotates_workspace_and_class_and_retains_result_credit ... ok
test independent_saves_pending_reads_retained_finish_and_slot_reuse ... ok
test history_conflict_retains_deciding_stage_and_only_exact_discard_releases_it ... ok
test service_save_jobs_leave_first_demand_and_control_slots_and_finished_headers_refuse_early ... ok
test service_revalidates_queued_authority_and_fences_retained_results_across_rewrap ... ok
test workspace_serials_come_from_the_owning_scope_allocator_under_authority ... ok
test native_consumer_ports_serve_real_saved_objects_lengths_and_serials_without_replay ... ok
test workspace_stat_uses_authenticated_scoped_owning_lengths_without_payload_or_fallback ... ok
test wire_receipts_preserve_deciding_stage_conflict_and_distinct_inspection_denial ... ok
test authenticated_native_runtime_delivers_binding_policy_serial_save_and_history_once ... ok

test result: ok. 19 passed; 0 failed; 0 ignored; 0 measured; 0 filtered out; finished in 0.07s

     Running tests/wire.rs (core/target/init-acquisition-fix-20261006/debug/deps/wire-23c7eeaa14dddada)

running 7 tests
test fixed_headers_validate_every_operation_and_refuse_wrong_envelope_before_allocation ... ok
test typed_refusal_preserves_nested_unknown_original_cleanup_and_opaque_io ... ok
test consumer_close_fences_a_blocked_call_without_waiting_for_its_mutex_or_replay ... ok
test consumer_wrong_result_retains_original_body_and_stops_before_another_call ... ok
test refused_native_header_never_allocates_or_copies_declared_canonical_body ... ok
test output_rotates_ready_classes_and_caller_receipts_hold_real_shared_credit ... ok
test actual_grant_streams_canonical_input_and_disconnect_returns_partial_original ... ok

test result: ok. 7 passed; 0 failed; 0 ignored; 0 measured; 0 filtered out; finished in 0.01s

     Running unittests src/lib.rs (core/target/init-acquisition-fix-20261006/debug/deps/layerfs_storage-5e9a8d43227e1126)

running 0 tests

test result: ok. 0 passed; 0 failed; 0 ignored; 0 measured; 0 filtered out; finished in 0.00s

     Running tests/codec_frames.rs (core/target/init-acquisition-fix-20261006/debug/deps/codec_frames-4c026ece6c3f0ecf)

running 7 tests
test a_forged_declared_length_inside_the_header_is_refused_by_the_call_itself ... ok
test a_declared_length_that_contradicts_the_frame_is_refused ... ok
test the_decode_arena_is_charged_only_when_a_frame_needs_it ... ok
test every_truncation_of_a_valid_frame_is_refused_without_panicking ... ok
test a_frame_beyond_the_profiles_window_is_refused ... ok
test a_frame_whose_checksum_no_longer_matches_is_refused ... ok
test a_valid_frame_round_trips_through_both_decode_entry_points ... ok

test result: ok. 7 passed; 0 failed; 0 ignored; 0 measured; 0 filtered out; finished in 0.01s

     Running tests/decoded_group_retention.rs (core/target/init-acquisition-fix-20261006/debug/deps/decoded_group_retention-c30a4c9e49c06e73)

running 2 tests
test duplicate_input_is_idempotent_and_invalid_admission_preserves_retention ... ok
test overflow_keeps_recent_dependency_groups_and_evicts_only_a_cold_group ... ok

test result: ok. 2 passed; 0 failed; 0 ignored; 0 measured; 0 filtered out; finished in 0.00s

     Running tests/locator_pressure.rs (core/target/init-acquisition-fix-20261006/debug/deps/locator_pressure-850786723554273e)

running 2 tests
test pressure_admission_preserves_an_unrequested_positive_locator ... ok
test second_chance_breaks_repeated_low_key_victim_churn ... ok

test result: ok. 2 passed; 0 failed; 0 ignored; 0 measured; 0 filtered out; finished in 0.06s

     Running tests/object_key.rs (core/target/init-acquisition-fix-20261006/debug/deps/object_key-818fe01b5ebfaf70)

running 1 test
test sealed_keys_keep_standard_sha256_bytes_for_empty_short_and_many_blocks ... ok

test result: ok. 1 passed; 0 failed; 0 ignored; 0 measured; 0 filtered out; finished in 0.00s

     Running tests/pack_cache_contract.rs (core/target/init-acquisition-fix-20261006/debug/deps/pack_cache_contract-88cca7b9685a4f6a)

running 3 tests
test cohort_reservation_keeps_requested_hits_while_releasing_misses_space ... ok
test pressure_evicts_only_cold_bodies_and_keeps_recent_siblings ... ok
test singleton_is_isolated_and_new_owner_has_no_retained_input ... ok

test result: ok. 3 passed; 0 failed; 0 ignored; 0 measured; 0 filtered out; finished in 0.00s

     Running tests/pack_range_contract.rs (core/target/init-acquisition-fix-20261006/debug/deps/pack_range_contract-74621c8c161e9b79)

running 4 tests
test invalid_ranges_fail_without_body_scan_or_whole_strategy_fallback ... ok
test whole_selection_keeps_the_existing_carrier_and_io_failure_is_terminal ... ok
test corruption_outside_selected_ranges_is_still_refused ... ok
test ranges_crossing_prefix_and_scan_chunks_are_exact_and_all_bytes_are_paid_once ... ok

test result: ok. 4 passed; 0 failed; 0 ignored; 0 measured; 0 filtered out; finished in 0.00s

     Running tests/physical_formats.rs (core/target/init-acquisition-fix-20261006/debug/deps/physical_formats-ef4195a93e3eb456)

running 10 tests
test every_implemented_framing_is_recognized_by_its_own_version ... ok
test grouped_whole_file_versions_keep_their_own_body_offsets ... ok
test new_pooled_placement_splits_before_the_quarter_pack_bound ... ok
test ordinary_and_native_versions_keep_their_own_body_offsets ... ok
test pooled_pack_versions_keep_their_own_size_bounds ... ok
test the_lane_table_names_one_limit_per_lane ... ok
test unimplemented_and_unknown_framings_are_rejected_without_a_trial_decode ... ok
test declared_pack_and_group_bounds_are_enforced_on_the_bytes ... ok
test closing_a_pack_and_retaining_its_tail_assemble_the_same_bytes ... ok
test a_recipe_frame_larger_than_its_profile_is_refused ... ok

test result: ok. 10 passed; 0 failed; 0 ignored; 0 measured; 0 filtered out; finished in 0.01s

     Running tests/pooled_demand_work.rs (core/target/init-acquisition-fix-20261006/debug/deps/pooled_demand_work-37763a6a440484ab)

running 3 tests
test missing_catalogue_still_refuses_canonical_reconstruction ... ok
test pooled_demand_reuses_one_checked_physical_reconstruction ... ok
test save_exact_reuse_consumes_the_group_already_acquired_by_discovery ... ok

test result: ok. 3 passed; 0 failed; 0 ignored; 0 measured; 0 filtered out; finished in 0.01s

     Running tests/pooled_dependency_integrity.rs (core/target/init-acquisition-fix-20261006/debug/deps/pooled_dependency_integrity-e88cc6cd5a2e174a)

running 1 test
test literal_delta_cannot_hide_a_wrong_canonical_base ... ok

test result: ok. 1 passed; 0 failed; 0 ignored; 0 measured; 0 filtered out; finished in 0.01s

     Running tests/pooled_value_retention.rs (core/target/init-acquisition-fix-20261006/debug/deps/pooled_value_retention-f5cd11d434ed512d)

running 1 test
test a_hot_value_group_survives_capacity_eviction_without_extra_decoding ... ok

test result: ok. 1 passed; 0 failed; 0 ignored; 0 measured; 0 filtered out; finished in 0.01s

     Running tests/read_demand_custody.rs (core/target/init-acquisition-fix-20261006/debug/deps/read_demand_custody-1a1fb525d99edaa1)

running 1 test
test mixed_hit_miss_wave_keeps_all_requested_locators_within_existing_bound ... ok

test result: ok. 1 passed; 0 failed; 0 ignored; 0 measured; 0 filtered out; finished in 0.02s

     Running tests/read_pack_locality.rs (core/target/init-acquisition-fix-20261006/debug/deps/read_pack_locality-8204cf82ea5fec2e)

running 2 tests
test physical_scheduling_preserves_repeated_ids_and_demand_order ... ok
test bounded_hash_order_demand_does_not_reacquire_one_pack_for_each_object ... ok

test result: ok. 2 passed; 0 failed; 0 ignored; 0 measured; 0 filtered out; finished in 0.05s

     Running tests/save_demand_locality.rs (core/target/init-acquisition-fix-20261006/debug/deps/save_demand_locality-568e8a85dbf5c34b)

running 1 test
test exact_reuse_does_not_scan_the_wave_before_consuming_its_objects ... ok

test result: ok. 1 passed; 0 failed; 0 ignored; 0 measured; 0 filtered out; finished in 0.05s

     Running tests/selected_cache_bounds.rs (core/target/init-acquisition-fix-20261006/debug/deps/selected_cache_bounds-034a34927cec4b92)

running 5 tests
test whole_cohort_shares_full_directory_walks_and_preserves_descriptor_checks ... ok
test cohort_still_refuses_corruption_in_an_unrequested_directory_entry ... ok
test whole_promotion_replaces_units_within_same_byte_allowance ... ok
test tiny_selected_units_still_obey_the_existing_entry_count_limit ... ok
test selected_units_evict_selectively_under_the_same_two_mib_body_limit ... ok

test result: ok. 5 passed; 0 failed; 0 ignored; 0 measured; 0 filtered out; finished in 0.02s

     Running tests/selected_group_reads.rs (core/target/init-acquisition-fix-20261006/debug/deps/selected_group_reads-79baace56d7da732)

running 10 tests
test adjacent_sparse_groups_coalesce_and_dense_promotion_preserves_bytes_and_order ... ok
test new_sparse_group_miss_promotes_retained_pack_then_all_siblings_reuse ... ok
test random_sparse_groups_preserve_duplicate_slots ... ok
test accessed_record_corruption_fails_canonical_authentication ... ok
test hash_valid_malformed_directory_is_refused_by_the_shared_prefix_validator ... ok
test unread_corruption_is_outside_scoped_read_but_whole_pack_audit_refuses_it ... ok
test a_sparse_prefix_target_reconstructs_its_required_base_exactly ... ok
test sparse_native_records_reconstruct_canonical_chunk_bytes ... ok
test dense_payload_coverage_promotes_once_and_then_reuses_sibling_groups ... ok
test sparse_payload_siblings_survive_multiple_pack_pressure_without_whole_promotion ... ok

test result: ok. 10 passed; 0 failed; 0 ignored; 0 measured; 0 filtered out; finished in 0.02s

     Running tests/verified_pack_read.rs (core/target/init-acquisition-fix-20261006/debug/deps/verified_pack_read-fd00751c024b3b5f)

running 2 tests
test immutable_carrier_rejects_wrong_length_digest_and_modified_consumed_bytes ... ok
test c2_still_refuses_hash_valid_pack_with_wrong_domain ... ok

test result: ok. 2 passed; 0 failed; 0 ignored; 0 measured; 0 filtered out; finished in 0.00s

