$ /Users/yifanxu/Ephemeral-AI-Lab/layerfs/core/target/release/examples/measure_edits --mode pipeline --case chunked --threshold-bytes 131072 --output /Users/yifanxu/Ephemeral-AI-Lab/layerfs/docs/roadmap/0.1/0.1.7/evidence/phase1-execution-20260918T090000Z/rounds/p1-16/after/output/D21/edits-pipeline-chunked
cwd /Users/yifanxu/Ephemeral-AI-Lab/layerfs
exit_code 0
wall_s 0.015
--- stdout ---
mode: pipeline
case: chunked
threshold-bytes: 131072
timing: on
fixture: base 262144 bytes, 1 edit(s), 4096 replacement bytes
stream: 1 edit(s), base 262144 -> final 262144 bytes
base preparation (untimed): root 3e428805690821ee9c1c6e3775de5fa8aa9b901fe20fb18c3136ea239cc8c14d stored as 18 object(s), 3 pack(s)
edited root: ca6c30a4355c63c3e3df39a478482cd57f80b5271885e48a573bbe34a031d6b7
edited length: 262144
save: inserted 3 reused 0 packs 2 prefix records 0 full records 3
readback bytes: 262144
readback connection opens: 1
readback: verified byte-for-byte against the independent model
scope: edit-to-save acknowledgement is edit.save; verification and readback are timed separately
--- timing tree (inclusive; overlapping spans add to nothing) ---
edit.save  1.247ms
  storage.begin  221.167us
  file.edit  605.625us
    edit.base  233.084us
      edit.base_read  231.875us
    edit.compare  309.667us
      edit.compare.window  307.917us
        mapping.navigate  47.000us
          storage.read  46.500us
        mapping.payload  254.875us
          storage.read  254.708us
    edit.split  34.792us
    edit.split  2.375us
    edit.split  375ns
    content.chunk  16.125us
    edit.finish  3.250us
  storage.finish  348.625us
--- timing tree (inclusive; overlapping spans add to nothing) ---
verify.readback  948.166us
  content.read  947.000us
    content.acquire  181.833us
    content.traverse  764.292us
      mapping.navigate  35.167us
        storage.read  35.000us
      mapping.payload  708.833us
        storage.read  708.667us
timings: 17 nodes at 6 levels -> /Users/yifanxu/Ephemeral-AI-Lab/layerfs/docs/roadmap/0.1/0.1.7/evidence/phase1-execution-20260918T090000Z/rounds/p1-16/after/output/D21/edits-pipeline-chunked/pipeline-edit-save.json
timings: 8 nodes at 5 levels -> /Users/yifanxu/Ephemeral-AI-Lab/layerfs/docs/roadmap/0.1/0.1.7/evidence/phase1-execution-20260918T090000Z/rounds/p1-16/after/output/D21/edits-pipeline-chunked/pipeline-readback.json
wall_seconds: 0.010336
--- stderr ---
