DAEMON_STATUS
Name:	layerfs-daemon
Umask:	0077
State:	S (sleeping)
Tgid:	1
Ngid:	0
Pid:	1
PPid:	0
TracerPid:	0
Uid:	0	0	0	0
Gid:	0	0	0	0
FDSize:	64
Groups:	0 
NStgid:	1
NSpid:	1
NSpgid:	1
NSsid:	1
Kthread:	0
VmPeak:	  686468 kB
VmSize:	  620952 kB
VmLck:	       0 kB
VmPin:	       0 kB
VmHWM:	   29548 kB
VmRSS:	   29548 kB
RssAnon:	   22572 kB
RssFile:	    6976 kB
RssShmem:	       0 kB
VmData:	   57608 kB
VmStk:	     132 kB
VmExe:	    6720 kB
VmLib:	    2320 kB
VmPTE:	     168 kB
VmSwap:	       0 kB
HugetlbPages:	       0 kB
CoreDumping:	0
THP_enabled:	1
untag_mask:	0xffffffffffffff
Threads:	10
SigQ:	0/15665
SigPnd:	0000000000000000
ShdPnd:	0000000000000000
SigBlk:	0000000000000000
SigIgn:	0000000000001000
SigCgt:	0000000100000440
CapInh:	0000000000000000
CapPrm:	00000000a82425fb
CapEff:	00000000a82425fb
CapBnd:	00000000a82425fb
CapAmb:	0000000000000000
NoNewPrivs:	1
Seccomp:	2
Seccomp_filters:	1
Speculation_Store_Bypass:	vulnerable
SpeculationIndirectBranch:	unknown
Cpus_allowed:	ff
Cpus_allowed_list:	0-7
Mems_allowed:	1
Mems_allowed_list:	0
voluntary_ctxt_switches:	20
nonvoluntary_ctxt_switches:	7
BACKING_BYTES
/layerfs-store/global/store.sqlite 172032 336 512
/layerfs-store/global/store.sqlite-wal 8272 24 512
/layerfs-store/global/store.sqlite-shm 32768 64 512
/layerfs-store/global/store.sqlite-journal ABSENT
/layerfs-local/overlay/overlay.sqlite 401408 525072 512
/layerfs-local/overlay/overlay.sqlite-wal ABSENT
/layerfs-local/overlay/overlay.sqlite-shm ABSENT
/layerfs-local/overlay/overlay.sqlite-journal ABSENT
OWN_CONTAINER_CGROUP
/sys/fs/cgroup/memory.stat
anon 23502848
file 7344128
kernel 2428928
kernel_stack 180224
pagetables 253952
sec_pagetables 0
percpu 22480
sock 0
vmalloc 24576
shmem 0
zswap 0
zswapped 0
file_mapped 32768
file_dirty 454656
file_writeback 0
swapcached 0
anon_thp 6291456
file_thp 0
shmem_thp 0
inactive_anon 0
active_anon 23437312
inactive_file 1503232
active_file 5840896
unevictable 0
slab_reclaimable 808880
slab_unreclaimable 509992
slab 1318872
workingset_refault_anon 0
workingset_refault_file 0
workingset_activate_anon 0
workingset_activate_file 0
workingset_restore_anon 0
workingset_restore_file 0
workingset_nodereclaim 0
pgdemote_kswapd 0
pgdemote_direct 0
pgdemote_khugepaged 0
pgscan 0
pgsteal 0
pgscan_kswapd 0
pgscan_direct 0
pgscan_khugepaged 0
pgsteal_kswapd 0
pgsteal_direct 0
pgsteal_khugepaged 0
pgfault 34315
pgmajfault 52
pgrefill 0
pgactivate 0
pgdeactivate 0
pglazyfree 0
pglazyfreed 0
swpin_zero 0
swpout_zero 0
zswpin 0
zswpout 0
zswpwb 0
thp_fault_alloc 5
thp_collapse_alloc 0
thp_swpout 0
thp_swpout_fallback 0
/sys/fs/cgroup/memory.current
34312192
/sys/fs/cgroup/memory.peak
38486016
DAEMON_THREADS
THREAD	1	layerfs-daemon	14736208 193042 27	20 7 	1461 0 0 4
THREAD	10	layerfs-fuse-2	832541 66958 11	11 0 	31 0 0 6
THREAD	11	layerfs-fuse-3	864207 9417 13	13 0 	30 0 0 0
THREAD	12	layerfs-control	18251586 104418 23	21 2 	584 0 1 3
THREAD	51	layerfs-mount-2	118083 0 1	1 0 	1 0 0 7
THREAD	52	layerfs-fence-2	73042 0 4	4 0 	0 0 0 5
THREAD	53	fuser-0	124669956 151375 2955	2955 0 	2548 8 3 7
THREAD	7	layerfs-overlay	15047209 91417 17	17 0 	284 1 0 2
THREAD	8	layerfs-fuse-0	1711291 16625 11	11 0 	55 0 0 5
THREAD	9	layerfs-fuse-1	849914 29667 11	11 0 	31 0 0 1
CGROUP_CPU
usage_usec 646336
user_usec 370552
system_usec 275784
nice_usec 0
nr_periods 0
nr_throttled 0
throttled_usec 0
nr_bursts 0
burst_usec 0
KERNEL	6.12.76-linuxkit	8
