warning: Patch `fuser v0.18.0 (/work/core/vendor/fuser-0.18.0)` was not used in the crate graph.
Check that the patched package version and available features are compatible
with the dependency requirements. If the patch has a different version from
what is locked in the Cargo.lock file, run `cargo update` to use the new
version. This may also occur with an optional dependency that is not enabled.
   Compiling layerfs-content v0.1.6 (/work/core/crates/layerfs-content)
    Finished `test` profile [optimized + debuginfo] target(s) in 28.44s
  Executable unittests src/lib.rs (core/target/cluster2-linux/debug/deps/layerfs_content-2930c097802b3b2f)
  Executable tests/backing_custody.rs (core/target/cluster2-linux/debug/deps/backing_custody-3ac24d66e86358ef)
  Executable tests/chunk_predecessor.rs (core/target/cluster2-linux/debug/deps/chunk_predecessor-42ae08aad9c627bc)
  Executable tests/edit_batch.rs (core/target/cluster2-linux/debug/deps/edit_batch-dcb9703373f6f6b9)
  Executable tests/edit_bounds.rs (core/target/cluster2-linux/debug/deps/edit_bounds-9ef8d0ee6dbdecf8)
  Executable tests/edit_cache.rs (core/target/cluster2-linux/debug/deps/edit_cache-013ea32017e60dca)
  Executable tests/edit_lazy_plan.rs (core/target/cluster2-linux/debug/deps/edit_lazy_plan-10443d364d14f3ca)
  Executable tests/edit_localized.rs (core/target/cluster2-linux/debug/deps/edit_localized-328d0f32bbea6732)
  Executable tests/edit_model.rs (core/target/cluster2-linux/debug/deps/edit_model-1b5b69cb7a0a1cae)
  Executable tests/edit_noop.rs (core/target/cluster2-linux/debug/deps/edit_noop-aec87900a15abe15)
  Executable tests/edit_reference.rs (core/target/cluster2-linux/debug/deps/edit_reference-37182510813b5a64)
  Executable tests/edit_single.rs (core/target/cluster2-linux/debug/deps/edit_single-19a76ee4bf4bcca3)
  Executable tests/edit_timing.rs (core/target/cluster2-linux/debug/deps/edit_timing-83c8b073a045e4a5)
  Executable tests/edit_transitions.rs (core/target/cluster2-linux/debug/deps/edit_transitions-94ed959c3e668305)
  Executable tests/file_complete.rs (core/target/cluster2-linux/debug/deps/file_complete-08047e9f27bab856)
  Executable tests/file_read.rs (core/target/cluster2-linux/debug/deps/file_read-63224d650d9c3cfd)
  Executable tests/filesystem_attributes.rs (core/target/cluster2-linux/debug/deps/filesystem_attributes-4843aa15ccd6dcf0)
  Executable tests/filesystem_bounds.rs (core/target/cluster2-linux/debug/deps/filesystem_bounds-93d877a0d3610e2c)
  Executable tests/filesystem_codec.rs (core/target/cluster2-linux/debug/deps/filesystem_codec-041ebfce91050893)
  Executable tests/filesystem_failure.rs (core/target/cluster2-linux/debug/deps/filesystem_failure-187e3491c85abe78)
  Executable tests/filesystem_hardlinks.rs (core/target/cluster2-linux/debug/deps/filesystem_hardlinks-f481d9fe5595c519)
  Executable tests/filesystem_limits.rs (core/target/cluster2-linux/debug/deps/filesystem_limits-4981cdd210ead34b)
  Executable tests/filesystem_ordering.rs (core/target/cluster2-linux/debug/deps/filesystem_ordering-0438038296c1d156)
  Executable tests/filesystem_ordering_consolidate.rs (core/target/cluster2-linux/debug/deps/filesystem_ordering_consolidate-7deb456b74bbfff9)
  Executable tests/filesystem_ordering_scan.rs (core/target/cluster2-linux/debug/deps/filesystem_ordering_scan-336bd6b49d81dcca)
  Executable tests/filesystem_parent_lookup.rs (core/target/cluster2-linux/debug/deps/filesystem_parent_lookup-5cd81a3bf02cbacb)
  Executable tests/filesystem_profile.rs (core/target/cluster2-linux/debug/deps/filesystem_profile-1e2b7fb0e1f6f4ae)
  Executable tests/filesystem_read.rs (core/target/cluster2-linux/debug/deps/filesystem_read-dcda8cbb1b6ccfe1)
  Executable tests/filesystem_reference.rs (core/target/cluster2-linux/debug/deps/filesystem_reference-033ccd147fa4da08)
  Executable tests/filesystem_rows.rs (core/target/cluster2-linux/debug/deps/filesystem_rows-021f0346d51ccd89)
  Executable tests/filesystem_sorted.rs (core/target/cluster2-linux/debug/deps/filesystem_sorted-b6768a46bbf7ebc8)
  Executable tests/filesystem_timing.rs (core/target/cluster2-linux/debug/deps/filesystem_timing-5c74b71efd473287)
  Executable tests/filesystem_topology.rs (core/target/cluster2-linux/debug/deps/filesystem_topology-be3c556a8e040ddd)
  Executable tests/filesystem_updates.rs (core/target/cluster2-linux/debug/deps/filesystem_updates-5dce2593b4243eee)
  Executable tests/fixture_seal.rs (core/target/cluster2-linux/debug/deps/fixture_seal-a5cccca4e7fab4ca)
  Executable tests/inode_leaf.rs (core/target/cluster2-linux/debug/deps/inode_leaf-ac0bc3a7e7a7dbcc)
  Executable tests/object_admission.rs (core/target/cluster2-linux/debug/deps/object_admission-437ba1a19cd33fb2)
  Executable tests/object_context.rs (core/target/cluster2-linux/debug/deps/object_context-aaa0d7f491c52102)
  Executable tests/object_identity.rs (core/target/cluster2-linux/debug/deps/object_identity-a8173ec6f752a1a7)
  Executable tests/runs.rs (core/target/cluster2-linux/debug/deps/runs-04c2f77079d8a251)
  Executable tests/streaming.rs (core/target/cluster2-linux/debug/deps/streaming-b41479e550e74f60)
  Executable tests/timing.rs (core/target/cluster2-linux/debug/deps/timing-66220ce7dd677213)
  Executable tests/zero_cdc.rs (core/target/cluster2-linux/debug/deps/zero_cdc-ed4cdc4ba5504fc6)
  Executable unittests examples/edit_memory_probe.rs (core/target/cluster2-linux/debug/examples/edit_memory_probe-25335a68ceaa2520)
  Executable unittests examples/edit_timing_c1.rs (core/target/cluster2-linux/debug/examples/edit_timing_c1-e3bf23f434a1ef8e)
  Executable unittests examples/filesystem_primitives_candidate.rs (core/target/cluster2-linux/debug/examples/filesystem_primitives_candidate-72777a83c6f2d909)
  Executable unittests examples/filesystem_timing_c1.rs (core/target/cluster2-linux/debug/examples/filesystem_timing_c1-87fe114a155c116b)
  Executable unittests examples/fingerprint_collision_search.rs (core/target/cluster2-linux/debug/examples/fingerprint_collision_search-bd22a8c87e0ced06)
