warning: Patch `fuser v0.18.0 (/work/core/vendor/fuser-0.18.0)` was not used in the crate graph.
Check that the patched package version and available features are compatible
with the dependency requirements. If the patch has a different version from
what is locked in the Cargo.lock file, run `cargo update` to use the new
version. This may also occur with an optional dependency that is not enabled.
   Compiling layerfs-content v0.1.6 (/work/core/crates/layerfs-content)
   Compiling layerfs-overlay v0.1.6 (/work/core/crates/layerfs-overlay)
   Compiling layerfs-history v0.1.6 (/work/core/crates/layerfs-history)
   Compiling layerfs-storage v0.1.6 (/work/core/crates/layerfs-storage)
   Compiling layerfs-workspace v0.1.6 (/work/core/crates/layerfs-workspace)
   Compiling layerfs-persistence v0.1.6 (/work/core/crates/layerfs-persistence)
   Compiling layerfs-project v0.1.6 (/work/core/crates/layerfs-project)
   Compiling layerfs-sdk v0.1.6 (/work/core/crates/layerfs-api/sdk)
   Compiling layerfs-daemon v0.1.6 (/work/core/crates/layerfs-daemon)
    Finished `test` profile [optimized + debuginfo] target(s) in 20.53s
  Executable unittests src/lib.rs (core/target/cluster2-linux/debug/deps/layerfs_daemon-bb7203d7b7f2abda)
  Executable tests/indexed_scratch.rs (core/target/cluster2-linux/debug/deps/indexed_scratch-f3d060076840d39b)
  Executable tests/job_cost.rs (core/target/cluster2-linux/debug/deps/job_cost-9e5e0d5b60e23c8e)
  Executable tests/owner.rs (core/target/cluster2-linux/debug/deps/owner-00e2738abbdf74df)
  Executable tests/startup_cost.rs (core/target/cluster2-linux/debug/deps/startup_cost-162818a62e9b3f0a)
  Executable tests/upstream.rs (core/target/cluster2-linux/debug/deps/upstream-bb46ce3560aa9066)
