DAEMON_STATUS
Name:	layerfs-daemon
Umask:	0077
State:	S (sleeping)
Tgid:	1
Ngid:	0
Pid:	1
PPid:	0
TracerPid:	0
Uid:	0	0	0	0
Gid:	0	0	0	0
FDSize:	64
Groups:	0 
NStgid:	1
NSpid:	1
NSpgid:	1
NSsid:	1
Kthread:	0
VmPeak:	  620936 kB
VmSize:	  620876 kB
VmLck:	       0 kB
VmPin:	       0 kB
VmHWM:	   32080 kB
VmRSS:	   32080 kB
RssAnon:	   25104 kB
RssFile:	    6976 kB
RssShmem:	       0 kB
VmData:	   60148 kB
VmStk:	     132 kB
VmExe:	    6704 kB
VmLib:	    2320 kB
VmPTE:	     164 kB
VmSwap:	       0 kB
HugetlbPages:	       0 kB
CoreDumping:	0
THP_enabled:	1
untag_mask:	0xffffffffffffff
Threads:	7
SigQ:	0/15665
SigPnd:	0000000000000000
ShdPnd:	0000000000000000
SigBlk:	0000000000000000
SigIgn:	0000000000001000
SigCgt:	0000000100000440
CapInh:	0000000000000000
CapPrm:	00000000a82425fb
CapEff:	00000000a82425fb
CapBnd:	00000000a82425fb
CapAmb:	0000000000000000
NoNewPrivs:	1
Seccomp:	2
Seccomp_filters:	1
Speculation_Store_Bypass:	vulnerable
SpeculationIndirectBranch:	unknown
Cpus_allowed:	ff
Cpus_allowed_list:	0-7
Mems_allowed:	1
Mems_allowed_list:	0
voluntary_ctxt_switches:	22
nonvoluntary_ctxt_switches:	2
BACKING_BYTES
/layerfs-store/global/store.sqlite 172032 336 512
/layerfs-store/global/store.sqlite-wal 0 0 512
/layerfs-store/global/store.sqlite-shm 32768 64 512
/layerfs-store/global/store.sqlite-journal ABSENT
/layerfs-local/overlay/overlay.sqlite 76652544 674000 512
/layerfs-local/overlay/overlay.sqlite-wal ABSENT
/layerfs-local/overlay/overlay.sqlite-shm ABSENT
/layerfs-local/overlay/overlay.sqlite-journal ABSENT
OWN_CONTAINER_CGROUP
/sys/fs/cgroup/memory.stat
anon 26099712
file 76705792
kernel 4165632
kernel_stack 131072
pagetables 258048
sec_pagetables 0
percpu 22640
sock 0
vmalloc 24576
shmem 0
zswap 0
zswapped 0
file_mapped 32768
file_dirty 76697600
file_writeback 0
swapcached 0
anon_thp 8388608
file_thp 0
shmem_thp 0
inactive_anon 0
active_anon 26038272
inactive_file 76705792
active_file 0
unevictable 0
slab_reclaimable 2619616
slab_unreclaimable 477944
slab 3097560
workingset_refault_anon 0
workingset_refault_file 0
workingset_activate_anon 0
workingset_activate_file 0
workingset_restore_anon 0
workingset_restore_file 0
workingset_nodereclaim 0
pgdemote_kswapd 0
pgdemote_direct 0
pgdemote_khugepaged 0
pgscan 0
pgsteal 0
pgscan_kswapd 0
pgscan_direct 0
pgscan_khugepaged 0
pgsteal_kswapd 0
pgsteal_direct 0
pgsteal_khugepaged 0
pgfault 49843
pgmajfault 0
pgrefill 0
pgactivate 0
pgdeactivate 0
pglazyfree 0
pglazyfreed 0
swpin_zero 0
swpout_zero 0
zswpin 0
zswpout 0
zswpwb 0
thp_fault_alloc 6
thp_collapse_alloc 0
thp_swpout 0
thp_swpout_fallback 0
/sys/fs/cgroup/memory.current
107462656
/sys/fs/cgroup/memory.peak
181075968
DAEMON_THREADS
THREAD	1	layerfs-daemon	14441877 139208 24	22 2 	1463 1 0 2
THREAD	10	layerfs-fuse-2	1433956 178042 7	7 0 	80 0 0 4
THREAD	11	layerfs-fuse-3	113332 332208 7	6 1 	8 0 0 0
THREAD	12	layerfs-control	54583707 26418 86	85 1 	581 1 4 5
THREAD	7	layerfs-overlay	305295121 26042 13	12 1 	317 24 6 2
THREAD	8	layerfs-fuse-0	697583 29375 7	7 0 	35 0 0 3
THREAD	9	layerfs-fuse-1	1003833 101041 7	7 0 	528 0 0 6
CGROUP_CPU
usage_usec 1225496
user_usec 818344
system_usec 407151
nice_usec 0
nr_periods 0
nr_throttled 0
throttled_usec 0
nr_bursts 0
burst_usec 0
KERNEL	6.12.76-linuxkit	8
