DAEMON_STATUS
Name:	layerfs-daemon
Umask:	0077
State:	S (sleeping)
Tgid:	1
Ngid:	0
Pid:	1
PPid:	0
TracerPid:	0
Uid:	0	0	0	0
Gid:	0	0	0	0
FDSize:	64
Groups:	0 
NStgid:	1
NSpid:	1
NSpgid:	1
NSsid:	1
Kthread:	0
VmPeak:	  620944 kB
VmSize:	  620884 kB
VmLck:	       0 kB
VmPin:	       0 kB
VmHWM:	   29732 kB
VmRSS:	   29732 kB
RssAnon:	   22864 kB
RssFile:	    6868 kB
RssShmem:	       0 kB
VmData:	   58052 kB
VmStk:	     132 kB
VmExe:	    6712 kB
VmLib:	    2320 kB
VmPTE:	     168 kB
VmSwap:	       0 kB
HugetlbPages:	       0 kB
CoreDumping:	0
THP_enabled:	1
untag_mask:	0xffffffffffffff
Threads:	7
SigQ:	0/15665
SigPnd:	0000000000000000
ShdPnd:	0000000000000000
SigBlk:	0000000000000000
SigIgn:	0000000000001000
SigCgt:	0000000100000440
CapInh:	0000000000000000
CapPrm:	00000000a82425fb
CapEff:	00000000a82425fb
CapBnd:	00000000a82425fb
CapAmb:	0000000000000000
NoNewPrivs:	1
Seccomp:	2
Seccomp_filters:	1
Speculation_Store_Bypass:	vulnerable
SpeculationIndirectBranch:	unknown
Cpus_allowed:	ff
Cpus_allowed_list:	0-7
Mems_allowed:	1
Mems_allowed_list:	0
voluntary_ctxt_switches:	25
nonvoluntary_ctxt_switches:	0
BACKING_BYTES
/layerfs-store/global/store.sqlite 172032 336 512
/layerfs-store/global/store.sqlite-wal 8272 24 512
/layerfs-store/global/store.sqlite-shm 32768 64 512
/layerfs-store/global/store.sqlite-journal ABSENT
/layerfs-local/overlay/overlay.sqlite 76673024 674048 512
/layerfs-local/overlay/overlay.sqlite-wal ABSENT
/layerfs-local/overlay/overlay.sqlite-shm ABSENT
/layerfs-local/overlay/overlay.sqlite-journal ABSENT
OWN_CONTAINER_CGROUP
/sys/fs/cgroup/memory.stat
anon 23801856
file 76742656
kernel 4202496
kernel_stack 131072
pagetables 258048
sec_pagetables 0
percpu 22640
sock 0
vmalloc 24576
shmem 0
zswap 0
zswapped 0
file_mapped 32768
file_dirty 76730368
file_writeback 0
swapcached 0
anon_thp 2097152
file_thp 0
shmem_thp 0
inactive_anon 0
active_anon 23740416
inactive_file 76742656
active_file 0
unevictable 0
slab_reclaimable 2622120
slab_unreclaimable 469880
slab 3092000
workingset_refault_anon 0
workingset_refault_file 0
workingset_activate_anon 0
workingset_activate_file 0
workingset_restore_anon 0
workingset_restore_file 0
workingset_nodereclaim 0
pgdemote_kswapd 0
pgdemote_direct 0
pgdemote_khugepaged 0
pgscan 0
pgsteal 0
pgscan_kswapd 0
pgscan_direct 0
pgscan_khugepaged 0
pgsteal_kswapd 0
pgsteal_direct 0
pgsteal_khugepaged 0
pgfault 50457
pgmajfault 0
pgrefill 0
pgactivate 0
pgdeactivate 0
pglazyfree 0
pglazyfreed 0
swpin_zero 0
swpout_zero 0
zswpin 0
zswpout 0
zswpwb 0
thp_fault_alloc 3
thp_collapse_alloc 0
thp_swpout 0
thp_swpout_fallback 0
/sys/fs/cgroup/memory.current
105218048
/sys/fs/cgroup/memory.peak
178782208
DAEMON_THREADS
THREAD	1	layerfs-daemon	14481455 1791 25	25 0 	1562 1 0 6
THREAD	10	layerfs-fuse-2	161458 12458 6	6 0 	8 0 0 0
THREAD	11	layerfs-fuse-3	782332 0 6	6 0 	53 0 0 2
THREAD	12	layerfs-control	51134838 48541 87	87 0 	584 1 3 1
THREAD	7	layerfs-overlay	300712333 0 9	9 0 	309 23 6 4
THREAD	8	layerfs-fuse-0	488501 18791 6	6 0 	30 0 0 4
THREAD	9	layerfs-fuse-1	140499 0 5	5 0 	2 0 0 1
CGROUP_CPU
usage_usec 1173828
user_usec 787311
system_usec 386516
nice_usec 0
nr_periods 0
nr_throttled 0
throttled_usec 0
nr_bursts 0
burst_usec 0
KERNEL	6.12.76-linuxkit	8
