== cgroup.cpu.stat
usage_usec 510189
user_usec 210685
system_usec 299503
nice_usec 0
nr_periods 0
nr_throttled 0
throttled_usec 0
nr_bursts 0
burst_usec 0
== clock 1791537279.360957
== passthrough_pid 75
== task 75
comm r7-floor-pt
schedstat 11565084 180709 18
stat 75 (r7-floor-pt) S 0 75 75 0 -1 4194560 1251 0 0 0 0 0 0 0 20 0 4 0 65596314 210984960 599 18446744073709551615 187650494103552 187650494711020 281474016584320 0 0 0 0 4096 1088 1 0 0 17 5 0 0 0 0 0 187650494797848 187650494824581 187651188576256 281474016587198 281474016587264 281474016587264 281474016587741 0
voluntary_ctxt_switches:	18
nonvoluntary_ctxt_switches:	0
io rchar: 44748
io wchar: 7316
io syscr: 34
io syscw: 6
io read_bytes: 0
io write_bytes: 0
io cancelled_write_bytes: 0
== task 81
comm r7-passthrough-
schedstat 149958 0 1
stat 81 (r7-passthrough-) S 0 75 75 0 -1 4194368 7 0 0 0 0 0 0 0 20 0 4 0 65596317 210984960 599 18446744073709551615 187650494103552 187650494711020 281474016584320 0 0 0 0 4096 1088 1 0 0 -1 3 0 0 0 0 0 187650494797848 187650494824581 187651188576256 281474016587198 281474016587264 281474016587264 281474016587741 0
voluntary_ctxt_switches:	1
nonvoluntary_ctxt_switches:	0
io rchar: 0
io wchar: 0
io syscr: 0
io syscw: 0
io read_bytes: 0
io write_bytes: 0
io cancelled_write_bytes: 0
== task 82
comm fuser-0
schedstat 29791067 40541 769
stat 82 (fuser-0) S 0 75 75 0 -1 4194624 69 0 0 0 0 2 0 0 20 0 4 0 65596317 210984960 599 18446744073709551615 187650494103552 187650494711020 281474016584320 0 0 0 0 4096 1088 1 0 0 -1 3 0 0 0 0 0 187650494797848 187650494824581 187651188576256 281474016587198 281474016587264 281474016587264 281474016587741 0
voluntary_ctxt_switches:	769
nonvoluntary_ctxt_switches:	0
io rchar: 67366794
io wchar: 67321912
io syscr: 1032
io syscw: 1267
io read_bytes: 34734080
io write_bytes: 32702464
io cancelled_write_bytes: 0
== task 83
comm fuser-1
schedstat 29185183 21375 784
stat 83 (fuser-1) S 0 75 75 0 -1 4194368 69 0 0 0 0 2 0 0 20 0 4 0 65596317 210984960 599 18446744073709551615 187650494103552 187650494711020 281474016584320 0 0 0 0 4096 1088 1 0 0 -1 5 0 0 0 0 0 187650494797848 187650494824581 187651188576256 281474016587198 281474016587264 281474016587264 281474016587741 0
voluntary_ctxt_switches:	784
nonvoluntary_ctxt_switches:	0
io rchar: 66974465
io wchar: 66929152
io syscr: 1027
io syscw: 1304
io read_bytes: 32374784
io write_bytes: 34406400
io cancelled_write_bytes: 0
== process.io
rchar: 134392807
wchar: 134258380
syscr: 2100
syscw: 2577
read_bytes: 67108864
write_bytes: 67108864
cancelled_write_bytes: 0
== process.schedstat 11565084 180709 18
== process.status
VmHWM:	    2544 kB
VmRSS:	    2544 kB
Threads:	4
voluntary_ctxt_switches:	18
nonvoluntary_ctxt_switches:	0
== mountinfo
471 462 254:1 /docker/volumes/layerfs-r7-floor-720-c10-p2c/_data /layerfs-store rw,relatime master:1 - ext4 /dev/vda1 rw,discard
364 462 0:142 / /workspaces/1 rw,nosuid,nodev,noatime - fuse layerfs-r7-passthrough rw,user_id=0,group_id=0,default_permissions,allow_other,max_read=131072
== fusectl
total 0
== uname 6.12.76-linuxkit nproc 8 loadavg 2.09 1.22 1.03 1/413 125
== meminfo
MemFree:         1123500 kB
MemAvailable:    3157640 kB
Cached:          2053500 kB
Dirty:            197596 kB
Writeback:             0 kB
