config: REPS=1 WARMUP=0 RANDOMIZE_TARGETS=1 targets=/workspace /var/tmp

[1m=== tiny file churn (1000 files) ===[0m
  [32mOK[0m    create 1000 files              computerd  mean=248.0 med=248.0 p95=248.0 ms (n=1)
  [32mOK[0m    create 1000 files              base  mean=18.3 med=18.3 p95=18.3 ms (n=1)
  [32mOK[0m    stat 1000 files                computerd  mean=815.7 med=815.7 p95=815.7 ms (n=1)
  [32mOK[0m    stat 1000 files                base  mean=543.8 med=543.8 p95=543.8 ms (n=1)
  [32mOK[0m    rm 1000 files                  computerd  mean=381.3 med=381.3 p95=381.3 ms (n=1)
  [32mOK[0m    rm 1000 files                  base  mean=26.4 med=26.4 p95=26.4 ms (n=1)

[1m=== directory traversal ===[0m
  [32mOK[0m    mkdir tree (10x10x10)          computerd  mean=718.1 med=718.1 p95=718.1 ms (n=1)
  [32mOK[0m    mkdir tree (10x10x10)          base  mean=467.4 med=467.4 p95=467.4 ms (n=1)
  [32mOK[0m    find tree                      computerd  mean=729.1 med=729.1 p95=729.1 ms (n=1)
  [32mOK[0m    find tree                      base  mean=469.7 med=469.7 p95=469.7 ms (n=1)

[1m=== large file I/O ===[0m
  [32mOK[0m    write 64 MiB                   computerd  mean=56.1 med=56.1 p95=56.1 ms (n=1)
  [32mOK[0m    write 64 MiB                   base  mean=25.1 med=25.1 p95=25.1 ms (n=1)
  [32mOK[0m    copy 64 MiB                    computerd  mean=123.2 med=123.2 p95=123.2 ms (n=1)
  [32mOK[0m    copy 64 MiB                    base  mean=43.6 med=43.6 p95=43.6 ms (n=1)
  [32mOK[0m    read 64 MiB                    computerd  mean=71.4 med=71.4 p95=71.4 ms (n=1)
  [32mOK[0m    read 64 MiB                    base  mean=39.1 med=39.1 p95=39.1 ms (n=1)
  [32mOK[0m    pure read 64 MiB               computerd  mean=13.8 med=13.8 p95=13.8 ms (n=1)
  [32mOK[0m    pure read 64 MiB               base  mean=16.3 med=16.3 p95=16.3 ms (n=1)
  [32mOK[0m    pure copy 64 MiB               computerd  mean=82.0 med=82.0 p95=82.0 ms (n=1)
  [32mOK[0m    pure copy 64 MiB               base  mean=23.7 med=23.7 p95=23.7 ms (n=1)
  [32mOK[0m    overwrite 64 MiB               computerd  mean=43.5 med=43.5 p95=43.5 ms (n=1)
  [32mOK[0m    overwrite 64 MiB               base  mean=16.6 med=16.6 p95=16.6 ms (n=1)

[1m=== git ===[0m
  [32mOK[0m    git init + commit 100 files    computerd  mean=153.4 med=153.4 p95=153.4 ms (n=1)
  [32mOK[0m    git init + commit 100 files    base  mean=34.5 med=34.5 p95=34.5 ms (n=1)
  SKIP  npm scenarios (npm not installed)
  SKIP  go scenarios (go not installed)

[1m=== summary ===[0m
  scenario                       computerd mean computerd p95    base mean     base p95      ratio
  copy 64 MiB                        123.2 ms     123.2 ms      43.6 ms      43.6 ms      2.83x
  create 1000 files                  248.0 ms     248.0 ms      18.3 ms      18.3 ms     13.54x
  find tree                          729.1 ms     729.1 ms     469.7 ms     469.7 ms      1.55x
  git init + commit 100 files        153.4 ms     153.4 ms      34.5 ms      34.5 ms      4.44x
  mkdir tree (10x10x10)              718.1 ms     718.1 ms     467.4 ms     467.4 ms      1.54x
  overwrite 64 MiB                    43.5 ms      43.5 ms      16.6 ms      16.6 ms      2.61x
  pure copy 64 MiB                    82.0 ms      82.0 ms      23.7 ms      23.7 ms      3.46x
  pure read 64 MiB                    13.8 ms      13.8 ms      16.3 ms      16.3 ms      0.85x
  read 64 MiB                         71.4 ms      71.4 ms      39.1 ms      39.1 ms      1.83x
  rm 1000 files                      381.3 ms     381.3 ms      26.4 ms      26.4 ms     14.46x
  stat 1000 files                    815.7 ms     815.7 ms     543.8 ms     543.8 ms      1.50x
  write 64 MiB                        56.1 ms      56.1 ms      25.1 ms      25.1 ms      2.24x
wrote JSON summary to /var/tmp/layerfs-owned/readiness-var.json
