   Compiling layerfs-sdk v0.1.6 (/Users/yifanxu/Ephemeral-AI-Lab/layerfs/core/crates/layerfs-api/sdk)
   Compiling layerfs-daemon v0.1.6 (/Users/yifanxu/Ephemeral-AI-Lab/layerfs/core/crates/layerfs-daemon)
error[E0308]: mismatched types
   --> crates/layerfs-api/sdk/src/runtime/handlers/history.rs:128:36
    |
128 |             FilesystemRoot::decode(&reply.0.ok_or(RuntimeError::Invalid("candidate demand"))?)?;
    |             ---------------------- ^^^^^^^^^^^^^^^^^^^^^^^^^^^^^^^^^^^^^^^^^^^^^^^^^^^^^^^^^^ expected `&[u8]`, found `&FilesystemRoot`
    |             |
    |             arguments to this function are incorrect
    |
    = note: expected reference `&[u8]`
               found reference `&layerfs_content::FilesystemRoot`
note: associated function defined here
   --> /Users/yifanxu/Ephemeral-AI-Lab/layerfs/core/crates/layerfs-content/src/filesystem/root.rs:112:12
    |
112 |     pub fn decode(canonical: &[u8]) -> ContentResult<Self> {
    |            ^^^^^^

For more information about this error, try `rustc --explain E0308`.
error: could not compile `layerfs-sdk` (lib) due to 1 previous error
warning: build failed, waiting for other jobs to finish...
error: could not compile `layerfs-sdk` (lib test) due to 1 previous error
