LFT1 {"v":1,"namespace":1562147601809439850,"run":"70865d4defe245cdab7440c5edc84e1a","pid":60136,"role":1,"kind":"resource","scope":"process-shared","clock":"local-monitor","at_ns":42375,"incarnation":2865162998122,"user_ns":3164000,"source":"getrusage+libproc","probe_ns":8792,"selected":3,"system_ns":6079000,"rss":5193728}
layerfs-service ready 127.0.0.1:56073
LFT1 {"v":1,"namespace":1562147601809439850,"run":"70865d4defe245cdab7440c5edc84e1a","pid":60136,"role":1,"kind":"resource","scope":"process-shared","clock":"local-monitor","at_ns":1003288166,"incarnation":2865162998122,"user_ns":7428000,"source":"getrusage+libproc","probe_ns":16792,"selected":3,"system_ns":8285000,"rss":7471104}
LFS237 scan_done elapsed_ns=71261500 entries=10101 files=10000
LFT1 {"v":1,"namespace":1562147601809439850,"run":"70865d4defe245cdab7440c5edc84e1a","pid":60136,"role":1,"kind":"resource","scope":"process-shared","clock":"local-monitor","at_ns":2102293208,"incarnation":2865162998122,"user_ns":825063000,"source":"getrusage+libproc","probe_ns":13417,"selected":3,"system_ns":398837000,"rss":47595520}
LFT1 {"v":1,"namespace":1562147601809439850,"run":"70865d4defe245cdab7440c5edc84e1a","pid":60136,"role":1,"kind":"resource","scope":"process-shared","clock":"local-monitor","at_ns":3102325666,"incarnation":2865162998122,"user_ns":2341346000,"source":"getrusage+libproc","probe_ns":16042,"selected":3,"system_ns":526869000,"rss":53821440}
LFT1 {"v":1,"namespace":1562147601809439850,"run":"70865d4defe245cdab7440c5edc84e1a","pid":60136,"role":1,"kind":"resource","scope":"process-shared","clock":"local-monitor","at_ns":4205014666,"incarnation":2865162998122,"user_ns":5465833000,"source":"getrusage+libproc","probe_ns":8834,"selected":3,"system_ns":643965000,"rss":58933248}
LFT1 {"v":1,"namespace":1562147601809439850,"run":"70865d4defe245cdab7440c5edc84e1a","pid":60136,"role":1,"kind":"resource","scope":"process-shared","clock":"local-monitor","at_ns":5305032041,"incarnation":2865162998122,"user_ns":8795312000,"source":"getrusage+libproc","probe_ns":15417,"selected":3,"system_ns":763155000,"rss":59506688}
LFT1 {"v":1,"namespace":1562147601809439850,"run":"70865d4defe245cdab7440c5edc84e1a","pid":60136,"role":1,"kind":"resource","scope":"process-shared","clock":"local-monitor","at_ns":6402308291,"incarnation":2865162998122,"user_ns":11964115000,"source":"getrusage+libproc","probe_ns":13083,"selected":3,"system_ns":896851000,"rss":59785216}
LFT1 {"v":1,"namespace":1562147601809439850,"run":"70865d4defe245cdab7440c5edc84e1a","pid":60136,"role":1,"kind":"resource","scope":"process-shared","clock":"local-monitor","at_ns":7403637541,"incarnation":2865162998122,"user_ns":13435113000,"source":"getrusage+libproc","probe_ns":15417,"selected":3,"system_ns":959450000,"rss":59490304}
LFS237 files_done elapsed_ns=6747137959
LFS237 file_save_done elapsed_ns=6802144792 inserted=24364 reused=198 packs=1255 appends=6444 commits=92 statements=7753 presence=67 sql_ns=304780662 commit_ns=278607042
LFT1 {"v":1,"namespace":1562147601809439850,"run":"70865d4defe245cdab7440c5edc84e1a","pid":60136,"role":1,"kind":"resource","scope":"process-shared","clock":"local-monitor","at_ns":8405034750,"incarnation":2865162998122,"user_ns":14289998000,"source":"getrusage+libproc","probe_ns":16833,"selected":3,"system_ns":1107915000,"rss":54444032}
LFT1 {"v":1,"namespace":1562147601809439850,"run":"70865d4defe245cdab7440c5edc84e1a","pid":60136,"role":1,"kind":"resource","scope":"process-shared","clock":"local-monitor","at_ns":9503092041,"incarnation":2865162998122,"user_ns":14963581000,"source":"getrusage+libproc","probe_ns":10167,"selected":3,"system_ns":1521048000,"rss":54853632}
LFS237 prerequisite_save_done inserted=11 reused=3 packs=2 appends=0 commits=4 statements=2 presence=1 sql_ns=308709 commit_ns=581667
LFS237 prerequisites_done elapsed_ns=2005409375 entries=10101
LFS237 input_done elapsed_ns=2013627250 inodes=10101 directories=101
LFS237 c1_validate_done elapsed_ns=37010375 bindings=10100 inodes=10101
LFT1 {"v":1,"namespace":1562147601809439850,"run":"70865d4defe245cdab7440c5edc84e1a","pid":60136,"role":1,"kind":"resource","scope":"process-shared","clock":"local-monitor","at_ns":10505033708,"incarnation":2865162998122,"user_ns":15805860000,"source":"getrusage+libproc","probe_ns":17500,"selected":3,"system_ns":1674424000,"rss":58507264}
LFT1 {"v":1,"namespace":1562147601809439850,"run":"70865d4defe245cdab7440c5edc84e1a","pid":60136,"role":1,"kind":"resource","scope":"process-shared","clock":"local-monitor","at_ns":11602382625,"incarnation":2865162998122,"user_ns":16860103000,"source":"getrusage+libproc","probe_ns":16791,"selected":3,"system_ns":1711372000,"rss":58540032}
LFT1 {"v":1,"namespace":1562147601809439850,"run":"70865d4defe245cdab7440c5edc84e1a","pid":60136,"role":1,"kind":"resource","scope":"process-shared","clock":"local-monitor","at_ns":12605025333,"incarnation":2865162998122,"user_ns":17824222000,"source":"getrusage+libproc","probe_ns":13791,"selected":3,"system_ns":1745636000,"rss":58556416}
LFS237 c1_directories_done elapsed_ns=3402676917 pages_created=101 bindings_added=10100
LFT1 {"v":1,"namespace":1562147601809439850,"run":"70865d4defe245cdab7440c5edc84e1a","pid":60136,"role":1,"kind":"resource","scope":"process-shared","clock":"local-monitor","at_ns":13702312250,"incarnation":2865162998122,"user_ns":18839336000,"source":"getrusage+libproc","probe_ns":13708,"selected":3,"system_ns":1821770000,"rss":59539456}
LFT1 {"v":1,"namespace":1562147601809439850,"run":"70865d4defe245cdab7440c5edc84e1a","pid":60136,"role":1,"kind":"resource","scope":"process-shared","clock":"local-monitor","at_ns":14804594041,"incarnation":2865162998122,"user_ns":19886035000,"source":"getrusage+libproc","probe_ns":17417,"selected":3,"system_ns":1876991000,"rss":59539456}
LFT1 {"v":1,"namespace":1562147601809439850,"run":"70865d4defe245cdab7440c5edc84e1a","pid":60136,"role":1,"kind":"resource","scope":"process-shared","clock":"local-monitor","at_ns":15905023333,"incarnation":2865162998122,"user_ns":20951888000,"source":"getrusage+libproc","probe_ns":13291,"selected":3,"system_ns":1910237000,"rss":59539456}
layerfs-service: shutdown expired; operation outcomes unresolved
