#0 building with "desktop-linux" instance using docker driver

#1 [internal] load build definition from Dockerfile
#1 transferring dockerfile: 351B done
#1 DONE 0.0s

#2 [internal] load metadata for docker.io/library/ruby:3.3-bookworm
#2 DONE 0.0s

#3 [internal] load metadata for docker.io/library/rust:1.85.1-bookworm
#3 DONE 0.0s

#4 [internal] load .dockerignore
#4 transferring context: 2B done
#4 DONE 0.0s

#5 [stage-1 1/4] FROM docker.io/library/ruby:3.3-bookworm@sha256:daf7fa54695b1fcb24fadd7b8cd18ff847e20ce76fe5a908e3cfe9af9147bc46
#5 resolve docker.io/library/ruby:3.3-bookworm@sha256:daf7fa54695b1fcb24fadd7b8cd18ff847e20ce76fe5a908e3cfe9af9147bc46 0.1s done
#5 DONE 0.1s

#6 [rust 1/1] FROM docker.io/library/rust:1.85.1-bookworm@sha256:e51d0265072d2d9d5d320f6a44dde6b9ef13653b035098febd68cce8fa7c0bc4
#6 resolve docker.io/library/rust:1.85.1-bookworm@sha256:e51d0265072d2d9d5d320f6a44dde6b9ef13653b035098febd68cce8fa7c0bc4
#6 resolve docker.io/library/rust:1.85.1-bookworm@sha256:e51d0265072d2d9d5d320f6a44dde6b9ef13653b035098febd68cce8fa7c0bc4 0.1s done
#6 CACHED

#5 [stage-1 1/4] FROM docker.io/library/ruby:3.3-bookworm@sha256:daf7fa54695b1fcb24fadd7b8cd18ff847e20ce76fe5a908e3cfe9af9147bc46
#5 DONE 0.2s

#7 [stage-1 2/4] COPY --from=rust /usr/local/cargo /usr/local/cargo
#7 DONE 0.1s

#8 [stage-1 3/4] COPY --from=rust /usr/local/rustup /usr/local/rustup
#8 DONE 0.9s

#9 [stage-1 4/4] RUN rustc --version && cargo --version && ruby --version
#9 0.127 rustc 1.85.1 (4eb161250 2025-03-15)
#9 0.135 cargo 1.85.1 (d73d2caf9 2024-12-31)
#9 0.140 ruby 3.3.12 (2026-07-16 revision 0581089df9) [aarch64-linux]
#9 DONE 0.1s

#10 exporting to image
#10 exporting layers
#10 exporting layers 19.5s done
#10 exporting manifest sha256:c20ce5b5a85b7739c864d7ba5cae530ae0cbd5211106cdaf22f439ca0bf4a979
#10 exporting manifest sha256:c20ce5b5a85b7739c864d7ba5cae530ae0cbd5211106cdaf22f439ca0bf4a979 0.0s done
#10 exporting config sha256:cecbc56ed9f285af527e1331c28a0d8f1a3f75ddc50c23865a708b6f47b92bda done
#10 exporting attestation manifest sha256:1bd88b590fb917f1dd552045b821ac4ac789da7574a80002f263040da5db3405 0.0s done
#10 exporting manifest list sha256:b88b44df298cbf271ac32086ba948b4e8e8a00ff627c0f590b5e7394ea81afe2 done
#10 naming to docker.io/library/layerfs-closure-tools:rust1.85.1-ruby3.3 done
#10 unpacking to docker.io/library/layerfs-closure-tools:rust1.85.1-ruby3.3
#10 unpacking to docker.io/library/layerfs-closure-tools:rust1.85.1-ruby3.3 2.9s done
#10 DONE 22.5s

View build details: docker-desktop://dashboard/build/desktop-linux/desktop-linux/wcl9h492fk950dnlwu3ebwe3b
