source_commit=6dff1664a8d7ea8b7b00c25150a356f7af0645a5
source_tree=75874cfe43fd1d75519f74d46a07cf972754e932
command=docker build --platform linux/arm64 -t layerfs-fuse:frozen-6dff166 -f containers/layerfs-fuse/Dockerfile .
#0 building with "desktop-linux" instance using docker driver

#1 [internal] load build definition from Dockerfile
#1 transferring dockerfile: 1.65kB done
#1 DONE 0.0s

#2 [internal] load metadata for docker.io/library/rust:1.85.1-bookworm
#2 DONE 2.3s

#3 [internal] load .dockerignore
#3 transferring context: 2B done
#3 DONE 0.0s

#4 [build 1/6] FROM docker.io/library/rust:1.85.1-bookworm@sha256:e51d0265072d2d9d5d320f6a44dde6b9ef13653b035098febd68cce8fa7c0bc4
#4 resolve docker.io/library/rust:1.85.1-bookworm@sha256:e51d0265072d2d9d5d320f6a44dde6b9ef13653b035098febd68cce8fa7c0bc4 done
#4 DONE 0.0s

#5 [internal] load build context
#5 transferring context: 6.87kB 0.0s done
#5 DONE 0.0s

#6 [stage-1 2/5] COPY --from=build /layerfs-fuse /usr/local/bin/layerfs-fuse
#6 CACHED

#7 [build 3/6] COPY Cargo.toml Cargo.lock ./
#7 CACHED

#8 [build 5/6] COPY tools ./tools
#8 CACHED

#9 [build 2/6] WORKDIR /src
#9 CACHED

#10 [build 6/6] RUN --mount=type=cache,target=/usr/local/cargo/registry     --mount=type=cache,target=/src/target     case "arm64" in       arm64) rustup target add aarch64-unknown-linux-gnu; target=aarch64-unknown-linux-gnu ;;       amd64) rustup target add x86_64-unknown-linux-gnu; target=x86_64-unknown-linux-gnu ;;       *) exit 1 ;;     esac  && rustup component add clippy  && cargo test --locked --target "$target" -p layerfs-fuse  && cargo clippy --locked --target "$target" -p layerfs-fuse --all-targets -- -D warnings  && cargo build --locked --release --target "$target" -p layerfs-fuse  && cp "target/$target/release/layerfs-fuse" /layerfs-fuse
#10 CACHED

#11 [build 4/6] COPY crates ./crates
#11 CACHED

#12 [stage-1 4/5] COPY containers/layerfs-fuse/verify_fs_bench.py /usr/local/bin/verify_fs_bench.py
#12 CACHED

#13 [stage-1 3/5] COPY containers/layerfs-fuse/fs-bench.sh /usr/local/bin/fs-bench.sh
#13 CACHED

#14 [stage-1 5/5] RUN echo "0e2004339a9269b88c2de451d56575957477bde16b96a10cf1837519e37230ef  /usr/local/bin/fs-bench.sh" | sha256sum -c -  && python3 /usr/local/bin/verify_fs_bench.py --self-test  && chmod 0555 /usr/local/bin/fs-bench.sh /usr/local/bin/verify_fs_bench.py  && mkdir -p /workspace /var/lib/layerfs /var/tmp/layerfs-owned
#14 CACHED

#15 exporting to image
#15 exporting layers done
#15 exporting manifest sha256:a769dbcc7f0b816d37452416e57d2b8928a1948b4cae74dd11836c5dc4c3fd15 done
#15 exporting config sha256:204c812ab507722a48658eb8b32108ceb8921d59fb514212038810cdf31ca9e7 done
#15 exporting attestation manifest sha256:5d5dd3ad1948014fa30383644dcd5942974a68b6b61b2b523ccf76b8114bd8cc done
#15 exporting manifest list sha256:9149282aa46d59c9db431456517bfe7840b14a2f1894b23b25f5a3f3e7c240a7 done
#15 naming to docker.io/library/layerfs-fuse:frozen-6dff166 done
#15 unpacking to docker.io/library/layerfs-fuse:frozen-6dff166 done
#15 DONE 0.0s

View build details: docker-desktop://dashboard/build/desktop-linux/desktop-linux/8zd8opl27auaan5yd3qpg18n8
