source_commit=bd1cd225e152a630a10520806ecca65593c71a6b
source_tree=211bdec5dd38ac281c9ec3d08d0ca9d659ad3dea
command=docker build --no-cache --platform linux/arm64 -t layerfs-fuse:frozen-bd1cd22 -f containers/layerfs-fuse/Dockerfile .
#0 building with "desktop-linux" instance using docker driver

#1 [internal] load build definition from Dockerfile
#1 transferring dockerfile: 1.65kB done
#1 DONE 0.0s

#2 [internal] load metadata for docker.io/library/rust:1.85.1-bookworm
#2 DONE 0.1s

#3 [internal] load .dockerignore
#3 transferring context: 2B done
#3 DONE 0.0s

#4 [internal] load build context
#4 DONE 0.0s

#5 [build 1/6] FROM docker.io/library/rust:1.85.1-bookworm@sha256:e51d0265072d2d9d5d320f6a44dde6b9ef13653b035098febd68cce8fa7c0bc4
#5 resolve docker.io/library/rust:1.85.1-bookworm@sha256:e51d0265072d2d9d5d320f6a44dde6b9ef13653b035098febd68cce8fa7c0bc4 done
#5 DONE 0.0s

#6 [build 2/6] WORKDIR /src
#6 CACHED

#5 [build 1/6] FROM docker.io/library/rust:1.85.1-bookworm@sha256:e51d0265072d2d9d5d320f6a44dde6b9ef13653b035098febd68cce8fa7c0bc4
#5 CACHED

#4 [internal] load build context
#4 transferring context: 211.43kB done
#4 DONE 0.0s

#7 [build 3/6] COPY Cargo.toml Cargo.lock ./
#7 DONE 0.0s

#8 [build 4/6] COPY crates ./crates
#8 DONE 0.0s

#9 [build 5/6] COPY tools ./tools
#9 DONE 0.0s

#10 [build 6/6] RUN --mount=type=cache,target=/usr/local/cargo/registry     --mount=type=cache,target=/src/target     case "arm64" in       arm64) rustup target add aarch64-unknown-linux-gnu; target=aarch64-unknown-linux-gnu ;;       amd64) rustup target add x86_64-unknown-linux-gnu; target=x86_64-unknown-linux-gnu ;;       *) exit 1 ;;     esac  && rustup component add clippy  && cargo test --locked --target "$target" -p layerfs-fuse  && cargo clippy --locked --target "$target" -p layerfs-fuse --all-targets -- -D warnings  && cargo build --locked --release --target "$target" -p layerfs-fuse  && cp "target/$target/release/layerfs-fuse" /layerfs-fuse
#10 0.205 info: component 'rust-std' for target 'aarch64-unknown-linux-gnu' is up to date
#10 0.291 info: downloading component 'clippy'
#10 11.65 info: installing component 'clippy'
#10 12.21     Updating crates.io index
#10 31.90  Downloading crates ...
#10 33.04   Downloaded arrayref v0.3.9
#10 33.08   Downloaded memoffset v0.9.1
#10 33.20   Downloaded errno v0.3.14
#10 34.14   Downloaded indexmap v2.14.0
#10 34.15   Downloaded fuser v0.18.0
#10 34.24   Downloaded cfg_aliases v0.2.2
#10 34.48   Downloaded parking_lot v0.12.5
#10 34.49   Downloaded autocfg v1.5.1
#10 34.49   Downloaded bitflags v2.13.1
#10 34.50   Downloaded arrayvec v0.7.8
#10 34.82   Downloaded cfg-if v1.0.4
#10 34.90   Downloaded ref-cast-impl v1.0.27
#10 34.91   Downloaded page_size v0.6.0
#10 34.91   Downloaded fallible-streaming-iterator v0.1.9
#10 34.91   Downloaded equivalent v1.0.2
#10 35.02   Downloaded ref-cast v1.0.27
#10 35.46   Downloaded scopeguard v1.2.0
#10 35.47   Downloaded proc-macro-crate v3.5.0
#10 36.20   Downloaded constant_time_eq v0.4.2
#10 36.25   Downloaded num_enum_derive v0.7.6
#10 36.26   Downloaded num_enum v0.7.6
#10 36.26   Downloaded hashlink v0.12.0
#10 36.26   Downloaded fallible-iterator v0.3.0
#10 36.30   Downloaded signal-hook-registry v1.4.8
#10 36.30   Downloaded find-msvc-tools v0.1.11
#10 36.30   Downloaded foldhash v0.2.0
#10 36.30   Downloaded shlex v2.0.1
#10 36.30   Downloaded rustversion v1.0.23
#10 36.31   Downloaded quote v1.0.47
#10 36.31   Downloaded pkg-config v0.3.34
#10 36.33   Downloaded lock_api v0.4.14
#10 36.81   Downloaded toml_parser v1.1.3+spec-1.1.0
#10 36.82   Downloaded toml_datetime v1.1.1+spec-1.1.0
#10 36.82   Downloaded parking_lot_core v0.9.12
#10 37.00   Downloaded unicode-ident v1.0.24
#10 37.01   Downloaded smallvec v1.15.2
#10 37.26   Downloaded signal-hook v0.3.18
#10 37.27   Downloaded toml_edit v0.25.13+spec-1.1.0
#10 37.27   Downloaded log v0.4.34
#10 37.28   Downloaded serde_core v1.0.229
#10 37.28   Downloaded proc-macro2 v1.0.107
#10 37.53   Downloaded zerocopy-derive v0.8.56
#10 37.54   Downloaded cc v1.4.3
#10 37.67   Downloaded memchr v2.8.3
#10 39.54   Downloaded hashbrown v0.17.1
#10 39.91   Downloaded rusqlite v0.40.2
#10 40.03   Downloaded winnow v1.0.4
#10 40.05   Downloaded syn v3.0.4
#10 40.05   Downloaded blake3 v1.8.5
#10 41.94   Downloaded vcpkg v0.2.15
#10 42.17   Downloaded zerocopy v0.8.56
#10 42.56   Downloaded syn v2.0.119
#10 43.06   Downloaded nix v0.31.3
#10 45.58   Downloaded libc v0.2.189
#10 49.59   Downloaded libsqlite3-sys v0.38.2
#10 49.71    Compiling proc-macro2 v1.0.107
#10 49.71    Compiling quote v1.0.47
#10 49.71    Compiling unicode-ident v1.0.24
#10 49.72    Compiling libc v0.2.189
#10 49.92    Compiling pkg-config v0.3.34
#10 50.10    Compiling cfg-if v1.0.4
#10 50.13    Compiling find-msvc-tools v0.1.11
#10 50.31    Compiling shlex v2.0.1
#10 50.42    Compiling cc v1.4.3
#10 50.64    Compiling equivalent v1.0.2
#10 50.67    Compiling vcpkg v0.2.15
#10 50.73    Compiling winnow v1.0.4
#10 51.17    Compiling smallvec v1.15.2
#10 51.28    Compiling hashbrown v0.17.1
#10 51.39    Compiling libsqlite3-sys v0.38.2
#10 51.58    Compiling toml_parser v1.1.3+spec-1.1.0
#10 51.59    Compiling syn v2.0.119
#10 51.67    Compiling indexmap v2.14.0
#10 51.71    Compiling blake3 v1.8.5
#10 51.96    Compiling autocfg v1.5.1
#10 52.07    Compiling foldhash v0.2.0
#10 52.09    Compiling bitflags v2.13.1
#10 52.18    Compiling toml_datetime v1.1.1+spec-1.1.0
#10 52.33    Compiling memoffset v0.9.1
#10 52.38    Compiling toml_edit v0.25.13+spec-1.1.0
#10 52.59    Compiling cfg_aliases v0.2.2
#10 52.61    Compiling arrayvec v0.7.8
#10 52.71    Compiling parking_lot_core v0.9.12
#10 52.84    Compiling rustversion v1.0.23
#10 52.91    Compiling arrayref v0.3.9
#10 52.94    Compiling constant_time_eq v0.4.2
#10 53.10    Compiling proc-macro-crate v3.5.0
#10 53.35    Compiling nix v0.31.3
#10 53.52    Compiling hashlink v0.12.0
#10 53.65    Compiling syn v3.0.4
#10 53.68    Compiling ref-cast v1.0.27
#10 53.70    Compiling scopeguard v1.2.0
#10 53.73    Compiling fallible-iterator v0.3.0
#10 53.89    Compiling fallible-streaming-iterator v0.1.9
#10 53.92    Compiling zerocopy v0.8.56
#10 53.96    Compiling rusqlite v0.40.2
#10 54.23    Compiling lock_api v0.4.14
#10 54.37    Compiling layerfs-core v0.1.0 (/src/crates/layerfs-core)
#10 55.71    Compiling errno v0.3.14
#10 55.80    Compiling fuser v0.18.0
#10 55.81    Compiling num_enum_derive v0.7.6
#10 55.85    Compiling ref-cast-impl v1.0.27
#10 55.98    Compiling zerocopy-derive v0.8.56
#10 56.30    Compiling signal-hook v0.3.18
#10 56.42    Compiling signal-hook-registry v1.4.8
#10 56.62    Compiling layerfs-engine v0.1.0 (/src/crates/layerfs-engine)
#10 56.65    Compiling parking_lot v0.12.5
#10 56.96    Compiling num_enum v0.7.6
#10 57.00    Compiling page_size v0.6.0
#10 57.03    Compiling log v0.4.34
#10 57.12    Compiling memchr v2.8.3
#10 57.75    Compiling layerfs-vfs v0.1.0 (/src/crates/layerfs-vfs)
#10 61.85    Compiling layerfs-fuse v0.1.0 (/src/crates/layerfs-fuse)
#10 63.28     Finished `test` profile [unoptimized + debuginfo] target(s) in 51.28s
#10 63.29      Running unittests src/lib.rs (target/aarch64-unknown-linux-gnu/debug/deps/layerfs_fuse-1cc834144ad72029)
#10 63.29 
#10 63.29 running 2 tests
#10 63.34 test tests::missing_entry_and_inode_notifier_fail_closed ... ok
#10 63.34 test tests::notifier_success_and_failure_counters_are_exact_and_failure_is_incomplete ... ok
#10 63.34 
#10 63.34 test result: ok. 2 passed; 0 failed; 0 ignored; 0 measured; 0 filtered out; finished in 0.05s
#10 63.34 
#10 63.34      Running unittests src/main.rs (target/aarch64-unknown-linux-gnu/debug/deps/layerfs_fuse-e87e9cee1ae034f1)
#10 63.34 
#10 63.34 running 2 tests
#10 63.35 test tests::store_spool_and_receipt_are_distinct_and_outside_mount ... ok
#10 63.41 test linux::tests::splice_control_request_is_bounded_and_exact ... ok
#10 63.41 
#10 63.41 test result: ok. 2 passed; 0 failed; 0 ignored; 0 measured; 0 filtered out; finished in 0.06s
#10 63.41 
#10 63.41    Doc-tests layerfs_fuse
#10 63.45 
#10 63.45 running 0 tests
#10 63.45 
#10 63.45 test result: ok. 0 passed; 0 failed; 0 ignored; 0 measured; 0 filtered out; finished in 0.00s
#10 63.45 
#10 63.58     Checking cfg-if v1.0.4
#10 63.58     Checking libc v0.2.189
#10 63.58     Checking smallvec v1.15.2
#10 63.58     Checking bitflags v2.13.1
#10 63.60     Checking foldhash v0.2.0
#10 63.65     Checking arrayvec v0.7.8
#10 63.66     Checking hashbrown v0.17.1
#10 63.68     Checking constant_time_eq v0.4.2
#10 63.73     Checking arrayref v0.3.9
#10 63.74     Checking libsqlite3-sys v0.38.2
#10 63.76     Checking blake3 v1.8.5
#10 63.84     Checking fallible-streaming-iterator v0.1.9
#10 63.90     Checking scopeguard v1.2.0
#10 63.90     Checking fallible-iterator v0.3.0
#10 63.92     Checking lock_api v0.4.14
#10 63.99     Checking hashlink v0.12.0
#10 64.02     Checking layerfs-core v0.1.0 (/src/crates/layerfs-core)
#10 64.06     Checking memoffset v0.9.1
#10 64.08     Checking zerocopy v0.8.56
#10 64.14     Checking rusqlite v0.40.2
#10 64.52     Checking errno v0.3.14
#10 64.57     Checking parking_lot_core v0.9.12
#10 64.65     Checking signal-hook-registry v1.4.8
#10 64.66     Checking parking_lot v0.12.5
#10 64.73     Checking page_size v0.6.0
#10 64.76     Checking nix v0.31.3
#10 64.76     Checking num_enum v0.7.6
#10 64.80     Checking ref-cast v1.0.27
#10 64.84     Checking memchr v2.8.3
#10 65.05     Checking log v0.4.34
#10 65.12     Checking signal-hook v0.3.18
#10 65.35     Checking layerfs-engine v0.1.0 (/src/crates/layerfs-engine)
#10 66.17     Checking layerfs-vfs v0.1.0 (/src/crates/layerfs-vfs)
#10 66.49     Checking fuser v0.18.0
#10 67.95     Checking layerfs-fuse v0.1.0 (/src/crates/layerfs-fuse)
#10 68.27     Finished `dev` profile [unoptimized + debuginfo] target(s) in 4.77s
#10 68.36    Compiling proc-macro2 v1.0.107
#10 68.36    Compiling unicode-ident v1.0.24
#10 68.36    Compiling quote v1.0.47
#10 68.36    Compiling libc v0.2.189
#10 68.41    Compiling pkg-config v0.3.34
#10 68.50    Compiling cfg-if v1.0.4
#10 68.53    Compiling shlex v2.0.1
#10 68.62    Compiling find-msvc-tools v0.1.11
#10 68.75    Compiling cc v1.4.3
#10 68.76    Compiling vcpkg v0.2.15
#10 69.08    Compiling winnow v1.0.4
#10 69.17    Compiling equivalent v1.0.2
#10 69.20    Compiling hashbrown v0.17.1
#10 69.55    Compiling smallvec v1.15.2
#10 69.63    Compiling indexmap v2.14.0
#10 69.69    Compiling blake3 v1.8.5
#10 69.71    Compiling libsqlite3-sys v0.38.2
#10 69.85    Compiling toml_parser v1.1.3+spec-1.1.0
#10 69.87    Compiling syn v2.0.119
#10 69.88    Compiling autocfg v1.5.1
#10 70.05    Compiling foldhash v0.2.0
#10 70.12    Compiling toml_datetime v1.1.1+spec-1.1.0
#10 70.19    Compiling bitflags v2.13.1
#10 70.25    Compiling toml_edit v0.25.13+spec-1.1.0
#10 70.39    Compiling memoffset v0.9.1
#10 70.73    Compiling parking_lot_core v0.9.12
#10 70.77    Compiling cfg_aliases v0.2.2
#10 70.79    Compiling rustversion v1.0.23
#10 70.81    Compiling arrayref v0.3.9
#10 70.84    Compiling arrayvec v0.7.8
#10 70.92    Compiling constant_time_eq v0.4.2
#10 70.96    Compiling nix v0.31.3
#10 71.10    Compiling hashlink v0.12.0
#10 71.16    Compiling proc-macro-crate v3.5.0
#10 71.35    Compiling syn v3.0.4
#10 71.45    Compiling scopeguard v1.2.0
#10 71.49    Compiling ref-cast v1.0.27
#10 71.61    Compiling zerocopy v0.8.56
#10 71.63    Compiling fallible-streaming-iterator v0.1.9
#10 71.69    Compiling fallible-iterator v0.3.0
#10 71.82    Compiling lock_api v0.4.14
#10 71.90    Compiling rusqlite v0.40.2
#10 71.97    Compiling layerfs-core v0.1.0 (/src/crates/layerfs-core)
#10 73.01    Compiling ref-cast-impl v1.0.27
#10 73.08    Compiling num_enum_derive v0.7.6
#10 73.37    Compiling zerocopy-derive v0.8.56
#10 74.08    Compiling errno v0.3.14
#10 74.15    Compiling fuser v0.18.0
#10 74.25    Compiling signal-hook v0.3.18
#10 74.27    Compiling parking_lot v0.12.5
#10 74.34    Compiling signal-hook-registry v1.4.8
#10 74.70    Compiling num_enum v0.7.6
#10 75.00    Compiling layerfs-engine v0.1.0 (/src/crates/layerfs-engine)
#10 76.34    Compiling page_size v0.6.0
#10 76.39    Compiling memchr v2.8.3
#10 76.95    Compiling log v0.4.34
#10 77.07    Compiling layerfs-vfs v0.1.0 (/src/crates/layerfs-vfs)
#10 80.03    Compiling layerfs-fuse v0.1.0 (/src/crates/layerfs-fuse)
#10 86.20     Finished `release` profile [optimized] target(s) in 17.91s
#10 DONE 86.3s

#11 [stage-1 2/5] COPY --from=build /layerfs-fuse /usr/local/bin/layerfs-fuse
#11 DONE 0.0s

#12 [stage-1 3/5] COPY containers/layerfs-fuse/fs-bench.sh /usr/local/bin/fs-bench.sh
#12 DONE 0.0s

#13 [stage-1 4/5] COPY containers/layerfs-fuse/verify_fs_bench.py /usr/local/bin/verify_fs_bench.py
#13 DONE 0.0s

#14 [stage-1 5/5] RUN echo "0e2004339a9269b88c2de451d56575957477bde16b96a10cf1837519e37230ef  /usr/local/bin/fs-bench.sh" | sha256sum -c -  && python3 /usr/local/bin/verify_fs_bench.py --self-test  && chmod 0555 /usr/local/bin/fs-bench.sh /usr/local/bin/verify_fs_bench.py  && mkdir -p /workspace /var/lib/layerfs /var/tmp/layerfs-owned
#14 0.101 /usr/local/bin/fs-bench.sh: OK
#14 DONE 0.2s

#15 exporting to image
#15 exporting layers 0.1s done
#15 exporting manifest sha256:b4145afe1afe0476b6ccca7f8270a14bf433548feccad7a53ca7177e2991e35a
#15 exporting manifest sha256:b4145afe1afe0476b6ccca7f8270a14bf433548feccad7a53ca7177e2991e35a done
#15 exporting config sha256:83a9c36470cec9d25b770fdd75421685789f8e11f0d0fd5ebbe40cf0c320ae9e done
#15 exporting attestation manifest sha256:076f2a8690c24186ff7b43b9f5ec05b70f78e03ff61128d90f35008ff8406ccd done
#15 exporting manifest list sha256:731f86a01661eb8dfd37910ee70509f4212d2cf1d2c7418d4d1b9b961f8e3139 done
#15 naming to docker.io/library/layerfs-fuse:frozen-bd1cd22 done
#15 unpacking to docker.io/library/layerfs-fuse:frozen-bd1cd22 0.0s done
#15 DONE 0.2s

View build details: docker-desktop://dashboard/build/desktop-linux/desktop-linux/2giow21shxbnbfzcr0kpqhr58
