config: REPS=3 WARMUP=1 RANDOMIZE_TARGETS=1 targets=/workspace /tmp

[1m=== tiny file churn (1000 files) ===[0m
  [32mOK[0m    create 1000 files              computerd  mean=247.9 med=246.7 p95=250.3 ms (n=3)
  [32mOK[0m    create 1000 files              base  mean=8.2 med=8.4 p95=8.7 ms (n=3)
  [32mOK[0m    stat 1000 files                computerd  mean=731.2 med=730.9 p95=733.3 ms (n=3)
  [32mOK[0m    stat 1000 files                base  mean=454.9 med=453.7 p95=460.5 ms (n=3)
  [32mOK[0m    rm 1000 files                  computerd  mean=359.8 med=360.8 p95=362.6 ms (n=3)
  [32mOK[0m    rm 1000 files                  base  mean=10.2 med=10.0 p95=10.8 ms (n=3)

[1m=== directory traversal ===[0m
  [32mOK[0m    mkdir tree (10x10x10)          computerd  mean=630.1 med=631.4 p95=633.4 ms (n=3)
  [32mOK[0m    mkdir tree (10x10x10)          base  mean=379.5 med=381.0 p95=383.2 ms (n=3)
  [32mOK[0m    find tree                      computerd  mean=648.7 med=648.9 p95=651.3 ms (n=3)
  [32mOK[0m    find tree                      base  mean=380.8 med=380.9 p95=384.4 ms (n=3)

[1m=== large file I/O ===[0m
  [32mOK[0m    write 64 MiB                   computerd  mean=43.8 med=44.0 p95=44.9 ms (n=3)
  [32mOK[0m    write 64 MiB                   base  mean=23.5 med=23.3 p95=25.0 ms (n=3)
  [32mOK[0m    copy 64 MiB                    computerd  mean=126.3 med=126.5 p95=127.4 ms (n=3)
  [32mOK[0m    copy 64 MiB                    base  mean=41.7 med=41.7 p95=44.0 ms (n=3)
  [32mOK[0m    read 64 MiB                    computerd  mean=51.8 med=51.1 p95=54.0 ms (n=3)
  [32mOK[0m    read 64 MiB                    base  mean=33.8 med=36.3 p95=36.7 ms (n=3)
  [32mOK[0m    pure read 64 MiB               computerd  mean=12.7 med=13.6 p95=13.9 ms (n=3)
  [32mOK[0m    pure read 64 MiB               base  mean=10.6 med=10.7 p95=11.3 ms (n=3)
  [32mOK[0m    pure copy 64 MiB               computerd  mean=87.0 med=87.2 p95=88.7 ms (n=3)
  [32mOK[0m    pure copy 64 MiB               base  mean=19.4 med=19.6 p95=19.8 ms (n=3)
  [32mOK[0m    overwrite 64 MiB               computerd  mean=39.6 med=39.9 p95=40.1 ms (n=3)
  [32mOK[0m    overwrite 64 MiB               base  mean=19.7 med=18.8 p95=22.2 ms (n=3)

[1m=== git ===[0m
  [32mOK[0m    git init + commit 100 files    computerd  mean=146.1 med=146.6 p95=147.8 ms (n=3)
  [32mOK[0m    git init + commit 100 files    base  mean=8.0 med=7.9 p95=8.2 ms (n=3)
  SKIP  npm scenarios (npm not installed)
  SKIP  go scenarios (go not installed)

[1m=== summary ===[0m
  scenario                       computerd mean computerd p95    base mean     base p95      ratio
  copy 64 MiB                        126.3 ms     127.4 ms      41.7 ms      44.0 ms      3.03x
  create 1000 files                  247.9 ms     250.3 ms       8.2 ms       8.7 ms     30.05x
  find tree                          648.7 ms     651.3 ms     380.8 ms     384.4 ms      1.70x
  git init + commit 100 files        146.1 ms     147.8 ms       8.0 ms       8.2 ms     18.37x
  mkdir tree (10x10x10)              630.1 ms     633.4 ms     379.5 ms     383.2 ms      1.66x
  overwrite 64 MiB                    39.6 ms      40.1 ms      19.7 ms      22.2 ms      2.01x
  pure copy 64 MiB                    87.0 ms      88.7 ms      19.4 ms      19.8 ms      4.47x
  pure read 64 MiB                    12.7 ms      13.9 ms      10.6 ms      11.3 ms      1.20x
  read 64 MiB                         51.8 ms      54.0 ms      33.8 ms      36.7 ms      1.53x
  rm 1000 files                      359.8 ms     362.6 ms      10.2 ms      10.8 ms     35.25x
  stat 1000 files                    731.2 ms     733.3 ms     454.9 ms     460.5 ms      1.61x
  write 64 MiB                        43.8 ms      44.9 ms      23.5 ms      25.0 ms      1.87x
wrote JSON summary to /var/tmp/layerfs-owned/stderr-recapture-authoritative-tmp-bench.json
