config: REPS=1 WARMUP=0 RANDOMIZE_TARGETS=1 targets=/workspace /tmp

[1m=== tiny file churn (1000 files) ===[0m
  [32mOK[0m    create 1000 files              computerd  mean=242.6 med=242.6 p95=242.6 ms (n=1)
  [32mOK[0m    create 1000 files              base  mean=8.5 med=8.5 p95=8.5 ms (n=1)
  [32mOK[0m    stat 1000 files                computerd  mean=736.2 med=736.2 p95=736.2 ms (n=1)
  [32mOK[0m    stat 1000 files                base  mean=452.7 med=452.7 p95=452.7 ms (n=1)
  [32mOK[0m    rm 1000 files                  computerd  mean=376.9 med=376.9 p95=376.9 ms (n=1)
  [32mOK[0m    rm 1000 files                  base  mean=10.3 med=10.3 p95=10.3 ms (n=1)

[1m=== directory traversal ===[0m
  [32mOK[0m    mkdir tree (10x10x10)          computerd  mean=632.6 med=632.6 p95=632.6 ms (n=1)
  [32mOK[0m    mkdir tree (10x10x10)          base  mean=376.2 med=376.2 p95=376.2 ms (n=1)
  [32mOK[0m    find tree                      computerd  mean=655.0 med=655.0 p95=655.0 ms (n=1)
  [32mOK[0m    find tree                      base  mean=383.5 med=383.5 p95=383.5 ms (n=1)

[1m=== large file I/O ===[0m
  [32mOK[0m    write 64 MiB                   computerd  mean=47.1 med=47.1 p95=47.1 ms (n=1)
  [32mOK[0m    write 64 MiB                   base  mean=21.8 med=21.8 p95=21.8 ms (n=1)
  [32mOK[0m    copy 64 MiB                    computerd  mean=129.1 med=129.1 p95=129.1 ms (n=1)
  [32mOK[0m    copy 64 MiB                    base  mean=43.1 med=43.1 p95=43.1 ms (n=1)
  [32mOK[0m    read 64 MiB                    computerd  mean=52.4 med=52.4 p95=52.4 ms (n=1)
  [32mOK[0m    read 64 MiB                    base  mean=34.5 med=34.5 p95=34.5 ms (n=1)
  [32mOK[0m    pure read 64 MiB               computerd  mean=11.7 med=11.7 p95=11.7 ms (n=1)
  [32mOK[0m    pure read 64 MiB               base  mean=9.5 med=9.5 p95=9.5 ms (n=1)
  [32mOK[0m    pure copy 64 MiB               computerd  mean=84.2 med=84.2 p95=84.2 ms (n=1)
  [32mOK[0m    pure copy 64 MiB               base  mean=17.6 med=17.6 p95=17.6 ms (n=1)
  [32mOK[0m    overwrite 64 MiB               computerd  mean=37.7 med=37.7 p95=37.7 ms (n=1)
  [32mOK[0m    overwrite 64 MiB               base  mean=18.2 med=18.2 p95=18.2 ms (n=1)

[1m=== git ===[0m
  [32mOK[0m    git init + commit 100 files    computerd  mean=144.4 med=144.4 p95=144.4 ms (n=1)
  [32mOK[0m    git init + commit 100 files    base  mean=7.9 med=7.9 p95=7.9 ms (n=1)
  SKIP  npm scenarios (npm not installed)
  SKIP  go scenarios (go not installed)

[1m=== summary ===[0m
  scenario                       computerd mean computerd p95    base mean     base p95      ratio
  copy 64 MiB                        129.1 ms     129.1 ms      43.1 ms      43.1 ms      3.00x
  create 1000 files                  242.6 ms     242.6 ms       8.5 ms       8.5 ms     28.46x
  find tree                          655.0 ms     655.0 ms     383.5 ms     383.5 ms      1.71x
  git init + commit 100 files        144.4 ms     144.4 ms       7.9 ms       7.9 ms     18.29x
  mkdir tree (10x10x10)              632.6 ms     632.6 ms     376.2 ms     376.2 ms      1.68x
  overwrite 64 MiB                    37.7 ms      37.7 ms      18.2 ms      18.2 ms      2.07x
  pure copy 64 MiB                    84.2 ms      84.2 ms      17.6 ms      17.6 ms      4.78x
  pure read 64 MiB                    11.7 ms      11.7 ms       9.5 ms       9.5 ms      1.23x
  read 64 MiB                         52.4 ms      52.4 ms      34.5 ms      34.5 ms      1.52x
  rm 1000 files                      376.9 ms     376.9 ms      10.3 ms      10.3 ms     36.75x
  stat 1000 files                    736.2 ms     736.2 ms     452.7 ms     452.7 ms      1.63x
  write 64 MiB                        47.1 ms      47.1 ms      21.8 ms      21.8 ms      2.16x
wrote JSON summary to /var/tmp/layerfs-owned/stderr-recapture-readiness-tmp-bench.json
