mode: pipeline
case: chunked
threshold-bytes: 131072
timing: off
fixture: base 262144 bytes, 1 edit(s), 4096 replacement bytes
stream: 1 edit(s), base 262144 -> final 262144 bytes
base preparation (untimed): root 3e428805690821ee9c1c6e3775de5fa8aa9b901fe20fb18c3136ea239cc8c14d stored as 18 object(s), 3 pack(s), acknowledged true
edited root: ca6c30a4355c63c3e3df39a478482cd57f80b5271885e48a573bbe34a031d6b7
edited length: 262144
save: acknowledged true inserted 3 reused 0 packs 2 prefix records 0 full records 3
readback bytes: 262144
readback: verified byte-for-byte against the independent model
scope: edit-to-save acknowledgement is edit.save; verification and readback are timed separately
--- timing tree (inclusive; overlapping spans add to nothing) ---
disabled: no timing recorded
--- timing tree (inclusive; overlapping spans add to nothing) ---
disabled: no timing recorded
timings: not recorded
timings: not recorded
wall_seconds: 0.092
exit_code: 0
