HISTORY_ENGINE_WORK {"state":1,"stage":"acquisition","available":true,"values":[0, 0, 0, 0, 0, 0, 0, 0, 0, 0, 0, 0, 0, 0, 0, 0, 0, 0, 0]}
HISTORY_ENGINE_WORK {"state":1,"stage":"construction","available":true,"values":[0, 0, 0, 0, 0, 0, 0, 0, 0, 0, 0, 0, 0, 0, 0, 0, 0, 0, 0]}
HISTORY_PROVIDER_WORK state=1 stage=construction cumulative=Diagnostics { policy: 1, locate: 0, read_packs: 0, value_groups: 0, signatures: 0, reserve: 0, publish: 0, payload_reads: 0, payload_read_bytes: 0, pack_read_bytes: 0, pack_write_bytes: 0, pooled_packs: 0, pooled_groups: 0, reserved_directory_bytes: 0, ordinal_reservations: 0, locator_hits: 0, locator_misses: 0, pack_hits: 0, pack_misses: 0, forced_seals: 0 }
HISTORY_POOLED_WORK state=1 stage=construction scope=operation-reader-only cumulative=PoolReadCounters { leaf_requests: 0, chain_edges: 0, physical_record_calls: 0, physical_group_decodes: 0, physical_group_decoded_bytes: 0, physical_group_cache_hits: 0, value_group_decodes: 0, pack_fetches: 0, pack_bytes: 0 }
HISTORY_ENGINE_WORK {"state":1,"stage":"filesystem","available":true,"values":[0, 0, 0, 0, 0, 0, 0, 0, 0, 0, 0, 0, 0, 0, 0, 0, 0, 0, 0]}
HISTORY_PROVIDER_WORK state=1 stage=filesystem cumulative=Diagnostics { policy: 1, locate: 0, read_packs: 0, value_groups: 0, signatures: 0, reserve: 0, publish: 0, payload_reads: 0, payload_read_bytes: 0, pack_read_bytes: 0, pack_write_bytes: 0, pooled_packs: 0, pooled_groups: 0, reserved_directory_bytes: 0, ordinal_reservations: 0, locator_hits: 0, locator_misses: 0, pack_hits: 0, pack_misses: 0, forced_seals: 0 }
HISTORY_POOLED_WORK state=1 stage=filesystem scope=operation-reader-only cumulative=PoolReadCounters { leaf_requests: 0, chain_edges: 0, physical_record_calls: 0, physical_group_decodes: 0, physical_group_decoded_bytes: 0, physical_group_cache_hits: 0, value_group_decodes: 0, pack_fetches: 0, pack_bytes: 0 }
HISTORY_ENGINE_WORK {"state":1,"stage":"save_custody","available":true,"values":[403, 37969, 4911000, 0, 0, 1, 2, 54, 1450256, 403, 168967, 1592962, 1011712, 0, 0, 41, 15, 0, 71]}
HISTORY_PROVIDER_WORK state=1 stage=save_custody cumulative=Diagnostics { policy: 1, locate: 27, read_packs: 0, value_groups: 2, signatures: 1, reserve: 3, publish: 16, payload_reads: 41, payload_read_bytes: 1664616, pack_read_bytes: 0, pack_write_bytes: 529411, pooled_packs: 1, pooled_groups: 7, reserved_directory_bytes: 4096, ordinal_reservations: 2, locator_hits: 1043, locator_misses: 390, pack_hits: 366, pack_misses: 41, forced_seals: 0 }
HISTORY_POOLED_WORK state=1 stage=save_custody scope=operation-reader-only cumulative=PoolReadCounters { leaf_requests: 0, chain_edges: 0, physical_record_calls: 0, physical_group_decodes: 0, physical_group_decoded_bytes: 0, physical_group_cache_hits: 0, value_group_decodes: 0, pack_fetches: 0, pack_bytes: 0 }
HISTORY_STATE_WORK {"state":1,"full157":1,"changed_paths":276,"offered_objects":364,"acquire_ns":39031875,"construct_ns":6494042,"filesystem_ns":1371375,"save_custody_ns":30310208}
DIAGNOSTIC state=1 full157=1 root=ObjectId("ff484f8d92f57413ee83e7201fb04c8512ffd7bed3083471713db4e8e17c70d3")
HISTORY_COLD_BOUNDARY {"before_state":2,"wall_ns":3605041,"attestation":{"files":1,"length_bytes":716800,"total_pages":44,"resident_first":44,"resident_after":0,"invalidated_files":1,"page_size_bytes":16384,"first_pass_ns":320000,"attestation_ns":60000,"opens":3,"fstats":3,"mmap_calls":2,"mincore_calls":3,"munmap_calls":2,"msync_calls":1,"inventory_entries":2,"vector_peak_bytes":44}}
HISTORY_ENGINE_WORK {"state":2,"stage":"acquisition","available":true,"values":[0, 0, 0, 0, 0, 0, 0, 0, 0, 0, 0, 0, 0, 0, 0, 0, 0, 0, 0]}
HISTORY_ENGINE_WORK {"state":2,"stage":"construction","available":true,"values":[0, 0, 0, 0, 0, 0, 0, 0, 0, 0, 0, 0, 0, 0, 0, 0, 0, 0, 0]}
HISTORY_PROVIDER_WORK state=2 stage=construction cumulative=Diagnostics { policy: 1, locate: 27, read_packs: 0, value_groups: 2, signatures: 1, reserve: 3, publish: 16, payload_reads: 41, payload_read_bytes: 1664616, pack_read_bytes: 0, pack_write_bytes: 529411, pooled_packs: 1, pooled_groups: 7, reserved_directory_bytes: 4096, ordinal_reservations: 2, locator_hits: 1043, locator_misses: 390, pack_hits: 366, pack_misses: 41, forced_seals: 0 }
HISTORY_POOLED_WORK state=2 stage=construction scope=operation-reader-only cumulative=PoolReadCounters { leaf_requests: 0, chain_edges: 0, physical_record_calls: 0, physical_group_decodes: 0, physical_group_decoded_bytes: 0, physical_group_cache_hits: 0, value_group_decodes: 0, pack_fetches: 0, pack_bytes: 0 }
HISTORY_ENGINE_WORK {"state":2,"stage":"filesystem","available":true,"values":[271, 14560, 1874000, 0, 0, 7, 0, 11, 453834, 271, 155498, 25968, 0, 0, 0, 3, 2, 0, 87]}
HISTORY_PROVIDER_WORK state=2 stage=filesystem cumulative=Diagnostics { policy: 1, locate: 104, read_packs: 3, value_groups: 9, signatures: 1, reserve: 3, publish: 16, payload_reads: 41, payload_read_bytes: 1664616, pack_read_bytes: 30222, pack_write_bytes: 529411, pooled_packs: 1, pooled_groups: 7, reserved_directory_bytes: 4096, ordinal_reservations: 2, locator_hits: 1556, locator_misses: 473, pack_hits: 2370, pack_misses: 44, forced_seals: 0 }
HISTORY_POOLED_WORK state=2 stage=filesystem scope=operation-reader-only cumulative=PoolReadCounters { leaf_requests: 112, chain_edges: 0, physical_record_calls: 224, physical_group_decodes: 0, physical_group_decoded_bytes: 0, physical_group_cache_hits: 224, value_group_decodes: 7, pack_fetches: 2, pack_bytes: 24073 }
HISTORY_ENGINE_WORK {"state":2,"stage":"save_custody","available":true,"values":[1301, 107698, 19015000, 0, 0, 0, 2, 78, 3020541, 1301, 698907, 7248594, 3530752, 0, 0, 148, 31, 0, 278]}
HISTORY_PROVIDER_WORK state=2 stage=save_custody cumulative=Diagnostics { policy: 1, locate: 244, read_packs: 13, value_groups: 11, signatures: 1, reserve: 9, publish: 46, payload_reads: 166, payload_read_bytes: 8483910, pack_read_bytes: 560749, pack_write_bytes: 2284905, pooled_packs: 2, pooled_groups: 29, reserved_directory_bytes: 8192, ordinal_reservations: 8, locator_hits: 5843, locator_misses: 1760, pack_hits: 5176, pack_misses: 192, forced_seals: 0 }
HISTORY_POOLED_WORK state=2 stage=save_custody scope=operation-reader-only cumulative=PoolReadCounters { leaf_requests: 112, chain_edges: 0, physical_record_calls: 224, physical_group_decodes: 0, physical_group_decoded_bytes: 0, physical_group_cache_hits: 224, value_group_decodes: 7, pack_fetches: 2, pack_bytes: 24073 }
HISTORY_STATE_WORK {"state":2,"full157":11,"changed_paths":985,"offered_objects":1086,"acquire_ns":163892125,"construct_ns":27298542,"filesystem_ns":16667916,"save_custody_ns":119103875}
DIAGNOSTIC state=2 full157=11 root=ObjectId("2906f3669420afb3ec336bc5d87856328371db4e9ad644ced4224cc8d3cd75ab")
HISTORY_COLD_BOUNDARY {"before_state":3,"wall_ns":4224334,"attestation":{"files":1,"length_bytes":2596864,"total_pages":159,"resident_first":157,"resident_after":0,"invalidated_files":1,"page_size_bytes":16384,"first_pass_ns":829000,"attestation_ns":89000,"opens":3,"fstats":3,"mmap_calls":2,"mincore_calls":3,"munmap_calls":2,"msync_calls":1,"inventory_entries":2,"vector_peak_bytes":159}}
HISTORY_ENGINE_WORK {"state":3,"stage":"acquisition","available":true,"values":[0, 0, 0, 0, 0, 0, 0, 0, 0, 0, 0, 0, 0, 0, 0, 0, 0, 0, 0]}
HISTORY_ENGINE_WORK {"state":3,"stage":"construction","available":true,"values":[21, 177, 478000, 0, 0, 0, 0, 4, 77208, 21, 19663, 57440, 0, 0, 0, 3, 1, 0, 6]}
HISTORY_PROVIDER_WORK state=3 stage=construction cumulative=Diagnostics { policy: 1, locate: 247, read_packs: 16, value_groups: 11, signatures: 1, reserve: 9, publish: 46, payload_reads: 166, payload_read_bytes: 8483910, pack_read_bytes: 613351, pack_write_bytes: 2284905, pooled_packs: 2, pooled_groups: 29, reserved_directory_bytes: 8192, ordinal_reservations: 8, locator_hits: 5849, locator_misses: 1763, pack_hits: 5205, pack_misses: 195, forced_seals: 0 }
HISTORY_POOLED_WORK state=3 stage=construction scope=operation-reader-only cumulative=PoolReadCounters { leaf_requests: 0, chain_edges: 0, physical_record_calls: 0, physical_group_decodes: 0, physical_group_decoded_bytes: 0, physical_group_cache_hits: 0, value_group_decodes: 0, pack_fetches: 0, pack_bytes: 0 }
HISTORY_ENGINE_WORK {"state":3,"stage":"filesystem","available":true,"values":[725, 43175, 3466000, 0, 0, 22, 0, 11, 580460, 725, 368980, 85648, 0, 0, 0, 4, 1, 0, 233]}
HISTORY_PROVIDER_WORK state=3 stage=filesystem cumulative=Diagnostics { policy: 1, locate: 454, read_packs: 20, value_groups: 33, signatures: 1, reserve: 9, publish: 46, payload_reads: 166, payload_read_bytes: 8483910, pack_read_bytes: 700183, pack_write_bytes: 2284905, pooled_packs: 2, pooled_groups: 29, reserved_directory_bytes: 8192, ordinal_reservations: 8, locator_hits: 6534, locator_misses: 1990, pack_hits: 8310, pack_misses: 199, forced_seals: 0 }
HISTORY_POOLED_WORK state=3 stage=filesystem scope=operation-reader-only cumulative=PoolReadCounters { leaf_requests: 158, chain_edges: 0, physical_record_calls: 316, physical_group_decodes: 0, physical_group_decoded_bytes: 0, physical_group_cache_hits: 316, value_group_decodes: 29, pack_fetches: 3, pack_bytes: 80683 }
HISTORY_ENGINE_WORK {"state":3,"stage":"save_custody","available":true,"values":[1144, 119369, 20115000, 0, 0, 0, 2, 83, 3093375, 1144, 655216, 12836899, 3047424, 0, 0, 235, 17, 0, 221]}
HISTORY_PROVIDER_WORK state=3 stage=save_custody cumulative=Diagnostics { policy: 1, locate: 496, read_packs: 64, value_groups: 35, signatures: 1, reserve: 16, publish: 61, payload_reads: 298, payload_read_bytes: 17074641, pack_read_bytes: 5163270, pack_write_bytes: 3746506, pooled_packs: 3, pooled_groups: 60, reserved_directory_bytes: 12288, ordinal_reservations: 15, locator_hits: 14361, locator_misses: 3735, pack_hits: 16160, pack_misses: 434, forced_seals: 0 }
HISTORY_POOLED_WORK state=3 stage=save_custody scope=operation-reader-only cumulative=PoolReadCounters { leaf_requests: 158, chain_edges: 0, physical_record_calls: 316, physical_group_decodes: 0, physical_group_decoded_bytes: 0, physical_group_cache_hits: 316, value_group_decodes: 29, pack_fetches: 3, pack_bytes: 80683 }
HISTORY_STATE_WORK {"state":3,"full157":21,"changed_paths":1000,"offered_objects":1202,"acquire_ns":208309041,"construct_ns":37381833,"filesystem_ns":29551209,"save_custody_ns":168507750}
DIAGNOSTIC state=3 full157=21 root=ObjectId("1282ed4c917126c0ee219ba221243405bf0223092021c860b48163b741068bde")
HISTORY_COLD_BOUNDARY {"before_state":4,"wall_ns":4247125,"attestation":{"files":1,"length_bytes":4132864,"total_pages":253,"resident_first":251,"resident_after":0,"invalidated_files":1,"page_size_bytes":16384,"first_pass_ns":949000,"attestation_ns":138000,"opens":3,"fstats":3,"mmap_calls":2,"mincore_calls":3,"munmap_calls":2,"msync_calls":1,"inventory_entries":2,"vector_peak_bytes":253}}
HISTORY_ENGINE_WORK {"state":4,"stage":"acquisition","available":true,"values":[0, 0, 0, 0, 0, 0, 0, 0, 0, 0, 0, 0, 0, 0, 0, 0, 0, 0, 0]}
HISTORY_ENGINE_WORK {"state":4,"stage":"construction","available":true,"values":[16, 146, 470000, 0, 0, 0, 0, 4, 80249, 16, 14374, 16464, 0, 0, 0, 1, 1, 0, 5]}
HISTORY_PROVIDER_WORK state=4 stage=construction cumulative=Diagnostics { policy: 1, locate: 500, read_packs: 65, value_groups: 35, signatures: 1, reserve: 16, publish: 61, payload_reads: 298, payload_read_bytes: 17074641, pack_read_bytes: 5183338, pack_write_bytes: 3746506, pooled_packs: 3, pooled_groups: 60, reserved_directory_bytes: 12288, ordinal_reservations: 15, locator_hits: 14365, locator_misses: 3739, pack_hits: 16191, pack_misses: 435, forced_seals: 0 }
HISTORY_POOLED_WORK state=4 stage=construction scope=operation-reader-only cumulative=PoolReadCounters { leaf_requests: 0, chain_edges: 0, physical_record_calls: 0, physical_group_decodes: 0, physical_group_decoded_bytes: 0, physical_group_cache_hits: 0, value_group_decodes: 0, pack_fetches: 0, pack_bytes: 0 }
HISTORY_ENGINE_WORK {"state":4,"stage":"filesystem","available":true,"values":[569, 45266, 4074000, 0, 0, 31, 0, 28, 1091960, 569, 289542, 170768, 0, 0, 0, 7, 1, 0, 177]}
HISTORY_PROVIDER_WORK state=4 stage=filesystem cumulative=Diagnostics { policy: 1, locate: 639, read_packs: 72, value_groups: 66, signatures: 1, reserve: 16, publish: 61, payload_reads: 298, payload_read_bytes: 17074641, pack_read_bytes: 5357600, pack_write_bytes: 3746506, pooled_packs: 3, pooled_groups: 60, reserved_directory_bytes: 12288, ordinal_reservations: 15, locator_hits: 15857, locator_misses: 3908, pack_hits: 21127, pack_misses: 442, forced_seals: 0 }
HISTORY_POOLED_WORK state=4 stage=filesystem scope=operation-reader-only cumulative=PoolReadCounters { leaf_requests: 245, chain_edges: 117, physical_record_calls: 724, physical_group_decodes: 2, physical_group_decoded_bytes: 54974, physical_group_cache_hits: 722, value_group_decodes: 59, pack_fetches: 5, pack_bytes: 151182 }
HISTORY_ENGINE_WORK {"state":4,"stage":"save_custody","available":true,"values":[1385, 128535, 29038000, 0, 0, 0, 2, 90, 3400333, 1385, 791103, 18584614, 3485696, 0, 0, 308, 19, 0, 264]}
HISTORY_PROVIDER_WORK state=4 stage=save_custody cumulative=Diagnostics { policy: 1, locate: 679, read_packs: 144, value_groups: 68, signatures: 1, reserve: 23, publish: 80, payload_reads: 447, payload_read_bytes: 27407313, pack_read_bytes: 13753510, pack_write_bytes: 4846315, pooled_packs: 4, pooled_groups: 95, reserved_directory_bytes: 16384, ordinal_reservations: 22, locator_hits: 26176, locator_misses: 5863, pack_hits: 33900, pack_misses: 750, forced_seals: 0 }
HISTORY_POOLED_WORK state=4 stage=save_custody scope=operation-reader-only cumulative=PoolReadCounters { leaf_requests: 245, chain_edges: 117, physical_record_calls: 724, physical_group_decodes: 2, physical_group_decoded_bytes: 54974, physical_group_cache_hits: 722, value_group_decodes: 59, pack_fetches: 5, pack_bytes: 151182 }
HISTORY_STATE_WORK {"state":4,"full157":31,"changed_paths":1103,"offered_objects":1260,"acquire_ns":224308959,"construct_ns":40540625,"filesystem_ns":44210000,"save_custody_ns":202827584}
DIAGNOSTIC state=4 full157=31 root=ObjectId("92f98e576ec1811361095b29bea2cc5137d2eca8c9b3fce96d75cfb4c30a7fa9")
HISTORY_COLD_BOUNDARY {"before_state":5,"wall_ns":4610083,"attestation":{"files":1,"length_bytes":5337088,"total_pages":326,"resident_first":324,"resident_after":0,"invalidated_files":1,"page_size_bytes":16384,"first_pass_ns":1299000,"attestation_ns":180000,"opens":3,"fstats":3,"mmap_calls":2,"mincore_calls":3,"munmap_calls":2,"msync_calls":1,"inventory_entries":2,"vector_peak_bytes":326}}
HISTORY_ENGINE_WORK {"state":5,"stage":"acquisition","available":true,"values":[0, 0, 0, 0, 0, 0, 0, 0, 0, 0, 0, 0, 0, 0, 0, 0, 0, 0, 0]}
HISTORY_ENGINE_WORK {"state":5,"stage":"construction","available":true,"values":[24, 206, 1110000, 0, 0, 0, 0, 4, 88958, 24, 22376, 303216, 0, 0, 0, 3, 1, 0, 7]}
HISTORY_PROVIDER_WORK state=5 stage=construction cumulative=Diagnostics { policy: 1, locate: 683, read_packs: 147, value_groups: 68, signatures: 1, reserve: 23, publish: 80, payload_reads: 447, payload_read_bytes: 27407313, pack_read_bytes: 14064123, pack_write_bytes: 4846315, pooled_packs: 4, pooled_groups: 95, reserved_directory_bytes: 16384, ordinal_reservations: 22, locator_hits: 26183, locator_misses: 5867, pack_hits: 33937, pack_misses: 753, forced_seals: 0 }
HISTORY_POOLED_WORK state=5 stage=construction scope=operation-reader-only cumulative=PoolReadCounters { leaf_requests: 0, chain_edges: 0, physical_record_calls: 0, physical_group_decodes: 0, physical_group_decoded_bytes: 0, physical_group_cache_hits: 0, value_group_decodes: 0, pack_fetches: 0, pack_bytes: 0 }
HISTORY_ENGINE_WORK {"state":5,"stage":"filesystem","available":true,"values":[723, 48374, 5812000, 0, 0, 35, 0, 32, 1376538, 723, 400908, 257568, 0, 0, 0, 10, 1, 0, 226]}
HISTORY_PROVIDER_WORK state=5 stage=filesystem cumulative=Diagnostics { policy: 1, locate: 864, read_packs: 157, value_groups: 103, signatures: 1, reserve: 23, publish: 80, payload_reads: 447, payload_read_bytes: 27407313, pack_read_bytes: 14333227, pack_write_bytes: 4846315, pooled_packs: 4, pooled_groups: 95, reserved_directory_bytes: 16384, ordinal_reservations: 22, locator_hits: 28523, locator_misses: 6080, pack_hits: 41730, pack_misses: 763, forced_seals: 0 }
HISTORY_POOLED_WORK state=5 stage=filesystem scope=operation-reader-only cumulative=PoolReadCounters { leaf_requests: 362, chain_edges: 165, physical_record_calls: 1054, physical_group_decodes: 4, physical_group_decoded_bytes: 109549, physical_group_cache_hits: 1050, value_group_decodes: 92, pack_fetches: 7, pack_bytes: 225956 }
HISTORY_ENGINE_WORK {"state":5,"stage":"save_custody","available":true,"values":[3366, 279697, 64683000, 0, 0, 0, 2, 142, 6007879, 3366, 1908556, 43572146, 9768960, 0, 0, 661, 49, 0, 725]}
HISTORY_PROVIDER_WORK state=5 stage=save_custody cumulative=Diagnostics { policy: 1, locate: 1047, read_packs: 249, value_groups: 105, signatures: 1, reserve: 31, publish: 128, payload_reads: 894, payload_read_bytes: 58641729, pack_read_bytes: 27328569, pack_write_bytes: 7778578, pooled_packs: 6, pooled_groups: 155, reserved_directory_bytes: 24576, ordinal_reservations: 30, locator_hits: 48259, locator_misses: 9939, pack_hits: 64288, pack_misses: 1424, forced_seals: 0 }
HISTORY_POOLED_WORK state=5 stage=save_custody scope=operation-reader-only cumulative=PoolReadCounters { leaf_requests: 362, chain_edges: 165, physical_record_calls: 1054, physical_group_decodes: 4, physical_group_decoded_bytes: 109549, physical_group_cache_hits: 1050, value_group_decodes: 92, pack_fetches: 7, pack_bytes: 225956 }
HISTORY_STATE_WORK {"state":5,"full157":41,"changed_paths":2716,"offered_objects":2846,"acquire_ns":515017750,"construct_ns":73471791,"filesystem_ns":74267875,"save_custody_ns":401825625}
DIAGNOSTIC state=5 full157=41 root=ObjectId("208d34b9ee9c867cf7e8988dd53d342d5acb4ca9ddc2420d2eb020c39d0b580f")
HISTORY_COLD_BOUNDARY {"before_state":6,"wall_ns":5304583,"attestation":{"files":1,"length_bytes":8515584,"total_pages":520,"resident_first":516,"resident_after":0,"invalidated_files":1,"page_size_bytes":16384,"first_pass_ns":1947000,"attestation_ns":251000,"opens":3,"fstats":3,"mmap_calls":2,"mincore_calls":3,"munmap_calls":2,"msync_calls":1,"inventory_entries":2,"vector_peak_bytes":520}}
HISTORY_ENGINE_WORK {"state":6,"stage":"acquisition","available":true,"values":[0, 0, 0, 0, 0, 0, 0, 0, 0, 0, 0, 0, 0, 0, 0, 0, 0, 0, 0]}
HISTORY_ENGINE_WORK {"state":6,"stage":"construction","available":true,"values":[36, 322, 1467000, 0, 0, 0, 0, 4, 92335, 36, 48542, 327856, 0, 0, 0, 3, 2, 0, 11]}
HISTORY_PROVIDER_WORK state=6 stage=construction cumulative=Diagnostics { policy: 1, locate: 1055, read_packs: 252, value_groups: 105, signatures: 1, reserve: 31, publish: 128, payload_reads: 894, payload_read_bytes: 58641729, pack_read_bytes: 27665554, pack_write_bytes: 7778578, pooled_packs: 6, pooled_groups: 155, reserved_directory_bytes: 24576, ordinal_reservations: 30, locator_hits: 48267, locator_misses: 9947, pack_hits: 64349, pack_misses: 1427, forced_seals: 0 }
HISTORY_POOLED_WORK state=6 stage=construction scope=operation-reader-only cumulative=PoolReadCounters { leaf_requests: 0, chain_edges: 0, physical_record_calls: 0, physical_group_decodes: 0, physical_group_decoded_bytes: 0, physical_group_cache_hits: 0, value_group_decodes: 0, pack_fetches: 0, pack_bytes: 0 }
HISTORY_ENGINE_WORK {"state":6,"stage":"filesystem","available":true,"values":[1241, 105791, 9094000, 0, 0, 60, 0, 37, 1607707, 1241, 816036, 407632, 0, 0, 0, 14, 3, 0, 389]}
HISTORY_PROVIDER_WORK state=6 stage=filesystem cumulative=Diagnostics { policy: 1, locate: 1370, read_packs: 266, value_groups: 165, signatures: 1, reserve: 31, publish: 128, payload_reads: 894, payload_read_bytes: 58641729, pack_read_bytes: 28092317, pack_write_bytes: 7778578, pooled_packs: 6, pooled_groups: 155, reserved_directory_bytes: 24576, ordinal_reservations: 30, locator_hits: 50251, locator_misses: 10321, pack_hits: 71642, pack_misses: 1441, forced_seals: 0 }
HISTORY_POOLED_WORK state=6 stage=filesystem scope=operation-reader-only cumulative=PoolReadCounters { leaf_requests: 452, chain_edges: 82, physical_record_calls: 1068, physical_group_decodes: 3, physical_group_decoded_bytes: 63022, physical_group_cache_hits: 1065, value_group_decodes: 136, pack_fetches: 9, pack_bytes: 343627 }
HISTORY_ENGINE_WORK {"state":6,"stage":"save_custody","available":true,"values":[2687, 245569, 71689000, 0, 0, 0, 2, 131, 5601704, 2687, 1691111, 47049980, 7897088, 0, 0, 653, 21, 0, 556]}
HISTORY_PROVIDER_WORK state=6 stage=save_custody cumulative=Diagnostics { policy: 1, locate: 1451, read_packs: 425, value_groups: 167, signatures: 1, reserve: 40, publish: 147, payload_reads: 1207, payload_read_bytes: 85373660, pack_read_bytes: 48840609, pack_write_bytes: 10362923, pooled_packs: 8, pooled_groups: 225, reserved_directory_bytes: 32768, ordinal_reservations: 39, locator_hits: 68367, locator_misses: 14558, pack_hits: 95728, pack_misses: 2094, forced_seals: 0 }
HISTORY_POOLED_WORK state=6 stage=save_custody scope=operation-reader-only cumulative=PoolReadCounters { leaf_requests: 452, chain_edges: 82, physical_record_calls: 1068, physical_group_decodes: 3, physical_group_decoded_bytes: 63022, physical_group_cache_hits: 1065, value_group_decodes: 136, pack_fetches: 9, pack_bytes: 343627 }
HISTORY_STATE_WORK {"state":6,"full157":51,"changed_paths":2073,"offered_objects":2233,"acquire_ns":547111375,"construct_ns":68981458,"filesystem_ns":84000000,"save_custody_ns":411464459}
DIAGNOSTIC state=6 full157=51 root=ObjectId("0bba4b43e94f8d20551a062b35379db0897e89f8de62b425b7d47abd4f79e698")
HISTORY_COLD_BOUNDARY {"before_state":7,"wall_ns":5978417,"attestation":{"files":1,"length_bytes":11296768,"total_pages":690,"resident_first":686,"resident_after":0,"invalidated_files":1,"page_size_bytes":16384,"first_pass_ns":2400000,"attestation_ns":293000,"opens":3,"fstats":3,"mmap_calls":2,"mincore_calls":3,"munmap_calls":2,"msync_calls":1,"inventory_entries":2,"vector_peak_bytes":690}}
HISTORY_ENGINE_WORK {"state":7,"stage":"acquisition","available":true,"values":[0, 0, 0, 0, 0, 0, 0, 0, 0, 0, 0, 0, 0, 0, 0, 0, 0, 0, 0]}
HISTORY_ENGINE_WORK {"state":7,"stage":"construction","available":true,"values":[28, 262, 699000, 0, 0, 0, 0, 4, 88874, 28, 28165, 41104, 0, 0, 0, 1, 1, 0, 9]}
HISTORY_PROVIDER_WORK state=7 stage=construction cumulative=Diagnostics { policy: 1, locate: 1459, read_packs: 426, value_groups: 167, signatures: 1, reserve: 40, publish: 147, payload_reads: 1207, payload_read_bytes: 85373660, pack_read_bytes: 48885376, pack_write_bytes: 10362923, pooled_packs: 8, pooled_groups: 225, reserved_directory_bytes: 32768, ordinal_reservations: 39, locator_hits: 68375, locator_misses: 14566, pack_hits: 95791, pack_misses: 2095, forced_seals: 0 }
HISTORY_POOLED_WORK state=7 stage=construction scope=operation-reader-only cumulative=PoolReadCounters { leaf_requests: 0, chain_edges: 0, physical_record_calls: 0, physical_group_decodes: 0, physical_group_decoded_bytes: 0, physical_group_cache_hits: 0, value_group_decodes: 0, pack_fetches: 0, pack_bytes: 0 }
HISTORY_ENGINE_WORK {"state":7,"stage":"filesystem","available":true,"values":[1852, 90810, 14890000, 0, 0, 70, 0, 52, 1964998, 1852, 1180953, 652480, 0, 0, 0, 18, 2, 0, 588]}
HISTORY_PROVIDER_WORK state=7 stage=filesystem cumulative=Diagnostics { policy: 1, locate: 1959, read_packs: 444, value_groups: 237, signatures: 1, reserve: 40, publish: 147, payload_reads: 1207, payload_read_bytes: 85373660, pack_read_bytes: 49478654, pack_write_bytes: 10362923, pooled_packs: 8, pooled_groups: 225, reserved_directory_bytes: 32768, ordinal_reservations: 39, locator_hits: 71106, locator_misses: 15137, pack_hits: 106013, pack_misses: 2113, forced_seals: 0 }
HISTORY_POOLED_WORK state=7 stage=filesystem scope=operation-reader-only cumulative=PoolReadCounters { leaf_requests: 532, chain_edges: 248, physical_record_calls: 1560, physical_group_decodes: 5, physical_group_decoded_bytes: 157577, physical_group_cache_hits: 1555, value_group_decodes: 832, pack_fetches: 12, pack_bytes: 482462 }
HISTORY_ENGINE_WORK {"state":7,"stage":"save_custody","available":true,"values":[4563, 353175, 110243000, 0, 0, 0, 2, 192, 7435948, 4563, 2781880, 71415699, 12091392, 0, 0, 995, 32, 0, 1018]}
HISTORY_PROVIDER_WORK state=7 stage=save_custody cumulative=Diagnostics { policy: 1, locate: 2224, read_packs: 688, value_groups: 239, signatures: 1, reserve: 50, publish: 180, payload_reads: 1713, payload_read_bytes: 125970280, pack_read_bytes: 81194354, pack_write_bytes: 13197536, pooled_packs: 10, pooled_groups: 316, reserved_directory_bytes: 40960, ordinal_reservations: 49, locator_hits: 96328, locator_misses: 21432, pack_hits: 141080, pack_misses: 3108, forced_seals: 1 }
HISTORY_POOLED_WORK state=7 stage=save_custody scope=operation-reader-only cumulative=PoolReadCounters { leaf_requests: 532, chain_edges: 248, physical_record_calls: 1560, physical_group_decodes: 5, physical_group_decoded_bytes: 157577, physical_group_cache_hits: 1555, value_group_decodes: 832, pack_fetches: 12, pack_bytes: 482462 }
HISTORY_STATE_WORK {"state":7,"full157":61,"changed_paths":2895,"offered_objects":3130,"acquire_ns":805241083,"construct_ns":77637917,"filesystem_ns":117194584,"save_custody_ns":563724459}
DIAGNOSTIC state=7 full157=61 root=ObjectId("83c507e708c9a53e0d205d666c84d2c08ff2c8f60d63604df4b719417577cbdc")
HISTORY_COLD_BOUNDARY {"before_state":8,"wall_ns":6540583,"attestation":{"files":1,"length_bytes":14376960,"total_pages":878,"resident_first":873,"resident_after":0,"invalidated_files":1,"page_size_bytes":16384,"first_pass_ns":3086000,"attestation_ns":350000,"opens":3,"fstats":3,"mmap_calls":2,"mincore_calls":3,"munmap_calls":2,"msync_calls":1,"inventory_entries":2,"vector_peak_bytes":878}}
HISTORY_ENGINE_WORK {"state":8,"stage":"acquisition","available":true,"values":[0, 0, 0, 0, 0, 0, 0, 0, 0, 0, 0, 0, 0, 0, 0, 0, 0, 0, 0]}
HISTORY_ENGINE_WORK {"state":8,"stage":"construction","available":true,"values":[28, 262, 607000, 0, 0, 0, 0, 4, 78790, 28, 32958, 24720, 0, 0, 0, 1, 1, 0, 9]}
HISTORY_PROVIDER_WORK state=8 stage=construction cumulative=Diagnostics { policy: 1, locate: 2232, read_packs: 689, value_groups: 239, signatures: 1, reserve: 50, publish: 180, payload_reads: 1713, payload_read_bytes: 125970280, pack_read_bytes: 81220572, pack_write_bytes: 13197536, pooled_packs: 10, pooled_groups: 316, reserved_directory_bytes: 40960, ordinal_reservations: 49, locator_hits: 96336, locator_misses: 21440, pack_hits: 141143, pack_misses: 3109, forced_seals: 1 }
HISTORY_POOLED_WORK state=8 stage=construction scope=operation-reader-only cumulative=PoolReadCounters { leaf_requests: 0, chain_edges: 0, physical_record_calls: 0, physical_group_decodes: 0, physical_group_decoded_bytes: 0, physical_group_cache_hits: 0, value_group_decodes: 0, pack_fetches: 0, pack_bytes: 0 }
HISTORY_ENGINE_WORK {"state":8,"stage":"filesystem","available":true,"values":[2003, 122902, 17894000, 0, 0, 91, 0, 63, 2357167, 2003, 1326959, 845664, 0, 0, 0, 22, 3, 0, 630]}
HISTORY_PROVIDER_WORK state=8 stage=filesystem cumulative=Diagnostics { policy: 1, locate: 2750, read_packs: 710, value_groups: 330, signatures: 1, reserve: 50, publish: 180, payload_reads: 1713, payload_read_bytes: 125970280, pack_read_bytes: 82037740, pack_write_bytes: 13197536, pooled_packs: 10, pooled_groups: 316, reserved_directory_bytes: 40960, ordinal_reservations: 49, locator_hits: 99262, locator_misses: 22050, pack_hits: 151849, pack_misses: 3131, forced_seals: 1 }
HISTORY_POOLED_WORK state=8 stage=filesystem scope=operation-reader-only cumulative=PoolReadCounters { leaf_requests: 554, chain_edges: 340, physical_record_calls: 1788, physical_group_decodes: 16, physical_group_decoded_bytes: 666199, physical_group_cache_hits: 1772, value_group_decodes: 1189, pack_fetches: 14, pack_bytes: 626779 }
HISTORY_ENGINE_WORK {"state":8,"stage":"save_custody","available":true,"values":[3927, 240506, 105034000, 0, 0, 0, 2, 127, 5405297, 3927, 2188354, 70312224, 5677056, 0, 0, 1008, 17, 0, 862]}
HISTORY_PROVIDER_WORK state=8 stage=save_custody cumulative=Diagnostics { policy: 1, locate: 2830, read_packs: 1049, value_groups: 332, signatures: 1, reserve: 59, publish: 192, payload_reads: 2153, payload_read_bytes: 162383131, pack_read_bytes: 117267356, pack_write_bytes: 14394580, pooled_packs: 12, pooled_groups: 397, reserved_directory_bytes: 49152, ordinal_reservations: 58, locator_hits: 118406, locator_misses: 27056, pack_hits: 182318, pack_misses: 4139, forced_seals: 1 }
HISTORY_POOLED_WORK state=8 stage=save_custody scope=operation-reader-only cumulative=PoolReadCounters { leaf_requests: 554, chain_edges: 340, physical_record_calls: 1788, physical_group_decodes: 16, physical_group_decoded_bytes: 666199, physical_group_cache_hits: 1772, value_group_decodes: 1189, pack_fetches: 14, pack_bytes: 626779 }
HISTORY_STATE_WORK {"state":8,"full157":71,"changed_paths":1638,"offered_objects":1824,"acquire_ns":589761292,"construct_ns":57206458,"filesystem_ns":114962917,"save_custody_ns":477170250}
DIAGNOSTIC state=8 full157=71 root=ObjectId("ca4ac6eb28a22995b580b57435f904b48594f3eb14d0405bf1fcbc1fd5ef9d0e")
HISTORY_COLD_BOUNDARY {"before_state":9,"wall_ns":7685584,"attestation":{"files":1,"length_bytes":15699968,"total_pages":959,"resident_first":951,"resident_after":0,"invalidated_files":1,"page_size_bytes":16384,"first_pass_ns":3778000,"attestation_ns":462000,"opens":3,"fstats":3,"mmap_calls":2,"mincore_calls":3,"munmap_calls":2,"msync_calls":1,"inventory_entries":2,"vector_peak_bytes":959}}
HISTORY_ENGINE_WORK {"state":9,"stage":"acquisition","available":true,"values":[0, 0, 0, 0, 0, 0, 0, 0, 0, 0, 0, 0, 0, 0, 0, 0, 0, 0, 0]}
HISTORY_ENGINE_WORK {"state":9,"stage":"construction","available":true,"values":[74, 646, 7011000, 0, 0, 0, 0, 4, 124167, 74, 82457, 937969, 0, 0, 0, 8, 2, 0, 22]}
HISTORY_PROVIDER_WORK state=9 stage=construction cumulative=Diagnostics { policy: 1, locate: 2844, read_packs: 1057, value_groups: 332, signatures: 1, reserve: 59, publish: 192, payload_reads: 2153, payload_read_bytes: 162383131, pack_read_bytes: 118193048, pack_write_bytes: 14394580, pooled_packs: 12, pooled_groups: 397, reserved_directory_bytes: 49152, ordinal_reservations: 58, locator_hits: 118428, locator_misses: 27070, pack_hits: 182430, pack_misses: 4147, forced_seals: 1 }
HISTORY_POOLED_WORK state=9 stage=construction scope=operation-reader-only cumulative=PoolReadCounters { leaf_requests: 0, chain_edges: 0, physical_record_calls: 0, physical_group_decodes: 0, physical_group_decoded_bytes: 0, physical_group_cache_hits: 0, value_group_decodes: 0, pack_fetches: 0, pack_bytes: 0 }
HISTORY_ENGINE_WORK {"state":9,"stage":"filesystem","available":true,"values":[1820, 76529, 16576000, 0, 0, 81, 0, 60, 2192749, 1820, 1174494, 930736, 0, 0, 0, 26, 2, 0, 571]}
HISTORY_PROVIDER_WORK state=9 stage=filesystem cumulative=Diagnostics { policy: 1, locate: 3309, read_packs: 1082, value_groups: 413, signatures: 1, reserve: 59, publish: 192, payload_reads: 2153, payload_read_bytes: 162383131, pack_read_bytes: 119153355, pack_write_bytes: 14394580, pooled_packs: 12, pooled_groups: 397, reserved_directory_bytes: 49152, ordinal_reservations: 58, locator_hits: 122127, locator_misses: 27620, pack_hits: 194318, pack_misses: 4173, forced_seals: 1 }
HISTORY_POOLED_WORK state=9 stage=filesystem scope=operation-reader-only cumulative=PoolReadCounters { leaf_requests: 551, chain_edges: 615, physical_record_calls: 2332, physical_group_decodes: 30, physical_group_decoded_bytes: 1250877, physical_group_cache_hits: 2302, value_group_decodes: 1576, pack_fetches: 17, pack_bytes: 743700 }
HISTORY_ENGINE_WORK {"state":9,"stage":"save_custody","available":true,"values":[7618, 352040, 151591000, 0, 0, 0, 2, 198, 7837362, 7618, 4527915, 101257286, 11550720, 0, 0, 1437, 31, 0, 1891]}
HISTORY_PROVIDER_WORK state=9 stage=save_custody cumulative=Diagnostics { policy: 1, locate: 4050, read_packs: 1595, value_groups: 415, signatures: 1, reserve: 70, publish: 221, payload_reads: 2787, payload_read_bytes: 216150545, pack_read_bytes: 167704218, pack_write_bytes: 17288362, pooled_packs: 14, pooled_groups: 496, reserved_directory_bytes: 57344, ordinal_reservations: 69, locator_hits: 146461, locator_misses: 35139, pack_hits: 235444, pack_misses: 5610, forced_seals: 1 }
HISTORY_POOLED_WORK state=9 stage=save_custody scope=operation-reader-only cumulative=PoolReadCounters { leaf_requests: 551, chain_edges: 615, physical_record_calls: 2332, physical_group_decodes: 30, physical_group_decoded_bytes: 1250877, physical_group_cache_hits: 2302, value_group_decodes: 1576, pack_fetches: 17, pack_bytes: 743700 }
HISTORY_STATE_WORK {"state":9,"full157":81,"changed_paths":2029,"offered_objects":2432,"acquire_ns":804818959,"construct_ns":90562208,"filesystem_ns":125424375,"save_custody_ns":673025166}
DIAGNOSTIC state=9 full157=81 root=ObjectId("5532bc3c204f92a48122bad3aa684b150614d1266972ed1724412e1affa55517")
HISTORY_COLD_BOUNDARY {"before_state":10,"wall_ns":7765417,"attestation":{"files":1,"length_bytes":18792448,"total_pages":1147,"resident_first":1140,"resident_after":0,"invalidated_files":1,"page_size_bytes":16384,"first_pass_ns":4148000,"attestation_ns":473000,"opens":3,"fstats":3,"mmap_calls":2,"mincore_calls":3,"munmap_calls":2,"msync_calls":1,"inventory_entries":2,"vector_peak_bytes":1147}}
HISTORY_ENGINE_WORK {"state":10,"stage":"acquisition","available":true,"values":[0, 0, 0, 0, 0, 0, 0, 0, 0, 0, 0, 0, 0, 0, 0, 0, 0, 0, 0]}
HISTORY_ENGINE_WORK {"state":10,"stage":"construction","available":true,"values":[34, 320, 1011000, 0, 0, 0, 0, 4, 95209, 34, 38750, 53424, 0, 0, 0, 1, 1, 0, 11]}
HISTORY_PROVIDER_WORK state=10 stage=construction cumulative=Diagnostics { policy: 1, locate: 4060, read_packs: 1596, value_groups: 415, signatures: 1, reserve: 70, publish: 221, payload_reads: 2787, payload_read_bytes: 216150545, pack_read_bytes: 167758058, pack_write_bytes: 17288362, pooled_packs: 14, pooled_groups: 496, reserved_directory_bytes: 57344, ordinal_reservations: 69, locator_hits: 146471, locator_misses: 35149, pack_hits: 235523, pack_misses: 5611, forced_seals: 1 }
HISTORY_POOLED_WORK state=10 stage=construction scope=operation-reader-only cumulative=PoolReadCounters { leaf_requests: 0, chain_edges: 0, physical_record_calls: 0, physical_group_decodes: 0, physical_group_decoded_bytes: 0, physical_group_cache_hits: 0, value_group_decodes: 0, pack_fetches: 0, pack_bytes: 0 }
HISTORY_ENGINE_WORK {"state":10,"stage":"filesystem","available":true,"values":[1776, 93707, 20466000, 0, 0, 99, 0, 73, 2432046, 1776, 1084576, 1147472, 0, 0, 0, 30, 2, 0, 549]}
HISTORY_PROVIDER_WORK state=10 stage=filesystem cumulative=Diagnostics { policy: 1, locate: 4482, read_packs: 1624, value_groups: 514, signatures: 1, reserve: 70, publish: 221, payload_reads: 2787, payload_read_bytes: 216150545, pack_read_bytes: 168910190, pack_write_bytes: 17288362, pooled_packs: 14, pooled_groups: 496, reserved_directory_bytes: 57344, ordinal_reservations: 69, locator_hits: 151383, locator_misses: 35670, pack_hits: 249164, pack_misses: 5641, forced_seals: 1 }
HISTORY_POOLED_WORK state=10 stage=filesystem scope=operation-reader-only cumulative=PoolReadCounters { leaf_requests: 596, chain_edges: 1019, physical_record_calls: 3230, physical_group_decodes: 64, physical_group_decoded_bytes: 2824044, physical_group_cache_hits: 3166, value_group_decodes: 1904, pack_fetches: 20, pack_bytes: 897312 }
HISTORY_ENGINE_WORK {"state":10,"stage":"save_custody","available":true,"values":[10449, 362704, 175618000, 0, 0, 0, 2, 167, 6616375, 10449, 6153604, 104294386, 8581120, 0, 0, 1517, 17, 0, 2835]}
HISTORY_PROVIDER_WORK state=10 stage=save_custody cumulative=Diagnostics { policy: 1, locate: 6100, read_packs: 2300, value_groups: 516, signatures: 1, reserve: 79, publish: 240, payload_reads: 3325, payload_read_bytes: 261242427, pack_read_bytes: 229682317, pack_write_bytes: 19088673, pooled_packs: 16, pooled_groups: 599, reserved_directory_bytes: 65536, ordinal_reservations: 78, locator_hits: 175788, locator_misses: 44418, pack_hits: 294460, pack_misses: 7158, forced_seals: 1 }
HISTORY_POOLED_WORK state=10 stage=save_custody scope=operation-reader-only cumulative=PoolReadCounters { leaf_requests: 596, chain_edges: 1019, physical_record_calls: 3230, physical_group_decodes: 64, physical_group_decoded_bytes: 2824044, physical_group_cache_hits: 3166, value_group_decodes: 1904, pack_fetches: 20, pack_bytes: 897312 }
HISTORY_STATE_WORK {"state":10,"full157":91,"changed_paths":1815,"offered_objects":2079,"acquire_ns":738183125,"construct_ns":73182167,"filesystem_ns":153042125,"save_custody_ns":717028083}
DIAGNOSTIC state=10 full157=91 root=ObjectId("1f8ab5053f1bb25ced3ec59504a196c0c5f3078dc70e8ece55fd12c8bf7412e4")
HISTORY_COLD_BOUNDARY {"before_state":11,"wall_ns":8616834,"attestation":{"files":1,"length_bytes":20750336,"total_pages":1267,"resident_first":1232,"resident_after":0,"invalidated_files":1,"page_size_bytes":16384,"first_pass_ns":4822000,"attestation_ns":535000,"opens":3,"fstats":3,"mmap_calls":2,"mincore_calls":3,"munmap_calls":2,"msync_calls":1,"inventory_entries":2,"vector_peak_bytes":1267}}
HISTORY_ENGINE_WORK {"state":11,"stage":"acquisition","available":true,"values":[0, 0, 0, 0, 0, 0, 0, 0, 0, 0, 0, 0, 0, 0, 0, 0, 0, 0, 0]}
HISTORY_ENGINE_WORK {"state":11,"stage":"construction","available":true,"values":[38, 350, 2002000, 0, 0, 0, 0, 4, 100125, 38, 49710, 110309, 0, 0, 0, 2, 1, 0, 12]}
HISTORY_PROVIDER_WORK state=11 stage=construction cumulative=Diagnostics { policy: 1, locate: 6110, read_packs: 2302, value_groups: 516, signatures: 1, reserve: 79, publish: 240, payload_reads: 3325, payload_read_bytes: 261242427, pack_read_bytes: 229785232, pack_write_bytes: 19088673, pooled_packs: 16, pooled_groups: 599, reserved_directory_bytes: 65536, ordinal_reservations: 78, locator_hits: 175798, locator_misses: 44428, pack_hits: 294538, pack_misses: 7160, forced_seals: 1 }
HISTORY_POOLED_WORK state=11 stage=construction scope=operation-reader-only cumulative=PoolReadCounters { leaf_requests: 0, chain_edges: 0, physical_record_calls: 0, physical_group_decodes: 0, physical_group_decoded_bytes: 0, physical_group_cache_hits: 0, value_group_decodes: 0, pack_fetches: 0, pack_bytes: 0 }
HISTORY_ENGINE_WORK {"state":11,"stage":"filesystem","available":true,"values":[2767, 93854, 32085000, 0, 0, 103, 0, 76, 2797833, 2767, 1813819, 1311989, 0, 0, 0, 33, 2, 0, 877]}
HISTORY_PROVIDER_WORK state=11 stage=filesystem cumulative=Diagnostics { policy: 1, locate: 6852, read_packs: 2334, value_groups: 619, signatures: 1, reserve: 79, publish: 240, payload_reads: 3325, payload_read_bytes: 261242427, pack_read_bytes: 231075704, pack_write_bytes: 19088673, pooled_packs: 16, pooled_groups: 599, reserved_directory_bytes: 65536, ordinal_reservations: 78, locator_hits: 185031, locator_misses: 45279, pack_hits: 319073, pack_misses: 7193, forced_seals: 1 }
HISTORY_POOLED_WORK state=11 stage=filesystem scope=operation-reader-only cumulative=PoolReadCounters { leaf_requests: 863, chain_edges: 2032, physical_record_calls: 5790, physical_group_decodes: 127, physical_group_decoded_bytes: 5668793, physical_group_cache_hits: 5663, value_group_decodes: 2607, pack_fetches: 23, pack_bytes: 1035652 }
HISTORY_ENGINE_WORK {"state":11,"stage":"save_custody","available":true,"values":[12102, 613845, 230905000, 0, 0, 0, 2, 273, 12248570, 12102, 7733127, 167103930, 17387520, 0, 0, 2173, 40, 0, 3112]}
HISTORY_PROVIDER_WORK state=11 stage=save_custody cumulative=Diagnostics { policy: 1, locate: 8218, read_packs: 3067, value_groups: 621, signatures: 1, reserve: 91, publish: 274, payload_reads: 4335, payload_read_bytes: 352160597, pack_read_bytes: 307834611, pack_write_bytes: 22807513, pooled_packs: 19, pooled_groups: 717, reserved_directory_bytes: 77824, ordinal_reservations: 90, locator_hits: 231256, locator_misses: 59658, pack_hits: 399609, pack_misses: 9366, forced_seals: 1 }
HISTORY_POOLED_WORK state=11 stage=save_custody scope=operation-reader-only cumulative=PoolReadCounters { leaf_requests: 863, chain_edges: 2032, physical_record_calls: 5790, physical_group_decodes: 127, physical_group_decoded_bytes: 5668793, physical_group_cache_hits: 5663, value_group_decodes: 2607, pack_fetches: 23, pack_bytes: 1035652 }
HISTORY_STATE_WORK {"state":11,"full157":101,"changed_paths":4122,"offered_objects":4174,"acquire_ns":1301713750,"construct_ns":121904667,"filesystem_ns":319250042,"save_custody_ns":1080861083}
DIAGNOSTIC state=11 full157=101 root=ObjectId("ac623f883e77b3e5150a4188d62bfdb4fc9bee9ecc74168e15fe516e590ed7e0")
HISTORY_COLD_BOUNDARY {"before_state":12,"wall_ns":10004625,"attestation":{"files":1,"length_bytes":24797184,"total_pages":1514,"resident_first":1483,"resident_after":0,"invalidated_files":1,"page_size_bytes":16384,"first_pass_ns":5799000,"attestation_ns":653000,"opens":3,"fstats":3,"mmap_calls":2,"mincore_calls":3,"munmap_calls":2,"msync_calls":1,"inventory_entries":2,"vector_peak_bytes":1514}}
HISTORY_ENGINE_WORK {"state":12,"stage":"acquisition","available":true,"values":[0, 0, 0, 0, 0, 0, 0, 0, 0, 0, 0, 0, 0, 0, 0, 0, 0, 0, 0]}
HISTORY_ENGINE_WORK {"state":12,"stage":"construction","available":true,"values":[94, 796, 15404000, 0, 0, 0, 0, 4, 90709, 94, 108378, 1707917, 0, 0, 0, 13, 2, 0, 27]}
HISTORY_PROVIDER_WORK state=12 stage=construction cumulative=Diagnostics { policy: 1, locate: 8232, read_packs: 3080, value_groups: 621, signatures: 1, reserve: 91, publish: 274, payload_reads: 4335, payload_read_bytes: 352160597, pack_read_bytes: 309522920, pack_write_bytes: 22807513, pooled_packs: 19, pooled_groups: 717, reserved_directory_bytes: 77824, ordinal_reservations: 90, locator_hits: 231282, locator_misses: 59672, pack_hits: 399724, pack_misses: 9379, forced_seals: 1 }
HISTORY_POOLED_WORK state=12 stage=construction scope=operation-reader-only cumulative=PoolReadCounters { leaf_requests: 0, chain_edges: 0, physical_record_calls: 0, physical_group_decodes: 0, physical_group_decoded_bytes: 0, physical_group_cache_hits: 0, value_group_decodes: 0, pack_fetches: 0, pack_bytes: 0 }
HISTORY_ENGINE_WORK {"state":12,"stage":"filesystem","available":true,"values":[2701, 163699, 33549000, 0, 0, 118, 0, 93, 4091044, 2701, 1903793, 1761610, 0, 0, 0, 39, 3, 0, 848]}
HISTORY_PROVIDER_WORK state=12 stage=filesystem cumulative=Diagnostics { policy: 1, locate: 8925, read_packs: 3117, value_groups: 739, signatures: 1, reserve: 91, publish: 274, payload_reads: 4335, payload_read_bytes: 352160597, pack_read_bytes: 311168500, pack_write_bytes: 22807513, pooled_packs: 19, pooled_groups: 717, reserved_directory_bytes: 77824, ordinal_reservations: 90, locator_hits: 242178, locator_misses: 60486, pack_hits: 427596, pack_misses: 9418, forced_seals: 1 }
HISTORY_POOLED_WORK state=12 stage=filesystem scope=operation-reader-only cumulative=PoolReadCounters { leaf_requests: 1043, chain_edges: 2448, physical_record_calls: 6982, physical_group_decodes: 509, physical_group_decoded_bytes: 22847413, physical_group_cache_hits: 6473, value_group_decodes: 3127, pack_fetches: 27, pack_bytes: 1287845 }
HISTORY_ENGINE_WORK {"state":12,"stage":"save_custody","available":true,"values":[12490, 615987, 253326000, 0, 0, 0, 2, 253, 12360871, 12490, 7622905, 212927333, 15122432, 0, 0, 2492, 35, 0, 3152]}
HISTORY_PROVIDER_WORK state=12 stage=save_custody cumulative=Diagnostics { policy: 1, locate: 10084, read_packs: 3814, value_groups: 741, signatures: 1, reserve: 102, publish: 305, payload_reads: 5628, payload_read_bytes: 477472059, pack_read_bytes: 398136126, pack_write_bytes: 25813705, pooled_packs: 22, pooled_groups: 836, reserved_directory_bytes: 90112, ordinal_reservations: 101, locator_hits: 289862, locator_misses: 75397, pack_hits: 514529, pack_misses: 11910, forced_seals: 1 }
HISTORY_POOLED_WORK state=12 stage=save_custody scope=operation-reader-only cumulative=PoolReadCounters { leaf_requests: 1043, chain_edges: 2448, physical_record_calls: 6982, physical_group_decodes: 509, physical_group_decoded_bytes: 22847413, physical_group_cache_hits: 6473, value_group_decodes: 3127, pack_fetches: 27, pack_bytes: 1287845 }
HISTORY_STATE_WORK {"state":12,"full157":111,"changed_paths":4310,"offered_objects":4228,"acquire_ns":1512618916,"construct_ns":145759250,"filesystem_ns":400369875,"save_custody_ns":1176890042}
DIAGNOSTIC state=12 full157=111 root=ObjectId("23a46c5765b9b64f428be8455b539f009c3e5f35a77e445bcea4076770240984")
HISTORY_COLD_BOUNDARY {"before_state":13,"wall_ns":12090666,"attestation":{"files":1,"length_bytes":28082176,"total_pages":1714,"resident_first":1652,"resident_after":0,"invalidated_files":1,"page_size_bytes":16384,"first_pass_ns":5964000,"attestation_ns":701000,"opens":3,"fstats":3,"mmap_calls":2,"mincore_calls":3,"munmap_calls":2,"msync_calls":1,"inventory_entries":2,"vector_peak_bytes":1714}}
HISTORY_ENGINE_WORK {"state":13,"stage":"acquisition","available":true,"values":[0, 0, 0, 0, 0, 0, 0, 0, 0, 0, 0, 0, 0, 0, 0, 0, 0, 0, 0]}
HISTORY_ENGINE_WORK {"state":13,"stage":"construction","available":true,"values":[50, 466, 2718000, 0, 0, 0, 0, 4, 84876, 50, 52824, 159957, 0, 0, 0, 2, 1, 0, 16]}
HISTORY_PROVIDER_WORK state=13 stage=construction cumulative=Diagnostics { policy: 1, locate: 10098, read_packs: 3816, value_groups: 741, signatures: 1, reserve: 102, publish: 305, payload_reads: 5628, payload_read_bytes: 477472059, pack_read_bytes: 398289252, pack_write_bytes: 25813705, pooled_packs: 22, pooled_groups: 836, reserved_directory_bytes: 90112, ordinal_reservations: 101, locator_hits: 289876, locator_misses: 75411, pack_hits: 514639, pack_misses: 11912, forced_seals: 1 }
HISTORY_POOLED_WORK state=13 stage=construction scope=operation-reader-only cumulative=PoolReadCounters { leaf_requests: 0, chain_edges: 0, physical_record_calls: 0, physical_group_decodes: 0, physical_group_decoded_bytes: 0, physical_group_cache_hits: 0, value_group_decodes: 0, pack_fetches: 0, pack_bytes: 0 }
HISTORY_ENGINE_WORK {"state":13,"stage":"filesystem","available":true,"values":[3255, 162534, 45239000, 0, 0, 119, 0, 97, 3818712, 3255, 2120051, 2320666, 0, 0, 0, 43, 3, 0, 1031]}
HISTORY_PROVIDER_WORK state=13 stage=filesystem cumulative=Diagnostics { policy: 1, locate: 10968, read_packs: 3858, value_groups: 860, signatures: 1, reserve: 102, publish: 305, payload_reads: 5628, payload_read_bytes: 477472059, pack_read_bytes: 400174796, pack_write_bytes: 25813705, pooled_packs: 22, pooled_groups: 836, reserved_directory_bytes: 90112, ordinal_reservations: 101, locator_hits: 297355, locator_misses: 76404, pack_hits: 538560, pack_misses: 11955, forced_seals: 1 }
HISTORY_POOLED_WORK state=13 stage=filesystem scope=operation-reader-only cumulative=PoolReadCounters { leaf_requests: 976, chain_edges: 1310, physical_record_calls: 4572, physical_group_decodes: 254, physical_group_decoded_bytes: 11534339, physical_group_cache_hits: 4318, value_group_decodes: 3356, pack_fetches: 31, pack_bytes: 1527809 }
HISTORY_ENGINE_WORK {"state":13,"stage":"save_custody","available":true,"values":[12590, 612456, 299134000, 0, 0, 0, 2, 261, 12718579, 12590, 8451155, 261434961, 16273408, 0, 0, 2976, 27, 0, 3031]}
HISTORY_PROVIDER_WORK state=13 stage=save_custody cumulative=Diagnostics { policy: 1, locate: 11632, read_packs: 4616, value_groups: 862, signatures: 1, reserve: 113, publish: 329, payload_reads: 7234, payload_read_bytes: 637768854, pack_read_bytes: 499056266, pack_write_bytes: 28393182, pooled_packs: 25, pooled_groups: 959, reserved_directory_bytes: 102400, ordinal_reservations: 112, locator_hits: 345746, locator_misses: 91026, pack_hits: 626688, pack_misses: 14931, forced_seals: 1 }
HISTORY_POOLED_WORK state=13 stage=save_custody scope=operation-reader-only cumulative=PoolReadCounters { leaf_requests: 976, chain_edges: 1310, physical_record_calls: 4572, physical_group_decodes: 254, physical_group_decoded_bytes: 11534339, physical_group_cache_hits: 4318, value_group_decodes: 3356, pack_fetches: 31, pack_bytes: 1527809 }
HISTORY_STATE_WORK {"state":13,"full157":121,"changed_paths":4086,"offered_objects":3985,"acquire_ns":1514864917,"construct_ns":131870459,"filesystem_ns":334520292,"save_custody_ns":1286891708}
DIAGNOSTIC state=13 full157=121 root=ObjectId("f47315de1d996263ecfc900244742c43862765e90e781a1c84619785e18b2928")
HISTORY_COLD_BOUNDARY {"before_state":14,"wall_ns":12119333,"attestation":{"files":1,"length_bytes":30896128,"total_pages":1886,"resident_first":1822,"resident_after":0,"invalidated_files":1,"page_size_bytes":16384,"first_pass_ns":7751000,"attestation_ns":790000,"opens":3,"fstats":3,"mmap_calls":2,"mincore_calls":3,"munmap_calls":2,"msync_calls":1,"inventory_entries":2,"vector_peak_bytes":1886}}
HISTORY_ENGINE_WORK {"state":14,"stage":"acquisition","available":true,"values":[0, 0, 0, 0, 0, 0, 0, 0, 0, 0, 0, 0, 0, 0, 0, 0, 0, 0, 0]}
HISTORY_ENGINE_WORK {"state":14,"stage":"construction","available":true,"values":[67, 587, 5027000, 0, 0, 0, 0, 4, 87209, 67, 60082, 548931, 0, 0, 0, 7, 3, 0, 20]}
HISTORY_PROVIDER_WORK state=14 stage=construction cumulative=Diagnostics { policy: 1, locate: 11645, read_packs: 4623, value_groups: 862, signatures: 1, reserve: 113, publish: 329, payload_reads: 7234, payload_read_bytes: 637768854, pack_read_bytes: 499599127, pack_write_bytes: 28393182, pooled_packs: 25, pooled_groups: 959, reserved_directory_bytes: 102400, ordinal_reservations: 112, locator_hits: 345764, locator_misses: 91039, pack_hits: 626793, pack_misses: 14938, forced_seals: 1 }
HISTORY_POOLED_WORK state=14 stage=construction scope=operation-reader-only cumulative=PoolReadCounters { leaf_requests: 0, chain_edges: 0, physical_record_calls: 0, physical_group_decodes: 0, physical_group_decoded_bytes: 0, physical_group_cache_hits: 0, value_group_decodes: 0, pack_fetches: 0, pack_bytes: 0 }
HISTORY_ENGINE_WORK {"state":14,"stage":"filesystem","available":true,"values":[3369, 159504, 49685000, 0, 0, 123, 0, 97, 3762207, 3369, 2169412, 2722591, 0, 0, 0, 48, 3, 0, 1066]}
HISTORY_PROVIDER_WORK state=14 stage=filesystem cumulative=Diagnostics { policy: 1, locate: 12541, read_packs: 4670, value_groups: 985, signatures: 1, reserve: 113, publish: 329, payload_reads: 7234, payload_read_bytes: 637768854, pack_read_bytes: 501857449, pack_write_bytes: 28393182, pooled_packs: 25, pooled_groups: 959, reserved_directory_bytes: 102400, ordinal_reservations: 112, locator_hits: 358174, locator_misses: 92064, pack_hits: 664679, pack_misses: 14986, forced_seals: 1 }
HISTORY_POOLED_WORK state=14 stage=filesystem scope=operation-reader-only cumulative=PoolReadCounters { leaf_requests: 1414, chain_edges: 2053, physical_record_calls: 6934, physical_group_decodes: 659, physical_group_decoded_bytes: 30035950, physical_group_cache_hits: 6275, value_group_decodes: 4510, pack_fetches: 34, pack_bytes: 1747461 }
HISTORY_ENGINE_WORK {"state":14,"stage":"save_custody","available":true,"values":[21471, 905723, 370571000, 0, 0, 0, 2, 352, 16339414, 21471, 13436356, 347058511, 26439680, 0, 0, 3688, 37, 0, 5692]}
HISTORY_PROVIDER_WORK state=14 stage=save_custody cumulative=Diagnostics { policy: 1, locate: 15312, read_packs: 5444, value_groups: 987, signatures: 1, reserve: 126, publish: 368, payload_reads: 9378, payload_read_bytes: 852499542, pack_read_bytes: 621275635, pack_write_bytes: 32827041, pooled_packs: 29, pooled_groups: 1112, reserved_directory_bytes: 118784, ordinal_reservations: 125, locator_hits: 425250, locator_misses: 113656, pack_hits: 787604, pack_misses: 18674, forced_seals: 2 }
HISTORY_POOLED_WORK state=14 stage=save_custody scope=operation-reader-only cumulative=PoolReadCounters { leaf_requests: 1414, chain_edges: 2053, physical_record_calls: 6934, physical_group_decodes: 659, physical_group_decoded_bytes: 30035950, physical_group_cache_hits: 6275, value_group_decodes: 4510, pack_fetches: 34, pack_bytes: 1747461 }
HISTORY_STATE_WORK {"state":14,"full157":131,"changed_paths":6320,"offered_objects":5983,"acquire_ns":1927031375,"construct_ns":173484750,"filesystem_ns":575642709,"save_custody_ns":1651531292}
DIAGNOSTIC state=14 full157=131 root=ObjectId("9619cad6e350b6c872b95ed5ec8468a07e24453df60032ff8f826e581ab57878")
HISTORY_COLD_BOUNDARY {"before_state":15,"wall_ns":12657416,"attestation":{"files":1,"length_bytes":35778560,"total_pages":2184,"resident_first":2113,"resident_after":0,"invalidated_files":1,"page_size_bytes":16384,"first_pass_ns":8301000,"attestation_ns":880000,"opens":3,"fstats":3,"mmap_calls":2,"mincore_calls":3,"munmap_calls":2,"msync_calls":1,"inventory_entries":2,"vector_peak_bytes":2184}}
HISTORY_ENGINE_WORK {"state":15,"stage":"acquisition","available":true,"values":[0, 0, 0, 0, 0, 0, 0, 0, 0, 0, 0, 0, 0, 0, 0, 0, 0, 0, 0]}
HISTORY_ENGINE_WORK {"state":15,"stage":"construction","available":true,"values":[81, 731, 5415000, 0, 0, 0, 0, 4, 89334, 81, 73458, 627088, 0, 0, 0, 6, 1, 0, 25]}
HISTORY_PROVIDER_WORK state=15 stage=construction cumulative=Diagnostics { policy: 1, locate: 15331, read_packs: 5450, value_groups: 987, signatures: 1, reserve: 126, publish: 368, payload_reads: 9378, payload_read_bytes: 852499542, pack_read_bytes: 621878958, pack_write_bytes: 32827041, pooled_packs: 29, pooled_groups: 1112, reserved_directory_bytes: 118784, ordinal_reservations: 125, locator_hits: 425272, locator_misses: 113675, pack_hits: 787750, pack_misses: 18680, forced_seals: 2 }
HISTORY_POOLED_WORK state=15 stage=construction scope=operation-reader-only cumulative=PoolReadCounters { leaf_requests: 0, chain_edges: 0, physical_record_calls: 0, physical_group_decodes: 0, physical_group_decoded_bytes: 0, physical_group_cache_hits: 0, value_group_decodes: 0, pack_fetches: 0, pack_bytes: 0 }
HISTORY_ENGINE_WORK {"state":15,"stage":"filesystem","available":true,"values":[3869, 228668, 68381000, 0, 0, 153, 0, 119, 5026879, 3869, 2380632, 3667151, 0, 0, 0, 53, 5, 0, 1221]}
HISTORY_PROVIDER_WORK state=15 stage=filesystem cumulative=Diagnostics { policy: 1, locate: 16347, read_packs: 5502, value_groups: 1140, signatures: 1, reserve: 126, publish: 368, payload_reads: 9378, payload_read_bytes: 852499542, pack_read_bytes: 624532936, pack_write_bytes: 32827041, pooled_packs: 29, pooled_groups: 1112, reserved_directory_bytes: 118784, ordinal_reservations: 125, locator_hits: 436258, locator_misses: 114850, pack_hits: 825619, pack_misses: 18733, forced_seals: 2 }
HISTORY_POOLED_WORK state=15 stage=filesystem scope=operation-reader-only cumulative=PoolReadCounters { leaf_requests: 1617, chain_edges: 1319, physical_record_calls: 5872, physical_group_decodes: 496, physical_group_decoded_bytes: 23278963, physical_group_cache_hits: 5376, value_group_decodes: 4832, pack_fetches: 38, pack_bytes: 2025245 }
HISTORY_ENGINE_WORK {"state":15,"stage":"save_custody","available":true,"values":[20868, 885993, 427241000, 0, 0, 0, 2, 394, 17517506, 20868, 13221309, 416665049, 30773248, 0, 0, 4149, 66, 0, 5270]}
HISTORY_PROVIDER_WORK state=15 stage=save_custody cumulative=Diagnostics { policy: 1, locate: 18304, read_packs: 6262, value_groups: 1142, signatures: 1, reserve: 140, publish: 430, payload_reads: 11928, payload_read_bytes: 1119656219, pack_read_bytes: 750414889, pack_write_bytes: 38680522, pooled_packs: 33, pooled_groups: 1281, reserved_directory_bytes: 135168, ordinal_reservations: 139, locator_hits: 499401, locator_misses: 134601, pack_hits: 936783, pack_misses: 22882, forced_seals: 3 }
HISTORY_POOLED_WORK state=15 stage=save_custody scope=operation-reader-only cumulative=PoolReadCounters { leaf_requests: 1617, chain_edges: 1319, physical_record_calls: 5872, physical_group_decodes: 496, physical_group_decoded_bytes: 23278963, physical_group_cache_hits: 5376, value_group_decodes: 4832, pack_fetches: 38, pack_bytes: 2025245 }
HISTORY_STATE_WORK {"state":15,"full157":141,"changed_paths":6408,"offered_objects":6093,"acquire_ns":2076919167,"construct_ns":182951917,"filesystem_ns":526579208,"save_custody_ns":1795507584}
DIAGNOSTIC state=15 full157=141 root=ObjectId("3728f7dbc9b8276322b1c92d3db550bf95d46b27e74e14a9bc13ca740110689f")
HISTORY_COLD_BOUNDARY {"before_state":16,"wall_ns":14782792,"attestation":{"files":1,"length_bytes":42053632,"total_pages":2567,"resident_first":2483,"resident_after":0,"invalidated_files":1,"page_size_bytes":16384,"first_pass_ns":10577000,"attestation_ns":976000,"opens":3,"fstats":3,"mmap_calls":2,"mincore_calls":3,"munmap_calls":2,"msync_calls":1,"inventory_entries":2,"vector_peak_bytes":2567}}
HISTORY_ENGINE_WORK {"state":16,"stage":"acquisition","available":true,"values":[0, 0, 0, 0, 0, 0, 0, 0, 0, 0, 0, 0, 0, 0, 0, 0, 0, 0, 0]}
HISTORY_ENGINE_WORK {"state":16,"stage":"construction","available":true,"values":[53, 495, 5892000, 0, 0, 0, 0, 4, 85750, 53, 56709, 241936, 0, 0, 0, 2, 2, 0, 17]}
HISTORY_PROVIDER_WORK state=16 stage=construction cumulative=Diagnostics { policy: 1, locate: 18319, read_packs: 6264, value_groups: 1142, signatures: 1, reserve: 140, publish: 430, payload_reads: 11928, payload_read_bytes: 1119656219, pack_read_bytes: 750637679, pack_write_bytes: 38680522, pooled_packs: 33, pooled_groups: 1281, reserved_directory_bytes: 135168, ordinal_reservations: 139, locator_hits: 499416, locator_misses: 134616, pack_hits: 936901, pack_misses: 22884, forced_seals: 3 }
HISTORY_POOLED_WORK state=16 stage=construction scope=operation-reader-only cumulative=PoolReadCounters { leaf_requests: 0, chain_edges: 0, physical_record_calls: 0, physical_group_decodes: 0, physical_group_decoded_bytes: 0, physical_group_cache_hits: 0, value_group_decodes: 0, pack_fetches: 0, pack_bytes: 0 }
HISTORY_ENGINE_WORK {"state":16,"stage":"filesystem","available":true,"values":[3786, 229359, 66350000, 0, 0, 169, 0, 124, 4932664, 3786, 2391218, 4055711, 0, 0, 0, 59, 5, 0, 1186]}
HISTORY_PROVIDER_WORK state=16 stage=filesystem cumulative=Diagnostics { policy: 1, locate: 19278, read_packs: 6322, value_groups: 1311, signatures: 1, reserve: 140, publish: 430, payload_reads: 11928, payload_read_bytes: 1119656219, pack_read_bytes: 753645312, pack_write_bytes: 38680522, pooled_packs: 33, pooled_groups: 1281, reserved_directory_bytes: 135168, ordinal_reservations: 139, locator_hits: 506879, locator_misses: 135752, pack_hits: 965418, pack_misses: 22943, forced_seals: 3 }
HISTORY_POOLED_WORK state=16 stage=filesystem scope=operation-reader-only cumulative=PoolReadCounters { leaf_requests: 1267, chain_edges: 797, physical_record_calls: 4128, physical_group_decodes: 232, physical_group_decoded_bytes: 10557375, physical_group_cache_hits: 3896, value_group_decodes: 4777, pack_fetches: 42, pack_bytes: 2279059 }
HISTORY_ENGINE_WORK {"state":16,"stage":"save_custody","available":true,"values":[22088, 835246, 454783000, 0, 0, 0, 2, 328, 16080793, 22088, 12804508, 475282867, 22077440, 0, 0, 4511, 37, 0, 5636]}
HISTORY_PROVIDER_WORK state=16 stage=save_custody cumulative=Diagnostics { policy: 1, locate: 21411, read_packs: 7155, value_groups: 1313, signatures: 1, reserve: 153, publish: 464, payload_reads: 14595, payload_read_bytes: 1419968500, pack_read_bytes: 901339903, pack_write_bytes: 42097603, pooled_packs: 37, pooled_groups: 1446, reserved_directory_bytes: 151552, ordinal_reservations: 152, locator_hits: 565814, locator_misses: 155628, pack_hits: 1075058, pack_misses: 27454, forced_seals: 4 }
HISTORY_POOLED_WORK state=16 stage=save_custody scope=operation-reader-only cumulative=PoolReadCounters { leaf_requests: 1267, chain_edges: 797, physical_record_calls: 4128, physical_group_decodes: 232, physical_group_decoded_bytes: 10557375, physical_group_cache_hits: 3896, value_group_decodes: 4777, pack_fetches: 42, pack_bytes: 2279059 }
HISTORY_STATE_WORK {"state":16,"full157":151,"changed_paths":4727,"offered_objects":4899,"acquire_ns":1935241833,"construct_ns":167180750,"filesystem_ns":380416583,"save_custody_ns":1848884042}
DIAGNOSTIC state=16 full157=151 root=ObjectId("fe6aa65d2f28b1f3a6fd946a400e85549bf2b6c82a0fd8b440dd6db0ece83241")
HISTORY_COLD_BOUNDARY {"before_state":17,"wall_ns":16191500,"attestation":{"files":1,"length_bytes":45785088,"total_pages":2795,"resident_first":2707,"resident_after":0,"invalidated_files":1,"page_size_bytes":16384,"first_pass_ns":9828000,"attestation_ns":1039000,"opens":3,"fstats":3,"mmap_calls":2,"mincore_calls":3,"munmap_calls":2,"msync_calls":1,"inventory_entries":2,"vector_peak_bytes":2795}}
HISTORY_ENGINE_WORK {"state":17,"stage":"acquisition","available":true,"values":[0, 0, 0, 0, 0, 0, 0, 0, 0, 0, 0, 0, 0, 0, 0, 0, 0, 0, 0]}
HISTORY_ENGINE_WORK {"state":17,"stage":"construction","available":true,"values":[102, 908, 8935000, 0, 0, 0, 0, 4, 92625, 102, 88784, 1696240, 0, 0, 0, 9, 1, 0, 31]}
HISTORY_PROVIDER_WORK state=17 stage=construction cumulative=Diagnostics { policy: 1, locate: 21433, read_packs: 7164, value_groups: 1313, signatures: 1, reserve: 153, publish: 464, payload_reads: 14595, payload_read_bytes: 1419968500, pack_read_bytes: 902991799, pack_write_bytes: 42097603, pooled_packs: 37, pooled_groups: 1446, reserved_directory_bytes: 151552, ordinal_reservations: 152, locator_hits: 565843, locator_misses: 155650, pack_hits: 1075225, pack_misses: 27463, forced_seals: 4 }
HISTORY_POOLED_WORK state=17 stage=construction scope=operation-reader-only cumulative=PoolReadCounters { leaf_requests: 0, chain_edges: 0, physical_record_calls: 0, physical_group_decodes: 0, physical_group_decoded_bytes: 0, physical_group_cache_hits: 0, value_group_decodes: 0, pack_fetches: 0, pack_bytes: 0 }
HISTORY_ENGINE_WORK {"state":17,"stage":"filesystem","available":true,"values":[3308, 190379, 70309000, 0, 0, 165, 0, 131, 5252170, 3308, 2162867, 4663455, 0, 0, 0, 65, 5, 0, 1026]}
HISTORY_PROVIDER_WORK state=17 stage=filesystem cumulative=Diagnostics { policy: 1, locate: 22230, read_packs: 7228, value_groups: 1478, signatures: 1, reserve: 153, publish: 464, payload_reads: 14595, payload_read_bytes: 1419968500, pack_read_bytes: 906353305, pack_write_bytes: 42097603, pooled_packs: 37, pooled_groups: 1446, reserved_directory_bytes: 151552, ordinal_reservations: 152, locator_hits: 573143, locator_misses: 156626, pack_hits: 1102576, pack_misses: 27528, forced_seals: 4 }
HISTORY_POOLED_WORK state=17 stage=filesystem scope=operation-reader-only cumulative=PoolReadCounters { leaf_requests: 1184, chain_edges: 828, physical_record_calls: 4024, physical_group_decodes: 232, physical_group_decoded_bytes: 10456791, physical_group_cache_hits: 3792, value_group_decodes: 4801, pack_fetches: 47, pack_bytes: 2532545 }
HISTORY_ENGINE_WORK {"state":17,"stage":"save_custody","available":true,"values":[20029, 764634, 442354000, 0, 0, 0, 2, 308, 15402793, 20029, 12520951, 456043952, 23621632, 0, 0, 4163, 33, 0, 5065]}
HISTORY_PROVIDER_WORK state=17 stage=save_custody cumulative=Diagnostics { policy: 1, locate: 23993, read_packs: 8141, value_groups: 1480, signatures: 1, reserve: 165, publish: 492, payload_reads: 16981, payload_read_bytes: 1702370225, pack_read_bytes: 1050650368, pack_write_bytes: 45558472, pooled_packs: 41, pooled_groups: 1626, reserved_directory_bytes: 167936, ordinal_reservations: 164, locator_hits: 627336, locator_misses: 173371, pack_hits: 1195822, pack_misses: 31691, forced_seals: 5 }
HISTORY_POOLED_WORK state=17 stage=save_custody scope=operation-reader-only cumulative=PoolReadCounters { leaf_requests: 1184, chain_edges: 828, physical_record_calls: 4024, physical_group_decodes: 232, physical_group_decoded_bytes: 10456791, physical_group_cache_hits: 3792, value_group_decodes: 4801, pack_fetches: 47, pack_bytes: 2532545 }
HISTORY_STATE_WORK {"state":17,"full157":157,"changed_paths":5914,"offered_objects":4976,"acquire_ns":1609753459,"construct_ns":165807667,"filesystem_ns":421122208,"save_custody_ns":1786393750}
DIAGNOSTIC state=17 full157=157 root=ObjectId("b9a4eeac902c5b6d10acc1d26fd69f9c1f809e1b0d68316eb98a873e9eea5d03")
HISTORY_COLD_BOUNDARY {"before_state":18,"wall_ns":15097709,"attestation":{"files":1,"length_bytes":49594368,"total_pages":3027,"resident_first":2917,"resident_after":0,"invalidated_files":1,"page_size_bytes":16384,"first_pass_ns":10534000,"attestation_ns":1138000,"opens":3,"fstats":3,"mmap_calls":2,"mincore_calls":3,"munmap_calls":2,"msync_calls":1,"inventory_entries":2,"vector_peak_bytes":3027}}
EFFECTIVE_PROFILE {"identity":"sqlite-memory-off-macos-v1","journal_mode":"memory","synchronous":0,"foreign_keys":1,"fullfsync":0,"checkpoint_fullfsync":1,"page_size":4096,"cache_size":-2048,"mmap_size":0,"temp_store":2,"wal_checkpoint_performed":false}
DIAGNOSTIC sqlite=SqlWork { statements: 193438, vm_steps: 0, bound_bytes: 56434419, statement_ns: 4969830608, statement_phases: [StatementPhaseWork { calls: 193414, wall_ns: 221621757 }, StatementPhaseWork { calls: 193414, wall_ns: 26223593 }, StatementPhaseWork { calls: 433847, wall_ns: 4479982811 }, StatementPhaseWork { calls: 240433, wall_ns: 130627448 }, StatementPhaseWork { calls: 193414, wall_ns: 4541766 }, StatementPhaseWork { calls: 193414, wall_ns: 6388745 }, StatementPhaseWork { calls: 193414, wall_ns: 40676863 }], commit_phases: [StatementPhaseWork { calls: 51374, wall_ns: 5055796 }, StatementPhaseWork { calls: 51374, wall_ns: 1247239 }, StatementPhaseWork { calls: 51374, wall_ns: 431742943 }, StatementPhaseWork { calls: 0, wall_ns: 0 }, StatementPhaseWork { calls: 51374, wall_ns: 1215090 }, StatementPhaseWork { calls: 51374, wall_ns: 1684272 }, StatementPhaseWork { calls: 51374, wall_ns: 4175044 }], commit_ns: 456583017, transactions: 51374, write_transactions: 724, write_commits: 724, commits: 51374, rollbacks: 0, transaction_ns: 6710842881, sealed_inserts: 613, sealed_body_bytes: 45558472, preallocation_calls: 48, preallocation_bytes: 52293632, preallocation_ns: 17648082, preallocation_close_ns: 324955, checkpoint_ns: 302041 } storage=Diagnostics { policy: 1, locate: 23993, read_packs: 8141, value_groups: 1480, signatures: 1, reserve: 165, publish: 492, payload_reads: 16981, payload_read_bytes: 1702370225, pack_read_bytes: 1050650368, pack_write_bytes: 45558472, pooled_packs: 41, pooled_groups: 1626, reserved_directory_bytes: 167936, ordinal_reservations: 164, locator_hits: 627336, locator_misses: 173371, pack_hits: 1195822, pack_misses: 31691, forced_seals: 5 } checkpoint=Checkpoint { persistence: Disposable, wal_checkpoint_performed: false, busy: false, log_frames: -1, checkpointed_frames: -1, wall_ns: 302041, allocation_before_bytes: Some(52428800), allocation_after_bytes: Some(49594368), allocation_source: Some(AllocationIdentity { descriptor: 4, device: 16777230, inode: 865900186, logical_bytes: 49594368 }), allocation_transfer_ns: 19584, allocation_scratch_close_ns: 4792, allocation_source_close_ns: 3542 }
HISTORY_COLD_TOTAL {"checks":17,"wall_ns":151522042}
