===== cold_failure_scope-bd5834c6dd9aab4d (cwd /Users/yifanxu/Ephemeral-AI-Lab/layerfs/core/crates/layerfs-daemon)

running 2 tests
test a_failed_base_demand_ends_its_own_request_and_keeps_its_original_cause ... ok
test an_owner_job_failure_is_not_a_base_demand_and_is_still_retained ... ok

test result: ok. 2 passed; 0 failed; 0 ignored; 0 measured; 0 filtered out; finished in 0.10s

R4_WALL seconds<=2 limit=100s lock_wait=0s

EXIT 0
===== directory_cost-a418e959b7b472e1 (cwd /Users/yifanxu/Ephemeral-AI-Lab/layerfs/core/crates/layerfs-daemon)

running 3 tests
test a_reply_whose_inherited_names_memory_does_not_hold_takes_one_reader ... ok
test every_name_present_throughout_is_listed_once_by_each_handle_of_each_workspace ... ok
test opendir_readdir_and_releasedir_cost_exactly_this_at_any_size_and_beside_unrelated_rows ... FAILED

failures:

---- opendir_readdir_and_releasedir_cost_exactly_this_at_any_size_and_beside_unrelated_rows stdout ----
DIR_COST opendir local small: jobs=[1, 0, 0, 0, 0, 0] grants=0 transactions=1 statements=(8, 9) sql=[("Startup", 1, 1), ("Begin", 1, 1), ("Commit", 1, 1), ("Workspace", 1, 1), ("Inode", 1, 1), ("Lease", 3, 4)]
DIR_COST readdir first local small: jobs=[2, 0, 0, 0, 0, 0] grants=0 transactions=1 statements=(10, 11) sql=[("Startup", 1, 1), ("Begin", 1, 1), ("Commit", 1, 1), ("Workspace", 2, 2), ("Inode", 1, 1), ("DirectoryEntry", 1, 1), ("Lease", 3, 4)]
DIR_COST readdir end local small: jobs=[1, 0, 0, 0, 0, 0] grants=0 transactions=0 statements=(4, 4) sql=[("Workspace", 1, 1), ("Inode", 1, 1), ("DirectoryEntry", 1, 1), ("Lease", 1, 1)]
DIR_COST releasedir local small: jobs=[0, 0, 0, 1, 0, 0] grants=0 transactions=1 statements=(8, 10) sql=[("Startup", 1, 1), ("Begin", 1, 1), ("Commit", 1, 1), ("Workspace", 1, 1), ("Lease", 4, 6)]
DIR_COST opendir local large: jobs=[1, 0, 0, 0, 0, 0] grants=0 transactions=1 statements=(8, 9) sql=[("Startup", 1, 1), ("Begin", 1, 1), ("Commit", 1, 1), ("Workspace", 1, 1), ("Inode", 1, 1), ("Lease", 3, 4)]
DIR_COST readdir first local large: jobs=[2, 0, 0, 0, 0, 0] grants=0 transactions=1 statements=(10, 11) sql=[("Startup", 1, 1), ("Begin", 1, 1), ("Commit", 1, 1), ("Workspace", 2, 2), ("Inode", 1, 1), ("DirectoryEntry", 1, 1), ("Lease", 3, 4)]
DIR_COST readdir next local large: jobs=[2, 0, 0, 0, 0, 0] grants=0 transactions=1 statements=(10, 11) sql=[("Startup", 1, 1), ("Begin", 1, 1), ("Commit", 1, 1), ("Workspace", 2, 2), ("Inode", 1, 1), ("DirectoryEntry", 1, 1), ("Lease", 3, 4)]
DIR_COST readdir again local large: jobs=[1, 0, 0, 0, 0, 0] grants=0 transactions=0 statements=(5, 5) sql=[("Workspace", 1, 1), ("Inode", 1, 1), ("DirectoryEntry", 1, 1), ("Lease", 2, 2)]
DIR_COST releasedir local large: jobs=[0, 0, 0, 1, 0, 0] grants=0 transactions=1 statements=(8, 11) sql=[("Startup", 1, 1), ("Begin", 1, 1), ("Commit", 1, 1), ("Workspace", 1, 1), ("Lease", 4, 7)]
DIR_COST opendir base small: jobs=[1, 0, 0, 0, 0, 0] grants=0 transactions=1 statements=(8, 9) sql=[("Startup", 1, 1), ("Begin", 1, 1), ("Commit", 1, 1), ("Workspace", 1, 1), ("Inode", 1, 1), ("Lease", 3, 4)]
DIR_COST readdir first base small: jobs=[2, 0, 0, 0, 0, 0] grants=0 transactions=1 statements=(10, 11) sql=[("Startup", 1, 1), ("Begin", 1, 1), ("Commit", 1, 1), ("Workspace", 2, 2), ("Inode", 1, 1), ("DirectoryEntry", 1, 1), ("Lease", 3, 4)]
DIR_COST readdir end base small: jobs=[1, 0, 0, 0, 0, 0] grants=0 transactions=0 statements=(4, 4) sql=[("Workspace", 1, 1), ("Inode", 1, 1), ("DirectoryEntry", 1, 1), ("Lease", 1, 1)]
DIR_COST releasedir base small: jobs=[0, 0, 0, 1, 0, 0] grants=0 transactions=1 statements=(8, 10) sql=[("Startup", 1, 1), ("Begin", 1, 1), ("Commit", 1, 1), ("Workspace", 1, 1), ("Lease", 4, 6)]
DIR_COST opendir base large: jobs=[1, 0, 0, 0, 0, 0] grants=0 transactions=1 statements=(8, 9) sql=[("Startup", 1, 1), ("Begin", 1, 1), ("Commit", 1, 1), ("Workspace", 1, 1), ("Inode", 1, 1), ("Lease", 3, 4)]
DIR_COST readdir first base large: jobs=[2, 0, 0, 0, 0, 0] grants=0 transactions=1 statements=(10, 11) sql=[("Startup", 1, 1), ("Begin", 1, 1), ("Commit", 1, 1), ("Workspace", 2, 2), ("Inode", 1, 1), ("DirectoryEntry", 1, 1), ("Lease", 3, 4)]
DIR_COST readdir next base large: jobs=[2, 0, 0, 0, 0, 0] grants=0 transactions=1 statements=(10, 11) sql=[("Startup", 1, 1), ("Begin", 1, 1), ("Commit", 1, 1), ("Workspace", 2, 2), ("Inode", 1, 1), ("DirectoryEntry", 1, 1), ("Lease", 3, 4)]
DIR_COST readdir again base large: jobs=[1, 0, 0, 0, 0, 0] grants=0 transactions=0 statements=(5, 5) sql=[("Workspace", 1, 1), ("Inode", 1, 1), ("DirectoryEntry", 1, 1), ("Lease", 2, 2)]
DIR_COST releasedir base large: jobs=[0, 0, 0, 1, 0, 0] grants=0 transactions=1 statements=(8, 11) sql=[("Startup", 1, 1), ("Begin", 1, 1), ("Commit", 1, 1), ("Workspace", 1, 1), ("Lease", 4, 7)]

thread 'opendir_readdir_and_releasedir_cost_exactly_this_at_any_size_and_beside_unrelated_rows' panicked at crates/layerfs-daemon/tests/directory_cost.rs:667:9:
assertion `left == right` failed: releasedir local small
  left: Cost { jobs: [0, 0, 0, 1, 0, 0], grants: 0, sql: [("Startup", 1, 1), ("Begin", 1, 1), ("Commit", 1, 1), ("Workspace", 1, 1), ("Lease", 4, 6)] }
 right: Cost { jobs: [0, 0, 0, 1, 0, 0], grants: 0, sql: [("Startup", 1, 1), ("Begin", 1, 1), ("Commit", 1, 1), ("Workspace", 1, 1), ("Lease", 5, 8)] }
note: run with `RUST_BACKTRACE=1` environment variable to display a backtrace


failures:
    opendir_readdir_and_releasedir_cost_exactly_this_at_any_size_and_beside_unrelated_rows

test result: FAILED. 2 passed; 1 failed; 0 ignored; 0 measured; 0 filtered out; finished in 3.57s

R4_WALL seconds<=5 limit=100s lock_wait=0s

EXIT 101
===== fenced_port-47a98c1a1fe5e978 (cwd /Users/yifanxu/Ephemeral-AI-Lab/layerfs/core/crates/layerfs-daemon)

running 4 tests
test a_fenced_mutation_holds_nothing_and_fenced_source_requests_give_back_what_they_hold ... ok
test a_job_submitted_before_the_stop_is_awaited_to_its_original_result ... ok
test a_stopped_fence_refuses_every_acquiring_call_and_no_disposal_call ... ok
test a_wait_for_admission_or_for_a_reader_ends_at_the_stop_with_nothing_attempted ... ok

test result: ok. 4 passed; 0 failed; 0 ignored; 0 measured; 0 filtered out; finished in 0.20s

R4_WALL seconds<=2 limit=100s lock_wait=0s

EXIT 0
===== filesystem_port-9a367c3ce80975d4 (cwd /Users/yifanxu/Ephemeral-AI-Lab/layerfs/core/crates/layerfs-daemon)

running 4 tests
test a_full_handoff_of_parked_reads_holds_no_owner_credit_and_every_read_completes ... ok
test directory_consumer_publishes_only_accepted_names_and_a_reply_racing_releasedir_publishes_nothing ... ok
test real_native_steps_park_for_readers_and_release_original_consumers ... ok
test terminal_owner_failure_retains_unattempted_input_without_replay ... ok

test result: ok. 4 passed; 0 failed; 0 ignored; 0 measured; 0 filtered out; finished in 0.41s

R4_WALL seconds<=2 limit=100s lock_wait=0s

EXIT 0
===== job_cost-6806228384655850 (cwd /Users/yifanxu/Ephemeral-AI-Lab/layerfs/core/crates/layerfs-daemon)

running 1 test
test completion_cost_matches_exclusive_owner_aggregate_and_retained_credit ... ok

test result: ok. 1 passed; 0 failed; 0 ignored; 0 measured; 0 filtered out; finished in 0.02s

R4_WALL seconds<=2 limit=100s lock_wait=0s

EXIT 0
===== native_jobs-80237cf905513ccf (cwd /Users/yifanxu/Ephemeral-AI-Lab/layerfs/core/crates/layerfs-daemon)

running 1 test
test native_lookup_uses_actual_owner_and_preserves_original_receipt_until_disposal ... ok

test result: ok. 1 passed; 0 failed; 0 ignored; 0 measured; 0 filtered out; finished in 0.04s

R4_WALL seconds<=3 limit=100s lock_wait=0s

EXIT 0
===== owner-dff6c9b96cdb7d0c (cwd /Users/yifanxu/Ephemeral-AI-Lab/layerfs/core/crates/layerfs-daemon)

running 12 tests
test a_closed_workspace_is_reclaimed_only_after_the_settling_job_of_its_last_reply_attempt ... ok
test a_reply_attempt_is_recorded_without_an_owner_job_and_a_parked_capture_is_owed_one ... ok
test concurrent_submitters_get_every_job_done_exactly_once_with_its_own_result ... ok
test failed_capture_waits_for_readers_while_later_writes_and_idle_composition_progress ... ok
test idle_cleanup_runs_without_an_explicit_reclaim_or_status_job ... ok
test known_install_fences_later_sources_while_existing_reads_mutations_and_other_work_progress ... ok
test last_release_starts_automatic_cleanup_during_idle_and_unrelated_live_work ... ok
test lost_internal_completions_keep_exact_backed_custody_and_release_result_credits ... ok
test lost_source_completion_retains_backed_owner_and_terminal_release_makes_cleanup_eligible ... ok
test parked_capture_allows_unrelated_progress_and_includes_earlier_queued_mutation ... ok
test result_credits_and_reserved_lifecycle_capacity_survive_ordinary_saturation ... ok
test stopping_cancels_unattempted_capture_and_fences_future_admission ... ok

test result: ok. 12 passed; 0 failed; 0 ignored; 0 measured; 0 filtered out; finished in 0.32s

R4_WALL seconds<=2 limit=100s lock_wait=0s

EXIT 0
===== read_cost-106cc8ee0ca7784d (cwd /Users/yifanxu/Ephemeral-AI-Lab/layerfs/core/crates/layerfs-daemon)

running 5 tests
test a_base_file_length_is_one_store_answer_per_daemon_and_costs_a_visit_when_not_remembered ... ok
test a_window_reads_the_base_its_visit_named_whatever_is_installed_before_its_bytes ... ok
test an_unlinked_open_file_still_reads_its_own_bytes_in_one_visit ... ok
test read_open_and_readlink_cost_exactly_this_at_any_size_and_beside_unrelated_rows ... ok
test without_a_cache_a_read_is_still_one_visit_and_one_reader_and_refuses_nothing ... ok

test result: ok. 5 passed; 0 failed; 0 ignored; 0 measured; 0 filtered out; finished in 0.30s

R4_WALL seconds<=2 limit=100s lock_wait=0s

EXIT 0
===== visit_port-80e4d2704ca0c1cc (cwd /Users/yifanxu/Ephemeral-AI-Lab/layerfs/core/crates/layerfs-daemon)

running 4 tests
test a_capture_parked_behind_the_ticket_is_owed_exactly_one_settling_job ... ok
test a_create_is_one_mutation_job_and_its_reply_attempt_is_no_owner_job ... ok
test a_lookup_over_resident_objects_is_one_read_job_and_no_reader_grant ... ok
test a_request_between_two_visits_fences_no_revocation_and_its_next_visit_is_refused ... ok

test result: ok. 4 passed; 0 failed; 0 ignored; 0 measured; 0 filtered out; finished in 0.18s

R4_WALL seconds<=2 limit=100s lock_wait=0s

EXIT 0
