===== compound-f27037c54631a7cf (cwd /Users/yifanxu/Ephemeral-AI-Lab/layerfs/core/crates/layerfs-overlay)

running 3 tests
test compound_job_publishes_every_final_value_with_one_ticket_or_nothing ... ok
test compound_statements_keep_point_work_as_the_namespace_grows ... ok
test removed_names_keep_a_whiteout_only_where_a_lower_binding_exists ... ok

test result: ok. 3 passed; 0 failed; 0 ignored; 0 measured; 0 filtered out; finished in 0.59s

R4_WALL seconds<=3 limit=100s lock_wait=0s

EXIT 0
===== costs-f1b14bc809c7fae2 (cwd /Users/yifanxu/Ephemeral-AI-Lab/layerfs/core/crates/layerfs-overlay)

running 3 tests
test complete_mutation_reports_triggers_blob_delivery_and_physical_reservation ... ok
test failed_atomic_job_retains_attempted_cost_and_rolls_back_logical_counts ... ok
test one_write_window_costs_the_same_statements_at_either_file_size_and_beside_another_file ... ok

test result: ok. 3 passed; 0 failed; 0 ignored; 0 measured; 0 filtered out; finished in 0.13s

R4_WALL seconds<=2 limit=100s lock_wait=0s

EXIT 0
===== job_rows-a0ed17362d26b78e (cwd /Users/yifanxu/Ephemeral-AI-Lab/layerfs/core/crates/layerfs-overlay)

running 3 tests
test a_job_keeps_the_rows_it_can_publish_and_reads_the_rest_by_index ... ok
test a_reserved_serial_that_already_has_a_row_fails_the_whole_job ... ok
test a_row_the_job_read_is_written_as_the_indexed_path_writes_it ... ok

test result: ok. 3 passed; 0 failed; 0 ignored; 0 measured; 0 filtered out; finished in 0.07s

R4_WALL seconds<=2 limit=100s lock_wait=0s

EXIT 0
