===== captured_namespace_holds-7d1f674aec88f68c (cwd /Users/yifanxu/Ephemeral-AI-Lab/layerfs/core/crates/layerfs-workspace)

running 7 tests
test a_base_directory_removed_while_held_is_absent_and_keeps_its_whiteout ... ok
test a_base_file_held_written_unlinked_and_written_again_is_never_constructed ... ok
test a_directory_created_filled_emptied_and_removed_while_held_is_dropped ... R3 row 7 held fresh directory: captured name rows under the tombstone = false, headers_dropped = 0
ok
test a_file_created_held_written_unlinked_and_written_again_is_never_constructed ... R3 row 1 next capture: inode_rows=0 entry_rows=0 tombstones_skipped=0
ok
test a_stored_file_replaced_by_rename_while_open_leaves_only_the_new_inode ... ok
test files_and_a_symlink_held_only_by_a_lookup_are_absent_after_their_unlink ... ok
test fresh_and_looked_up_inodes_replaced_by_rename_leave_only_the_new_inodes ... ok

test result: ok. 7 passed; 0 failed; 0 ignored; 0 measured; 0 filtered out; finished in 0.19s

R4_WALL seconds<=3 limit=100s lock_wait=0s

EXIT 0
===== cleanup_observation-d61a43d43d1e30ed (cwd /Users/yifanxu/Ephemeral-AI-Lab/layerfs/core/crates/layerfs-overlay)

running 2 tests
test fixed_point_work_is_equal_beside_two_unrelated_population_sizes ... ok
test observation_keeps_live_and_held_state_and_reports_exact_physical_absence ... ok

test result: ok. 2 passed; 0 failed; 0 ignored; 0 measured; 0 filtered out; finished in 0.07s

R4_WALL seconds<=2 limit=100s lock_wait=0s

EXIT 0
===== compound-015a16aad54419dc (cwd /Users/yifanxu/Ephemeral-AI-Lab/layerfs/core/crates/layerfs-overlay)

running 3 tests
test compound_job_publishes_every_final_value_with_one_ticket_or_nothing ... ok
test compound_statements_keep_point_work_as_the_namespace_grows ... ok
test removed_names_keep_a_whiteout_only_where_a_lower_binding_exists ... ok

test result: ok. 3 passed; 0 failed; 0 ignored; 0 measured; 0 filtered out; finished in 0.68s

R4_WALL seconds<=3 limit=100s lock_wait=0s

EXIT 0
===== costs-349e2bf53982389c (cwd /Users/yifanxu/Ephemeral-AI-Lab/layerfs/core/crates/layerfs-overlay)

running 2 tests
test complete_mutation_reports_triggers_blob_delivery_and_physical_reservation ... ok
test failed_atomic_job_retains_attempted_cost_and_rolls_back_logical_counts ... ok

test result: ok. 2 passed; 0 failed; 0 ignored; 0 measured; 0 filtered out; finished in 0.03s

R4_WALL seconds<=2 limit=100s lock_wait=0s

EXIT 0
===== engine-31ef5a26acdeed4a (cwd /Users/yifanxu/Ephemeral-AI-Lab/layerfs/core/crates/layerfs-overlay)

running 12 tests
test backed_owner_and_operation_record_pages_have_no_total_record_limit ... ok
test captured_name_keysets_use_fixed_generation_and_do_not_revisit_prefixes ... ok
test closed_capture_retains_its_existing_rows_until_explicit_known_release ... ok
test fixed_capture_uses_generation_index_while_active_namespace_grows ... ok
test known_install_advances_base_without_replaying_or_losing_later_active_rows ... ok
test local_publication_survives_lost_reply_and_capture_does_not_copy_cells ... ok
test payload_name_operation_record_and_owner_access_keep_indexed_scope ... ok
test portable_time_range_and_directory_sticky_mode_are_preserved ... ok
test profile_namespace_binary_values_and_atomic_refusals ... ok
test real_sqlite_full_aborts_one_mutation_without_losing_previous_publication ... ok
test reclaim_pages_do_not_visit_a_large_held_namespace_or_copy_operation_record_values ... ok
test terminal_cleanup_waits_for_exact_owners_and_reply_attempts ... ok

test result: ok. 12 passed; 0 failed; 0 ignored; 0 measured; 0 filtered out; finished in 1.29s

R4_WALL seconds<=3 limit=100s lock_wait=0s

EXIT 0
===== job_cost-6806228384655850 (cwd /Users/yifanxu/Ephemeral-AI-Lab/layerfs/core/crates/layerfs-daemon)

running 1 test
test completion_cost_matches_exclusive_owner_aggregate_and_retained_credit ... ok

test result: ok. 1 passed; 0 failed; 0 ignored; 0 measured; 0 filtered out; finished in 0.02s

R4_WALL seconds<=2 limit=100s lock_wait=0s

EXIT 0
===== lifetimes-92a4b3cb30ffe3b7 (cwd /Users/yifanxu/Ephemeral-AI-Lab/layerfs/core/crates/layerfs-overlay)

running 3 tests
test definite_failures_compose_in_bounded_turns_without_growing_live_layers ... ok
test reader_custody_parks_composition_then_exact_release_enables_it ... ok
test stale_cleanup_rechecks_epochs_and_never_deletes_regrown_new_bytes ... ok

test result: ok. 3 passed; 0 failed; 0 ignored; 0 measured; 0 filtered out; finished in 0.26s

R4_WALL seconds<=2 limit=100s lock_wait=0s

EXIT 0
===== namespace-351f62d6834dfa9d (cwd /Users/yifanxu/Ephemeral-AI-Lab/layerfs/core/crates/layerfs-workspace)

running 5 tests
test chmod_and_utimens_follow_the_portable_grammar_and_keep_one_mtime ... ok
test create_mkdir_symlink_and_link_publish_parent_and_reference_effects_atomically ... ok
test rename_moves_replaces_and_refuses_cycles_without_descendant_rows ... ok
test unlink_and_rmdir_remove_one_reference_and_keep_directory_counts_exact ... ok
test unrepresentable_names_targets_and_reservations_are_refused_before_any_job ... ok

test result: ok. 5 passed; 0 failed; 0 ignored; 0 measured; 0 filtered out; finished in 0.09s

R4_WALL seconds<=2 limit=100s lock_wait=0s

EXIT 0
===== namespace_daemon-1c139d0703c99770 (cwd /Users/yifanxu/Ephemeral-AI-Lab/layerfs/core/crates/layerfs-workspace)

running 8 tests
test a_blocked_base_fact_leaves_the_owner_free_and_publishes_after_a_capture ... ok
test closed_and_stopped_services_return_exact_outcomes_without_effect ... ok
test concurrent_appenders_and_a_tail_reader_see_whole_records_through_real_owner_jobs ... ok
test concurrent_operations_through_real_owner_jobs_keep_counts_and_references_exact ... ok
test opposing_directory_moves_from_real_threads_never_form_a_cycle ... ok
test orphans::inherited_open_unlinked_log_keeps_bytes_through_owner_installs_failures_and_idle_cleanup ... ok
test orphans::non_file_lookup_custody_survives_real_owner_installs_and_a_last_consumer ... ok
test payload_complete_operations_have_indexed_work_through_the_real_owner ... ok

test result: ok. 8 passed; 0 failed; 0 ignored; 0 measured; 0 filtered out; finished in 1.47s

R4_WALL seconds<=3 limit=100s lock_wait=0s

EXIT 0
===== native_directory-da74e859bec14402 (cwd /Users/yifanxu/Ephemeral-AI-Lab/layerfs/core/crates/layerfs-overlay)

running 2 tests
test cookies_are_reused_and_retire_in_bounded_indexed_live_turns ... ok
test only_accepted_entries_publish_offsets_and_concurrent_aliases_remain_valid ... ok

test result: ok. 2 passed; 0 failed; 0 ignored; 0 measured; 0 filtered out; finished in 0.07s

R4_WALL seconds<=2 limit=100s lock_wait=0s

EXIT 0
===== native_directory-dc23566612d2ac3a (cwd /Users/yifanxu/Ephemeral-AI-Lab/layerfs/core/crates/layerfs-workspace)

running 3 tests
test empty_whiteout_pages_continue_and_only_accepted_names_become_resume_cookies ... ok
test next_directory_read_observes_parent_moved_by_the_atomic_namespace_job ... ok
test opened_directory_retains_parent_and_metadata_after_forget_and_rmdir ... ok

test result: ok. 3 passed; 0 failed; 0 ignored; 0 measured; 0 filtered out; finished in 0.09s

R4_WALL seconds<=2 limit=100s lock_wait=0s

EXIT 0
===== native_lookup-c3a8c6eab76f3974 (cwd /Users/yifanxu/Ephemeral-AI-Lab/layerfs/core/crates/layerfs-overlay)

running 11 tests
test a_mutation_visit_publishes_with_its_kernel_custody_and_records_no_source ... ok
test a_read_visit_records_no_source_and_writes_only_a_positive_lookup_reference ... ok
test a_visit_source_names_no_row_and_is_stale_once_the_base_or_frontier_moves ... ok
test aggregate_forget_is_checked_and_implicit_root_is_independent ... ok
test attribute_only_decision_counts_the_lookup_and_retains_no_read ... ok
test foreign_engine_or_mount_cannot_consume_ownership ... ok
test native_file_keys_retain_exact_open_owners_and_independent_processing ... ok
test native_open_refuses_nonregular_and_opens_a_removed_file_under_lookup_custody ... ok
test need_rounds_do_not_acquire_and_failed_atomic_decisions_keep_original_evidence ... ok
test revoked_lookup_retirement_is_bounded_indexed_and_allows_closed_cleanup ... ok
test source_and_read_fence_revocation_and_request_keys_keep_all_u64_bits ... ok

test result: ok. 11 passed; 0 failed; 0 ignored; 0 measured; 0 filtered out; finished in 0.25s

R4_WALL seconds<=2 limit=100s lock_wait=0s

EXIT 0
===== native_revocation-5b16c0da6e2c9dee (cwd /Users/yifanxu/Ephemeral-AI-Lab/layerfs/core/crates/layerfs-overlay)

running 1 test
test revocation_retires_unreleased_handles_in_bounded_indexed_turns ... ok

test result: ok. 1 passed; 0 failed; 0 ignored; 0 measured; 0 filtered out; finished in 0.09s

R4_WALL seconds<=2 limit=100s lock_wait=0s

EXIT 0
===== native_unlink_cost-bcded746609cf3eb (cwd /Users/yifanxu/Ephemeral-AI-Lab/layerfs/core/crates/layerfs-workspace)

running 1 test
test one_removed_file_costs_exactly_this_beside_any_files_and_after_any_orphans ... ok

test result: ok. 1 passed; 0 failed; 0 ignored; 0 measured; 0 filtered out; finished in 0.05s

R4_WALL seconds<=2 limit=100s lock_wait=0s

EXIT 0
===== native_visit-3cf70db899407a5e (cwd /Users/yifanxu/Ephemeral-AI-Lab/layerfs/core/crates/layerfs-workspace)

running 6 tests
test a_mutation_visit_publishes_once_with_its_reply_custody_and_holds_no_source ... ok
test a_read_visit_decides_in_one_job_from_resident_objects_or_names_the_facts_it_needs ... ok
test a_resident_client_answers_only_from_memory_and_only_small_objects ... ok
test a_visit_through_a_read_only_descriptor_is_refused_and_changes_nothing ... ok
test an_open_visit_decides_a_regular_file_and_records_its_descriptor_alone ... ok
test facts_of_another_base_are_ignored_and_read_again_for_the_present_one ... ok

test result: ok. 6 passed; 0 failed; 0 ignored; 0 measured; 0 filtered out; finished in 0.08s

R4_WALL seconds<=2 limit=100s lock_wait=0s

EXIT 0
===== native_visit_cost-31891792959c0ed4 (cwd /Users/yifanxu/Ephemeral-AI-Lab/layerfs/core/crates/layerfs-workspace)

running 1 test
test the_five_jobs_of_one_created_file_cost_exactly_this_at_any_directory_size ... ok

test result: ok. 1 passed; 0 failed; 0 ignored; 0 measured; 0 filtered out; finished in 1.42s

R4_WALL seconds<=3 limit=100s lock_wait=0s

EXIT 0
===== native_visit_fence-05a8e2ec310cfb42 (cwd /Users/yifanxu/Ephemeral-AI-Lab/layerfs/core/crates/layerfs-overlay)

running 8 tests
test a_closed_workspace_refuses_visits_and_still_releases_descriptors ... ok
test a_created_inode_takes_its_custody_without_a_read_and_a_duplicate_fails_whole ... ok
test a_descriptor_of_another_mount_or_inode_and_a_missing_reference_are_stale ... ok
test a_read_only_descriptor_cannot_publish_and_begins_no_transaction ... ok
test a_read_window_writes_nothing_and_follows_its_descriptor_past_unlink_and_install ... ok
test a_revoked_or_replaced_mount_is_stale_for_every_fenced_job ... ok
test an_open_visit_writes_its_descriptor_alone_and_nothing_unless_it_decides_a_file ... ok
test every_visit_statement_is_an_indexed_seek ... ok

test result: ok. 8 passed; 0 failed; 0 ignored; 0 measured; 0 filtered out; finished in 0.13s

R4_WALL seconds<=2 limit=100s lock_wait=0s

EXIT 0
===== nonfile-28a8adee57dd5795 (cwd /Users/yifanxu/Ephemeral-AI-Lab/layerfs/core/crates/layerfs-workspace)

running 3 tests
test failed_name_composition_drops_only_whiteouts_over_proven_absent_base_names ... ok
test linked_symlink_targets_follow_effective_layers_through_repeated_failed_captures ... ok
test non_file_lookup_and_processing_owners_preserve_removed_metadata_and_target ... ok

test result: ok. 3 passed; 0 failed; 0 ignored; 0 measured; 0 filtered out; finished in 0.10s

R4_WALL seconds<=2 limit=100s lock_wait=0s

EXIT 0
===== orphans-ac39fc227e494246 (cwd /Users/yifanxu/Ephemeral-AI-Lab/layerfs/core/crates/layerfs-overlay)

running 8 tests
test captured_reader_preserves_sealed_bytes_across_install_and_blocks_failed_fold ... ok
test custody_and_orphan_jobs_keep_point_work_beside_unrelated_owners ... ok
test independent_orphan_survives_many_installs_and_failures_and_last_read_owner ... ok
test inode_reads_probe_the_orphan_domain_only_while_an_orphan_exists ... ok
test logical_close_refuses_new_captured_owners_and_keeps_existing_consumers ... ok
test operation_custody_never_reuses_an_exposed_owner_and_cleanup_cannot_delete_new_operation_record ... ok
test three_layer_orphan_composition_preserves_cutoffs_and_an_independent_pre_unlink_reader ... ok
test unowned_unlinked_payload_is_reclaimed_live_but_its_namespace_tombstone_remains ... ok

test result: ok. 8 passed; 0 failed; 0 ignored; 0 measured; 0 filtered out; finished in 0.43s

R4_WALL seconds<=3 limit=100s lock_wait=0s

EXIT 0
===== owner-dff6c9b96cdb7d0c (cwd /Users/yifanxu/Ephemeral-AI-Lab/layerfs/core/crates/layerfs-daemon)

running 12 tests
test a_closed_workspace_is_reclaimed_only_after_the_settling_job_of_its_last_reply_attempt ... ok
test a_reply_attempt_is_recorded_without_an_owner_job_and_a_parked_capture_is_owed_one ... ok
test concurrent_submitters_get_every_job_done_exactly_once_with_its_own_result ... ok
test failed_capture_waits_for_readers_while_later_writes_and_idle_composition_progress ... ok
test idle_cleanup_runs_without_an_explicit_reclaim_or_status_job ... ok
test known_install_fences_later_sources_while_existing_reads_mutations_and_other_work_progress ... ok
test last_release_starts_automatic_cleanup_during_idle_and_unrelated_live_work ... ok
test lost_internal_completions_keep_exact_backed_custody_and_release_result_credits ... ok
test lost_source_completion_retains_backed_owner_and_terminal_release_makes_cleanup_eligible ... ok
test parked_capture_allows_unrelated_progress_and_includes_earlier_queued_mutation ... ok
test result_credits_and_reserved_lifecycle_capacity_survive_ordinary_saturation ... ok
test stopping_cancels_unattempted_capture_and_fences_future_admission ... ok

test result: ok. 12 passed; 0 failed; 0 ignored; 0 measured; 0 filtered out; finished in 0.34s

R4_WALL seconds<=2 limit=100s lock_wait=0s

EXIT 0
===== read_cost-106cc8ee0ca7784d (cwd /Users/yifanxu/Ephemeral-AI-Lab/layerfs/core/crates/layerfs-daemon)

running 5 tests
test a_base_file_length_is_one_store_answer_per_daemon_and_costs_a_visit_when_not_remembered ... ok
test a_window_reads_the_base_its_visit_named_whatever_is_installed_before_its_bytes ... ok
test an_unlinked_open_file_still_reads_its_own_bytes_in_one_visit ... ok
test read_open_and_readlink_cost_exactly_this_at_any_size_and_beside_unrelated_rows ... ok
test without_a_cache_a_read_is_still_one_visit_and_one_reader_and_refuses_nothing ... ok

test result: ok. 5 passed; 0 failed; 0 ignored; 0 measured; 0 filtered out; finished in 0.35s

R4_WALL seconds<=2 limit=100s lock_wait=0s

EXIT 0
===== resources-d5629cf95337a133 (cwd /Users/yifanxu/Ephemeral-AI-Lab/layerfs/core/crates/layerfs-overlay)

running 6 tests
test last_generation_release_is_fixed_work_and_wakes_retirements_in_bounded_pages ... ok
test lost_backing_path_quarantines_without_sql_or_releasing_published_capture ... ok
test physical_reserve_counts_allocation_separately_from_logical_rows_and_reusable_pages ... ok
test real_backing_corruption_retains_original_sql_cause_and_quarantines_custody ... ok
test repeated_resource_snapshots_do_not_reprepare_expired_metadata_statements ... ok
test retained_snapshot_parks_orphan_migration_then_rows_move_without_payload_duplication ... ok

test result: ok. 6 passed; 0 failed; 0 ignored; 0 measured; 0 filtered out; finished in 1.25s

R4_WALL seconds<=3 limit=100s lock_wait=0s

EXIT 0
===== transactions-b47653736df2ab57 (cwd /Users/yifanxu/Ephemeral-AI-Lab/layerfs/core/crates/layerfs-overlay)

running 6 tests
test a_failure_after_the_first_write_rolls_back_and_one_before_it_has_nothing_to_roll_back ... ok
test a_read_only_atomic_job_begins_commits_and_admits_nothing ... ok
test consecutive_writes_that_do_not_grow_the_file_allocate_at_most_once ... ok
test linked_sqlite_classifies_reads_and_writes_as_the_engine_expects ... ok
test owner_identities_are_unique_and_increasing_across_namespaces ... ok
test reads_then_writes_are_one_transaction_begun_at_the_first_write ... ok

test result: ok. 6 passed; 0 failed; 0 ignored; 0 measured; 0 filtered out; finished in 0.07s

R4_WALL seconds<=2 limit=100s lock_wait=0s

EXIT 0
