DAEMON_STATUS
Name:	layerfs-daemon
Umask:	0077
State:	S (sleeping)
Tgid:	1
Ngid:	0
Pid:	1
PPid:	0
TracerPid:	0
Uid:	0	0	0	0
Gid:	0	0	0	0
FDSize:	64
Groups:	0 
NStgid:	1
NSpid:	1
NSpgid:	1
NSsid:	1
Kthread:	0
VmPeak:	  620944 kB
VmSize:	  620944 kB
VmLck:	       0 kB
VmPin:	       0 kB
VmHWM:	   33856 kB
VmRSS:	   33856 kB
RssAnon:	   26988 kB
RssFile:	    6868 kB
RssShmem:	       0 kB
VmData:	   61928 kB
VmStk:	     132 kB
VmExe:	    6712 kB
VmLib:	    2320 kB
VmPTE:	     176 kB
VmSwap:	       0 kB
HugetlbPages:	       0 kB
CoreDumping:	0
THP_enabled:	1
untag_mask:	0xffffffffffffff
Threads:	10
SigQ:	0/15665
SigPnd:	0000000000000000
ShdPnd:	0000000000000000
SigBlk:	0000000000000000
SigIgn:	0000000000001000
SigCgt:	0000000100000440
CapInh:	0000000000000000
CapPrm:	00000000a82425fb
CapEff:	00000000a82425fb
CapBnd:	00000000a82425fb
CapAmb:	0000000000000000
NoNewPrivs:	1
Seccomp:	2
Seccomp_filters:	1
Speculation_Store_Bypass:	vulnerable
SpeculationIndirectBranch:	unknown
Cpus_allowed:	ff
Cpus_allowed_list:	0-7
Mems_allowed:	1
Mems_allowed_list:	0
voluntary_ctxt_switches:	22
nonvoluntary_ctxt_switches:	1
BACKING_BYTES
/layerfs-store/global/store.sqlite 172032 336 512
/layerfs-store/global/store.sqlite-wal 8272 24 512
/layerfs-store/global/store.sqlite-shm 32768 64 512
/layerfs-store/global/store.sqlite-journal ABSENT
/layerfs-local/overlay/overlay.sqlite 76673024 673896 512
/layerfs-local/overlay/overlay.sqlite-wal ABSENT
/layerfs-local/overlay/overlay.sqlite-shm ABSENT
/layerfs-local/overlay/overlay.sqlite-journal ABSENT
OWN_CONTAINER_CGROUP
/sys/fs/cgroup/memory.stat
anon 28020736
file 210948096
kernel 4603904
kernel_stack 180224
pagetables 266240
sec_pagetables 0
percpu 22640
sock 0
vmalloc 24576
shmem 0
zswap 0
zswapped 0
file_mapped 32768
file_dirty 76722176
file_writeback 0
swapcached 0
anon_thp 14680064
file_thp 0
shmem_thp 0
inactive_anon 0
active_anon 27955200
inactive_file 210948096
active_file 0
unevictable 0
slab_reclaimable 2956320
slab_unreclaimable 486704
slab 3443024
workingset_refault_anon 0
workingset_refault_file 0
workingset_activate_anon 0
workingset_activate_file 0
workingset_restore_anon 0
workingset_restore_file 0
workingset_nodereclaim 0
pgdemote_kswapd 0
pgdemote_direct 0
pgdemote_khugepaged 0
pgscan 0
pgsteal 0
pgscan_kswapd 0
pgscan_direct 0
pgscan_khugepaged 0
pgsteal_kswapd 0
pgsteal_direct 0
pgsteal_khugepaged 0
pgfault 27957
pgmajfault 0
pgrefill 0
pgactivate 0
pgdeactivate 0
pglazyfree 0
pglazyfreed 0
swpin_zero 0
swpout_zero 0
zswpin 0
zswpout 0
zswpwb 0
thp_fault_alloc 9
thp_collapse_alloc 0
thp_swpout 0
thp_swpout_fallback 0
/sys/fs/cgroup/memory.current
244248576
/sys/fs/cgroup/memory.peak
245198848
DAEMON_THREADS
THREAD	1	layerfs-daemon	14744668 45416 23	22 1 	1560 0 0 1
THREAD	10	layerfs-fuse-2	10619385 15250 260	260 0 	526 0 0 7
THREAD	11	layerfs-fuse-3	10037373 0 259	259 0 	51 0 0 7
THREAD	12	layerfs-control	42527994 367501 75	74 1 	583 0 3 3
THREAD	47	layerfs-mount-2	105500 0 1	1 0 	1 0 0 5
THREAD	48	layerfs-fence-2	67626 0 3	3 0 	0 0 0 6
THREAD	49	fuser-0	201566956 75751 1038	1035 3 	493 15 4 4
THREAD	7	layerfs-overlay	145991416 25625 3	2 1 	280 12 2 1
THREAD	8	layerfs-fuse-0	9660131 0 262	262 0 	58 0 0 5
THREAD	9	layerfs-fuse-1	10436673 0 263	263 0 	527 0 0 0
CGROUP_CPU
usage_usec 968269
user_usec 600469
system_usec 367800
nice_usec 0
nr_periods 0
nr_throttled 0
throttled_usec 0
nr_bursts 0
burst_usec 0
KERNEL	6.12.76-linuxkit	8
