$ /Users/yifanxu/Ephemeral-AI-Lab/layerfs/core/target/release/examples/measure_edits --mode pipeline --case batch --threshold-bytes 131072 --output /Users/yifanxu/Ephemeral-AI-Lab/layerfs/docs/roadmap/0.1/0.1.7/evidence/phase1-execution-20260918T090000Z/rounds/v2/after/output/D24/edits-pipeline-batch
cwd /Users/yifanxu/Ephemeral-AI-Lab/layerfs
exit_code 0
wall_s 0.014
--- stdout ---
mode: pipeline
case: batch
threshold-bytes: 131072
timing: on
fixture: base 196608 bytes, 3 edit(s), 1000 replacement bytes
stream: 3 edit(s), base 196608 -> final 194308 bytes
base preparation (untimed): root 9b67d5821a39fe14ddec724ab82b05dbb76c8bc99b9849dd5314ded1410c75b4 stored as 14 object(s), 2 pack(s)
edited root: c887efb266fb423889ab26851d61652e52d017135fb4e6367530691c10383d84
edited length: 194308
save: inserted 4 reused 0 packs 2 prefix records 1 full records 3
readback bytes: 194308
readback: verified byte-for-byte against the independent model
scope: edit-to-save acknowledgement is edit.save; verification and readback are timed separately
--- timing tree (inclusive; overlapping spans add to nothing) ---
edit.save  1.121ms
  storage.begin  228.500us
  file.edit  498.708us
    edit.base  289.625us
      edit.base_read  288.375us
    edit.compare  708ns
    edit.split  174.083us
    edit.split  84ns
    edit.split  458ns
    content.chunk  11.000us
    edit.split  1.375us
    edit.split  2.250us
    edit.split  167ns
    content.chunk  2.416us
    edit.split  1.083us
    edit.split  500ns
    edit.split  209ns
    edit.finish  3.208us
  storage.finish  345.208us
--- timing tree (inclusive; overlapping spans add to nothing) ---
verify.readback  1.374ms
  content.read  1.372ms
    content.acquire  246.250us
    content.traverse  1.125ms
      mapping.navigate  342.667us
        storage.decode  41ns
        storage.read  164.583us
      mapping.payload  768.833us
        storage.decode  42ns
        storage.read  604.583us
timings: 19 nodes at 4 levels -> /Users/yifanxu/Ephemeral-AI-Lab/layerfs/docs/roadmap/0.1/0.1.7/evidence/phase1-execution-20260918T090000Z/rounds/v2/after/output/D24/edits-pipeline-batch/pipeline-edit-save.json
timings: 10 nodes at 5 levels -> /Users/yifanxu/Ephemeral-AI-Lab/layerfs/docs/roadmap/0.1/0.1.7/evidence/phase1-execution-20260918T090000Z/rounds/v2/after/output/D24/edits-pipeline-batch/pipeline-readback.json
wall_seconds: 0.008716
--- stderr ---
