config: REPS=3 WARMUP=1 RANDOMIZE_TARGETS=1 targets=/workspace /var/tmp

[1m=== tiny file churn (1000 files) ===[0m
  [32mOK[0m    create 1000 files              computerd  mean=256.7 med=256.5 p95=260.7 ms (n=3)
  [32mOK[0m    create 1000 files              base  mean=18.6 med=18.2 p95=19.3 ms (n=3)
  [32mOK[0m    stat 1000 files                computerd  mean=795.0 med=789.3 p95=817.1 ms (n=3)
  [32mOK[0m    stat 1000 files                base  mean=503.6 med=502.2 p95=511.5 ms (n=3)
  [32mOK[0m    rm 1000 files                  computerd  mean=375.2 med=374.0 p95=377.8 ms (n=3)
  [32mOK[0m    rm 1000 files                  base  mean=26.4 med=26.4 p95=26.7 ms (n=3)

[1m=== directory traversal ===[0m
  [32mOK[0m    mkdir tree (10x10x10)          computerd  mean=684.8 med=686.4 p95=688.7 ms (n=3)
  [32mOK[0m    mkdir tree (10x10x10)          base  mean=437.8 med=437.2 p95=440.6 ms (n=3)
  [32mOK[0m    find tree                      computerd  mean=708.1 med=706.0 p95=714.1 ms (n=3)
  [32mOK[0m    find tree                      base  mean=441.4 med=440.0 p95=444.4 ms (n=3)

[1m=== large file I/O ===[0m
  [32mOK[0m    write 64 MiB                   computerd  mean=40.7 med=40.7 p95=41.0 ms (n=3)
  [32mOK[0m    write 64 MiB                   base  mean=18.1 med=18.5 p95=18.6 ms (n=3)
  [32mOK[0m    copy 64 MiB                    computerd  mean=117.4 med=115.9 p95=122.5 ms (n=3)
  [32mOK[0m    copy 64 MiB                    base  mean=36.9 med=36.4 p95=38.3 ms (n=3)
  [32mOK[0m    read 64 MiB                    computerd  mean=48.1 med=48.1 p95=49.4 ms (n=3)
  [32mOK[0m    read 64 MiB                    base  mean=29.1 med=28.6 p95=32.3 ms (n=3)
  [32mOK[0m    pure read 64 MiB               computerd  mean=9.0 med=9.1 p95=9.3 ms (n=3)
  [32mOK[0m    pure read 64 MiB               base  mean=9.9 med=9.7 p95=11.6 ms (n=3)
  [32mOK[0m    pure copy 64 MiB               computerd  mean=77.0 med=76.9 p95=78.0 ms (n=3)
  [32mOK[0m    pure copy 64 MiB               base  mean=18.0 med=18.0 p95=18.4 ms (n=3)
  [32mOK[0m    overwrite 64 MiB               computerd  mean=33.7 med=33.7 p95=33.8 ms (n=3)
  [32mOK[0m    overwrite 64 MiB               base  mean=13.3 med=13.1 p95=13.9 ms (n=3)

[1m=== git ===[0m
  [32mOK[0m    git init + commit 100 files    computerd  mean=151.1 med=150.5 p95=153.1 ms (n=3)
  [32mOK[0m    git init + commit 100 files    base  mean=14.8 med=14.7 p95=15.2 ms (n=3)
  [31mFAIL[0m  git clone (shallow, ~1MB)      on computerd
  [31mFAIL[0m  git clone (shallow, ~1MB)      on base
  SKIP  npm scenarios (npm not installed)
  SKIP  go scenarios (go not installed)

[1m=== summary ===[0m
  scenario                       computerd mean computerd p95    base mean     base p95      ratio
  copy 64 MiB                        117.4 ms     122.5 ms      36.9 ms      38.3 ms      3.18x
  create 1000 files                  256.7 ms     260.7 ms      18.6 ms      19.3 ms     13.82x
  find tree                          708.1 ms     714.1 ms     441.4 ms     444.4 ms      1.60x
  git init + commit 100 files        151.1 ms     153.1 ms      14.8 ms      15.2 ms     10.22x
  mkdir tree (10x10x10)              684.8 ms     688.7 ms     437.8 ms     440.6 ms      1.56x
  overwrite 64 MiB                    33.7 ms      33.8 ms      13.3 ms      13.9 ms      2.54x
  pure copy 64 MiB                    77.0 ms      78.0 ms      18.0 ms      18.4 ms      4.27x
  pure read 64 MiB                     9.0 ms       9.3 ms       9.9 ms      11.6 ms      0.91x
  read 64 MiB                         48.1 ms      49.4 ms      29.1 ms      32.3 ms      1.65x
  rm 1000 files                      375.2 ms     377.8 ms      26.4 ms      26.7 ms     14.23x
  stat 1000 files                    795.0 ms     817.1 ms     503.6 ms     511.5 ms      1.58x
  write 64 MiB                        40.7 ms      41.0 ms      18.1 ms      18.6 ms      2.25x
wrote JSON summary to /var/tmp/layerfs-owned/fs-bench-var.json
