warning: Patch `fuser v0.18.0 (/work/core/vendor/fuser-0.18.0)` was not used in the crate graph.
Check that the patched package version and available features are compatible
with the dependency requirements. If the patch has a different version from
what is locked in the Cargo.lock file, run `cargo update` to use the new
version. This may also occur with an optional dependency that is not enabled.
   Compiling generic-array v0.14.7
   Compiling blake3 v1.8.5
   Compiling libsqlite3-sys v0.38.2
   Compiling zstd-sys v2.0.16+zstd.1.5.7
   Compiling curve25519-dalek v4.1.3
   Compiling crypto-common v0.1.7
   Compiling inout v0.1.4
   Compiling block-buffer v0.10.4
   Compiling universal-hash v0.5.1
   Compiling digest v0.10.7
   Compiling cipher v0.4.4
   Compiling aead v0.5.2
   Compiling polyval v0.6.2
   Compiling poly1305 v0.8.0
   Compiling layerfs-content v0.1.6 (/work/core/crates/layerfs-content)
   Compiling ghash v0.5.1
   Compiling chacha20 v0.9.1
   Compiling ctr v0.9.2
   Compiling aes v0.8.4
   Compiling sha2 v0.10.9
   Compiling blake2 v0.10.6
   Compiling chacha20poly1305 v0.10.1
   Compiling aes-gcm v0.10.3
   Compiling snow v0.9.6
   Compiling layerfs-bridge v0.1.6 (/work/core/crates/layerfs-bridge)
   Compiling layerfs-history v0.1.6 (/work/core/crates/layerfs-history)
   Compiling layerfs-storage v0.1.6 (/work/core/crates/layerfs-storage)
   Compiling layerfs-project v0.1.6 (/work/core/crates/layerfs-project)
   Compiling rusqlite v0.40.2
   Compiling layerfs-overlay v0.1.6 (/work/core/crates/layerfs-overlay)
   Compiling layerfs-persistence v0.1.6 (/work/core/crates/layerfs-persistence)
   Compiling layerfs-workspace v0.1.6 (/work/core/crates/layerfs-workspace)
   Compiling layerfs-sdk v0.1.6 (/work/core/crates/layerfs-api/sdk)
   Compiling layerfs-daemon v0.1.6 (/work/core/crates/layerfs-daemon)
    Finished `dev` profile [unoptimized + debuginfo] target(s) in 16.64s
