config: REPS=3 WARMUP=1 RANDOMIZE_TARGETS=1 targets=/workspace /var/tmp

[1m=== tiny file churn (1000 files) ===[0m
  [32mOK[0m    create 1000 files              computerd  mean=831.0 med=829.1 p95=847.7 ms (n=3)
  [32mOK[0m    create 1000 files              base  mean=17.8 med=17.6 p95=18.4 ms (n=3)
  [32mOK[0m    stat 1000 files                computerd  mean=1411.4 med=1400.6 p95=1436.0 ms (n=3)
  [32mOK[0m    stat 1000 files                base  mean=487.3 med=485.3 p95=495.6 ms (n=3)
  [32mOK[0m    rm 1000 files                  computerd  mean=1108.3 med=1100.5 p95=1129.6 ms (n=3)
  [32mOK[0m    rm 1000 files                  base  mean=24.6 med=24.2 p95=26.3 ms (n=3)

[1m=== directory traversal ===[0m
  [32mOK[0m    mkdir tree (10x10x10)          computerd  mean=1183.4 med=1187.6 p95=1196.2 ms (n=3)
  [32mOK[0m    mkdir tree (10x10x10)          base  mean=410.6 med=409.5 p95=412.8 ms (n=3)
  [32mOK[0m    find tree                      computerd  mean=1310.2 med=1323.1 p95=1357.5 ms (n=3)
  [32mOK[0m    find tree                      base  mean=446.6 med=444.5 p95=451.3 ms (n=3)

[1m=== large file I/O ===[0m
  [32mOK[0m    write 64 MiB                   computerd  mean=85.8 med=83.6 p95=97.4 ms (n=3)
  [32mOK[0m    write 64 MiB                   base  mean=15.8 med=16.1 p95=16.3 ms (n=3)
  [32mOK[0m    copy 64 MiB                    computerd  mean=318.5 med=317.5 p95=334.2 ms (n=3)
  [32mOK[0m    copy 64 MiB                    base  mean=28.2 med=28.4 p95=28.6 ms (n=3)
  [32mOK[0m    read 64 MiB                    computerd  mean=151.9 med=154.2 p95=155.1 ms (n=3)
  [32mOK[0m    read 64 MiB                    base  mean=39.2 med=38.8 p95=44.0 ms (n=3)
  [32mOK[0m    pure read 64 MiB               computerd  mean=73.3 med=74.4 p95=75.2 ms (n=3)
  [32mOK[0m    pure read 64 MiB               base  mean=5.3 med=5.3 p95=6.0 ms (n=3)
  [32mOK[0m    pure copy 64 MiB               computerd  mean=224.4 med=225.5 p95=227.2 ms (n=3)
  [32mOK[0m    pure copy 64 MiB               base  mean=13.3 med=13.2 p95=14.4 ms (n=3)
  [32mOK[0m    overwrite 64 MiB               computerd  mean=133.8 med=131.1 p95=139.9 ms (n=3)
  [32mOK[0m    overwrite 64 MiB               base  mean=9.6 med=9.6 p95=9.8 ms (n=3)

[1m=== git ===[0m
  [32mOK[0m    git init + commit 100 files    computerd  mean=433.8 med=432.4 p95=439.2 ms (n=3)
  [32mOK[0m    git init + commit 100 files    base  mean=13.9 med=13.7 p95=14.4 ms (n=3)

[1m=== npm ===[0m
  SKIP  go scenarios (go not installed)

[1m=== summary ===[0m
  scenario                       computerd mean computerd p95    base mean     base p95      ratio
  copy 64 MiB                        318.5 ms     334.2 ms      28.2 ms      28.6 ms     11.27x
  create 1000 files                  831.0 ms     847.7 ms      17.8 ms      18.4 ms     46.61x
  find tree                         1310.2 ms    1357.5 ms     446.6 ms     451.3 ms      2.93x
  git init + commit 100 files        433.8 ms     439.2 ms      13.9 ms      14.4 ms     31.30x
  mkdir tree (10x10x10)             1183.4 ms    1196.2 ms     410.6 ms     412.8 ms      2.88x
  overwrite 64 MiB                   133.8 ms     139.9 ms       9.6 ms       9.8 ms     13.94x
  pure copy 64 MiB                   224.4 ms     227.2 ms      13.3 ms      14.4 ms     16.85x
  pure read 64 MiB                    73.3 ms      75.2 ms       5.3 ms       6.0 ms     13.84x
  read 64 MiB                        151.9 ms     155.1 ms      39.2 ms      44.0 ms      3.87x
  rm 1000 files                     1108.3 ms    1129.6 ms      24.6 ms      26.3 ms     45.11x
  stat 1000 files                   1411.4 ms    1436.0 ms     487.3 ms     495.6 ms      2.90x
  write 64 MiB                        85.8 ms      97.4 ms      15.8 ms      16.3 ms      5.43x
wrote JSON summary to /var/lib/cloudflare-bench-var.json
