# {"timestamp": "2026-10-07T08:47:34.414018+00:00", "command": ["cargo", "+1.85.1", "test", "--manifest-path", "core/Cargo.toml", "--locked", "-p", "layerfs-daemon", "--test", "store_commit", "--test", "installed_store", "--no-run"], "construction_workers": "1", "binaries": {}, "source_diff_sha256": "faf1df2f8ba4378eb25694b58c188c682ee5a712bce9bda09d93bac64c0c53dc", "source_parent": "01e60021aaa545c4bc531c274f965084e40be916", "wall_stop": "specified in command; build is not test execution"}
warning: Patch `fuser v0.18.0 (/Users/yifanxu/Ephemeral-AI-Lab/layerfs/core/vendor/fuser-0.18.0)` was not used in the crate graph.
Check that the patched package version and available features are compatible
with the dependency requirements. If the patch has a different version from
what is locked in the Cargo.lock file, run `cargo update` to use the new
version. This may also occur with an optional dependency that is not enabled.
   Compiling layerfs-overlay v0.1.6 (/Users/yifanxu/Ephemeral-AI-Lab/layerfs/core/crates/layerfs-overlay)
   Compiling layerfs-storage v0.1.6 (/Users/yifanxu/Ephemeral-AI-Lab/layerfs/core/crates/layerfs-storage)
   Compiling layerfs-workspace v0.1.6 (/Users/yifanxu/Ephemeral-AI-Lab/layerfs/core/crates/layerfs-workspace)
   Compiling layerfs-persistence v0.1.6 (/Users/yifanxu/Ephemeral-AI-Lab/layerfs/core/crates/layerfs-persistence)
   Compiling layerfs-project v0.1.6 (/Users/yifanxu/Ephemeral-AI-Lab/layerfs/core/crates/layerfs-project)
   Compiling layerfs-sdk v0.1.6 (/Users/yifanxu/Ephemeral-AI-Lab/layerfs/core/crates/layerfs-api/sdk)
   Compiling layerfs-daemon v0.1.6 (/Users/yifanxu/Ephemeral-AI-Lab/layerfs/core/crates/layerfs-daemon)
error[E0616]: field `0` of struct `Generation` is private
  --> crates/layerfs-daemon/src/store/commit.rs:97:48
   |
97 |                 generation: capture.generation.0 as u64,
   |                                                ^ private field

For more information about this error, try `rustc --explain E0616`.
error: could not compile `layerfs-daemon` (lib) due to 1 previous error
warning: build failed, waiting for other jobs to finish...

# exit=101
