# {"timestamp": "2026-10-07T09:07:45.765074+00:00", "command": ["cargo", "+1.85.1", "clippy", "--manifest-path", "core/Cargo.toml", "--locked", "-p", "layerfs-storage", "-p", "layerfs-persistence", "-p", "layerfs-daemon", "--all-targets", "--", "-D", "warnings"], "construction_workers": "1", "binaries": {}, "source_diff_sha256": "faf1df2f8ba4378eb25694b58c188c682ee5a712bce9bda09d93bac64c0c53dc", "source_parent": "01e60021aaa545c4bc531c274f965084e40be916", "wall_stop": "specified in command; build is not test execution"}
warning: Patch `fuser v0.18.0 (/Users/yifanxu/Ephemeral-AI-Lab/layerfs/core/vendor/fuser-0.18.0)` was not used in the crate graph.
Check that the patched package version and available features are compatible
with the dependency requirements. If the patch has a different version from
what is locked in the Cargo.lock file, run `cargo update` to use the new
version. This may also occur with an optional dependency that is not enabled.
    Checking layerfs-storage v0.1.6 (/Users/yifanxu/Ephemeral-AI-Lab/layerfs/core/crates/layerfs-storage)
    Checking layerfs-persistence v0.1.6 (/Users/yifanxu/Ephemeral-AI-Lab/layerfs/core/crates/layerfs-persistence)
    Checking layerfs-project v0.1.6 (/Users/yifanxu/Ephemeral-AI-Lab/layerfs/core/crates/layerfs-project)
    Checking layerfs-sdk v0.1.6 (/Users/yifanxu/Ephemeral-AI-Lab/layerfs/core/crates/layerfs-api/sdk)
    Checking layerfs-daemon v0.1.6 (/Users/yifanxu/Ephemeral-AI-Lab/layerfs/core/crates/layerfs-daemon)
error: this `map_or` can be simplified
   --> crates/layerfs-daemon/src/store/commit_types.rs:126:39
    |
126 |             Self::Completion(done) => done.result().as_ref().err().map_or(true, owner_uncertain),
    |                                       ^^^^^^^^^^^^^^^^^^^^^^^^^^^^^^^^^^^^^^^^^^^^^^^^^^^^^^^^^^ help: use is_none_or instead: `done.result().as_ref().err().is_none_or(owner_uncertain)`
    |
    = help: for further information visit https://rust-lang.github.io/rust-clippy/master/index.html#unnecessary_map_or
    = note: `-D clippy::unnecessary-map-or` implied by `-D warnings`
    = help: to override `-D warnings` add `#[allow(clippy::unnecessary_map_or)]`

error: could not compile `layerfs-daemon` (lib) due to 1 previous error
warning: build failed, waiting for other jobs to finish...
error: could not compile `layerfs-daemon` (lib test) due to 1 previous error

# exit=101
