$ /Users/yifanxu/Ephemeral-AI-Lab/layerfs/core/target/release/examples/measure_edits --mode pipeline --case batch --threshold-bytes 131072 --output /Users/yifanxu/Ephemeral-AI-Lab/layerfs/docs/roadmap/0.1/0.1.7/evidence/phase2-execution-20260918T150435Z/rounds/p2-4/after/output/D24/edits-pipeline-batch
cwd /Users/yifanxu/Ephemeral-AI-Lab/layerfs
exit_code 0
wall_s 0.016
--- stdout ---
mode: pipeline
case: batch
threshold-bytes: 131072
timing: on
fixture: base 196608 bytes, 3 edit(s), 1000 replacement bytes
stream: 3 edit(s), base 196608 -> final 194308 bytes
base preparation (untimed): root 9b67d5821a39fe14ddec724ab82b05dbb76c8bc99b9849dd5314ded1410c75b4 stored as 14 object(s), 2 pack(s)
edited root: c887efb266fb423889ab26851d61652e52d017135fb4e6367530691c10383d84
edited length: 194308
save: inserted 4 reused 0 packs 2 prefix records 1 full records 3
readback bytes: 194308
readback connection opens: 1
readback group decodes: 1
readback: verified byte-for-byte against the independent model
scope: edit-to-save acknowledgement is edit.save; verification and readback are timed separately
--- timing tree (inclusive; overlapping spans add to nothing) ---
edit.save  1.133ms
  storage.begin  258.958us
  file.edit  365.417us
    edit.base  294.000us
      edit.base_read  292.792us
    edit.compare  500ns
    edit.split  35.958us
    edit.split  83ns
    edit.split  625ns
    content.chunk  8.541us
    edit.split  1.375us
    edit.split  1.125us
    edit.split  1.625us
    content.chunk  2.291us
    edit.split  2.541us
    edit.split  667ns
    edit.finish  3.000us
  storage.finish  420.208us
--- timing tree (inclusive; overlapping spans add to nothing) ---
verify.readback  1.214ms
  content.read  1.213ms
    content.acquire  678.292us
    content.traverse  534.417us
      mapping.navigate  68.083us
        storage.read  67.916us
      mapping.payload  446.250us
        storage.read  446.041us
timings: 18 nodes at 4 levels -> /Users/yifanxu/Ephemeral-AI-Lab/layerfs/docs/roadmap/0.1/0.1.7/evidence/phase2-execution-20260918T150435Z/rounds/p2-4/after/output/D24/edits-pipeline-batch/pipeline-edit-save.json
timings: 8 nodes at 5 levels -> /Users/yifanxu/Ephemeral-AI-Lab/layerfs/docs/roadmap/0.1/0.1.7/evidence/phase2-execution-20260918T150435Z/rounds/p2-4/after/output/D24/edits-pipeline-batch/pipeline-readback.json
wall_seconds: 0.010206
--- stderr ---
