   Compiling cfg-if v1.0.4
   Compiling smallvec v1.15.2
   Compiling arrayref v0.3.9
   Compiling libc v0.2.189
   Compiling scopeguard v1.2.0
   Compiling constant_time_eq v0.4.2
   Compiling bitflags v2.13.1
   Compiling blake3 v1.8.5
   Compiling arrayvec v0.7.8
   Compiling memoffset v0.9.1
   Compiling num_enum v0.7.6
   Compiling ref-cast v1.0.27
   Compiling zerocopy v0.8.56
   Compiling bytes v1.12.1
   Compiling lock_api v0.4.14
   Compiling log v0.4.34
   Compiling memchr v2.8.3
   Compiling pin-project-lite v0.2.17
   Compiling parking_lot_core v0.9.12
   Compiling page_size v0.6.0
   Compiling socket2 v0.6.5
   Compiling nix v0.31.3
   Compiling mio v1.2.3
   Compiling nix v0.29.0
   Compiling parking_lot v0.12.5
   Compiling tokio v1.48.0
   Compiling layerfs-content v0.1.5 (/Users/yifanxu/Ephemeral-AI-Lab/layerfs/crates/layerfs-content)
   Compiling fuser v0.18.0
   Compiling layerfs-workspace-core v0.1.5 (/Users/yifanxu/Ephemeral-AI-Lab/layerfs/crates/layerfs-workspace-core)
   Compiling layerfs-fuse v0.1.5 (/Users/yifanxu/Ephemeral-AI-Lab/layerfs/crates/layerfs-fuse)
    Finished `dev` profile [unoptimized + debuginfo] target(s) in 9.69s
