   Compiling layerfs-fuse v0.1.5 (/Users/yifanxu/Ephemeral-AI-Lab/layerfs/crates/layerfs-fuse)
   Compiling layerfs-workspace v0.1.5 (/Users/yifanxu/Ephemeral-AI-Lab/layerfs/crates/layerfs-workspace)
warning: unused import: `PieceTree`
    --> crates/layerfs-workspace/src/file_io.rs:1229:56
     |
1229 |         use layerfs_workspace_core::file_edit::{Piece, PieceTree};
     |                                                        ^^^^^^^^^
     |
     = note: `#[warn(unused_imports)]` (part of `#[warn(unused)]`) on by default

warning: unused variable: `dirty`
    --> crates/layerfs-workspace/src/file_io.rs:1472:36
     |
1472 |                 let (charge, _, _, dirty, _) = workspace.pending_charge_snapshot();
     |                                    ^^^^^ help: if this is intentional, prefix it with an underscore: `_dirty`
     |
     = note: `#[warn(unused_variables)]` (part of `#[warn(unused)]`) on by default

warning: method `origins` is never used
   --> crates/layerfs-workspace/src/host_overlay.rs:108:19
    |
 50 | impl HostOverlay {
    | ---------------- method in this implementation
...
108 |     pub(crate) fn origins(&self) -> &OriginSequence {
    |                   ^^^^^^^
    |
    = note: `#[warn(dead_code)]` (part of `#[warn(unused)]`) on by default

warning: methods `policy` and `limits` are never used
   --> crates/layerfs-workspace/src/overlay_budget.rs:302:19
    |
256 | impl Budget {
    | ----------- methods in this implementation
...
302 |     pub(crate) fn policy(&self) -> ResourcePolicy {
    |                   ^^^^^^
...
305 |     pub(crate) fn limits(&self) -> Components {
    |                   ^^^^^^

warning: fields `reserved_bytes`, `pending_writes`, `reclaimed_bytes`, and `recovery_index_pages` are never read
  --> crates/layerfs-workspace/src/overlay_payload.rs:35:9
   |
33 | pub(crate) struct Stats {
   |                   ----- fields in this struct
34 |     pub physical_bytes: u64,
35 |     pub reserved_bytes: u64,
   |         ^^^^^^^^^^^^^^
...
44 |     pub pending_writes: usize,
   |         ^^^^^^^^^^^^^^
...
47 |     pub reclaimed_bytes: u64,
   |         ^^^^^^^^^^^^^^^
48 |     pub cleanup_pending: bool,
49 |     pub recovery_index_pages: u64,
   |         ^^^^^^^^^^^^^^^^^^^^
   |
   = note: `Stats` has derived impls for the traits `Debug` and `Clone`, but these are intentionally ignored during dead code analysis

warning: fields `split_visits` and `merge_visits` are never read
  --> crates/layerfs-workspace/src/overlay_ranges.rs:52:9
   |
49 | pub(crate) struct Stats {
   |                   ----- fields in this struct
...
52 |     pub split_visits: u64,
   |         ^^^^^^^^^^^^
53 |     pub merge_visits: u64,
   |         ^^^^^^^^^^^^
   |
   = note: `Stats` has derived impls for the traits `Debug` and `Clone`, but these are intentionally ignored during dead code analysis

warning: `layerfs-workspace` (lib test) generated 6 warnings (run `cargo fix --lib -p layerfs-workspace --tests` to apply 2 suggestions)
    Finished `test` profile [unoptimized + debuginfo] target(s) in 4.82s
     Running unittests src/lib.rs (target/debug/deps/layerfs_workspace-7a70d4db173d6a6f)

running 1 test
test host_operations::tests::lost_replies_bind_exact_requests_and_keep_kernel_owned_orphans_readable ... host transport exact replay, known failure, stale/unknown session, kernel orphan+retained snapshot: PASS
ok

test result: ok. 1 passed; 0 failed; 0 ignored; 0 measured; 139 filtered out; finished in 0.04s

