HISTORY_ENGINE_WORK {"state":1,"stage":"acquisition","available":true,"values":[0, 0, 0, 0, 0, 0, 0, 0, 0, 0, 0, 0, 0, 0, 0, 0, 0, 0, 0]}
HISTORY_ENGINE_WORK {"state":1,"stage":"construction","available":true,"values":[0, 0, 0, 0, 0, 0, 0, 0, 0, 0, 0, 0, 0, 0, 0, 0, 0, 0, 0]}
HISTORY_PROVIDER_WORK state=1 stage=construction scope=operation-reader-only opens=0 group_decodes=0 pooled=PoolReadCounters { leaf_requests: 0, chain_edges: 0, physical_record_calls: 0, physical_group_decodes: 0, physical_group_decoded_bytes: 0, physical_group_cache_hits: 0, value_group_decodes: 0, pack_fetches: 0, pack_bytes: 0 }
HISTORY_POOLED_WORK state=1 stage=construction scope=operation-reader-only cumulative=PoolReadCounters { leaf_requests: 0, chain_edges: 0, physical_record_calls: 0, physical_group_decodes: 0, physical_group_decoded_bytes: 0, physical_group_cache_hits: 0, value_group_decodes: 0, pack_fetches: 0, pack_bytes: 0 }
HISTORY_ENGINE_WORK {"state":1,"stage":"filesystem","available":true,"values":[0, 0, 0, 0, 0, 0, 0, 0, 0, 0, 0, 0, 0, 0, 0, 0, 0, 0, 0]}
HISTORY_PROVIDER_WORK state=1 stage=filesystem scope=operation-reader-only opens=0 group_decodes=0 pooled=PoolReadCounters { leaf_requests: 0, chain_edges: 0, physical_record_calls: 0, physical_group_decodes: 0, physical_group_decoded_bytes: 0, physical_group_cache_hits: 0, value_group_decodes: 0, pack_fetches: 0, pack_bytes: 0 }
HISTORY_POOLED_WORK state=1 stage=filesystem scope=operation-reader-only cumulative=PoolReadCounters { leaf_requests: 0, chain_edges: 0, physical_record_calls: 0, physical_group_decodes: 0, physical_group_decoded_bytes: 0, physical_group_cache_hits: 0, value_group_decodes: 0, pack_fetches: 0, pack_bytes: 0 }
HISTORY_ENGINE_WORK {"state":1,"stage":"save_custody","available":true,"values":[922, 67134, 4939000, 0, 0, 0, 0, 195, 2470258, 891, 282003, 96546, 856064, 0, 1, 18, 16, 0, 0]}
HISTORY_PROVIDER_WORK state=1 stage=save_custody scope=operation-reader-only opens=0 group_decodes=0 pooled=PoolReadCounters { leaf_requests: 0, chain_edges: 0, physical_record_calls: 0, physical_group_decodes: 0, physical_group_decoded_bytes: 0, physical_group_cache_hits: 0, value_group_decodes: 0, pack_fetches: 0, pack_bytes: 0 }
HISTORY_POOLED_WORK state=1 stage=save_custody scope=operation-reader-only cumulative=PoolReadCounters { leaf_requests: 0, chain_edges: 0, physical_record_calls: 0, physical_group_decodes: 0, physical_group_decoded_bytes: 0, physical_group_cache_hits: 0, value_group_decodes: 0, pack_fetches: 0, pack_bytes: 0 }
HISTORY_STATE_WORK {"state":1,"full157":1,"changed_paths":276,"offered_objects":364,"acquire_ns":40884167,"construct_ns":7187166,"filesystem_ns":1536458,"save_custody_ns":30580958}
DIAGNOSTIC state=1 full157=1 root=ObjectId("ff484f8d92f57413ee83e7201fb04c8512ffd7bed3083471713db4e8e17c70d3")
HISTORY_COLD_BOUNDARY {"before_state":2,"wall_ns":3986792,"attestation":{"files":2,"length_bytes":699392,"total_pages":43,"resident_first":43,"resident_after":0,"invalidated_files":2,"page_size_bytes":16384,"first_pass_ns":294000,"attestation_ns":79000,"opens":6,"fstats":6,"mmap_calls":4,"mincore_calls":6,"munmap_calls":4,"msync_calls":2,"inventory_entries":4,"vector_peak_bytes":41}}
HISTORY_ENGINE_WORK {"state":2,"stage":"acquisition","available":true,"values":[0, 0, 0, 0, 0, 0, 0, 0, 0, 0, 0, 0, 0, 0, 0, 0, 0, 0, 0]}
HISTORY_ENGINE_WORK {"state":2,"stage":"construction","available":true,"values":[0, 0, 0, 0, 0, 0, 0, 0, 0, 0, 0, 0, 0, 0, 0, 0, 0, 0, 0]}
HISTORY_PROVIDER_WORK state=2 stage=construction scope=operation-reader-only opens=0 group_decodes=0 pooled=PoolReadCounters { leaf_requests: 0, chain_edges: 0, physical_record_calls: 0, physical_group_decodes: 0, physical_group_decoded_bytes: 0, physical_group_cache_hits: 0, value_group_decodes: 0, pack_fetches: 0, pack_bytes: 0 }
HISTORY_POOLED_WORK state=2 stage=construction scope=operation-reader-only cumulative=PoolReadCounters { leaf_requests: 0, chain_edges: 0, physical_record_calls: 0, physical_group_decodes: 0, physical_group_decoded_bytes: 0, physical_group_cache_hits: 0, value_group_decodes: 0, pack_fetches: 0, pack_bytes: 0 }
HISTORY_ENGINE_WORK {"state":2,"stage":"filesystem","available":true,"values":[1380, 35878, 9928000, 0, 0, 0, 0, 952, 3380412, 1375, 2205620, 1187118, 0, 0, 0, 188, 1, 0, 0]}
HISTORY_PROVIDER_WORK state=2 stage=filesystem scope=operation-reader-only opens=1 group_decodes=1 pooled=PoolReadCounters { leaf_requests: 112, chain_edges: 0, physical_record_calls: 224, physical_group_decodes: 0, physical_group_decoded_bytes: 0, physical_group_cache_hits: 224, value_group_decodes: 7, pack_fetches: 2, pack_bytes: 24073 }
HISTORY_POOLED_WORK state=2 stage=filesystem scope=operation-reader-only cumulative=PoolReadCounters { leaf_requests: 112, chain_edges: 0, physical_record_calls: 224, physical_group_decodes: 0, physical_group_decoded_bytes: 0, physical_group_cache_hits: 224, value_group_decodes: 7, pack_fetches: 2, pack_bytes: 24073 }
HISTORY_ENGINE_WORK {"state":2,"stage":"save_custody","available":true,"values":[2980, 210688, 15861000, 0, 0, 0, 0, 387, 5149736, 2937, 608137, 632577, 2412544, 0, 1, 55, 32, 0, 0]}
HISTORY_PROVIDER_WORK state=2 stage=save_custody scope=operation-reader-only opens=1 group_decodes=1 pooled=PoolReadCounters { leaf_requests: 112, chain_edges: 0, physical_record_calls: 224, physical_group_decodes: 0, physical_group_decoded_bytes: 0, physical_group_cache_hits: 224, value_group_decodes: 7, pack_fetches: 2, pack_bytes: 24073 }
HISTORY_POOLED_WORK state=2 stage=save_custody scope=operation-reader-only cumulative=PoolReadCounters { leaf_requests: 112, chain_edges: 0, physical_record_calls: 224, physical_group_decodes: 0, physical_group_decoded_bytes: 0, physical_group_cache_hits: 224, value_group_decodes: 7, pack_fetches: 2, pack_bytes: 24073 }
HISTORY_STATE_WORK {"state":2,"full157":11,"changed_paths":985,"offered_objects":1086,"acquire_ns":176954166,"construct_ns":26696500,"filesystem_ns":25225209,"save_custody_ns":104942625}
DIAGNOSTIC state=2 full157=11 root=ObjectId("2906f3669420afb3ec336bc5d87856328371db4e9ad644ced4224cc8d3cd75ab")
HISTORY_COLD_BOUNDARY {"before_state":3,"wall_ns":3775875,"attestation":{"files":2,"length_bytes":2553856,"total_pages":156,"resident_first":154,"resident_after":0,"invalidated_files":2,"page_size_bytes":16384,"first_pass_ns":331000,"attestation_ns":99000,"opens":6,"fstats":6,"mmap_calls":4,"mincore_calls":6,"munmap_calls":4,"msync_calls":2,"inventory_entries":4,"vector_peak_bytes":154}}
HISTORY_ENGINE_WORK {"state":3,"stage":"acquisition","available":true,"values":[0, 0, 0, 0, 0, 0, 0, 0, 0, 0, 0, 0, 0, 0, 0, 0, 0, 0, 0]}
HISTORY_ENGINE_WORK {"state":3,"stage":"construction","available":true,"values":[24, 458, 817000, 0, 0, 0, 0, 21, 519042, 19, 66082, 94014, 0, 0, 0, 4, 1, 0, 0]}
HISTORY_PROVIDER_WORK state=3 stage=construction scope=operation-reader-only opens=1 group_decodes=1 pooled=PoolReadCounters { leaf_requests: 0, chain_edges: 0, physical_record_calls: 0, physical_group_decodes: 0, physical_group_decoded_bytes: 0, physical_group_cache_hits: 0, value_group_decodes: 0, pack_fetches: 0, pack_bytes: 0 }
HISTORY_POOLED_WORK state=3 stage=construction scope=operation-reader-only cumulative=PoolReadCounters { leaf_requests: 0, chain_edges: 0, physical_record_calls: 0, physical_group_decodes: 0, physical_group_decoded_bytes: 0, physical_group_cache_hits: 0, value_group_decodes: 0, pack_fetches: 0, pack_bytes: 0 }
HISTORY_ENGINE_WORK {"state":3,"stage":"filesystem","available":true,"values":[2026, 54042, 16048000, 0, 0, 0, 0, 1394, 4319027, 2026, 3361940, 3239718, 0, 0, 0, 302, 1, 0, 0]}
HISTORY_PROVIDER_WORK state=3 stage=filesystem scope=operation-reader-only opens=1 group_decodes=3 pooled=PoolReadCounters { leaf_requests: 158, chain_edges: 0, physical_record_calls: 316, physical_group_decodes: 0, physical_group_decoded_bytes: 0, physical_group_cache_hits: 316, value_group_decodes: 29, pack_fetches: 4, pack_bytes: 80963 }
HISTORY_POOLED_WORK state=3 stage=filesystem scope=operation-reader-only cumulative=PoolReadCounters { leaf_requests: 158, chain_edges: 0, physical_record_calls: 316, physical_group_decodes: 0, physical_group_decoded_bytes: 0, physical_group_cache_hits: 316, value_group_decodes: 29, pack_fetches: 4, pack_bytes: 80963 }
HISTORY_ENGINE_WORK {"state":3,"stage":"save_custody","available":true,"values":[4405, 276700, 26881000, 0, 0, 0, 0, 442, 5942202, 4360, 1264911, 2419442, 2383872, 0, 1, 101, 19, 0, 0]}
HISTORY_PROVIDER_WORK state=3 stage=save_custody scope=operation-reader-only opens=1 group_decodes=3 pooled=PoolReadCounters { leaf_requests: 158, chain_edges: 0, physical_record_calls: 316, physical_group_decodes: 0, physical_group_decoded_bytes: 0, physical_group_cache_hits: 316, value_group_decodes: 29, pack_fetches: 4, pack_bytes: 80963 }
HISTORY_POOLED_WORK state=3 stage=save_custody scope=operation-reader-only cumulative=PoolReadCounters { leaf_requests: 158, chain_edges: 0, physical_record_calls: 316, physical_group_decodes: 0, physical_group_decoded_bytes: 0, physical_group_cache_hits: 316, value_group_decodes: 29, pack_fetches: 4, pack_bytes: 80963 }
HISTORY_STATE_WORK {"state":3,"full157":21,"changed_paths":1000,"offered_objects":1202,"acquire_ns":217329917,"construct_ns":38357541,"filesystem_ns":35129958,"save_custody_ns":162718959}
DIAGNOSTIC state=3 full157=21 root=ObjectId("1282ed4c917126c0ee219ba221243405bf0223092021c860b48163b741068bde")
HISTORY_COLD_BOUNDARY {"before_state":4,"wall_ns":3722709,"attestation":{"files":2,"length_bytes":4120576,"total_pages":252,"resident_first":250,"resident_after":0,"invalidated_files":2,"page_size_bytes":16384,"first_pass_ns":425000,"attestation_ns":163000,"opens":6,"fstats":6,"mmap_calls":4,"mincore_calls":6,"munmap_calls":4,"msync_calls":2,"inventory_entries":4,"vector_peak_bytes":250}}
HISTORY_ENGINE_WORK {"state":4,"stage":"acquisition","available":true,"values":[0, 0, 0, 0, 0, 0, 0, 0, 0, 0, 0, 0, 0, 0, 0, 0, 0, 0, 0]}
HISTORY_ENGINE_WORK {"state":4,"stage":"construction","available":true,"values":[27, 495, 870000, 0, 0, 0, 0, 24, 453083, 22, 52665, 96612, 0, 0, 0, 4, 1, 0, 0]}
HISTORY_PROVIDER_WORK state=4 stage=construction scope=operation-reader-only opens=1 group_decodes=1 pooled=PoolReadCounters { leaf_requests: 0, chain_edges: 0, physical_record_calls: 0, physical_group_decodes: 0, physical_group_decoded_bytes: 0, physical_group_cache_hits: 0, value_group_decodes: 0, pack_fetches: 0, pack_bytes: 0 }
HISTORY_POOLED_WORK state=4 stage=construction scope=operation-reader-only cumulative=PoolReadCounters { leaf_requests: 0, chain_edges: 0, physical_record_calls: 0, physical_group_decodes: 0, physical_group_decoded_bytes: 0, physical_group_cache_hits: 0, value_group_decodes: 0, pack_fetches: 0, pack_bytes: 0 }
HISTORY_ENGINE_WORK {"state":4,"stage":"filesystem","available":true,"values":[3144, 90769, 26671000, 0, 0, 0, 0, 1934, 6117405, 3144, 5217935, 4878874, 0, 0, 0, 417, 1, 0, 0]}
HISTORY_PROVIDER_WORK state=4 stage=filesystem scope=operation-reader-only opens=1 group_decodes=3 pooled=PoolReadCounters { leaf_requests: 245, chain_edges: 117, physical_record_calls: 724, physical_group_decodes: 2, physical_group_decoded_bytes: 54974, physical_group_cache_hits: 722, value_group_decodes: 59, pack_fetches: 7, pack_bytes: 151742 }
HISTORY_POOLED_WORK state=4 stage=filesystem scope=operation-reader-only cumulative=PoolReadCounters { leaf_requests: 245, chain_edges: 117, physical_record_calls: 724, physical_group_decodes: 2, physical_group_decoded_bytes: 54974, physical_group_cache_hits: 722, value_group_decodes: 59, pack_fetches: 7, pack_bytes: 151742 }
HISTORY_ENGINE_WORK {"state":4,"stage":"save_custody","available":true,"values":[5745, 335546, 42337000, 0, 0, 0, 0, 514, 6447003, 5700, 1978668, 4236619, 2328576, 0, 1, 152, 23, 0, 0]}
HISTORY_PROVIDER_WORK state=4 stage=save_custody scope=operation-reader-only opens=1 group_decodes=3 pooled=PoolReadCounters { leaf_requests: 245, chain_edges: 117, physical_record_calls: 724, physical_group_decodes: 2, physical_group_decoded_bytes: 54974, physical_group_cache_hits: 722, value_group_decodes: 59, pack_fetches: 7, pack_bytes: 151742 }
HISTORY_POOLED_WORK state=4 stage=save_custody scope=operation-reader-only cumulative=PoolReadCounters { leaf_requests: 245, chain_edges: 117, physical_record_calls: 724, physical_group_decodes: 2, physical_group_decoded_bytes: 54974, physical_group_cache_hits: 722, value_group_decodes: 59, pack_fetches: 7, pack_bytes: 151742 }
HISTORY_STATE_WORK {"state":4,"full157":31,"changed_paths":1103,"offered_objects":1260,"acquire_ns":252188125,"construct_ns":40972834,"filesystem_ns":54003000,"save_custody_ns":194725292}
DIAGNOSTIC state=4 full157=31 root=ObjectId("92f98e576ec1811361095b29bea2cc5137d2eca8c9b3fce96d75cfb4c30a7fa9")
HISTORY_COLD_BOUNDARY {"before_state":5,"wall_ns":3785917,"attestation":{"files":2,"length_bytes":5322752,"total_pages":325,"resident_first":323,"resident_after":0,"invalidated_files":2,"page_size_bytes":16384,"first_pass_ns":547000,"attestation_ns":157000,"opens":6,"fstats":6,"mmap_calls":4,"mincore_calls":6,"munmap_calls":4,"msync_calls":2,"inventory_entries":4,"vector_peak_bytes":323}}
HISTORY_ENGINE_WORK {"state":5,"stage":"acquisition","available":true,"values":[0, 0, 0, 0, 0, 0, 0, 0, 0, 0, 0, 0, 0, 0, 0, 0, 0, 0, 0]}
HISTORY_ENGINE_WORK {"state":5,"stage":"construction","available":true,"values":[29, 565, 1705000, 0, 0, 0, 0, 25, 483421, 24, 74166, 330116, 0, 0, 0, 5, 1, 0, 0]}
HISTORY_PROVIDER_WORK state=5 stage=construction scope=operation-reader-only opens=1 group_decodes=1 pooled=PoolReadCounters { leaf_requests: 0, chain_edges: 0, physical_record_calls: 0, physical_group_decodes: 0, physical_group_decoded_bytes: 0, physical_group_cache_hits: 0, value_group_decodes: 0, pack_fetches: 0, pack_bytes: 0 }
HISTORY_POOLED_WORK state=5 stage=construction scope=operation-reader-only cumulative=PoolReadCounters { leaf_requests: 0, chain_edges: 0, physical_record_calls: 0, physical_group_decodes: 0, physical_group_decoded_bytes: 0, physical_group_cache_hits: 0, value_group_decodes: 0, pack_fetches: 0, pack_bytes: 0 }
HISTORY_ENGINE_WORK {"state":5,"stage":"filesystem","available":true,"values":[5475, 161243, 39585000, 0, 0, 0, 0, 3193, 9265310, 5475, 9859137, 7928652, 0, 0, 0, 677, 1, 0, 0]}
HISTORY_PROVIDER_WORK state=5 stage=filesystem scope=operation-reader-only opens=1 group_decodes=3 pooled=PoolReadCounters { leaf_requests: 362, chain_edges: 165, physical_record_calls: 1054, physical_group_decodes: 4, physical_group_decoded_bytes: 109549, physical_group_cache_hits: 1050, value_group_decodes: 92, pack_fetches: 10, pack_bytes: 226796 }
HISTORY_POOLED_WORK state=5 stage=filesystem scope=operation-reader-only cumulative=PoolReadCounters { leaf_requests: 362, chain_edges: 165, physical_record_calls: 1054, physical_group_decodes: 4, physical_group_decoded_bytes: 109549, physical_group_cache_hits: 1050, value_group_decodes: 92, pack_fetches: 10, pack_bytes: 226796 }
HISTORY_ENGINE_WORK {"state":5,"stage":"save_custody","available":true,"values":[11118, 687140, 70099000, 0, 0, 0, 0, 864, 12042294, 11065, 3051945, 8305168, 5515264, 0, 1, 284, 54, 0, 0]}
HISTORY_PROVIDER_WORK state=5 stage=save_custody scope=operation-reader-only opens=1 group_decodes=3 pooled=PoolReadCounters { leaf_requests: 362, chain_edges: 165, physical_record_calls: 1054, physical_group_decodes: 4, physical_group_decoded_bytes: 109549, physical_group_cache_hits: 1050, value_group_decodes: 92, pack_fetches: 10, pack_bytes: 226796 }
HISTORY_POOLED_WORK state=5 stage=save_custody scope=operation-reader-only cumulative=PoolReadCounters { leaf_requests: 362, chain_edges: 165, physical_record_calls: 1054, physical_group_decodes: 4, physical_group_decoded_bytes: 109549, physical_group_cache_hits: 1050, value_group_decodes: 92, pack_fetches: 10, pack_bytes: 226796 }
HISTORY_STATE_WORK {"state":5,"full157":41,"changed_paths":2716,"offered_objects":2846,"acquire_ns":547213250,"construct_ns":74459625,"filesystem_ns":88368583,"save_custody_ns":348922500}
DIAGNOSTIC state=5 full157=41 root=ObjectId("208d34b9ee9c867cf7e8988dd53d342d5acb4ca9ddc2420d2eb020c39d0b580f")
HISTORY_COLD_BOUNDARY {"before_state":6,"wall_ns":3767541,"attestation":{"files":2,"length_bytes":8488960,"total_pages":519,"resident_first":516,"resident_after":0,"invalidated_files":2,"page_size_bytes":16384,"first_pass_ns":651000,"attestation_ns":221000,"opens":6,"fstats":6,"mmap_calls":4,"mincore_calls":6,"munmap_calls":4,"msync_calls":2,"inventory_entries":4,"vector_peak_bytes":517}}
HISTORY_ENGINE_WORK {"state":6,"stage":"acquisition","available":true,"values":[0, 0, 0, 0, 0, 0, 0, 0, 0, 0, 0, 0, 0, 0, 0, 0, 0, 0, 0]}
HISTORY_ENGINE_WORK {"state":6,"stage":"construction","available":true,"values":[47, 923, 2654000, 0, 0, 0, 0, 40, 656626, 42, 110247, 381540, 0, 0, 0, 8, 2, 0, 0]}
HISTORY_PROVIDER_WORK state=6 stage=construction scope=operation-reader-only opens=1 group_decodes=1 pooled=PoolReadCounters { leaf_requests: 0, chain_edges: 0, physical_record_calls: 0, physical_group_decodes: 0, physical_group_decoded_bytes: 0, physical_group_cache_hits: 0, value_group_decodes: 0, pack_fetches: 0, pack_bytes: 0 }
HISTORY_POOLED_WORK state=6 stage=construction scope=operation-reader-only cumulative=PoolReadCounters { leaf_requests: 0, chain_edges: 0, physical_record_calls: 0, physical_group_decodes: 0, physical_group_decoded_bytes: 0, physical_group_cache_hits: 0, value_group_decodes: 0, pack_fetches: 0, pack_bytes: 0 }
HISTORY_ENGINE_WORK {"state":6,"stage":"filesystem","available":true,"values":[5051, 155774, 47982000, 0, 0, 0, 0, 2889, 8655507, 5051, 9632867, 13707027, 0, 0, 0, 614, 1, 0, 0]}
HISTORY_PROVIDER_WORK state=6 stage=filesystem scope=operation-reader-only opens=1 group_decodes=6 pooled=PoolReadCounters { leaf_requests: 452, chain_edges: 82, physical_record_calls: 1068, physical_group_decodes: 3, physical_group_decoded_bytes: 63022, physical_group_cache_hits: 1065, value_group_decodes: 136, pack_fetches: 10, pack_bytes: 327042 }
HISTORY_POOLED_WORK state=6 stage=filesystem scope=operation-reader-only cumulative=PoolReadCounters { leaf_requests: 452, chain_edges: 82, physical_record_calls: 1068, physical_group_decodes: 3, physical_group_decoded_bytes: 63022, physical_group_cache_hits: 1065, value_group_decodes: 136, pack_fetches: 10, pack_bytes: 327042 }
HISTORY_ENGINE_WORK {"state":6,"stage":"save_custody","available":true,"values":[10558, 611882, 92386000, 0, 0, 0, 0, 917, 10449911, 10505, 4872596, 13061836, 5564416, 0, 1, 378, 23, 0, 0]}
HISTORY_PROVIDER_WORK state=6 stage=save_custody scope=operation-reader-only opens=1 group_decodes=6 pooled=PoolReadCounters { leaf_requests: 452, chain_edges: 82, physical_record_calls: 1068, physical_group_decodes: 3, physical_group_decoded_bytes: 63022, physical_group_cache_hits: 1065, value_group_decodes: 136, pack_fetches: 10, pack_bytes: 327042 }
HISTORY_POOLED_WORK state=6 stage=save_custody scope=operation-reader-only cumulative=PoolReadCounters { leaf_requests: 452, chain_edges: 82, physical_record_calls: 1068, physical_group_decodes: 3, physical_group_decoded_bytes: 63022, physical_group_cache_hits: 1065, value_group_decodes: 136, pack_fetches: 10, pack_bytes: 327042 }
HISTORY_STATE_WORK {"state":6,"full157":51,"changed_paths":2073,"offered_objects":2233,"acquire_ns":552926375,"construct_ns":69408750,"filesystem_ns":95174250,"save_custody_ns":370222583}
DIAGNOSTIC state=6 full157=51 root=ObjectId("0bba4b43e94f8d20551a062b35379db0897e89f8de62b425b7d47abd4f79e698")
HISTORY_COLD_BOUNDARY {"before_state":7,"wall_ns":4417208,"attestation":{"files":2,"length_bytes":11257856,"total_pages":688,"resident_first":683,"resident_after":0,"invalidated_files":2,"page_size_bytes":16384,"first_pass_ns":910000,"attestation_ns":281000,"opens":6,"fstats":6,"mmap_calls":4,"mincore_calls":6,"munmap_calls":4,"msync_calls":2,"inventory_entries":4,"vector_peak_bytes":686}}
HISTORY_ENGINE_WORK {"state":7,"stage":"acquisition","available":true,"values":[0, 0, 0, 0, 0, 0, 0, 0, 0, 0, 0, 0, 0, 0, 0, 0, 0, 0, 0]}
HISTORY_ENGINE_WORK {"state":7,"stage":"construction","available":true,"values":[47, 923, 2449000, 0, 0, 0, 0, 40, 892166, 42, 115831, 292324, 0, 0, 0, 8, 1, 0, 0]}
HISTORY_PROVIDER_WORK state=7 stage=construction scope=operation-reader-only opens=1 group_decodes=1 pooled=PoolReadCounters { leaf_requests: 0, chain_edges: 0, physical_record_calls: 0, physical_group_decodes: 0, physical_group_decoded_bytes: 0, physical_group_cache_hits: 0, value_group_decodes: 0, pack_fetches: 0, pack_bytes: 0 }
HISTORY_POOLED_WORK state=7 stage=construction scope=operation-reader-only cumulative=PoolReadCounters { leaf_requests: 0, chain_edges: 0, physical_record_calls: 0, physical_group_decodes: 0, physical_group_decoded_bytes: 0, physical_group_cache_hits: 0, value_group_decodes: 0, pack_fetches: 0, pack_bytes: 0 }
HISTORY_ENGINE_WORK {"state":7,"stage":"filesystem","available":true,"values":[6699, 214123, 81755000, 0, 0, 0, 0, 3535, 11454639, 6699, 14457579, 16771856, 0, 0, 0, 759, 2, 0, 0]}
HISTORY_PROVIDER_WORK state=7 stage=filesystem scope=operation-reader-only opens=1 group_decodes=7 pooled=PoolReadCounters { leaf_requests: 532, chain_edges: 248, physical_record_calls: 1560, physical_group_decodes: 5, physical_group_decoded_bytes: 157577, physical_group_cache_hits: 1555, value_group_decodes: 832, pack_fetches: 14, pack_bytes: 466157 }
HISTORY_POOLED_WORK state=7 stage=filesystem scope=operation-reader-only cumulative=PoolReadCounters { leaf_requests: 532, chain_edges: 248, physical_record_calls: 1560, physical_group_decodes: 5, physical_group_decoded_bytes: 157577, physical_group_cache_hits: 1555, value_group_decodes: 832, pack_fetches: 14, pack_bytes: 466157 }
HISTORY_ENGINE_WORK {"state":7,"stage":"save_custody","available":true,"values":[15017, 867654, 117970000, 0, 0, 0, 0, 1206, 14397704, 14958, 6390592, 19215449, 7225344, 0, 1, 529, 37, 0, 0]}
HISTORY_PROVIDER_WORK state=7 stage=save_custody scope=operation-reader-only opens=1 group_decodes=7 pooled=PoolReadCounters { leaf_requests: 532, chain_edges: 248, physical_record_calls: 1560, physical_group_decodes: 5, physical_group_decoded_bytes: 157577, physical_group_cache_hits: 1555, value_group_decodes: 832, pack_fetches: 14, pack_bytes: 466157 }
HISTORY_POOLED_WORK state=7 stage=save_custody scope=operation-reader-only cumulative=PoolReadCounters { leaf_requests: 532, chain_edges: 248, physical_record_calls: 1560, physical_group_decodes: 5, physical_group_decoded_bytes: 157577, physical_group_cache_hits: 1555, value_group_decodes: 832, pack_fetches: 14, pack_bytes: 466157 }
HISTORY_STATE_WORK {"state":7,"full157":61,"changed_paths":2895,"offered_objects":3130,"acquire_ns":801146375,"construct_ns":81247458,"filesystem_ns":154953625,"save_custody_ns":481153833}
DIAGNOSTIC state=7 full157=61 root=ObjectId("83c507e708c9a53e0d205d666c84d2c08ff2c8f60d63604df4b719417577cbdc")
HISTORY_COLD_BOUNDARY {"before_state":8,"wall_ns":4215708,"attestation":{"files":2,"length_bytes":14353408,"total_pages":877,"resident_first":874,"resident_after":0,"invalidated_files":2,"page_size_bytes":16384,"first_pass_ns":1037000,"attestation_ns":341000,"opens":6,"fstats":6,"mmap_calls":4,"mincore_calls":6,"munmap_calls":4,"msync_calls":2,"inventory_entries":4,"vector_peak_bytes":875}}
HISTORY_ENGINE_WORK {"state":8,"stage":"acquisition","available":true,"values":[0, 0, 0, 0, 0, 0, 0, 0, 0, 0, 0, 0, 0, 0, 0, 0, 0, 0, 0]}
HISTORY_ENGINE_WORK {"state":8,"stage":"construction","available":true,"values":[47, 923, 2325000, 0, 0, 0, 0, 40, 675042, 42, 97333, 244324, 0, 0, 0, 8, 1, 0, 0]}
HISTORY_PROVIDER_WORK state=8 stage=construction scope=operation-reader-only opens=1 group_decodes=1 pooled=PoolReadCounters { leaf_requests: 0, chain_edges: 0, physical_record_calls: 0, physical_group_decodes: 0, physical_group_decoded_bytes: 0, physical_group_cache_hits: 0, value_group_decodes: 0, pack_fetches: 0, pack_bytes: 0 }
HISTORY_POOLED_WORK state=8 stage=construction scope=operation-reader-only cumulative=PoolReadCounters { leaf_requests: 0, chain_edges: 0, physical_record_calls: 0, physical_group_decodes: 0, physical_group_decoded_bytes: 0, physical_group_cache_hits: 0, value_group_decodes: 0, pack_fetches: 0, pack_bytes: 0 }
HISTORY_ENGINE_WORK {"state":8,"stage":"filesystem","available":true,"values":[6889, 230558, 75091000, 0, 0, 0, 0, 3330, 9999915, 6889, 14622045, 15602234, 0, 0, 0, 718, 3, 0, 0]}
HISTORY_PROVIDER_WORK state=8 stage=filesystem scope=operation-reader-only opens=1 group_decodes=20 pooled=PoolReadCounters { leaf_requests: 554, chain_edges: 340, physical_record_calls: 1788, physical_group_decodes: 16, physical_group_decoded_bytes: 666199, physical_group_cache_hits: 1772, value_group_decodes: 1189, pack_fetches: 17, pack_bytes: 627619 }
HISTORY_POOLED_WORK state=8 stage=filesystem scope=operation-reader-only cumulative=PoolReadCounters { leaf_requests: 554, chain_edges: 340, physical_record_calls: 1788, physical_group_decodes: 16, physical_group_decoded_bytes: 666199, physical_group_cache_hits: 1772, value_group_decodes: 1189, pack_fetches: 17, pack_bytes: 627619 }
HISTORY_ENGINE_WORK {"state":8,"stage":"save_custody","available":true,"values":[11632, 617098, 109766000, 0, 0, 0, 0, 1169, 10674117, 11581, 6272318, 19966989, 4362240, 0, 1, 624, 22, 0, 0]}
HISTORY_PROVIDER_WORK state=8 stage=save_custody scope=operation-reader-only opens=1 group_decodes=20 pooled=PoolReadCounters { leaf_requests: 554, chain_edges: 340, physical_record_calls: 1788, physical_group_decodes: 16, physical_group_decoded_bytes: 666199, physical_group_cache_hits: 1772, value_group_decodes: 1189, pack_fetches: 17, pack_bytes: 627619 }
HISTORY_POOLED_WORK state=8 stage=save_custody scope=operation-reader-only cumulative=PoolReadCounters { leaf_requests: 554, chain_edges: 340, physical_record_calls: 1788, physical_group_decodes: 16, physical_group_decoded_bytes: 666199, physical_group_cache_hits: 1772, value_group_decodes: 1189, pack_fetches: 17, pack_bytes: 627619 }
HISTORY_STATE_WORK {"state":8,"full157":71,"changed_paths":1638,"offered_objects":1824,"acquire_ns":602659041,"construct_ns":58603208,"filesystem_ns":146822167,"save_custody_ns":390535084}
DIAGNOSTIC state=8 full157=71 root=ObjectId("ca4ac6eb28a22995b580b57435f904b48594f3eb14d0405bf1fcbc1fd5ef9d0e")
HISTORY_COLD_BOUNDARY {"before_state":9,"wall_ns":4467500,"attestation":{"files":2,"length_bytes":15681536,"total_pages":958,"resident_first":949,"resident_after":0,"invalidated_files":2,"page_size_bytes":16384,"first_pass_ns":1144000,"attestation_ns":384000,"opens":6,"fstats":6,"mmap_calls":4,"mincore_calls":6,"munmap_calls":4,"msync_calls":2,"inventory_entries":4,"vector_peak_bytes":956}}
HISTORY_ENGINE_WORK {"state":9,"stage":"acquisition","available":true,"values":[0, 0, 0, 0, 0, 0, 0, 0, 0, 0, 0, 0, 0, 0, 0, 0, 0, 0, 0]}
HISTORY_ENGINE_WORK {"state":9,"stage":"construction","available":true,"values":[64, 1450, 10643000, 0, 0, 0, 0, 50, 977254, 59, 213957, 1194851, 0, 0, 0, 15, 2, 0, 0]}
HISTORY_PROVIDER_WORK state=9 stage=construction scope=operation-reader-only opens=1 group_decodes=1 pooled=PoolReadCounters { leaf_requests: 0, chain_edges: 0, physical_record_calls: 0, physical_group_decodes: 0, physical_group_decoded_bytes: 0, physical_group_cache_hits: 0, value_group_decodes: 0, pack_fetches: 0, pack_bytes: 0 }
HISTORY_POOLED_WORK state=9 stage=construction scope=operation-reader-only cumulative=PoolReadCounters { leaf_requests: 0, chain_edges: 0, physical_record_calls: 0, physical_group_decodes: 0, physical_group_decoded_bytes: 0, physical_group_cache_hits: 0, value_group_decodes: 0, pack_fetches: 0, pack_bytes: 0 }
HISTORY_ENGINE_WORK {"state":9,"stage":"filesystem","available":true,"values":[7355, 260572, 87493000, 0, 0, 0, 0, 3071, 9642132, 7355, 16002935, 14839145, 0, 0, 0, 669, 2, 0, 0]}
HISTORY_PROVIDER_WORK state=9 stage=filesystem scope=operation-reader-only opens=1 group_decodes=30 pooled=PoolReadCounters { leaf_requests: 551, chain_edges: 615, physical_record_calls: 2332, physical_group_decodes: 30, physical_group_decoded_bytes: 1250877, physical_group_cache_hits: 2302, value_group_decodes: 1576, pack_fetches: 20, pack_bytes: 741070 }
HISTORY_POOLED_WORK state=9 stage=filesystem scope=operation-reader-only cumulative=PoolReadCounters { leaf_requests: 551, chain_edges: 615, physical_record_calls: 2332, physical_group_decodes: 30, physical_group_decoded_bytes: 1250877, physical_group_cache_hits: 2302, value_group_decodes: 1576, pack_fetches: 20, pack_bytes: 741070 }
HISTORY_ENGINE_WORK {"state":9,"stage":"save_custody","available":true,"values":[15658, 831563, 133767000, 0, 0, 0, 0, 1567, 16498149, 15599, 7175116, 24975219, 7507968, 0, 1, 858, 36, 0, 0]}
HISTORY_PROVIDER_WORK state=9 stage=save_custody scope=operation-reader-only opens=1 group_decodes=30 pooled=PoolReadCounters { leaf_requests: 551, chain_edges: 615, physical_record_calls: 2332, physical_group_decodes: 30, physical_group_decoded_bytes: 1250877, physical_group_cache_hits: 2302, value_group_decodes: 1576, pack_fetches: 20, pack_bytes: 741070 }
HISTORY_POOLED_WORK state=9 stage=save_custody scope=operation-reader-only cumulative=PoolReadCounters { leaf_requests: 551, chain_edges: 615, physical_record_calls: 2332, physical_group_decodes: 30, physical_group_decoded_bytes: 1250877, physical_group_cache_hits: 2302, value_group_decodes: 1576, pack_fetches: 20, pack_bytes: 741070 }
HISTORY_STATE_WORK {"state":9,"full157":81,"changed_paths":2029,"offered_objects":2432,"acquire_ns":801525083,"construct_ns":92306500,"filesystem_ns":168665333,"save_custody_ns":524520375}
DIAGNOSTIC state=9 full157=81 root=ObjectId("5532bc3c204f92a48122bad3aa684b150614d1266972ed1724412e1affa55517")
HISTORY_COLD_BOUNDARY {"before_state":10,"wall_ns":4636875,"attestation":{"files":2,"length_bytes":18759680,"total_pages":1145,"resident_first":1137,"resident_after":0,"invalidated_files":2,"page_size_bytes":16384,"first_pass_ns":1329000,"attestation_ns":439000,"opens":6,"fstats":6,"mmap_calls":4,"mincore_calls":6,"munmap_calls":4,"msync_calls":2,"inventory_entries":4,"vector_peak_bytes":1143}}
HISTORY_ENGINE_WORK {"state":10,"stage":"acquisition","available":true,"values":[0, 0, 0, 0, 0, 0, 0, 0, 0, 0, 0, 0, 0, 0, 0, 0, 0, 0, 0]}
HISTORY_ENGINE_WORK {"state":10,"stage":"construction","available":true,"values":[57, 1137, 3087000, 0, 0, 0, 0, 48, 805377, 52, 131291, 361188, 0, 0, 0, 10, 1, 0, 0]}
HISTORY_PROVIDER_WORK state=10 stage=construction scope=operation-reader-only opens=1 group_decodes=1 pooled=PoolReadCounters { leaf_requests: 0, chain_edges: 0, physical_record_calls: 0, physical_group_decodes: 0, physical_group_decoded_bytes: 0, physical_group_cache_hits: 0, value_group_decodes: 0, pack_fetches: 0, pack_bytes: 0 }
HISTORY_POOLED_WORK state=10 stage=construction scope=operation-reader-only cumulative=PoolReadCounters { leaf_requests: 0, chain_edges: 0, physical_record_calls: 0, physical_group_decodes: 0, physical_group_decoded_bytes: 0, physical_group_cache_hits: 0, value_group_decodes: 0, pack_fetches: 0, pack_bytes: 0 }
HISTORY_ENGINE_WORK {"state":10,"stage":"filesystem","available":true,"values":[7936, 295583, 92221000, 0, 0, 0, 0, 2827, 8808049, 7936, 17010420, 17245528, 0, 0, 0, 613, 1, 0, 0]}
HISTORY_PROVIDER_WORK state=10 stage=filesystem scope=operation-reader-only opens=1 group_decodes=60 pooled=PoolReadCounters { leaf_requests: 596, chain_edges: 1019, physical_record_calls: 3230, physical_group_decodes: 64, physical_group_decoded_bytes: 2824044, physical_group_cache_hits: 3166, value_group_decodes: 1904, pack_fetches: 23, pack_bytes: 863595 }
HISTORY_POOLED_WORK state=10 stage=filesystem scope=operation-reader-only cumulative=PoolReadCounters { leaf_requests: 596, chain_edges: 1019, physical_record_calls: 3230, physical_group_decodes: 64, physical_group_decoded_bytes: 2824044, physical_group_cache_hits: 3166, value_group_decodes: 1904, pack_fetches: 23, pack_bytes: 863595 }
HISTORY_ENGINE_WORK {"state":10,"stage":"save_custody","available":true,"values":[16486, 833774, 175857000, 0, 0, 0, 0, 1719, 15468260, 16433, 13054047, 31000540, 6178816, 0, 1, 1052, 20, 0, 0]}
HISTORY_PROVIDER_WORK state=10 stage=save_custody scope=operation-reader-only opens=1 group_decodes=60 pooled=PoolReadCounters { leaf_requests: 596, chain_edges: 1019, physical_record_calls: 3230, physical_group_decodes: 64, physical_group_decoded_bytes: 2824044, physical_group_cache_hits: 3166, value_group_decodes: 1904, pack_fetches: 23, pack_bytes: 863595 }
HISTORY_POOLED_WORK state=10 stage=save_custody scope=operation-reader-only cumulative=PoolReadCounters { leaf_requests: 596, chain_edges: 1019, physical_record_calls: 3230, physical_group_decodes: 64, physical_group_decoded_bytes: 2824044, physical_group_cache_hits: 3166, value_group_decodes: 1904, pack_fetches: 23, pack_bytes: 863595 }
HISTORY_STATE_WORK {"state":10,"full157":91,"changed_paths":1815,"offered_objects":2079,"acquire_ns":725764500,"construct_ns":77737542,"filesystem_ns":181086125,"save_custody_ns":585896291}
DIAGNOSTIC state=10 full157=91 root=ObjectId("1f8ab5053f1bb25ced3ec59504a196c0c5f3078dc70e8ece55fd12c8bf7412e4")
HISTORY_COLD_BOUNDARY {"before_state":11,"wall_ns":5073458,"attestation":{"files":2,"length_bytes":20729856,"total_pages":1266,"resident_first":1248,"resident_after":0,"invalidated_files":2,"page_size_bytes":16384,"first_pass_ns":1592000,"attestation_ns":500000,"opens":6,"fstats":6,"mmap_calls":4,"mincore_calls":6,"munmap_calls":4,"msync_calls":2,"inventory_entries":4,"vector_peak_bytes":1263}}
HISTORY_ENGINE_WORK {"state":11,"stage":"acquisition","available":true,"values":[0, 0, 0, 0, 0, 0, 0, 0, 0, 0, 0, 0, 0, 0, 0, 0, 0, 0, 0]}
HISTORY_ENGINE_WORK {"state":11,"stage":"construction","available":true,"values":[57, 1137, 4461000, 0, 0, 0, 0, 48, 730958, 52, 133336, 350948, 0, 0, 0, 10, 1, 0, 0]}
HISTORY_PROVIDER_WORK state=11 stage=construction scope=operation-reader-only opens=1 group_decodes=2 pooled=PoolReadCounters { leaf_requests: 0, chain_edges: 0, physical_record_calls: 0, physical_group_decodes: 0, physical_group_decoded_bytes: 0, physical_group_cache_hits: 0, value_group_decodes: 0, pack_fetches: 0, pack_bytes: 0 }
HISTORY_POOLED_WORK state=11 stage=construction scope=operation-reader-only cumulative=PoolReadCounters { leaf_requests: 0, chain_edges: 0, physical_record_calls: 0, physical_group_decodes: 0, physical_group_decoded_bytes: 0, physical_group_cache_hits: 0, value_group_decodes: 0, pack_fetches: 0, pack_bytes: 0 }
HISTORY_ENGINE_WORK {"state":11,"stage":"filesystem","available":true,"values":[14204, 500826, 145617000, 0, 0, 0, 0, 5531, 16468181, 14204, 29733160, 29945745, 0, 0, 0, 1152, 2, 0, 0]}
HISTORY_PROVIDER_WORK state=11 stage=filesystem scope=operation-reader-only opens=1 group_decodes=107 pooled=PoolReadCounters { leaf_requests: 863, chain_edges: 2032, physical_record_calls: 5790, physical_group_decodes: 127, physical_group_decoded_bytes: 5668793, physical_group_cache_hits: 5663, value_group_decodes: 2607, pack_fetches: 27, pack_bytes: 1002215 }
HISTORY_POOLED_WORK state=11 stage=filesystem scope=operation-reader-only cumulative=PoolReadCounters { leaf_requests: 863, chain_edges: 2032, physical_record_calls: 5790, physical_group_decodes: 127, physical_group_decoded_bytes: 5668793, physical_group_cache_hits: 5663, value_group_decodes: 2607, pack_fetches: 27, pack_bytes: 1002215 }
HISTORY_ENGINE_WORK {"state":11,"stage":"save_custody","available":true,"values":[28772, 1507647, 243066000, 0, 0, 0, 0, 2085, 21724056, 28705, 15633724, 48443506, 11778048, 0, 1, 1260, 44, 0, 0]}
HISTORY_PROVIDER_WORK state=11 stage=save_custody scope=operation-reader-only opens=1 group_decodes=107 pooled=PoolReadCounters { leaf_requests: 863, chain_edges: 2032, physical_record_calls: 5790, physical_group_decodes: 127, physical_group_decoded_bytes: 5668793, physical_group_cache_hits: 5663, value_group_decodes: 2607, pack_fetches: 27, pack_bytes: 1002215 }
HISTORY_POOLED_WORK state=11 stage=save_custody scope=operation-reader-only cumulative=PoolReadCounters { leaf_requests: 863, chain_edges: 2032, physical_record_calls: 5790, physical_group_decodes: 127, physical_group_decoded_bytes: 5668793, physical_group_cache_hits: 5663, value_group_decodes: 2607, pack_fetches: 27, pack_bytes: 1002215 }
HISTORY_STATE_WORK {"state":11,"full157":101,"changed_paths":4122,"offered_objects":4174,"acquire_ns":1277312042,"construct_ns":122503292,"filesystem_ns":335112792,"save_custody_ns":860201500}
DIAGNOSTIC state=11 full157=101 root=ObjectId("ac623f883e77b3e5150a4188d62bfdb4fc9bee9ecc74168e15fe516e590ed7e0")
HISTORY_COLD_BOUNDARY {"before_state":12,"wall_ns":5658167,"attestation":{"files":2,"length_bytes":24752128,"total_pages":1512,"resident_first":1491,"resident_after":0,"invalidated_files":2,"page_size_bytes":16384,"first_pass_ns":1816000,"attestation_ns":592000,"opens":6,"fstats":6,"mmap_calls":4,"mincore_calls":6,"munmap_calls":4,"msync_calls":2,"inventory_entries":4,"vector_peak_bytes":1509}}
HISTORY_ENGINE_WORK {"state":12,"stage":"acquisition","available":true,"values":[0, 0, 0, 0, 0, 0, 0, 0, 0, 0, 0, 0, 0, 0, 0, 0, 0, 0, 0]}
HISTORY_ENGINE_WORK {"state":12,"stage":"construction","available":true,"values":[63, 1483, 12798000, 0, 0, 0, 0, 48, 839085, 58, 201878, 1467070, 0, 0, 0, 16, 3, 0, 0]}
HISTORY_PROVIDER_WORK state=12 stage=construction scope=operation-reader-only opens=1 group_decodes=1 pooled=PoolReadCounters { leaf_requests: 0, chain_edges: 0, physical_record_calls: 0, physical_group_decodes: 0, physical_group_decoded_bytes: 0, physical_group_cache_hits: 0, value_group_decodes: 0, pack_fetches: 0, pack_bytes: 0 }
HISTORY_POOLED_WORK state=12 stage=construction scope=operation-reader-only cumulative=PoolReadCounters { leaf_requests: 0, chain_edges: 0, physical_record_calls: 0, physical_group_decodes: 0, physical_group_decoded_bytes: 0, physical_group_cache_hits: 0, value_group_decodes: 0, pack_fetches: 0, pack_bytes: 0 }
HISTORY_ENGINE_WORK {"state":12,"stage":"filesystem","available":true,"values":[16528, 607999, 155410000, 0, 0, 0, 0, 5710, 16842067, 16528, 33475358, 28987601, 0, 0, 0, 1164, 5, 0, 0]}
HISTORY_PROVIDER_WORK state=12 stage=filesystem scope=operation-reader-only opens=1 group_decodes=193 pooled=PoolReadCounters { leaf_requests: 1043, chain_edges: 2448, physical_record_calls: 6982, physical_group_decodes: 509, physical_group_decoded_bytes: 22847413, physical_group_cache_hits: 6473, value_group_decodes: 3127, pack_fetches: 32, pack_bytes: 1226415 }
HISTORY_POOLED_WORK state=12 stage=filesystem scope=operation-reader-only cumulative=PoolReadCounters { leaf_requests: 1043, chain_edges: 2448, physical_record_calls: 6982, physical_group_decodes: 509, physical_group_decoded_bytes: 22847413, physical_group_cache_hits: 6473, value_group_decodes: 3127, pack_fetches: 32, pack_bytes: 1226415 }
HISTORY_ENGINE_WORK {"state":12,"stage":"save_custody","available":true,"values":[29403, 1524790, 274431000, 0, 0, 0, 0, 2205, 21394666, 29338, 20203244, 60140927, 11563008, 0, 1, 1382, 40, 0, 0]}
HISTORY_PROVIDER_WORK state=12 stage=save_custody scope=operation-reader-only opens=1 group_decodes=193 pooled=PoolReadCounters { leaf_requests: 1043, chain_edges: 2448, physical_record_calls: 6982, physical_group_decodes: 509, physical_group_decoded_bytes: 22847413, physical_group_cache_hits: 6473, value_group_decodes: 3127, pack_fetches: 32, pack_bytes: 1226415 }
HISTORY_POOLED_WORK state=12 stage=save_custody scope=operation-reader-only cumulative=PoolReadCounters { leaf_requests: 1043, chain_edges: 2448, physical_record_calls: 6982, physical_group_decodes: 509, physical_group_decoded_bytes: 22847413, physical_group_cache_hits: 6473, value_group_decodes: 3127, pack_fetches: 32, pack_bytes: 1226415 }
HISTORY_STATE_WORK {"state":12,"full157":111,"changed_paths":4310,"offered_objects":4228,"acquire_ns":1464347417,"construct_ns":140601584,"filesystem_ns":387755500,"save_custody_ns":913508167}
DIAGNOSTIC state=12 full157=111 root=ObjectId("23a46c5765b9b64f428be8455b539f009c3e5f35a77e445bcea4076770240984")
HISTORY_COLD_BOUNDARY {"before_state":13,"wall_ns":5865667,"attestation":{"files":2,"length_bytes":28039168,"total_pages":1713,"resident_first":1654,"resident_after":0,"invalidated_files":2,"page_size_bytes":16384,"first_pass_ns":2034000,"attestation_ns":664000,"opens":6,"fstats":6,"mmap_calls":4,"mincore_calls":6,"munmap_calls":4,"msync_calls":2,"inventory_entries":4,"vector_peak_bytes":1710}}
HISTORY_ENGINE_WORK {"state":13,"stage":"acquisition","available":true,"values":[0, 0, 0, 0, 0, 0, 0, 0, 0, 0, 0, 0, 0, 0, 0, 0, 0, 0, 0]}
HISTORY_ENGINE_WORK {"state":13,"stage":"construction","available":true,"values":[77, 1565, 5683000, 0, 0, 0, 0, 64, 1014414, 72, 287954, 910184, 0, 0, 0, 14, 1, 0, 0]}
HISTORY_PROVIDER_WORK state=13 stage=construction scope=operation-reader-only opens=1 group_decodes=2 pooled=PoolReadCounters { leaf_requests: 0, chain_edges: 0, physical_record_calls: 0, physical_group_decodes: 0, physical_group_decoded_bytes: 0, physical_group_cache_hits: 0, value_group_decodes: 0, pack_fetches: 0, pack_bytes: 0 }
HISTORY_POOLED_WORK state=13 stage=construction scope=operation-reader-only cumulative=PoolReadCounters { leaf_requests: 0, chain_edges: 0, physical_record_calls: 0, physical_group_decodes: 0, physical_group_decoded_bytes: 0, physical_group_cache_hits: 0, value_group_decodes: 0, pack_fetches: 0, pack_bytes: 0 }
HISTORY_ENGINE_WORK {"state":13,"stage":"filesystem","available":true,"values":[16364, 586169, 170853000, 0, 0, 0, 0, 6311, 19078141, 16364, 37243384, 38747183, 0, 0, 0, 1323, 4, 0, 0]}
HISTORY_PROVIDER_WORK state=13 stage=filesystem scope=operation-reader-only opens=1 group_decodes=139 pooled=PoolReadCounters { leaf_requests: 976, chain_edges: 1310, physical_record_calls: 4572, physical_group_decodes: 254, physical_group_decoded_bytes: 11534339, physical_group_cache_hits: 4318, value_group_decodes: 3356, pack_fetches: 36, pack_bytes: 1462587 }
HISTORY_POOLED_WORK state=13 stage=filesystem scope=operation-reader-only cumulative=PoolReadCounters { leaf_requests: 976, chain_edges: 1310, physical_record_calls: 4572, physical_group_decodes: 254, physical_group_decoded_bytes: 11534339, physical_group_cache_hits: 4318, value_group_decodes: 3356, pack_fetches: 36, pack_bytes: 1462587 }
HISTORY_ENGINE_WORK {"state":13,"stage":"save_custody","available":true,"values":[30010, 1533423, 282075000, 0, 0, 0, 0, 2361, 22726733, 29945, 18557159, 72302653, 11400192, 0, 1, 1549, 38, 0, 0]}
HISTORY_PROVIDER_WORK state=13 stage=save_custody scope=operation-reader-only opens=1 group_decodes=139 pooled=PoolReadCounters { leaf_requests: 976, chain_edges: 1310, physical_record_calls: 4572, physical_group_decodes: 254, physical_group_decoded_bytes: 11534339, physical_group_cache_hits: 4318, value_group_decodes: 3356, pack_fetches: 36, pack_bytes: 1462587 }
HISTORY_POOLED_WORK state=13 stage=save_custody scope=operation-reader-only cumulative=PoolReadCounters { leaf_requests: 976, chain_edges: 1310, physical_record_calls: 4572, physical_group_decodes: 254, physical_group_decoded_bytes: 11534339, physical_group_cache_hits: 4318, value_group_decodes: 3356, pack_fetches: 36, pack_bytes: 1462587 }
HISTORY_STATE_WORK {"state":13,"full157":121,"changed_paths":4086,"offered_objects":3985,"acquire_ns":1483114041,"construct_ns":135598750,"filesystem_ns":389555291,"save_custody_ns":933518208}
DIAGNOSTIC state=13 full157=121 root=ObjectId("f47315de1d996263ecfc900244742c43862765e90e781a1c84619785e18b2928")
HISTORY_COLD_BOUNDARY {"before_state":14,"wall_ns":5746667,"attestation":{"files":2,"length_bytes":30896128,"total_pages":1887,"resident_first":1821,"resident_after":0,"invalidated_files":2,"page_size_bytes":16384,"first_pass_ns":2139000,"attestation_ns":698000,"opens":6,"fstats":6,"mmap_calls":4,"mincore_calls":6,"munmap_calls":4,"msync_calls":2,"inventory_entries":4,"vector_peak_bytes":1884}}
HISTORY_ENGINE_WORK {"state":14,"stage":"acquisition","available":true,"values":[0, 0, 0, 0, 0, 0, 0, 0, 0, 0, 0, 0, 0, 0, 0, 0, 0, 0, 0]}
HISTORY_ENGINE_WORK {"state":14,"stage":"construction","available":true,"values":[68, 1454, 8033000, 0, 0, 0, 0, 55, 940501, 63, 200174, 730692, 0, 0, 0, 14, 3, 0, 0]}
HISTORY_PROVIDER_WORK state=14 stage=construction scope=operation-reader-only opens=1 group_decodes=1 pooled=PoolReadCounters { leaf_requests: 0, chain_edges: 0, physical_record_calls: 0, physical_group_decodes: 0, physical_group_decoded_bytes: 0, physical_group_cache_hits: 0, value_group_decodes: 0, pack_fetches: 0, pack_bytes: 0 }
HISTORY_POOLED_WORK state=14 stage=construction scope=operation-reader-only cumulative=PoolReadCounters { leaf_requests: 0, chain_edges: 0, physical_record_calls: 0, physical_group_decodes: 0, physical_group_decoded_bytes: 0, physical_group_cache_hits: 0, value_group_decodes: 0, pack_fetches: 0, pack_bytes: 0 }
HISTORY_ENGINE_WORK {"state":14,"stage":"filesystem","available":true,"values":[26325, 925714, 276598000, 0, 0, 0, 0, 10553, 32002180, 26325, 59164262, 55007396, 0, 0, 0, 2223, 3, 0, 0]}
HISTORY_PROVIDER_WORK state=14 stage=filesystem scope=operation-reader-only opens=1 group_decodes=261 pooled=PoolReadCounters { leaf_requests: 1414, chain_edges: 2053, physical_record_calls: 6934, physical_group_decodes: 659, physical_group_decoded_bytes: 30035950, physical_group_cache_hits: 6275, value_group_decodes: 4510, pack_fetches: 40, pack_bytes: 1657918 }
HISTORY_POOLED_WORK state=14 stage=filesystem scope=operation-reader-only cumulative=PoolReadCounters { leaf_requests: 1414, chain_edges: 2053, physical_record_calls: 6934, physical_group_decodes: 659, physical_group_decoded_bytes: 30035950, physical_group_cache_hits: 6275, value_group_decodes: 4510, pack_fetches: 40, pack_bytes: 1657918 }
HISTORY_ENGINE_WORK {"state":14,"stage":"save_custody","available":true,"values":[41921, 2180694, 389657000, 0, 0, 0, 0, 2891, 28918258, 41846, 24111478, 102571303, 17496064, 0, 1, 1870, 49, 0, 0]}
HISTORY_PROVIDER_WORK state=14 stage=save_custody scope=operation-reader-only opens=1 group_decodes=261 pooled=PoolReadCounters { leaf_requests: 1414, chain_edges: 2053, physical_record_calls: 6934, physical_group_decodes: 659, physical_group_decoded_bytes: 30035950, physical_group_cache_hits: 6275, value_group_decodes: 4510, pack_fetches: 40, pack_bytes: 1657918 }
HISTORY_POOLED_WORK state=14 stage=save_custody scope=operation-reader-only cumulative=PoolReadCounters { leaf_requests: 1414, chain_edges: 2053, physical_record_calls: 6934, physical_group_decodes: 659, physical_group_decoded_bytes: 30035950, physical_group_cache_hits: 6275, value_group_decodes: 4510, pack_fetches: 40, pack_bytes: 1657918 }
HISTORY_STATE_WORK {"state":14,"full157":131,"changed_paths":6320,"offered_objects":5983,"acquire_ns":1898920875,"construct_ns":175669708,"filesystem_ns":676868500,"save_custody_ns":1227574791}
DIAGNOSTIC state=14 full157=131 root=ObjectId("9619cad6e350b6c872b95ed5ec8468a07e24453df60032ff8f826e581ab57878")
HISTORY_COLD_BOUNDARY {"before_state":15,"wall_ns":6127875,"attestation":{"files":2,"length_bytes":35759104,"total_pages":2183,"resident_first":2105,"resident_after":0,"invalidated_files":2,"page_size_bytes":16384,"first_pass_ns":2428000,"attestation_ns":830000,"opens":6,"fstats":6,"mmap_calls":4,"mincore_calls":6,"munmap_calls":4,"msync_calls":2,"inventory_entries":4,"vector_peak_bytes":2180}}
HISTORY_ENGINE_WORK {"state":15,"stage":"acquisition","available":true,"values":[0, 0, 0, 0, 0, 0, 0, 0, 0, 0, 0, 0, 0, 0, 0, 0, 0, 0, 0]}
HISTORY_ENGINE_WORK {"state":15,"stage":"construction","available":true,"values":[93, 1989, 10399000, 0, 0, 0, 0, 75, 1052292, 88, 238499, 973792, 0, 0, 0, 19, 1, 0, 0]}
HISTORY_PROVIDER_WORK state=15 stage=construction scope=operation-reader-only opens=1 group_decodes=1 pooled=PoolReadCounters { leaf_requests: 0, chain_edges: 0, physical_record_calls: 0, physical_group_decodes: 0, physical_group_decoded_bytes: 0, physical_group_cache_hits: 0, value_group_decodes: 0, pack_fetches: 0, pack_bytes: 0 }
HISTORY_POOLED_WORK state=15 stage=construction scope=operation-reader-only cumulative=PoolReadCounters { leaf_requests: 0, chain_edges: 0, physical_record_calls: 0, physical_group_decodes: 0, physical_group_decoded_bytes: 0, physical_group_cache_hits: 0, value_group_decodes: 0, pack_fetches: 0, pack_bytes: 0 }
HISTORY_ENGINE_WORK {"state":15,"stage":"filesystem","available":true,"values":[27839, 969364, 261480000, 0, 0, 0, 0, 11733, 34959607, 27839, 61501656, 50118577, 0, 0, 0, 2478, 3, 0, 0]}
HISTORY_PROVIDER_WORK state=15 stage=filesystem scope=operation-reader-only opens=1 group_decodes=284 pooled=PoolReadCounters { leaf_requests: 1617, chain_edges: 1319, physical_record_calls: 5872, physical_group_decodes: 496, physical_group_decoded_bytes: 23278963, physical_group_cache_hits: 5376, value_group_decodes: 4832, pack_fetches: 43, pack_bytes: 1923545 }
HISTORY_POOLED_WORK state=15 stage=filesystem scope=operation-reader-only cumulative=PoolReadCounters { leaf_requests: 1617, chain_edges: 1319, physical_record_calls: 5872, physical_group_decodes: 496, physical_group_decoded_bytes: 23278963, physical_group_cache_hits: 5376, value_group_decodes: 4832, pack_fetches: 43, pack_bytes: 1923545 }
HISTORY_ENGINE_WORK {"state":15,"stage":"save_custody","available":true,"values":[39645, 2091929, 409088000, 0, 0, 0, 0, 3234, 32360807, 39566, 27231571, 128962616, 20019200, 0, 1, 2076, 76, 0, 0]}
HISTORY_PROVIDER_WORK state=15 stage=save_custody scope=operation-reader-only opens=1 group_decodes=284 pooled=PoolReadCounters { leaf_requests: 1617, chain_edges: 1319, physical_record_calls: 5872, physical_group_decodes: 496, physical_group_decoded_bytes: 23278963, physical_group_cache_hits: 5376, value_group_decodes: 4832, pack_fetches: 43, pack_bytes: 1923545 }
HISTORY_POOLED_WORK state=15 stage=save_custody scope=operation-reader-only cumulative=PoolReadCounters { leaf_requests: 1617, chain_edges: 1319, physical_record_calls: 5872, physical_group_decodes: 496, physical_group_decoded_bytes: 23278963, physical_group_cache_hits: 5376, value_group_decodes: 4832, pack_fetches: 43, pack_bytes: 1923545 }
HISTORY_STATE_WORK {"state":15,"full157":141,"changed_paths":6408,"offered_objects":6093,"acquire_ns":2035232542,"construct_ns":185076750,"filesystem_ns":685814208,"save_custody_ns":1274143250}
DIAGNOSTIC state=15 full157=141 root=ObjectId("3728f7dbc9b8276322b1c92d3db550bf95d46b27e74e14a9bc13ca740110689f")
HISTORY_COLD_BOUNDARY {"before_state":16,"wall_ns":6872000,"attestation":{"files":2,"length_bytes":42068992,"total_pages":2569,"resident_first":2482,"resident_after":0,"invalidated_files":2,"page_size_bytes":16384,"first_pass_ns":2964000,"attestation_ns":924000,"opens":6,"fstats":6,"mmap_calls":4,"mincore_calls":6,"munmap_calls":4,"msync_calls":2,"inventory_entries":4,"vector_peak_bytes":2566}}
HISTORY_ENGINE_WORK {"state":16,"stage":"acquisition","available":true,"values":[0, 0, 0, 0, 0, 0, 0, 0, 0, 0, 0, 0, 0, 0, 0, 0, 0, 0, 0]}
HISTORY_ENGINE_WORK {"state":16,"stage":"construction","available":true,"values":[82, 1672, 6040000, 0, 0, 0, 0, 68, 856621, 77, 196795, 1018916, 0, 0, 0, 15, 2, 0, 0]}
HISTORY_PROVIDER_WORK state=16 stage=construction scope=operation-reader-only opens=1 group_decodes=1 pooled=PoolReadCounters { leaf_requests: 0, chain_edges: 0, physical_record_calls: 0, physical_group_decodes: 0, physical_group_decoded_bytes: 0, physical_group_cache_hits: 0, value_group_decodes: 0, pack_fetches: 0, pack_bytes: 0 }
HISTORY_POOLED_WORK state=16 stage=construction scope=operation-reader-only cumulative=PoolReadCounters { leaf_requests: 0, chain_edges: 0, physical_record_calls: 0, physical_group_decodes: 0, physical_group_decoded_bytes: 0, physical_group_cache_hits: 0, value_group_decodes: 0, pack_fetches: 0, pack_bytes: 0 }
HISTORY_ENGINE_WORK {"state":16,"stage":"filesystem","available":true,"values":[19824, 692033, 225305000, 0, 0, 0, 0, 8534, 26827181, 19824, 47058145, 51524964, 0, 0, 0, 1864, 4, 0, 0]}
HISTORY_PROVIDER_WORK state=16 stage=filesystem scope=operation-reader-only opens=1 group_decodes=133 pooled=PoolReadCounters { leaf_requests: 1267, chain_edges: 797, physical_record_calls: 4128, physical_group_decodes: 232, physical_group_decoded_bytes: 10557375, physical_group_cache_hits: 3896, value_group_decodes: 4777, pack_fetches: 47, pack_bytes: 2161382 }
HISTORY_POOLED_WORK state=16 stage=filesystem scope=operation-reader-only cumulative=PoolReadCounters { leaf_requests: 1267, chain_edges: 797, physical_record_calls: 4128, physical_group_decodes: 232, physical_group_decoded_bytes: 10557375, physical_group_cache_hits: 3896, value_group_decodes: 4777, pack_fetches: 47, pack_bytes: 2161382 }
HISTORY_ENGINE_WORK {"state":16,"stage":"save_custody","available":true,"values":[37952, 1932247, 443347000, 0, 0, 0, 0, 3234, 30495965, 37879, 26420174, 137226264, 15388672, 0, 1, 2178, 47, 0, 0]}
HISTORY_PROVIDER_WORK state=16 stage=save_custody scope=operation-reader-only opens=1 group_decodes=133 pooled=PoolReadCounters { leaf_requests: 1267, chain_edges: 797, physical_record_calls: 4128, physical_group_decodes: 232, physical_group_decoded_bytes: 10557375, physical_group_cache_hits: 3896, value_group_decodes: 4777, pack_fetches: 47, pack_bytes: 2161382 }
HISTORY_POOLED_WORK state=16 stage=save_custody scope=operation-reader-only cumulative=PoolReadCounters { leaf_requests: 1267, chain_edges: 797, physical_record_calls: 4128, physical_group_decodes: 232, physical_group_decoded_bytes: 10557375, physical_group_cache_hits: 3896, value_group_decodes: 4777, pack_fetches: 47, pack_bytes: 2161382 }
HISTORY_STATE_WORK {"state":16,"full157":151,"changed_paths":4727,"offered_objects":4899,"acquire_ns":1878181167,"construct_ns":165097209,"filesystem_ns":515733167,"save_custody_ns":1258600583}
DIAGNOSTIC state=16 full157=151 root=ObjectId("fe6aa65d2f28b1f3a6fd946a400e85549bf2b6c82a0fd8b440dd6db0ece83241")
HISTORY_COLD_BOUNDARY {"before_state":17,"wall_ns":10197458,"attestation":{"files":2,"length_bytes":45806592,"total_pages":2797,"resident_first":2699,"resident_after":0,"invalidated_files":2,"page_size_bytes":16384,"first_pass_ns":3182000,"attestation_ns":998000,"opens":6,"fstats":6,"mmap_calls":4,"mincore_calls":6,"munmap_calls":4,"msync_calls":2,"inventory_entries":4,"vector_peak_bytes":2794}}
HISTORY_ENGINE_WORK {"state":17,"stage":"acquisition","available":true,"values":[0, 0, 0, 0, 0, 0, 0, 0, 0, 0, 0, 0, 0, 0, 0, 0, 0, 0, 0]}
HISTORY_ENGINE_WORK {"state":17,"stage":"construction","available":true,"values":[96, 2162, 15708000, 0, 0, 0, 0, 75, 1169831, 91, 280669, 2280580, 0, 0, 0, 22, 1, 0, 0]}
HISTORY_PROVIDER_WORK state=17 stage=construction scope=operation-reader-only opens=1 group_decodes=1 pooled=PoolReadCounters { leaf_requests: 0, chain_edges: 0, physical_record_calls: 0, physical_group_decodes: 0, physical_group_decoded_bytes: 0, physical_group_cache_hits: 0, value_group_decodes: 0, pack_fetches: 0, pack_bytes: 0 }
HISTORY_POOLED_WORK state=17 stage=construction scope=operation-reader-only cumulative=PoolReadCounters { leaf_requests: 0, chain_edges: 0, physical_record_calls: 0, physical_group_decodes: 0, physical_group_decoded_bytes: 0, physical_group_cache_hits: 0, value_group_decodes: 0, pack_fetches: 0, pack_bytes: 0 }
HISTORY_ENGINE_WORK {"state":17,"stage":"filesystem","available":true,"values":[19256, 679903, 226876000, 0, 0, 0, 0, 7996, 24545409, 19256, 45891294, 50935948, 0, 0, 0, 1742, 3, 0, 0]}
HISTORY_PROVIDER_WORK state=17 stage=filesystem scope=operation-reader-only opens=1 group_decodes=116 pooled=PoolReadCounters { leaf_requests: 1184, chain_edges: 828, physical_record_calls: 4024, physical_group_decodes: 232, physical_group_decoded_bytes: 10456791, physical_group_cache_hits: 3792, value_group_decodes: 4801, pack_fetches: 52, pack_bytes: 2422410 }
HISTORY_POOLED_WORK state=17 stage=filesystem scope=operation-reader-only cumulative=PoolReadCounters { leaf_requests: 1184, chain_edges: 828, physical_record_calls: 4024, physical_group_decodes: 232, physical_group_decoded_bytes: 10456791, physical_group_cache_hits: 3792, value_group_decodes: 4801, pack_fetches: 52, pack_bytes: 2422410 }
HISTORY_ENGINE_WORK {"state":17,"stage":"save_custody","available":true,"values":[35220, 1828688, 450175000, 0, 0, 0, 0, 3204, 30128387, 35147, 31488005, 138607281, 16514048, 0, 1, 2118, 43, 0, 0]}
HISTORY_PROVIDER_WORK state=17 stage=save_custody scope=operation-reader-only opens=1 group_decodes=116 pooled=PoolReadCounters { leaf_requests: 1184, chain_edges: 828, physical_record_calls: 4024, physical_group_decodes: 232, physical_group_decoded_bytes: 10456791, physical_group_cache_hits: 3792, value_group_decodes: 4801, pack_fetches: 52, pack_bytes: 2422410 }
HISTORY_POOLED_WORK state=17 stage=save_custody scope=operation-reader-only cumulative=PoolReadCounters { leaf_requests: 1184, chain_edges: 828, physical_record_calls: 4024, physical_group_decodes: 232, physical_group_decoded_bytes: 10456791, physical_group_cache_hits: 3792, value_group_decodes: 4801, pack_fetches: 52, pack_bytes: 2422410 }
HISTORY_STATE_WORK {"state":17,"full157":157,"changed_paths":5914,"offered_objects":4976,"acquire_ns":1612113833,"construct_ns":172428042,"filesystem_ns":530949167,"save_custody_ns":1257153500}
DIAGNOSTIC state=17 full157=157 root=ObjectId("b9a4eeac902c5b6d10acc1d26fd69f9c1f809e1b0d68316eb98a873e9eea5d03")
HISTORY_COLD_BOUNDARY {"before_state":18,"wall_ns":7299750,"attestation":{"files":2,"length_bytes":49615872,"total_pages":3029,"resident_first":2909,"resident_after":0,"invalidated_files":2,"page_size_bytes":16384,"first_pass_ns":3303000,"attestation_ns":1131000,"opens":6,"fstats":6,"mmap_calls":4,"mincore_calls":6,"munmap_calls":4,"msync_calls":2,"inventory_entries":4,"vector_peak_bytes":3026}}
HISTORY_COLD_TOTAL {"checks":17,"wall_ns":89617167}
