STARTED o:ea546940ccda5ba4557c09a7d0b761ea Monitor { command: Operation { operation_id: None } }
PROGRESS o:ea546940ccda5ba4557c09a7d0b761ea Running 0 - 0
SNAPSHOT Monitor
o:8c5c4feb35c31e409e96d88c711e8640 outcome=Succeeded queued_ns=0 service_ns=9702625 fragments=1
o:6637285b6a1cb3f8e720f7e184fb9138 outcome=Succeeded queued_ns=0 service_ns=363042 fragments=1
o:40a7c226f9947cc4e5beddeba38b6a1e outcome=Succeeded queued_ns=0 service_ns=3838416 fragments=1
o:53e0b1077852775f188ebd9fd9d8f25a outcome=Succeeded queued_ns=0 service_ns=179750 fragments=1
o:54b15a8c6516a80871e30eb81b796e58 outcome=Succeeded queued_ns=0 service_ns=9596291 fragments=1
o:339fc4231a08dca2fcbdfd5030d970cc outcome=Succeeded queued_ns=0 service_ns=3490416 fragments=1
o:dcde13638451bfeb2971ae3588705c51 outcome=Succeeded queued_ns=0 service_ns=119333 fragments=1
o:b2fff05b4089c88df556fa1317b2483a outcome=Succeeded queued_ns=0 service_ns=3853541 fragments=1
o:c8faebef1852c27a3a7d73645c0ab07c outcome=Succeeded queued_ns=0 service_ns=204708 fragments=1
o:a3b0b2e35dff8d753dc69e4b4b2f751f outcome=Succeeded queued_ns=0 service_ns=258350250 fragments=1
o:452867bea6a6a37da75d859254be2f69 outcome=Succeeded queued_ns=0 service_ns=246521750 fragments=1
o:a3da7a3316ff3c722c314a194b1eab30 outcome=Succeeded queued_ns=0 service_ns=627625 fragments=1
o:2930c9bd4ab8db0fab6f00d568da9bdd outcome=Succeeded queued_ns=0 service_ns=138159500 fragments=1
o:cb414ee20a5da721b8d15bfdda0af262 outcome=Succeeded queued_ns=0 service_ns=219276875 fragments=1
o:a8cc9c8b133e6db469954337c913ca87 outcome=Succeeded queued_ns=0 service_ns=259647708 fragments=1
o:bf573117fcc8928c7c28027a10853c35 outcome=Succeeded queued_ns=0 service_ns=681583 fragments=1
o:74b2d4e35f24ac687b31c646eb9efea1 outcome=Succeeded queued_ns=0 service_ns=140454459 fragments=1
o:906ae6356b6d048f9d865f32155ebf78 outcome=Succeeded queued_ns=0 service_ns=178159625 fragments=1
o:4ed47b666f9925396ebd730b8e27ea7a outcome=Succeeded queued_ns=0 service_ns=651875 fragments=1
o:169f72733245c9b599a7b971e96187f9 outcome=Succeeded queued_ns=0 service_ns=156040209 fragments=1
o:3824f8126599b5390e2052de03abf23e outcome=Succeeded queued_ns=0 service_ns=201198625 fragments=1
o:b1d9e73808bcb4577356e3ef92544c0f outcome=Succeeded queued_ns=0 service_ns=280836083 fragments=1
o:9707f8d0a0766030d1785a71a7e8f32a outcome=Succeeded queued_ns=0 service_ns=255138875 fragments=1
o:dc6006680120b7f4ea3e974c41343425 outcome=Succeeded queued_ns=0 service_ns=258741917 fragments=1
o:1f617d403f0e68710693358cce24e90b outcome=Succeeded queued_ns=0 service_ns=106461917 fragments=1
o:b3308038e4419620c13047aed118b3f7 outcome=Succeeded queued_ns=0 service_ns=42677209 fragments=1
o:010d1a99e5481b171e4c475ee8a8406b outcome=Succeeded queued_ns=0 service_ns=8875 fragments=1
o:784546a639c809722cf9637f21b56534 outcome=Succeeded queued_ns=0 service_ns=139146167 fragments=1
o:1cc1f087c4d53b1e5b030520566ef278 outcome=Succeeded queued_ns=0 service_ns=86615250 fragments=1
o:4feff200ce980f19dad6cd4a3ebe1d76 outcome=Succeeded queued_ns=0 service_ns=10542 fragments=1
o:952e4a56f0f9fbe9bc717bbb9cf9ab5e outcome=Succeeded queued_ns=0 service_ns=153667 fragments=1
o:fbd07e42ca5cad3c7d6ca2bd499845bf outcome=Succeeded queued_ns=0 service_ns=120329584 fragments=1
o:53e62a58038fd68eb489b81618200e4a outcome=Succeeded queued_ns=0 service_ns=268019750 fragments=1
o:c8390d120bfcf571b7cf228a101528b2 outcome=Succeeded queued_ns=0 service_ns=277860125 fragments=1
o:c4d467580f3df930e76d72606ef746b6 outcome=Succeeded queued_ns=0 service_ns=218572791 fragments=1
o:fd34ec6bd08e10ce36a8f0d1a4cbe8a0 outcome=Succeeded queued_ns=0 service_ns=208075542 fragments=1
o:b42de8ef4c36e91242f028e38daa6969 outcome=Succeeded queued_ns=0 service_ns=3443792 fragments=1
o:24e14628a460b5bff111d5957b4c8d78 outcome=Succeeded queued_ns=0 service_ns=1759000 fragments=1
o:8f3cb73580f08f4e0033e14530a40355 outcome=Succeeded queued_ns=0 service_ns=4872084 fragments=1
o:57c6d68efc5dfdebf62d494c90ed6ac4 outcome=Succeeded queued_ns=0 service_ns=3389417 fragments=1
o:3ec05e7505c712c22381e75908de0881 outcome=Succeeded queued_ns=0 service_ns=168625 fragments=1
o:41f9a085bea6d0c27d4ebc6b3492a8ae outcome=Succeeded queued_ns=0 service_ns=159500 fragments=1
o:f6fa023f1dbaaa696054bc454a3063c8 outcome=Succeeded queued_ns=0 service_ns=836333 fragments=1
o:36440c09716994c110a3947dfa5517ad outcome=Succeeded queued_ns=0 service_ns=754084 fragments=1
o:cc1793ab7ef2052c928f114cfde69943 outcome=Succeeded queued_ns=0 service_ns=4456208 fragments=1
o:37fa640f1177df09449eef40c39ce315 outcome=Succeeded queued_ns=0 service_ns=3248792 fragments=1
o:ec931d498e5d8a26bcb9d54833d2cc81 outcome=Succeeded queued_ns=0 service_ns=301917 fragments=1
o:eae2b6bc77529b99fe15d502029394b1 outcome=Succeeded queued_ns=0 service_ns=368375 fragments=1
o:ec5ac7608d337196536dfff3aa06c328 outcome=Succeeded queued_ns=0 service_ns=1622833 fragments=1
o:b63840014f49d75dd6a7d3f3e6ba2f8c outcome=Succeeded queued_ns=0 service_ns=97125 fragments=1
o:15dedcada8e768b8e5c53e4a303d509e outcome=Succeeded queued_ns=0 service_ns=81541 fragments=1
o:6a06ad253125ddbedf75222461824eb3 outcome=Succeeded queued_ns=0 service_ns=24875 fragments=1
o:aec12fe80224f0e2027561fa3f51f7c3 outcome=Succeeded queued_ns=0 service_ns=299792 fragments=1
FINISHED OK
RECEIPT operation=o:ea546940ccda5ba4557c09a7d0b761ea service_ns=16416
INVOCATION operation=o:ea546940ccda5ba4557c09a7d0b761ea outcome=Succeeded total_ns=905958 parse_ns=152417 context_ns=556334 wait_ns=58833 render_ns=123544
