config: REPS=3 WARMUP=1 RANDOMIZE_TARGETS=1 targets=/workspace /tmp

[1m=== tiny file churn (1000 files) ===[0m
  [32mOK[0m    create 1000 files              computerd  mean=240.3 med=244.0 p95=261.3 ms (n=3)
  [32mOK[0m    create 1000 files              base  mean=8.2 med=8.3 p95=8.5 ms (n=3)
  [32mOK[0m    stat 1000 files                computerd  mean=710.6 med=710.8 p95=711.9 ms (n=3)
  [32mOK[0m    stat 1000 files                base  mean=451.0 med=449.3 p95=457.2 ms (n=3)
  [32mOK[0m    rm 1000 files                  computerd  mean=454.8 med=456.8 p95=461.5 ms (n=3)
  [32mOK[0m    rm 1000 files                  base  mean=10.3 med=10.2 p95=10.9 ms (n=3)

[1m=== directory traversal ===[0m
  [32mOK[0m    mkdir tree (10x10x10)          computerd  mean=655.1 med=656.1 p95=662.0 ms (n=3)
  [32mOK[0m    mkdir tree (10x10x10)          base  mean=392.3 med=393.7 p95=395.6 ms (n=3)
  [32mOK[0m    find tree                      computerd  mean=720.5 med=723.7 p95=741.1 ms (n=3)
  [32mOK[0m    find tree                      base  mean=433.0 med=433.7 p95=438.8 ms (n=3)

[1m=== large file I/O ===[0m
  [32mOK[0m    write 64 MiB                   computerd  mean=13.7 med=14.0 p95=14.2 ms (n=3)
  [32mOK[0m    write 64 MiB                   base  mean=22.0 med=22.5 p95=24.2 ms (n=3)
  [32mOK[0m    copy 64 MiB                    computerd  mean=97.6 med=97.3 p95=99.6 ms (n=3)
  [32mOK[0m    copy 64 MiB                    base  mean=34.9 med=35.2 p95=35.8 ms (n=3)
  [32mOK[0m    read 64 MiB                    computerd  mean=50.0 med=49.8 p95=50.6 ms (n=3)
  [32mOK[0m    read 64 MiB                    base  mean=29.3 med=29.7 p95=30.2 ms (n=3)
  [32mOK[0m    pure read 64 MiB               computerd  mean=35.8 med=35.8 p95=36.9 ms (n=3)
  [32mOK[0m    pure read 64 MiB               base  mean=7.0 med=6.5 p95=8.3 ms (n=3)
  [32mOK[0m    pure copy 64 MiB               computerd  mean=75.8 med=82.5 p95=85.9 ms (n=3)
  [32mOK[0m    pure copy 64 MiB               base  mean=14.5 med=14.7 p95=14.9 ms (n=3)
  [32mOK[0m    overwrite 64 MiB               computerd  mean=15.5 med=15.0 p95=16.7 ms (n=3)
  [32mOK[0m    overwrite 64 MiB               base  mean=18.2 med=18.7 p95=18.7 ms (n=3)

[1m=== git ===[0m
  [32mOK[0m    git init + commit 100 files    computerd  mean=192.9 med=193.8 p95=194.7 ms (n=3)
  [32mOK[0m    git init + commit 100 files    base  mean=8.5 med=8.5 p95=9.1 ms (n=3)
  SKIP  npm scenarios (npm not installed)
  SKIP  go scenarios (go not installed)

[1m=== summary ===[0m
  scenario                       computerd mean computerd p95    base mean     base p95      ratio
  copy 64 MiB                         97.6 ms      99.6 ms      34.9 ms      35.8 ms      2.80x
  create 1000 files                  240.3 ms     261.3 ms       8.2 ms       8.5 ms     29.31x
  find tree                          720.5 ms     741.1 ms     433.0 ms     438.8 ms      1.66x
  git init + commit 100 files        192.9 ms     194.7 ms       8.5 ms       9.1 ms     22.75x
  mkdir tree (10x10x10)              655.1 ms     662.0 ms     392.3 ms     395.6 ms      1.67x
  overwrite 64 MiB                    15.5 ms      16.7 ms      18.2 ms      18.7 ms      0.85x
  pure copy 64 MiB                    75.8 ms      85.9 ms      14.5 ms      14.9 ms      5.23x
  pure read 64 MiB                    35.8 ms      36.9 ms       7.0 ms       8.3 ms      5.11x
  read 64 MiB                         50.0 ms      50.6 ms      29.3 ms      30.2 ms      1.70x
  rm 1000 files                      454.8 ms     461.5 ms      10.3 ms      10.9 ms     44.14x
  stat 1000 files                    710.6 ms     711.9 ms     451.0 ms     457.2 ms      1.58x
  write 64 MiB                        13.7 ms      14.2 ms      22.0 ms      24.2 ms      0.62x
wrote JSON summary to /tmp/stacked-tmpfs.json
