HISTORY_ENGINE_WORK {"state":1,"stage":"acquisition","available":true,"values":[0, 0, 0, 0, 0, 0, 0, 0, 0, 0, 0, 0, 0, 0, 0, 0, 0, 0, 0]}
HISTORY_ENGINE_WORK {"state":1,"stage":"construction","available":true,"values":[0, 0, 0, 0, 0, 0, 0, 0, 0, 0, 0, 0, 0, 0, 0, 0, 0, 0, 0]}
HISTORY_PROVIDER_WORK state=1 stage=construction scope=operation-reader-only opens=0 group_decodes=0 pooled=PoolReadCounters { leaf_requests: 0, chain_edges: 0, physical_record_calls: 0, physical_group_decodes: 0, physical_group_decoded_bytes: 0, physical_group_cache_hits: 0, value_group_decodes: 0, pack_fetches: 0, pack_bytes: 0 }
HISTORY_POOLED_WORK state=1 stage=construction scope=operation-reader-only cumulative=PoolReadCounters { leaf_requests: 0, chain_edges: 0, physical_record_calls: 0, physical_group_decodes: 0, physical_group_decoded_bytes: 0, physical_group_cache_hits: 0, value_group_decodes: 0, pack_fetches: 0, pack_bytes: 0 }
HISTORY_ENGINE_WORK {"state":1,"stage":"filesystem","available":true,"values":[0, 0, 0, 0, 0, 0, 0, 0, 0, 0, 0, 0, 0, 0, 0, 0, 0, 0, 0]}
HISTORY_PROVIDER_WORK state=1 stage=filesystem scope=operation-reader-only opens=0 group_decodes=0 pooled=PoolReadCounters { leaf_requests: 0, chain_edges: 0, physical_record_calls: 0, physical_group_decodes: 0, physical_group_decoded_bytes: 0, physical_group_cache_hits: 0, value_group_decodes: 0, pack_fetches: 0, pack_bytes: 0 }
HISTORY_POOLED_WORK state=1 stage=filesystem scope=operation-reader-only cumulative=PoolReadCounters { leaf_requests: 0, chain_edges: 0, physical_record_calls: 0, physical_group_decodes: 0, physical_group_decoded_bytes: 0, physical_group_cache_hits: 0, value_group_decodes: 0, pack_fetches: 0, pack_bytes: 0 }
HISTORY_ENGINE_WORK {"state":1,"stage":"save_custody","available":true,"values":[922, 67134, 5069000, 0, 0, 0, 0, 195, 2626587, 891, 286125, 96546, 856064, 0, 1, 18, 16, 0, 0]}
HISTORY_PROVIDER_WORK state=1 stage=save_custody scope=operation-reader-only opens=0 group_decodes=0 pooled=PoolReadCounters { leaf_requests: 0, chain_edges: 0, physical_record_calls: 0, physical_group_decodes: 0, physical_group_decoded_bytes: 0, physical_group_cache_hits: 0, value_group_decodes: 0, pack_fetches: 0, pack_bytes: 0 }
HISTORY_POOLED_WORK state=1 stage=save_custody scope=operation-reader-only cumulative=PoolReadCounters { leaf_requests: 0, chain_edges: 0, physical_record_calls: 0, physical_group_decodes: 0, physical_group_decoded_bytes: 0, physical_group_cache_hits: 0, value_group_decodes: 0, pack_fetches: 0, pack_bytes: 0 }
HISTORY_STATE_WORK {"state":1,"full157":1,"changed_paths":276,"offered_objects":364,"acquire_ns":41107959,"construct_ns":6711500,"filesystem_ns":1431917,"save_custody_ns":30210708}
DIAGNOSTIC state=1 full157=1 root=ObjectId("ff484f8d92f57413ee83e7201fb04c8512ffd7bed3083471713db4e8e17c70d3")
HISTORY_COLD_BOUNDARY {"before_state":2,"wall_ns":3702583,"attestation":{"files":2,"length_bytes":699392,"total_pages":43,"resident_first":43,"resident_after":0,"invalidated_files":2,"page_size_bytes":16384,"first_pass_ns":338000,"attestation_ns":62000,"opens":6,"fstats":6,"mmap_calls":4,"mincore_calls":6,"munmap_calls":4,"msync_calls":2,"inventory_entries":4,"vector_peak_bytes":41}}
HISTORY_ENGINE_WORK {"state":2,"stage":"acquisition","available":true,"values":[0, 0, 0, 0, 0, 0, 0, 0, 0, 0, 0, 0, 0, 0, 0, 0, 0, 0, 0]}
HISTORY_ENGINE_WORK {"state":2,"stage":"construction","available":true,"values":[0, 0, 0, 0, 0, 0, 0, 0, 0, 0, 0, 0, 0, 0, 0, 0, 0, 0, 0]}
HISTORY_PROVIDER_WORK state=2 stage=construction scope=operation-reader-only opens=0 group_decodes=0 pooled=PoolReadCounters { leaf_requests: 0, chain_edges: 0, physical_record_calls: 0, physical_group_decodes: 0, physical_group_decoded_bytes: 0, physical_group_cache_hits: 0, value_group_decodes: 0, pack_fetches: 0, pack_bytes: 0 }
HISTORY_POOLED_WORK state=2 stage=construction scope=operation-reader-only cumulative=PoolReadCounters { leaf_requests: 0, chain_edges: 0, physical_record_calls: 0, physical_group_decodes: 0, physical_group_decoded_bytes: 0, physical_group_cache_hits: 0, value_group_decodes: 0, pack_fetches: 0, pack_bytes: 0 }
HISTORY_ENGINE_WORK {"state":2,"stage":"filesystem","available":true,"values":[1380, 35878, 9152000, 0, 0, 0, 0, 952, 3531535, 1375, 2228444, 1187118, 0, 0, 0, 188, 1, 0, 0]}
HISTORY_PROVIDER_WORK state=2 stage=filesystem scope=operation-reader-only opens=1 group_decodes=1 pooled=PoolReadCounters { leaf_requests: 112, chain_edges: 0, physical_record_calls: 224, physical_group_decodes: 0, physical_group_decoded_bytes: 0, physical_group_cache_hits: 224, value_group_decodes: 7, pack_fetches: 2, pack_bytes: 24073 }
HISTORY_POOLED_WORK state=2 stage=filesystem scope=operation-reader-only cumulative=PoolReadCounters { leaf_requests: 112, chain_edges: 0, physical_record_calls: 224, physical_group_decodes: 0, physical_group_decoded_bytes: 0, physical_group_cache_hits: 224, value_group_decodes: 7, pack_fetches: 2, pack_bytes: 24073 }
HISTORY_ENGINE_WORK {"state":2,"stage":"save_custody","available":true,"values":[2980, 210688, 17444000, 0, 0, 0, 0, 387, 6364294, 2937, 703645, 632577, 2412544, 0, 1, 55, 32, 0, 0]}
HISTORY_PROVIDER_WORK state=2 stage=save_custody scope=operation-reader-only opens=1 group_decodes=1 pooled=PoolReadCounters { leaf_requests: 112, chain_edges: 0, physical_record_calls: 224, physical_group_decodes: 0, physical_group_decoded_bytes: 0, physical_group_cache_hits: 224, value_group_decodes: 7, pack_fetches: 2, pack_bytes: 24073 }
HISTORY_POOLED_WORK state=2 stage=save_custody scope=operation-reader-only cumulative=PoolReadCounters { leaf_requests: 112, chain_edges: 0, physical_record_calls: 224, physical_group_decodes: 0, physical_group_decoded_bytes: 0, physical_group_cache_hits: 224, value_group_decodes: 7, pack_fetches: 2, pack_bytes: 24073 }
HISTORY_STATE_WORK {"state":2,"full157":11,"changed_paths":985,"offered_objects":1086,"acquire_ns":180979542,"construct_ns":27151167,"filesystem_ns":24946500,"save_custody_ns":111798875}
DIAGNOSTIC state=2 full157=11 root=ObjectId("2906f3669420afb3ec336bc5d87856328371db4e9ad644ced4224cc8d3cd75ab")
HISTORY_COLD_BOUNDARY {"before_state":3,"wall_ns":4051750,"attestation":{"files":2,"length_bytes":2553856,"total_pages":156,"resident_first":154,"resident_after":0,"invalidated_files":2,"page_size_bytes":16384,"first_pass_ns":417000,"attestation_ns":115000,"opens":6,"fstats":6,"mmap_calls":4,"mincore_calls":6,"munmap_calls":4,"msync_calls":2,"inventory_entries":4,"vector_peak_bytes":154}}
HISTORY_ENGINE_WORK {"state":3,"stage":"acquisition","available":true,"values":[0, 0, 0, 0, 0, 0, 0, 0, 0, 0, 0, 0, 0, 0, 0, 0, 0, 0, 0]}
HISTORY_ENGINE_WORK {"state":3,"stage":"construction","available":true,"values":[24, 458, 1371000, 0, 0, 0, 0, 21, 576165, 19, 94916, 94014, 0, 0, 0, 4, 1, 0, 0]}
HISTORY_PROVIDER_WORK state=3 stage=construction scope=operation-reader-only opens=1 group_decodes=1 pooled=PoolReadCounters { leaf_requests: 0, chain_edges: 0, physical_record_calls: 0, physical_group_decodes: 0, physical_group_decoded_bytes: 0, physical_group_cache_hits: 0, value_group_decodes: 0, pack_fetches: 0, pack_bytes: 0 }
HISTORY_POOLED_WORK state=3 stage=construction scope=operation-reader-only cumulative=PoolReadCounters { leaf_requests: 0, chain_edges: 0, physical_record_calls: 0, physical_group_decodes: 0, physical_group_decoded_bytes: 0, physical_group_cache_hits: 0, value_group_decodes: 0, pack_fetches: 0, pack_bytes: 0 }
HISTORY_ENGINE_WORK {"state":3,"stage":"filesystem","available":true,"values":[2026, 54042, 17376000, 0, 0, 0, 0, 1394, 4730545, 2026, 3576002, 3239718, 0, 0, 0, 302, 1, 0, 0]}
HISTORY_PROVIDER_WORK state=3 stage=filesystem scope=operation-reader-only opens=1 group_decodes=3 pooled=PoolReadCounters { leaf_requests: 158, chain_edges: 0, physical_record_calls: 316, physical_group_decodes: 0, physical_group_decoded_bytes: 0, physical_group_cache_hits: 316, value_group_decodes: 29, pack_fetches: 4, pack_bytes: 80963 }
HISTORY_POOLED_WORK state=3 stage=filesystem scope=operation-reader-only cumulative=PoolReadCounters { leaf_requests: 158, chain_edges: 0, physical_record_calls: 316, physical_group_decodes: 0, physical_group_decoded_bytes: 0, physical_group_cache_hits: 316, value_group_decodes: 29, pack_fetches: 4, pack_bytes: 80963 }
HISTORY_ENGINE_WORK {"state":3,"stage":"save_custody","available":true,"values":[4405, 276700, 29292000, 0, 0, 0, 0, 442, 6642043, 4360, 1421789, 2419442, 2383872, 0, 1, 101, 19, 0, 0]}
HISTORY_PROVIDER_WORK state=3 stage=save_custody scope=operation-reader-only opens=1 group_decodes=3 pooled=PoolReadCounters { leaf_requests: 158, chain_edges: 0, physical_record_calls: 316, physical_group_decodes: 0, physical_group_decoded_bytes: 0, physical_group_cache_hits: 316, value_group_decodes: 29, pack_fetches: 4, pack_bytes: 80963 }
HISTORY_POOLED_WORK state=3 stage=save_custody scope=operation-reader-only cumulative=PoolReadCounters { leaf_requests: 158, chain_edges: 0, physical_record_calls: 316, physical_group_decodes: 0, physical_group_decoded_bytes: 0, physical_group_cache_hits: 316, value_group_decodes: 29, pack_fetches: 4, pack_bytes: 80963 }
HISTORY_STATE_WORK {"state":3,"full157":21,"changed_paths":1000,"offered_objects":1202,"acquire_ns":223994125,"construct_ns":39188917,"filesystem_ns":37893125,"save_custody_ns":168887833}
DIAGNOSTIC state=3 full157=21 root=ObjectId("1282ed4c917126c0ee219ba221243405bf0223092021c860b48163b741068bde")
HISTORY_COLD_BOUNDARY {"before_state":4,"wall_ns":3917917,"attestation":{"files":2,"length_bytes":4120576,"total_pages":252,"resident_first":250,"resident_after":0,"invalidated_files":2,"page_size_bytes":16384,"first_pass_ns":481000,"attestation_ns":216000,"opens":6,"fstats":6,"mmap_calls":4,"mincore_calls":6,"munmap_calls":4,"msync_calls":2,"inventory_entries":4,"vector_peak_bytes":250}}
HISTORY_ENGINE_WORK {"state":4,"stage":"acquisition","available":true,"values":[0, 0, 0, 0, 0, 0, 0, 0, 0, 0, 0, 0, 0, 0, 0, 0, 0, 0, 0]}
HISTORY_ENGINE_WORK {"state":4,"stage":"construction","available":true,"values":[27, 495, 631000, 0, 0, 0, 0, 24, 476335, 22, 66916, 96612, 0, 0, 0, 4, 1, 0, 0]}
HISTORY_PROVIDER_WORK state=4 stage=construction scope=operation-reader-only opens=1 group_decodes=1 pooled=PoolReadCounters { leaf_requests: 0, chain_edges: 0, physical_record_calls: 0, physical_group_decodes: 0, physical_group_decoded_bytes: 0, physical_group_cache_hits: 0, value_group_decodes: 0, pack_fetches: 0, pack_bytes: 0 }
HISTORY_POOLED_WORK state=4 stage=construction scope=operation-reader-only cumulative=PoolReadCounters { leaf_requests: 0, chain_edges: 0, physical_record_calls: 0, physical_group_decodes: 0, physical_group_decoded_bytes: 0, physical_group_cache_hits: 0, value_group_decodes: 0, pack_fetches: 0, pack_bytes: 0 }
HISTORY_ENGINE_WORK {"state":4,"stage":"filesystem","available":true,"values":[3144, 90769, 26711000, 0, 0, 0, 0, 1934, 6200744, 3144, 5312461, 4878874, 0, 0, 0, 417, 1, 0, 0]}
HISTORY_PROVIDER_WORK state=4 stage=filesystem scope=operation-reader-only opens=1 group_decodes=3 pooled=PoolReadCounters { leaf_requests: 245, chain_edges: 117, physical_record_calls: 724, physical_group_decodes: 2, physical_group_decoded_bytes: 54974, physical_group_cache_hits: 722, value_group_decodes: 59, pack_fetches: 7, pack_bytes: 151742 }
HISTORY_POOLED_WORK state=4 stage=filesystem scope=operation-reader-only cumulative=PoolReadCounters { leaf_requests: 245, chain_edges: 117, physical_record_calls: 724, physical_group_decodes: 2, physical_group_decoded_bytes: 54974, physical_group_cache_hits: 722, value_group_decodes: 59, pack_fetches: 7, pack_bytes: 151742 }
HISTORY_ENGINE_WORK {"state":4,"stage":"save_custody","available":true,"values":[5745, 335546, 45410000, 0, 0, 0, 0, 514, 8012703, 5700, 2237233, 4236619, 2328576, 0, 1, 152, 23, 0, 0]}
HISTORY_PROVIDER_WORK state=4 stage=save_custody scope=operation-reader-only opens=1 group_decodes=3 pooled=PoolReadCounters { leaf_requests: 245, chain_edges: 117, physical_record_calls: 724, physical_group_decodes: 2, physical_group_decoded_bytes: 54974, physical_group_cache_hits: 722, value_group_decodes: 59, pack_fetches: 7, pack_bytes: 151742 }
HISTORY_POOLED_WORK state=4 stage=save_custody scope=operation-reader-only cumulative=PoolReadCounters { leaf_requests: 245, chain_edges: 117, physical_record_calls: 724, physical_group_decodes: 2, physical_group_decoded_bytes: 54974, physical_group_cache_hits: 722, value_group_decodes: 59, pack_fetches: 7, pack_bytes: 151742 }
HISTORY_STATE_WORK {"state":4,"full157":31,"changed_paths":1103,"offered_objects":1260,"acquire_ns":252149750,"construct_ns":41173458,"filesystem_ns":55244167,"save_custody_ns":206041375}
DIAGNOSTIC state=4 full157=31 root=ObjectId("92f98e576ec1811361095b29bea2cc5137d2eca8c9b3fce96d75cfb4c30a7fa9")
HISTORY_COLD_BOUNDARY {"before_state":5,"wall_ns":3886792,"attestation":{"files":2,"length_bytes":5322752,"total_pages":325,"resident_first":323,"resident_after":0,"invalidated_files":2,"page_size_bytes":16384,"first_pass_ns":553000,"attestation_ns":160000,"opens":6,"fstats":6,"mmap_calls":4,"mincore_calls":6,"munmap_calls":4,"msync_calls":2,"inventory_entries":4,"vector_peak_bytes":323}}
HISTORY_ENGINE_WORK {"state":5,"stage":"acquisition","available":true,"values":[0, 0, 0, 0, 0, 0, 0, 0, 0, 0, 0, 0, 0, 0, 0, 0, 0, 0, 0]}
HISTORY_ENGINE_WORK {"state":5,"stage":"construction","available":true,"values":[29, 565, 2394000, 0, 0, 0, 0, 25, 649083, 24, 96502, 330116, 0, 0, 0, 5, 1, 0, 0]}
HISTORY_PROVIDER_WORK state=5 stage=construction scope=operation-reader-only opens=1 group_decodes=1 pooled=PoolReadCounters { leaf_requests: 0, chain_edges: 0, physical_record_calls: 0, physical_group_decodes: 0, physical_group_decoded_bytes: 0, physical_group_cache_hits: 0, value_group_decodes: 0, pack_fetches: 0, pack_bytes: 0 }
HISTORY_POOLED_WORK state=5 stage=construction scope=operation-reader-only cumulative=PoolReadCounters { leaf_requests: 0, chain_edges: 0, physical_record_calls: 0, physical_group_decodes: 0, physical_group_decoded_bytes: 0, physical_group_cache_hits: 0, value_group_decodes: 0, pack_fetches: 0, pack_bytes: 0 }
HISTORY_ENGINE_WORK {"state":5,"stage":"filesystem","available":true,"values":[5475, 161243, 49242000, 0, 0, 0, 0, 3193, 10236442, 5475, 9852068, 7928652, 0, 0, 0, 677, 1, 0, 0]}
HISTORY_PROVIDER_WORK state=5 stage=filesystem scope=operation-reader-only opens=1 group_decodes=3 pooled=PoolReadCounters { leaf_requests: 362, chain_edges: 165, physical_record_calls: 1054, physical_group_decodes: 4, physical_group_decoded_bytes: 109549, physical_group_cache_hits: 1050, value_group_decodes: 92, pack_fetches: 10, pack_bytes: 226796 }
HISTORY_POOLED_WORK state=5 stage=filesystem scope=operation-reader-only cumulative=PoolReadCounters { leaf_requests: 362, chain_edges: 165, physical_record_calls: 1054, physical_group_decodes: 4, physical_group_decoded_bytes: 109549, physical_group_cache_hits: 1050, value_group_decodes: 92, pack_fetches: 10, pack_bytes: 226796 }
HISTORY_ENGINE_WORK {"state":5,"stage":"save_custody","available":true,"values":[11118, 687140, 70565000, 0, 0, 0, 0, 864, 14511049, 11065, 3385734, 8305168, 5515264, 0, 1, 284, 54, 0, 0]}
HISTORY_PROVIDER_WORK state=5 stage=save_custody scope=operation-reader-only opens=1 group_decodes=3 pooled=PoolReadCounters { leaf_requests: 362, chain_edges: 165, physical_record_calls: 1054, physical_group_decodes: 4, physical_group_decoded_bytes: 109549, physical_group_cache_hits: 1050, value_group_decodes: 92, pack_fetches: 10, pack_bytes: 226796 }
HISTORY_POOLED_WORK state=5 stage=save_custody scope=operation-reader-only cumulative=PoolReadCounters { leaf_requests: 362, chain_edges: 165, physical_record_calls: 1054, physical_group_decodes: 4, physical_group_decoded_bytes: 109549, physical_group_cache_hits: 1050, value_group_decodes: 92, pack_fetches: 10, pack_bytes: 226796 }
HISTORY_STATE_WORK {"state":5,"full157":41,"changed_paths":2716,"offered_objects":2846,"acquire_ns":555317833,"construct_ns":75512209,"filesystem_ns":100454459,"save_custody_ns":362898792}
DIAGNOSTIC state=5 full157=41 root=ObjectId("208d34b9ee9c867cf7e8988dd53d342d5acb4ca9ddc2420d2eb020c39d0b580f")
HISTORY_COLD_BOUNDARY {"before_state":6,"wall_ns":4016125,"attestation":{"files":2,"length_bytes":8488960,"total_pages":519,"resident_first":516,"resident_after":0,"invalidated_files":2,"page_size_bytes":16384,"first_pass_ns":762000,"attestation_ns":224000,"opens":6,"fstats":6,"mmap_calls":4,"mincore_calls":6,"munmap_calls":4,"msync_calls":2,"inventory_entries":4,"vector_peak_bytes":517}}
HISTORY_ENGINE_WORK {"state":6,"stage":"acquisition","available":true,"values":[0, 0, 0, 0, 0, 0, 0, 0, 0, 0, 0, 0, 0, 0, 0, 0, 0, 0, 0]}
HISTORY_ENGINE_WORK {"state":6,"stage":"construction","available":true,"values":[47, 923, 3247000, 0, 0, 0, 0, 40, 833458, 42, 152046, 381540, 0, 0, 0, 8, 2, 0, 0]}
HISTORY_PROVIDER_WORK state=6 stage=construction scope=operation-reader-only opens=1 group_decodes=1 pooled=PoolReadCounters { leaf_requests: 0, chain_edges: 0, physical_record_calls: 0, physical_group_decodes: 0, physical_group_decoded_bytes: 0, physical_group_cache_hits: 0, value_group_decodes: 0, pack_fetches: 0, pack_bytes: 0 }
HISTORY_POOLED_WORK state=6 stage=construction scope=operation-reader-only cumulative=PoolReadCounters { leaf_requests: 0, chain_edges: 0, physical_record_calls: 0, physical_group_decodes: 0, physical_group_decoded_bytes: 0, physical_group_cache_hits: 0, value_group_decodes: 0, pack_fetches: 0, pack_bytes: 0 }
HISTORY_ENGINE_WORK {"state":6,"stage":"filesystem","available":true,"values":[5051, 155774, 49771000, 0, 0, 0, 0, 2889, 9415214, 5051, 9515029, 13707027, 0, 0, 0, 614, 1, 0, 0]}
HISTORY_PROVIDER_WORK state=6 stage=filesystem scope=operation-reader-only opens=1 group_decodes=6 pooled=PoolReadCounters { leaf_requests: 452, chain_edges: 82, physical_record_calls: 1068, physical_group_decodes: 3, physical_group_decoded_bytes: 63022, physical_group_cache_hits: 1065, value_group_decodes: 136, pack_fetches: 10, pack_bytes: 327042 }
HISTORY_POOLED_WORK state=6 stage=filesystem scope=operation-reader-only cumulative=PoolReadCounters { leaf_requests: 452, chain_edges: 82, physical_record_calls: 1068, physical_group_decodes: 3, physical_group_decoded_bytes: 63022, physical_group_cache_hits: 1065, value_group_decodes: 136, pack_fetches: 10, pack_bytes: 327042 }
HISTORY_ENGINE_WORK {"state":6,"stage":"save_custody","available":true,"values":[10558, 611882, 92244000, 0, 0, 0, 0, 917, 12676007, 10505, 5246572, 13061836, 5564416, 0, 1, 378, 23, 0, 0]}
HISTORY_PROVIDER_WORK state=6 stage=save_custody scope=operation-reader-only opens=1 group_decodes=6 pooled=PoolReadCounters { leaf_requests: 452, chain_edges: 82, physical_record_calls: 1068, physical_group_decodes: 3, physical_group_decoded_bytes: 63022, physical_group_cache_hits: 1065, value_group_decodes: 136, pack_fetches: 10, pack_bytes: 327042 }
HISTORY_POOLED_WORK state=6 stage=save_custody scope=operation-reader-only cumulative=PoolReadCounters { leaf_requests: 452, chain_edges: 82, physical_record_calls: 1068, physical_group_decodes: 3, physical_group_decoded_bytes: 63022, physical_group_cache_hits: 1065, value_group_decodes: 136, pack_fetches: 10, pack_bytes: 327042 }
HISTORY_STATE_WORK {"state":6,"full157":51,"changed_paths":2073,"offered_objects":2233,"acquire_ns":562829333,"construct_ns":71042209,"filesystem_ns":99052875,"save_custody_ns":380946917}
DIAGNOSTIC state=6 full157=51 root=ObjectId("0bba4b43e94f8d20551a062b35379db0897e89f8de62b425b7d47abd4f79e698")
HISTORY_COLD_BOUNDARY {"before_state":7,"wall_ns":4652125,"attestation":{"files":2,"length_bytes":11257856,"total_pages":688,"resident_first":683,"resident_after":0,"invalidated_files":2,"page_size_bytes":16384,"first_pass_ns":999000,"attestation_ns":304000,"opens":6,"fstats":6,"mmap_calls":4,"mincore_calls":6,"munmap_calls":4,"msync_calls":2,"inventory_entries":4,"vector_peak_bytes":686}}
HISTORY_ENGINE_WORK {"state":7,"stage":"acquisition","available":true,"values":[0, 0, 0, 0, 0, 0, 0, 0, 0, 0, 0, 0, 0, 0, 0, 0, 0, 0, 0]}
HISTORY_ENGINE_WORK {"state":7,"stage":"construction","available":true,"values":[47, 923, 2565000, 0, 0, 0, 0, 40, 889917, 42, 135706, 292324, 0, 0, 0, 8, 1, 0, 0]}
HISTORY_PROVIDER_WORK state=7 stage=construction scope=operation-reader-only opens=1 group_decodes=1 pooled=PoolReadCounters { leaf_requests: 0, chain_edges: 0, physical_record_calls: 0, physical_group_decodes: 0, physical_group_decoded_bytes: 0, physical_group_cache_hits: 0, value_group_decodes: 0, pack_fetches: 0, pack_bytes: 0 }
HISTORY_POOLED_WORK state=7 stage=construction scope=operation-reader-only cumulative=PoolReadCounters { leaf_requests: 0, chain_edges: 0, physical_record_calls: 0, physical_group_decodes: 0, physical_group_decoded_bytes: 0, physical_group_cache_hits: 0, value_group_decodes: 0, pack_fetches: 0, pack_bytes: 0 }
HISTORY_ENGINE_WORK {"state":7,"stage":"filesystem","available":true,"values":[6699, 214123, 70290000, 0, 0, 0, 0, 3535, 11902322, 6699, 13611833, 16771856, 0, 0, 0, 759, 2, 0, 0]}
HISTORY_PROVIDER_WORK state=7 stage=filesystem scope=operation-reader-only opens=1 group_decodes=7 pooled=PoolReadCounters { leaf_requests: 532, chain_edges: 248, physical_record_calls: 1560, physical_group_decodes: 5, physical_group_decoded_bytes: 157577, physical_group_cache_hits: 1555, value_group_decodes: 832, pack_fetches: 14, pack_bytes: 466157 }
HISTORY_POOLED_WORK state=7 stage=filesystem scope=operation-reader-only cumulative=PoolReadCounters { leaf_requests: 532, chain_edges: 248, physical_record_calls: 1560, physical_group_decodes: 5, physical_group_decoded_bytes: 157577, physical_group_cache_hits: 1555, value_group_decodes: 832, pack_fetches: 14, pack_bytes: 466157 }
HISTORY_ENGINE_WORK {"state":7,"stage":"save_custody","available":true,"values":[15017, 867654, 128078000, 0, 0, 0, 0, 1206, 18416243, 14958, 7093707, 19215449, 7225344, 0, 1, 529, 37, 0, 0]}
HISTORY_PROVIDER_WORK state=7 stage=save_custody scope=operation-reader-only opens=1 group_decodes=7 pooled=PoolReadCounters { leaf_requests: 532, chain_edges: 248, physical_record_calls: 1560, physical_group_decodes: 5, physical_group_decoded_bytes: 157577, physical_group_cache_hits: 1555, value_group_decodes: 832, pack_fetches: 14, pack_bytes: 466157 }
HISTORY_POOLED_WORK state=7 stage=save_custody scope=operation-reader-only cumulative=PoolReadCounters { leaf_requests: 532, chain_edges: 248, physical_record_calls: 1560, physical_group_decodes: 5, physical_group_decoded_bytes: 157577, physical_group_cache_hits: 1555, value_group_decodes: 832, pack_fetches: 14, pack_bytes: 466157 }
HISTORY_STATE_WORK {"state":7,"full157":61,"changed_paths":2895,"offered_objects":3130,"acquire_ns":809711416,"construct_ns":81004583,"filesystem_ns":142603125,"save_custody_ns":511366042}
DIAGNOSTIC state=7 full157=61 root=ObjectId("83c507e708c9a53e0d205d666c84d2c08ff2c8f60d63604df4b719417577cbdc")
HISTORY_COLD_BOUNDARY {"before_state":8,"wall_ns":4665750,"attestation":{"files":2,"length_bytes":14353408,"total_pages":877,"resident_first":874,"resident_after":0,"invalidated_files":2,"page_size_bytes":16384,"first_pass_ns":1182000,"attestation_ns":351000,"opens":6,"fstats":6,"mmap_calls":4,"mincore_calls":6,"munmap_calls":4,"msync_calls":2,"inventory_entries":4,"vector_peak_bytes":875}}
HISTORY_ENGINE_WORK {"state":8,"stage":"acquisition","available":true,"values":[0, 0, 0, 0, 0, 0, 0, 0, 0, 0, 0, 0, 0, 0, 0, 0, 0, 0, 0]}
HISTORY_ENGINE_WORK {"state":8,"stage":"construction","available":true,"values":[47, 923, 2394000, 0, 0, 0, 0, 40, 678500, 42, 117546, 244324, 0, 0, 0, 8, 1, 0, 0]}
HISTORY_PROVIDER_WORK state=8 stage=construction scope=operation-reader-only opens=1 group_decodes=1 pooled=PoolReadCounters { leaf_requests: 0, chain_edges: 0, physical_record_calls: 0, physical_group_decodes: 0, physical_group_decoded_bytes: 0, physical_group_cache_hits: 0, value_group_decodes: 0, pack_fetches: 0, pack_bytes: 0 }
HISTORY_POOLED_WORK state=8 stage=construction scope=operation-reader-only cumulative=PoolReadCounters { leaf_requests: 0, chain_edges: 0, physical_record_calls: 0, physical_group_decodes: 0, physical_group_decoded_bytes: 0, physical_group_cache_hits: 0, value_group_decodes: 0, pack_fetches: 0, pack_bytes: 0 }
HISTORY_ENGINE_WORK {"state":8,"stage":"filesystem","available":true,"values":[6889, 230558, 75288000, 0, 0, 0, 0, 3330, 10661971, 6889, 14318839, 15602234, 0, 0, 0, 718, 3, 0, 0]}
HISTORY_PROVIDER_WORK state=8 stage=filesystem scope=operation-reader-only opens=1 group_decodes=20 pooled=PoolReadCounters { leaf_requests: 554, chain_edges: 340, physical_record_calls: 1788, physical_group_decodes: 16, physical_group_decoded_bytes: 666199, physical_group_cache_hits: 1772, value_group_decodes: 1189, pack_fetches: 17, pack_bytes: 627619 }
HISTORY_POOLED_WORK state=8 stage=filesystem scope=operation-reader-only cumulative=PoolReadCounters { leaf_requests: 554, chain_edges: 340, physical_record_calls: 1788, physical_group_decodes: 16, physical_group_decoded_bytes: 666199, physical_group_cache_hits: 1772, value_group_decodes: 1189, pack_fetches: 17, pack_bytes: 627619 }
HISTORY_ENGINE_WORK {"state":8,"stage":"save_custody","available":true,"values":[11632, 617098, 118108000, 0, 0, 0, 0, 1169, 13684915, 11581, 6853682, 19966989, 4362240, 0, 1, 624, 22, 0, 0]}
HISTORY_PROVIDER_WORK state=8 stage=save_custody scope=operation-reader-only opens=1 group_decodes=20 pooled=PoolReadCounters { leaf_requests: 554, chain_edges: 340, physical_record_calls: 1788, physical_group_decodes: 16, physical_group_decoded_bytes: 666199, physical_group_cache_hits: 1772, value_group_decodes: 1189, pack_fetches: 17, pack_bytes: 627619 }
HISTORY_POOLED_WORK state=8 stage=save_custody scope=operation-reader-only cumulative=PoolReadCounters { leaf_requests: 554, chain_edges: 340, physical_record_calls: 1788, physical_group_decodes: 16, physical_group_decoded_bytes: 666199, physical_group_cache_hits: 1772, value_group_decodes: 1189, pack_fetches: 17, pack_bytes: 627619 }
HISTORY_STATE_WORK {"state":8,"full157":71,"changed_paths":1638,"offered_objects":1824,"acquire_ns":603617167,"construct_ns":59099375,"filesystem_ns":149198375,"save_custody_ns":416007875}
DIAGNOSTIC state=8 full157=71 root=ObjectId("ca4ac6eb28a22995b580b57435f904b48594f3eb14d0405bf1fcbc1fd5ef9d0e")
HISTORY_COLD_BOUNDARY {"before_state":9,"wall_ns":4802916,"attestation":{"files":2,"length_bytes":15681536,"total_pages":958,"resident_first":949,"resident_after":0,"invalidated_files":2,"page_size_bytes":16384,"first_pass_ns":1243000,"attestation_ns":388000,"opens":6,"fstats":6,"mmap_calls":4,"mincore_calls":6,"munmap_calls":4,"msync_calls":2,"inventory_entries":4,"vector_peak_bytes":956}}
HISTORY_ENGINE_WORK {"state":9,"stage":"acquisition","available":true,"values":[0, 0, 0, 0, 0, 0, 0, 0, 0, 0, 0, 0, 0, 0, 0, 0, 0, 0, 0]}
HISTORY_ENGINE_WORK {"state":9,"stage":"construction","available":true,"values":[64, 1450, 9550000, 0, 0, 0, 0, 50, 884167, 59, 225749, 1194851, 0, 0, 0, 15, 2, 0, 0]}
HISTORY_PROVIDER_WORK state=9 stage=construction scope=operation-reader-only opens=1 group_decodes=1 pooled=PoolReadCounters { leaf_requests: 0, chain_edges: 0, physical_record_calls: 0, physical_group_decodes: 0, physical_group_decoded_bytes: 0, physical_group_cache_hits: 0, value_group_decodes: 0, pack_fetches: 0, pack_bytes: 0 }
HISTORY_POOLED_WORK state=9 stage=construction scope=operation-reader-only cumulative=PoolReadCounters { leaf_requests: 0, chain_edges: 0, physical_record_calls: 0, physical_group_decodes: 0, physical_group_decoded_bytes: 0, physical_group_cache_hits: 0, value_group_decodes: 0, pack_fetches: 0, pack_bytes: 0 }
HISTORY_ENGINE_WORK {"state":9,"stage":"filesystem","available":true,"values":[7355, 260572, 87882000, 0, 0, 0, 0, 3071, 10399464, 7355, 15576270, 14839145, 0, 0, 0, 669, 2, 0, 0]}
HISTORY_PROVIDER_WORK state=9 stage=filesystem scope=operation-reader-only opens=1 group_decodes=30 pooled=PoolReadCounters { leaf_requests: 551, chain_edges: 615, physical_record_calls: 2332, physical_group_decodes: 30, physical_group_decoded_bytes: 1250877, physical_group_cache_hits: 2302, value_group_decodes: 1576, pack_fetches: 20, pack_bytes: 741070 }
HISTORY_POOLED_WORK state=9 stage=filesystem scope=operation-reader-only cumulative=PoolReadCounters { leaf_requests: 551, chain_edges: 615, physical_record_calls: 2332, physical_group_decodes: 30, physical_group_decoded_bytes: 1250877, physical_group_cache_hits: 2302, value_group_decodes: 1576, pack_fetches: 20, pack_bytes: 741070 }
HISTORY_ENGINE_WORK {"state":9,"stage":"save_custody","available":true,"values":[15658, 831563, 141641000, 0, 0, 0, 0, 1567, 19396300, 15599, 7416981, 24975219, 7507968, 0, 1, 858, 36, 0, 0]}
HISTORY_PROVIDER_WORK state=9 stage=save_custody scope=operation-reader-only opens=1 group_decodes=30 pooled=PoolReadCounters { leaf_requests: 551, chain_edges: 615, physical_record_calls: 2332, physical_group_decodes: 30, physical_group_decoded_bytes: 1250877, physical_group_cache_hits: 2302, value_group_decodes: 1576, pack_fetches: 20, pack_bytes: 741070 }
HISTORY_POOLED_WORK state=9 stage=save_custody scope=operation-reader-only cumulative=PoolReadCounters { leaf_requests: 551, chain_edges: 615, physical_record_calls: 2332, physical_group_decodes: 30, physical_group_decoded_bytes: 1250877, physical_group_cache_hits: 2302, value_group_decodes: 1576, pack_fetches: 20, pack_bytes: 741070 }
HISTORY_STATE_WORK {"state":9,"full157":81,"changed_paths":2029,"offered_objects":2432,"acquire_ns":805430625,"construct_ns":91594208,"filesystem_ns":170598125,"save_custody_ns":544893417}
DIAGNOSTIC state=9 full157=81 root=ObjectId("5532bc3c204f92a48122bad3aa684b150614d1266972ed1724412e1affa55517")
HISTORY_COLD_BOUNDARY {"before_state":10,"wall_ns":5061875,"attestation":{"files":2,"length_bytes":18759680,"total_pages":1145,"resident_first":1137,"resident_after":0,"invalidated_files":2,"page_size_bytes":16384,"first_pass_ns":1508000,"attestation_ns":504000,"opens":6,"fstats":6,"mmap_calls":4,"mincore_calls":6,"munmap_calls":4,"msync_calls":2,"inventory_entries":4,"vector_peak_bytes":1143}}
HISTORY_ENGINE_WORK {"state":10,"stage":"acquisition","available":true,"values":[0, 0, 0, 0, 0, 0, 0, 0, 0, 0, 0, 0, 0, 0, 0, 0, 0, 0, 0]}
HISTORY_ENGINE_WORK {"state":10,"stage":"construction","available":true,"values":[57, 1137, 3647000, 0, 0, 0, 0, 48, 820669, 52, 149667, 361188, 0, 0, 0, 10, 1, 0, 0]}
HISTORY_PROVIDER_WORK state=10 stage=construction scope=operation-reader-only opens=1 group_decodes=1 pooled=PoolReadCounters { leaf_requests: 0, chain_edges: 0, physical_record_calls: 0, physical_group_decodes: 0, physical_group_decoded_bytes: 0, physical_group_cache_hits: 0, value_group_decodes: 0, pack_fetches: 0, pack_bytes: 0 }
HISTORY_POOLED_WORK state=10 stage=construction scope=operation-reader-only cumulative=PoolReadCounters { leaf_requests: 0, chain_edges: 0, physical_record_calls: 0, physical_group_decodes: 0, physical_group_decoded_bytes: 0, physical_group_cache_hits: 0, value_group_decodes: 0, pack_fetches: 0, pack_bytes: 0 }
HISTORY_ENGINE_WORK {"state":10,"stage":"filesystem","available":true,"values":[7936, 295583, 93720000, 0, 0, 0, 0, 2827, 10393563, 7936, 17450611, 17245528, 0, 0, 0, 613, 1, 0, 0]}
HISTORY_PROVIDER_WORK state=10 stage=filesystem scope=operation-reader-only opens=1 group_decodes=60 pooled=PoolReadCounters { leaf_requests: 596, chain_edges: 1019, physical_record_calls: 3230, physical_group_decodes: 64, physical_group_decoded_bytes: 2824044, physical_group_cache_hits: 3166, value_group_decodes: 1904, pack_fetches: 23, pack_bytes: 863595 }
HISTORY_POOLED_WORK state=10 stage=filesystem scope=operation-reader-only cumulative=PoolReadCounters { leaf_requests: 596, chain_edges: 1019, physical_record_calls: 3230, physical_group_decodes: 64, physical_group_decoded_bytes: 2824044, physical_group_cache_hits: 3166, value_group_decodes: 1904, pack_fetches: 23, pack_bytes: 863595 }
HISTORY_ENGINE_WORK {"state":10,"stage":"save_custody","available":true,"values":[16486, 833774, 193914000, 0, 0, 0, 0, 1719, 19517267, 16433, 13475930, 31000540, 6178816, 0, 1, 1052, 20, 0, 0]}
HISTORY_PROVIDER_WORK state=10 stage=save_custody scope=operation-reader-only opens=1 group_decodes=60 pooled=PoolReadCounters { leaf_requests: 596, chain_edges: 1019, physical_record_calls: 3230, physical_group_decodes: 64, physical_group_decoded_bytes: 2824044, physical_group_cache_hits: 3166, value_group_decodes: 1904, pack_fetches: 23, pack_bytes: 863595 }
HISTORY_POOLED_WORK state=10 stage=save_custody scope=operation-reader-only cumulative=PoolReadCounters { leaf_requests: 596, chain_edges: 1019, physical_record_calls: 3230, physical_group_decodes: 64, physical_group_decoded_bytes: 2824044, physical_group_cache_hits: 3166, value_group_decodes: 1904, pack_fetches: 23, pack_bytes: 863595 }
HISTORY_STATE_WORK {"state":10,"full157":91,"changed_paths":1815,"offered_objects":2079,"acquire_ns":733564000,"construct_ns":76466291,"filesystem_ns":188685500,"save_custody_ns":620990250}
DIAGNOSTIC state=10 full157=91 root=ObjectId("1f8ab5053f1bb25ced3ec59504a196c0c5f3078dc70e8ece55fd12c8bf7412e4")
HISTORY_COLD_BOUNDARY {"before_state":11,"wall_ns":5196833,"attestation":{"files":2,"length_bytes":20729856,"total_pages":1266,"resident_first":1248,"resident_after":0,"invalidated_files":2,"page_size_bytes":16384,"first_pass_ns":1732000,"attestation_ns":508000,"opens":6,"fstats":6,"mmap_calls":4,"mincore_calls":6,"munmap_calls":4,"msync_calls":2,"inventory_entries":4,"vector_peak_bytes":1263}}
HISTORY_ENGINE_WORK {"state":11,"stage":"acquisition","available":true,"values":[0, 0, 0, 0, 0, 0, 0, 0, 0, 0, 0, 0, 0, 0, 0, 0, 0, 0, 0]}
HISTORY_ENGINE_WORK {"state":11,"stage":"construction","available":true,"values":[57, 1137, 4067000, 0, 0, 0, 0, 48, 775169, 52, 136713, 350948, 0, 0, 0, 10, 1, 0, 0]}
HISTORY_PROVIDER_WORK state=11 stage=construction scope=operation-reader-only opens=1 group_decodes=2 pooled=PoolReadCounters { leaf_requests: 0, chain_edges: 0, physical_record_calls: 0, physical_group_decodes: 0, physical_group_decoded_bytes: 0, physical_group_cache_hits: 0, value_group_decodes: 0, pack_fetches: 0, pack_bytes: 0 }
HISTORY_POOLED_WORK state=11 stage=construction scope=operation-reader-only cumulative=PoolReadCounters { leaf_requests: 0, chain_edges: 0, physical_record_calls: 0, physical_group_decodes: 0, physical_group_decoded_bytes: 0, physical_group_cache_hits: 0, value_group_decodes: 0, pack_fetches: 0, pack_bytes: 0 }
HISTORY_ENGINE_WORK {"state":11,"stage":"filesystem","available":true,"values":[14204, 500826, 165680000, 0, 0, 0, 0, 5531, 19089174, 14204, 29960576, 29945745, 0, 0, 0, 1152, 2, 0, 0]}
HISTORY_PROVIDER_WORK state=11 stage=filesystem scope=operation-reader-only opens=1 group_decodes=107 pooled=PoolReadCounters { leaf_requests: 863, chain_edges: 2032, physical_record_calls: 5790, physical_group_decodes: 127, physical_group_decoded_bytes: 5668793, physical_group_cache_hits: 5663, value_group_decodes: 2607, pack_fetches: 27, pack_bytes: 1002215 }
HISTORY_POOLED_WORK state=11 stage=filesystem scope=operation-reader-only cumulative=PoolReadCounters { leaf_requests: 863, chain_edges: 2032, physical_record_calls: 5790, physical_group_decodes: 127, physical_group_decoded_bytes: 5668793, physical_group_cache_hits: 5663, value_group_decodes: 2607, pack_fetches: 27, pack_bytes: 1002215 }
HISTORY_ENGINE_WORK {"state":11,"stage":"save_custody","available":true,"values":[28772, 1507647, 254335000, 0, 0, 0, 0, 2085, 26006958, 28705, 15871793, 48443506, 11778048, 0, 1, 1260, 44, 0, 0]}
HISTORY_PROVIDER_WORK state=11 stage=save_custody scope=operation-reader-only opens=1 group_decodes=107 pooled=PoolReadCounters { leaf_requests: 863, chain_edges: 2032, physical_record_calls: 5790, physical_group_decodes: 127, physical_group_decoded_bytes: 5668793, physical_group_cache_hits: 5663, value_group_decodes: 2607, pack_fetches: 27, pack_bytes: 1002215 }
HISTORY_POOLED_WORK state=11 stage=save_custody scope=operation-reader-only cumulative=PoolReadCounters { leaf_requests: 863, chain_edges: 2032, physical_record_calls: 5790, physical_group_decodes: 127, physical_group_decoded_bytes: 5668793, physical_group_cache_hits: 5663, value_group_decodes: 2607, pack_fetches: 27, pack_bytes: 1002215 }
HISTORY_STATE_WORK {"state":11,"full157":101,"changed_paths":4122,"offered_objects":4174,"acquire_ns":1280761791,"construct_ns":123349209,"filesystem_ns":371544083,"save_custody_ns":894720083}
DIAGNOSTIC state=11 full157=101 root=ObjectId("ac623f883e77b3e5150a4188d62bfdb4fc9bee9ecc74168e15fe516e590ed7e0")
HISTORY_COLD_BOUNDARY {"before_state":12,"wall_ns":6222208,"attestation":{"files":2,"length_bytes":24752128,"total_pages":1512,"resident_first":1491,"resident_after":0,"invalidated_files":2,"page_size_bytes":16384,"first_pass_ns":2091000,"attestation_ns":599000,"opens":6,"fstats":6,"mmap_calls":4,"mincore_calls":6,"munmap_calls":4,"msync_calls":2,"inventory_entries":4,"vector_peak_bytes":1509}}
HISTORY_ENGINE_WORK {"state":12,"stage":"acquisition","available":true,"values":[0, 0, 0, 0, 0, 0, 0, 0, 0, 0, 0, 0, 0, 0, 0, 0, 0, 0, 0]}
HISTORY_ENGINE_WORK {"state":12,"stage":"construction","available":true,"values":[63, 1483, 11496000, 0, 0, 0, 0, 48, 984254, 58, 237459, 1467070, 0, 0, 0, 16, 3, 0, 0]}
HISTORY_PROVIDER_WORK state=12 stage=construction scope=operation-reader-only opens=1 group_decodes=1 pooled=PoolReadCounters { leaf_requests: 0, chain_edges: 0, physical_record_calls: 0, physical_group_decodes: 0, physical_group_decoded_bytes: 0, physical_group_cache_hits: 0, value_group_decodes: 0, pack_fetches: 0, pack_bytes: 0 }
HISTORY_POOLED_WORK state=12 stage=construction scope=operation-reader-only cumulative=PoolReadCounters { leaf_requests: 0, chain_edges: 0, physical_record_calls: 0, physical_group_decodes: 0, physical_group_decoded_bytes: 0, physical_group_cache_hits: 0, value_group_decodes: 0, pack_fetches: 0, pack_bytes: 0 }
HISTORY_ENGINE_WORK {"state":12,"stage":"filesystem","available":true,"values":[16528, 607999, 157427000, 0, 0, 0, 0, 5710, 19079688, 16528, 33236395, 28987601, 0, 0, 0, 1164, 5, 0, 0]}
HISTORY_PROVIDER_WORK state=12 stage=filesystem scope=operation-reader-only opens=1 group_decodes=193 pooled=PoolReadCounters { leaf_requests: 1043, chain_edges: 2448, physical_record_calls: 6982, physical_group_decodes: 509, physical_group_decoded_bytes: 22847413, physical_group_cache_hits: 6473, value_group_decodes: 3127, pack_fetches: 32, pack_bytes: 1226415 }
HISTORY_POOLED_WORK state=12 stage=filesystem scope=operation-reader-only cumulative=PoolReadCounters { leaf_requests: 1043, chain_edges: 2448, physical_record_calls: 6982, physical_group_decodes: 509, physical_group_decoded_bytes: 22847413, physical_group_cache_hits: 6473, value_group_decodes: 3127, pack_fetches: 32, pack_bytes: 1226415 }
HISTORY_ENGINE_WORK {"state":12,"stage":"save_custody","available":true,"values":[29403, 1524790, 289850000, 0, 0, 0, 0, 2205, 26720682, 29338, 20424611, 60140927, 11563008, 0, 1, 1382, 40, 0, 0]}
HISTORY_PROVIDER_WORK state=12 stage=save_custody scope=operation-reader-only opens=1 group_decodes=193 pooled=PoolReadCounters { leaf_requests: 1043, chain_edges: 2448, physical_record_calls: 6982, physical_group_decodes: 509, physical_group_decoded_bytes: 22847413, physical_group_cache_hits: 6473, value_group_decodes: 3127, pack_fetches: 32, pack_bytes: 1226415 }
HISTORY_POOLED_WORK state=12 stage=save_custody scope=operation-reader-only cumulative=PoolReadCounters { leaf_requests: 1043, chain_edges: 2448, physical_record_calls: 6982, physical_group_decodes: 509, physical_group_decoded_bytes: 22847413, physical_group_cache_hits: 6473, value_group_decodes: 3127, pack_fetches: 32, pack_bytes: 1226415 }
HISTORY_STATE_WORK {"state":12,"full157":111,"changed_paths":4310,"offered_objects":4228,"acquire_ns":1462701000,"construct_ns":139453625,"filesystem_ns":398058750,"save_custody_ns":954827625}
DIAGNOSTIC state=12 full157=111 root=ObjectId("23a46c5765b9b64f428be8455b539f009c3e5f35a77e445bcea4076770240984")
HISTORY_COLD_BOUNDARY {"before_state":13,"wall_ns":6000084,"attestation":{"files":2,"length_bytes":28039168,"total_pages":1713,"resident_first":1654,"resident_after":0,"invalidated_files":2,"page_size_bytes":16384,"first_pass_ns":2066000,"attestation_ns":639000,"opens":6,"fstats":6,"mmap_calls":4,"mincore_calls":6,"munmap_calls":4,"msync_calls":2,"inventory_entries":4,"vector_peak_bytes":1710}}
HISTORY_ENGINE_WORK {"state":13,"stage":"acquisition","available":true,"values":[0, 0, 0, 0, 0, 0, 0, 0, 0, 0, 0, 0, 0, 0, 0, 0, 0, 0, 0]}
HISTORY_ENGINE_WORK {"state":13,"stage":"construction","available":true,"values":[77, 1565, 6089000, 0, 0, 0, 0, 64, 1214836, 72, 258168, 910184, 0, 0, 0, 14, 1, 0, 0]}
HISTORY_PROVIDER_WORK state=13 stage=construction scope=operation-reader-only opens=1 group_decodes=2 pooled=PoolReadCounters { leaf_requests: 0, chain_edges: 0, physical_record_calls: 0, physical_group_decodes: 0, physical_group_decoded_bytes: 0, physical_group_cache_hits: 0, value_group_decodes: 0, pack_fetches: 0, pack_bytes: 0 }
HISTORY_POOLED_WORK state=13 stage=construction scope=operation-reader-only cumulative=PoolReadCounters { leaf_requests: 0, chain_edges: 0, physical_record_calls: 0, physical_group_decodes: 0, physical_group_decoded_bytes: 0, physical_group_cache_hits: 0, value_group_decodes: 0, pack_fetches: 0, pack_bytes: 0 }
HISTORY_ENGINE_WORK {"state":13,"stage":"filesystem","available":true,"values":[16364, 586169, 185778000, 0, 0, 0, 0, 6311, 21733571, 16364, 39163442, 38747183, 0, 0, 0, 1323, 4, 0, 0]}
HISTORY_PROVIDER_WORK state=13 stage=filesystem scope=operation-reader-only opens=1 group_decodes=139 pooled=PoolReadCounters { leaf_requests: 976, chain_edges: 1310, physical_record_calls: 4572, physical_group_decodes: 254, physical_group_decoded_bytes: 11534339, physical_group_cache_hits: 4318, value_group_decodes: 3356, pack_fetches: 36, pack_bytes: 1462587 }
HISTORY_POOLED_WORK state=13 stage=filesystem scope=operation-reader-only cumulative=PoolReadCounters { leaf_requests: 976, chain_edges: 1310, physical_record_calls: 4572, physical_group_decodes: 254, physical_group_decoded_bytes: 11534339, physical_group_cache_hits: 4318, value_group_decodes: 3356, pack_fetches: 36, pack_bytes: 1462587 }
HISTORY_ENGINE_WORK {"state":13,"stage":"save_custody","available":true,"values":[30010, 1533423, 285786000, 0, 0, 0, 0, 2361, 25988050, 29945, 18586388, 72302653, 11400192, 0, 1, 1549, 38, 0, 0]}
HISTORY_PROVIDER_WORK state=13 stage=save_custody scope=operation-reader-only opens=1 group_decodes=139 pooled=PoolReadCounters { leaf_requests: 976, chain_edges: 1310, physical_record_calls: 4572, physical_group_decodes: 254, physical_group_decoded_bytes: 11534339, physical_group_cache_hits: 4318, value_group_decodes: 3356, pack_fetches: 36, pack_bytes: 1462587 }
HISTORY_POOLED_WORK state=13 stage=save_custody scope=operation-reader-only cumulative=PoolReadCounters { leaf_requests: 976, chain_edges: 1310, physical_record_calls: 4572, physical_group_decodes: 254, physical_group_decoded_bytes: 11534339, physical_group_cache_hits: 4318, value_group_decodes: 3356, pack_fetches: 36, pack_bytes: 1462587 }
HISTORY_STATE_WORK {"state":13,"full157":121,"changed_paths":4086,"offered_objects":3985,"acquire_ns":1491061958,"construct_ns":136118417,"filesystem_ns":417645417,"save_custody_ns":950651584}
DIAGNOSTIC state=13 full157=121 root=ObjectId("f47315de1d996263ecfc900244742c43862765e90e781a1c84619785e18b2928")
HISTORY_COLD_BOUNDARY {"before_state":14,"wall_ns":6845833,"attestation":{"files":2,"length_bytes":30896128,"total_pages":1887,"resident_first":1821,"resident_after":0,"invalidated_files":2,"page_size_bytes":16384,"first_pass_ns":2286000,"attestation_ns":754000,"opens":6,"fstats":6,"mmap_calls":4,"mincore_calls":6,"munmap_calls":4,"msync_calls":2,"inventory_entries":4,"vector_peak_bytes":1884}}
HISTORY_ENGINE_WORK {"state":14,"stage":"acquisition","available":true,"values":[0, 0, 0, 0, 0, 0, 0, 0, 0, 0, 0, 0, 0, 0, 0, 0, 0, 0, 0]}
HISTORY_ENGINE_WORK {"state":14,"stage":"construction","available":true,"values":[68, 1454, 9041000, 0, 0, 0, 0, 55, 1102034, 63, 288206, 730692, 0, 0, 0, 14, 3, 0, 0]}
HISTORY_PROVIDER_WORK state=14 stage=construction scope=operation-reader-only opens=1 group_decodes=1 pooled=PoolReadCounters { leaf_requests: 0, chain_edges: 0, physical_record_calls: 0, physical_group_decodes: 0, physical_group_decoded_bytes: 0, physical_group_cache_hits: 0, value_group_decodes: 0, pack_fetches: 0, pack_bytes: 0 }
HISTORY_POOLED_WORK state=14 stage=construction scope=operation-reader-only cumulative=PoolReadCounters { leaf_requests: 0, chain_edges: 0, physical_record_calls: 0, physical_group_decodes: 0, physical_group_decoded_bytes: 0, physical_group_cache_hits: 0, value_group_decodes: 0, pack_fetches: 0, pack_bytes: 0 }
HISTORY_ENGINE_WORK {"state":14,"stage":"filesystem","available":true,"values":[26325, 925714, 273692000, 0, 0, 0, 0, 10553, 34738540, 26325, 58448638, 55007396, 0, 0, 0, 2223, 3, 0, 0]}
HISTORY_PROVIDER_WORK state=14 stage=filesystem scope=operation-reader-only opens=1 group_decodes=261 pooled=PoolReadCounters { leaf_requests: 1414, chain_edges: 2053, physical_record_calls: 6934, physical_group_decodes: 659, physical_group_decoded_bytes: 30035950, physical_group_cache_hits: 6275, value_group_decodes: 4510, pack_fetches: 40, pack_bytes: 1657918 }
HISTORY_POOLED_WORK state=14 stage=filesystem scope=operation-reader-only cumulative=PoolReadCounters { leaf_requests: 1414, chain_edges: 2053, physical_record_calls: 6934, physical_group_decodes: 659, physical_group_decoded_bytes: 30035950, physical_group_cache_hits: 6275, value_group_decodes: 4510, pack_fetches: 40, pack_bytes: 1657918 }
HISTORY_ENGINE_WORK {"state":14,"stage":"save_custody","available":true,"values":[41921, 2180694, 407624000, 0, 0, 0, 0, 2891, 37713273, 41846, 26286069, 102571303, 17496064, 0, 1, 1870, 49, 0, 0]}
HISTORY_PROVIDER_WORK state=14 stage=save_custody scope=operation-reader-only opens=1 group_decodes=261 pooled=PoolReadCounters { leaf_requests: 1414, chain_edges: 2053, physical_record_calls: 6934, physical_group_decodes: 659, physical_group_decoded_bytes: 30035950, physical_group_cache_hits: 6275, value_group_decodes: 4510, pack_fetches: 40, pack_bytes: 1657918 }
HISTORY_POOLED_WORK state=14 stage=save_custody scope=operation-reader-only cumulative=PoolReadCounters { leaf_requests: 1414, chain_edges: 2053, physical_record_calls: 6934, physical_group_decodes: 659, physical_group_decoded_bytes: 30035950, physical_group_cache_hits: 6275, value_group_decodes: 4510, pack_fetches: 40, pack_bytes: 1657918 }
HISTORY_STATE_WORK {"state":14,"full157":131,"changed_paths":6320,"offered_objects":5983,"acquire_ns":1903791292,"construct_ns":176970042,"filesystem_ns":677111625,"save_custody_ns":1301709625}
DIAGNOSTIC state=14 full157=131 root=ObjectId("9619cad6e350b6c872b95ed5ec8468a07e24453df60032ff8f826e581ab57878")
HISTORY_COLD_BOUNDARY {"before_state":15,"wall_ns":6767708,"attestation":{"files":2,"length_bytes":35759104,"total_pages":2183,"resident_first":2105,"resident_after":0,"invalidated_files":2,"page_size_bytes":16384,"first_pass_ns":2682000,"attestation_ns":827000,"opens":6,"fstats":6,"mmap_calls":4,"mincore_calls":6,"munmap_calls":4,"msync_calls":2,"inventory_entries":4,"vector_peak_bytes":2180}}
HISTORY_ENGINE_WORK {"state":15,"stage":"acquisition","available":true,"values":[0, 0, 0, 0, 0, 0, 0, 0, 0, 0, 0, 0, 0, 0, 0, 0, 0, 0, 0]}
HISTORY_ENGINE_WORK {"state":15,"stage":"construction","available":true,"values":[93, 1989, 10188000, 0, 0, 0, 0, 75, 1262710, 88, 288795, 973792, 0, 0, 0, 19, 1, 0, 0]}
HISTORY_PROVIDER_WORK state=15 stage=construction scope=operation-reader-only opens=1 group_decodes=1 pooled=PoolReadCounters { leaf_requests: 0, chain_edges: 0, physical_record_calls: 0, physical_group_decodes: 0, physical_group_decoded_bytes: 0, physical_group_cache_hits: 0, value_group_decodes: 0, pack_fetches: 0, pack_bytes: 0 }
HISTORY_POOLED_WORK state=15 stage=construction scope=operation-reader-only cumulative=PoolReadCounters { leaf_requests: 0, chain_edges: 0, physical_record_calls: 0, physical_group_decodes: 0, physical_group_decoded_bytes: 0, physical_group_cache_hits: 0, value_group_decodes: 0, pack_fetches: 0, pack_bytes: 0 }
HISTORY_ENGINE_WORK {"state":15,"stage":"filesystem","available":true,"values":[27839, 969364, 290845000, 0, 0, 0, 0, 11733, 38323576, 27839, 63286334, 50118577, 0, 0, 0, 2478, 3, 0, 0]}
HISTORY_PROVIDER_WORK state=15 stage=filesystem scope=operation-reader-only opens=1 group_decodes=284 pooled=PoolReadCounters { leaf_requests: 1617, chain_edges: 1319, physical_record_calls: 5872, physical_group_decodes: 496, physical_group_decoded_bytes: 23278963, physical_group_cache_hits: 5376, value_group_decodes: 4832, pack_fetches: 43, pack_bytes: 1923545 }
HISTORY_POOLED_WORK state=15 stage=filesystem scope=operation-reader-only cumulative=PoolReadCounters { leaf_requests: 1617, chain_edges: 1319, physical_record_calls: 5872, physical_group_decodes: 496, physical_group_decoded_bytes: 23278963, physical_group_cache_hits: 5376, value_group_decodes: 4832, pack_fetches: 43, pack_bytes: 1923545 }
HISTORY_ENGINE_WORK {"state":15,"stage":"save_custody","available":true,"values":[39645, 2091929, 453980000, 0, 0, 0, 0, 3234, 42462148, 39566, 30108796, 128962616, 20019200, 0, 1, 2076, 76, 0, 0]}
HISTORY_PROVIDER_WORK state=15 stage=save_custody scope=operation-reader-only opens=1 group_decodes=284 pooled=PoolReadCounters { leaf_requests: 1617, chain_edges: 1319, physical_record_calls: 5872, physical_group_decodes: 496, physical_group_decoded_bytes: 23278963, physical_group_cache_hits: 5376, value_group_decodes: 4832, pack_fetches: 43, pack_bytes: 1923545 }
HISTORY_POOLED_WORK state=15 stage=save_custody scope=operation-reader-only cumulative=PoolReadCounters { leaf_requests: 1617, chain_edges: 1319, physical_record_calls: 5872, physical_group_decodes: 496, physical_group_decoded_bytes: 23278963, physical_group_cache_hits: 5376, value_group_decodes: 4832, pack_fetches: 43, pack_bytes: 1923545 }
HISTORY_STATE_WORK {"state":15,"full157":141,"changed_paths":6408,"offered_objects":6093,"acquire_ns":2027554875,"construct_ns":189951834,"filesystem_ns":699580708,"save_custody_ns":1384439791}
DIAGNOSTIC state=15 full157=141 root=ObjectId("3728f7dbc9b8276322b1c92d3db550bf95d46b27e74e14a9bc13ca740110689f")
HISTORY_COLD_BOUNDARY {"before_state":16,"wall_ns":7541000,"attestation":{"files":2,"length_bytes":42068992,"total_pages":2569,"resident_first":2482,"resident_after":0,"invalidated_files":2,"page_size_bytes":16384,"first_pass_ns":3315000,"attestation_ns":951000,"opens":6,"fstats":6,"mmap_calls":4,"mincore_calls":6,"munmap_calls":4,"msync_calls":2,"inventory_entries":4,"vector_peak_bytes":2566}}
HISTORY_ENGINE_WORK {"state":16,"stage":"acquisition","available":true,"values":[0, 0, 0, 0, 0, 0, 0, 0, 0, 0, 0, 0, 0, 0, 0, 0, 0, 0, 0]}
HISTORY_ENGINE_WORK {"state":16,"stage":"construction","available":true,"values":[82, 1672, 6425000, 0, 0, 0, 0, 68, 1083914, 77, 236756, 1018916, 0, 0, 0, 15, 2, 0, 0]}
HISTORY_PROVIDER_WORK state=16 stage=construction scope=operation-reader-only opens=1 group_decodes=1 pooled=PoolReadCounters { leaf_requests: 0, chain_edges: 0, physical_record_calls: 0, physical_group_decodes: 0, physical_group_decoded_bytes: 0, physical_group_cache_hits: 0, value_group_decodes: 0, pack_fetches: 0, pack_bytes: 0 }
HISTORY_POOLED_WORK state=16 stage=construction scope=operation-reader-only cumulative=PoolReadCounters { leaf_requests: 0, chain_edges: 0, physical_record_calls: 0, physical_group_decodes: 0, physical_group_decoded_bytes: 0, physical_group_cache_hits: 0, value_group_decodes: 0, pack_fetches: 0, pack_bytes: 0 }
HISTORY_ENGINE_WORK {"state":16,"stage":"filesystem","available":true,"values":[19824, 692033, 229606000, 0, 0, 0, 0, 8534, 27775028, 19824, 44849051, 51524964, 0, 0, 0, 1864, 4, 0, 0]}
HISTORY_PROVIDER_WORK state=16 stage=filesystem scope=operation-reader-only opens=1 group_decodes=133 pooled=PoolReadCounters { leaf_requests: 1267, chain_edges: 797, physical_record_calls: 4128, physical_group_decodes: 232, physical_group_decoded_bytes: 10557375, physical_group_cache_hits: 3896, value_group_decodes: 4777, pack_fetches: 47, pack_bytes: 2161382 }
HISTORY_POOLED_WORK state=16 stage=filesystem scope=operation-reader-only cumulative=PoolReadCounters { leaf_requests: 1267, chain_edges: 797, physical_record_calls: 4128, physical_group_decodes: 232, physical_group_decoded_bytes: 10557375, physical_group_cache_hits: 3896, value_group_decodes: 4777, pack_fetches: 47, pack_bytes: 2161382 }
HISTORY_ENGINE_WORK {"state":16,"stage":"save_custody","available":true,"values":[37952, 1932247, 472579000, 0, 0, 0, 0, 3234, 38800085, 37879, 29437723, 137226264, 15388672, 0, 1, 2178, 47, 0, 0]}
HISTORY_PROVIDER_WORK state=16 stage=save_custody scope=operation-reader-only opens=1 group_decodes=133 pooled=PoolReadCounters { leaf_requests: 1267, chain_edges: 797, physical_record_calls: 4128, physical_group_decodes: 232, physical_group_decoded_bytes: 10557375, physical_group_cache_hits: 3896, value_group_decodes: 4777, pack_fetches: 47, pack_bytes: 2161382 }
HISTORY_POOLED_WORK state=16 stage=save_custody scope=operation-reader-only cumulative=PoolReadCounters { leaf_requests: 1267, chain_edges: 797, physical_record_calls: 4128, physical_group_decodes: 232, physical_group_decoded_bytes: 10557375, physical_group_cache_hits: 3896, value_group_decodes: 4777, pack_fetches: 47, pack_bytes: 2161382 }
HISTORY_STATE_WORK {"state":16,"full157":151,"changed_paths":4727,"offered_objects":4899,"acquire_ns":1874742959,"construct_ns":165344583,"filesystem_ns":508132416,"save_custody_ns":1329000833}
DIAGNOSTIC state=16 full157=151 root=ObjectId("fe6aa65d2f28b1f3a6fd946a400e85549bf2b6c82a0fd8b440dd6db0ece83241")
HISTORY_COLD_BOUNDARY {"before_state":17,"wall_ns":7579750,"attestation":{"files":2,"length_bytes":45806592,"total_pages":2797,"resident_first":2699,"resident_after":0,"invalidated_files":2,"page_size_bytes":16384,"first_pass_ns":3249000,"attestation_ns":1013000,"opens":6,"fstats":6,"mmap_calls":4,"mincore_calls":6,"munmap_calls":4,"msync_calls":2,"inventory_entries":4,"vector_peak_bytes":2794}}
HISTORY_ENGINE_WORK {"state":17,"stage":"acquisition","available":true,"values":[0, 0, 0, 0, 0, 0, 0, 0, 0, 0, 0, 0, 0, 0, 0, 0, 0, 0, 0]}
HISTORY_ENGINE_WORK {"state":17,"stage":"construction","available":true,"values":[96, 2162, 15528000, 0, 0, 0, 0, 75, 1305000, 91, 416414, 2280580, 0, 0, 0, 22, 1, 0, 0]}
HISTORY_PROVIDER_WORK state=17 stage=construction scope=operation-reader-only opens=1 group_decodes=1 pooled=PoolReadCounters { leaf_requests: 0, chain_edges: 0, physical_record_calls: 0, physical_group_decodes: 0, physical_group_decoded_bytes: 0, physical_group_cache_hits: 0, value_group_decodes: 0, pack_fetches: 0, pack_bytes: 0 }
HISTORY_POOLED_WORK state=17 stage=construction scope=operation-reader-only cumulative=PoolReadCounters { leaf_requests: 0, chain_edges: 0, physical_record_calls: 0, physical_group_decodes: 0, physical_group_decoded_bytes: 0, physical_group_cache_hits: 0, value_group_decodes: 0, pack_fetches: 0, pack_bytes: 0 }
HISTORY_ENGINE_WORK {"state":17,"stage":"filesystem","available":true,"values":[19256, 679903, 223162000, 0, 0, 0, 0, 7996, 26338336, 19256, 44282790, 50935948, 0, 0, 0, 1742, 3, 0, 0]}
HISTORY_PROVIDER_WORK state=17 stage=filesystem scope=operation-reader-only opens=1 group_decodes=116 pooled=PoolReadCounters { leaf_requests: 1184, chain_edges: 828, physical_record_calls: 4024, physical_group_decodes: 232, physical_group_decoded_bytes: 10456791, physical_group_cache_hits: 3792, value_group_decodes: 4801, pack_fetches: 52, pack_bytes: 2422410 }
HISTORY_POOLED_WORK state=17 stage=filesystem scope=operation-reader-only cumulative=PoolReadCounters { leaf_requests: 1184, chain_edges: 828, physical_record_calls: 4024, physical_group_decodes: 232, physical_group_decoded_bytes: 10456791, physical_group_cache_hits: 3792, value_group_decodes: 4801, pack_fetches: 52, pack_bytes: 2422410 }
HISTORY_ENGINE_WORK {"state":17,"stage":"save_custody","available":true,"values":[35220, 1828688, 487834000, 0, 0, 0, 0, 3204, 38541722, 35147, 32849944, 138607281, 16514048, 0, 1, 2118, 43, 0, 0]}
HISTORY_PROVIDER_WORK state=17 stage=save_custody scope=operation-reader-only opens=1 group_decodes=116 pooled=PoolReadCounters { leaf_requests: 1184, chain_edges: 828, physical_record_calls: 4024, physical_group_decodes: 232, physical_group_decoded_bytes: 10456791, physical_group_cache_hits: 3792, value_group_decodes: 4801, pack_fetches: 52, pack_bytes: 2422410 }
HISTORY_POOLED_WORK state=17 stage=save_custody scope=operation-reader-only cumulative=PoolReadCounters { leaf_requests: 1184, chain_edges: 828, physical_record_calls: 4024, physical_group_decodes: 232, physical_group_decoded_bytes: 10456791, physical_group_cache_hits: 3792, value_group_decodes: 4801, pack_fetches: 52, pack_bytes: 2422410 }
HISTORY_STATE_WORK {"state":17,"full157":157,"changed_paths":5914,"offered_objects":4976,"acquire_ns":1598902291,"construct_ns":172333416,"filesystem_ns":521240625,"save_custody_ns":1345219417}
DIAGNOSTIC state=17 full157=157 root=ObjectId("b9a4eeac902c5b6d10acc1d26fd69f9c1f809e1b0d68316eb98a873e9eea5d03")
HISTORY_COLD_BOUNDARY {"before_state":18,"wall_ns":14870375,"attestation":{"files":2,"length_bytes":49615872,"total_pages":3029,"resident_first":2909,"resident_after":0,"invalidated_files":2,"page_size_bytes":16384,"first_pass_ns":3575000,"attestation_ns":1158000,"opens":6,"fstats":6,"mmap_calls":4,"mincore_calls":6,"munmap_calls":4,"msync_calls":2,"inventory_entries":4,"vector_peak_bytes":3026}}
HISTORY_COLD_TOTAL {"checks":17,"wall_ns":99781624}
